Archive member included to satisfy reference by file (symbol)

D:\Users\Celine\ONEDRI~1.EDU\DOCUME~1\Schule\UNIVER~1\EECS47~1\Project\LIL_FI~1\LILFIS~1\LILFIS~1\ARDUIN~1\Debug\libArduinoCore.a(HardwareSerial.o)
                              main.o (_ZN14HardwareSerial5beginEmh)
D:\Users\Celine\ONEDRI~1.EDU\DOCUME~1\Schule\UNIVER~1\EECS47~1\Project\LIL_FI~1\LILFIS~1\LILFIS~1\ARDUIN~1\Debug\libArduinoCore.a(HardwareSerial0.o)
                              main.o (Serial)
D:\Users\Celine\ONEDRI~1.EDU\DOCUME~1\Schule\UNIVER~1\EECS47~1\Project\LIL_FI~1\LILFIS~1\LILFIS~1\ARDUIN~1\Debug\libArduinoCore.a(main.o)
                              C:/Program Files (x86)/Atmel/Studio/7.0/Packs/atmel/ATmega_DFP/1.3.300/gcc/dev/atmega328p/avr5/crtatmega328p.o (main)
D:\Users\Celine\ONEDRI~1.EDU\DOCUME~1\Schule\UNIVER~1\EECS47~1\Project\LIL_FI~1\LILFIS~1\LILFIS~1\ARDUIN~1\Debug\libArduinoCore.a(Print.o)
                              D:\Users\Celine\ONEDRI~1.EDU\DOCUME~1\Schule\UNIVER~1\EECS47~1\Project\LIL_FI~1\LILFIS~1\LILFIS~1\ARDUIN~1\Debug\libArduinoCore.a(HardwareSerial.o) (_ZN5Print5writeEPKhj)
D:\Users\Celine\ONEDRI~1.EDU\DOCUME~1\Schule\UNIVER~1\EECS47~1\Project\LIL_FI~1\LILFIS~1\LILFIS~1\ARDUIN~1\Debug\libArduinoCore.a(WInterrupts.o)
                              main.o (attachInterrupt)
D:\Users\Celine\ONEDRI~1.EDU\DOCUME~1\Schule\UNIVER~1\EECS47~1\Project\LIL_FI~1\LILFIS~1\LILFIS~1\ARDUIN~1\Debug\libArduinoCore.a(wiring.o)
                              D:\Users\Celine\ONEDRI~1.EDU\DOCUME~1\Schule\UNIVER~1\EECS47~1\Project\LIL_FI~1\LILFIS~1\LILFIS~1\ARDUIN~1\Debug\libArduinoCore.a(main.o) (init)
D:\Users\Celine\ONEDRI~1.EDU\DOCUME~1\Schule\UNIVER~1\EECS47~1\Project\LIL_FI~1\LILFIS~1\LILFIS~1\ARDUIN~1\Debug\libArduinoCore.a(wiring_digital.o)
                              main.o (pinMode)
D:\Users\Celine\ONEDRI~1.EDU\DOCUME~1\Schule\UNIVER~1\EECS47~1\Project\LIL_FI~1\LILFIS~1\LILFIS~1\ARDUIN~1\Debug\libArduinoCore.a(queue.o)
                              main.o (xQueueGenericSend)
D:\Users\Celine\ONEDRI~1.EDU\DOCUME~1\Schule\UNIVER~1\EECS47~1\Project\LIL_FI~1\LILFIS~1\LILFIS~1\ARDUIN~1\Debug\libArduinoCore.a(tasks.o)
                              main.o (xTaskCreate)
D:\Users\Celine\ONEDRI~1.EDU\DOCUME~1\Schule\UNIVER~1\EECS47~1\Project\LIL_FI~1\LILFIS~1\LILFIS~1\ARDUIN~1\Debug\libArduinoCore.a(timers.o)
                              D:\Users\Celine\ONEDRI~1.EDU\DOCUME~1\Schule\UNIVER~1\EECS47~1\Project\LIL_FI~1\LILFIS~1\LILFIS~1\ARDUIN~1\Debug\libArduinoCore.a(tasks.o) (xTimerCreateTimerTask)
D:\Users\Celine\ONEDRI~1.EDU\DOCUME~1\Schule\UNIVER~1\EECS47~1\Project\LIL_FI~1\LILFIS~1\LILFIS~1\ARDUIN~1\Debug\libArduinoCore.a(variantHooks.o)
                              D:\Users\Celine\ONEDRI~1.EDU\DOCUME~1\Schule\UNIVER~1\EECS47~1\Project\LIL_FI~1\LILFIS~1\LILFIS~1\ARDUIN~1\Debug\libArduinoCore.a(tasks.o) (vApplicationIdleHook)
D:\Users\Celine\ONEDRI~1.EDU\DOCUME~1\Schule\UNIVER~1\EECS47~1\Project\LIL_FI~1\LILFIS~1\LILFIS~1\ARDUIN~1\Debug\libArduinoCore.a(MD_TCS230.o)
                              main.o (_ZN9MD_TCS230C1Ehhh)
D:\Users\Celine\ONEDRI~1.EDU\DOCUME~1\Schule\UNIVER~1\EECS47~1\Project\LIL_FI~1\LILFIS~1\LILFIS~1\ARDUIN~1\Debug\libArduinoCore.a(abi.o)
                              D:\Users\Celine\ONEDRI~1.EDU\DOCUME~1\Schule\UNIVER~1\EECS47~1\Project\LIL_FI~1\LILFIS~1\LILFIS~1\ARDUIN~1\Debug\libArduinoCore.a(Print.o) (__cxa_pure_virtual)
D:\Users\Celine\ONEDRI~1.EDU\DOCUME~1\Schule\UNIVER~1\EECS47~1\Project\LIL_FI~1\LILFIS~1\LILFIS~1\ARDUIN~1\Debug\libArduinoCore.a(hooks.o)
                              D:\Users\Celine\ONEDRI~1.EDU\DOCUME~1\Schule\UNIVER~1\EECS47~1\Project\LIL_FI~1\LILFIS~1\LILFIS~1\ARDUIN~1\Debug\libArduinoCore.a(wiring.o) (yield)
D:\Users\Celine\ONEDRI~1.EDU\DOCUME~1\Schule\UNIVER~1\EECS47~1\Project\LIL_FI~1\LILFIS~1\LILFIS~1\ARDUIN~1\Debug\libArduinoCore.a(heap_3.o)
                              D:\Users\Celine\ONEDRI~1.EDU\DOCUME~1\Schule\UNIVER~1\EECS47~1\Project\LIL_FI~1\LILFIS~1\LILFIS~1\ARDUIN~1\Debug\libArduinoCore.a(queue.o) (pvPortMalloc)
D:\Users\Celine\ONEDRI~1.EDU\DOCUME~1\Schule\UNIVER~1\EECS47~1\Project\LIL_FI~1\LILFIS~1\LILFIS~1\ARDUIN~1\Debug\libArduinoCore.a(list.o)
                              D:\Users\Celine\ONEDRI~1.EDU\DOCUME~1\Schule\UNIVER~1\EECS47~1\Project\LIL_FI~1\LILFIS~1\LILFIS~1\ARDUIN~1\Debug\libArduinoCore.a(queue.o) (vListInitialise)
D:\Users\Celine\ONEDRI~1.EDU\DOCUME~1\Schule\UNIVER~1\EECS47~1\Project\LIL_FI~1\LILFIS~1\LILFIS~1\ARDUIN~1\Debug\libArduinoCore.a(port.o)
                              D:\Users\Celine\ONEDRI~1.EDU\DOCUME~1\Schule\UNIVER~1\EECS47~1\Project\LIL_FI~1\LILFIS~1\LILFIS~1\ARDUIN~1\Debug\libArduinoCore.a(tasks.o) (pxPortInitialiseStack)
D:\Users\Celine\ONEDRI~1.EDU\DOCUME~1\Schule\UNIVER~1\EECS47~1\Project\LIL_FI~1\LILFIS~1\LILFIS~1\ARDUIN~1\Debug\libArduinoCore.a(FreqCount.o)
[...]
Memory Configuration

Name             Origin             Length             Attributes
text             0x00000000         0x00020000         xr
data             0x00800060         0x0000ffa0         rw !x
eeprom           0x00810000         0x00010000         rw !x
fuse             0x00820000         0x00000003         rw !x
lock             0x00830000         0x00000400         rw !x
signature        0x00840000         0x00000400         rw !x
user_signatures  0x00850000         0x00000400         rw !x
*default*        0x00000000         0xffffffff

Linker script and memory map

Address of section .data set to 0x800100
LOAD C:/Program Files (x86)/Atmel/Studio/7.0/Packs/atmel/ATmega_DFP/1.3.300/gcc/dev/atmega328p/avr5/crtatmega328p.o
LOAD main.o
START GROUP
LOAD c:/program files (x86)/atmel/studio/7.0/toolchain/avr8/avr8-gnu-toolchain/bin/../lib/gcc/avr/5.4.0/../../../../avr/lib/avr5\libm.a
LOAD D:\Users\Celine\ONEDRI~1.EDU\DOCUME~1\Schule\UNIVER~1\EECS47~1\Project\LIL_FI~1\LILFIS~1\LILFIS~1\ARDUIN~1\Debug\libArduinoCore.a
END GROUP
LOAD c:/program files (x86)/atmel/studio/7.0/toolchain/avr8/avr8-gnu-toolchain/bin/../lib/gcc/avr/5.4.0/avr5\libgcc.a
LOAD c:/program files (x86)/atmel/studio/7.0/toolchain/avr8/avr8-gnu-toolchain/bin/../lib/gcc/avr/5.4.0/../../../../avr/lib/avr5\libm.a
START GROUP
LOAD c:/program files (x86)/atmel/studio/7.0/toolchain/avr8/avr8-gnu-toolchain/bin/../lib/gcc/avr/5.4.0/avr5\libgcc.a
LOAD c:/program files (x86)/atmel/studio/7.0/toolchain/avr8/avr8-gnu-toolchain/bin/../lib/gcc/avr/5.4.0/../../../../avr/lib/avr5\libm.a
LOAD c:/program files (x86)/atmel/studio/7.0/toolchain/avr8/avr8-gnu-toolchain/bin/../lib/gcc/avr/5.4.0/../../../../avr/lib/avr5\libc.a
LOAD C:/Program Files (x86)/Atmel/Studio/7.0/Packs/atmel/ATmega_DFP/1.3.300/gcc/dev/atmega328p/avr5\libatmega328p.a
END GROUP
                0x00000000                __TEXT_REGION_ORIGIN__ = DEFINED (__TEXT_REGION_ORIGIN__)?__TEXT_REGION_ORIGIN__:0x0
                0x00800060                __DATA_REGION_ORIGIN__ = DEFINED (__DATA_REGION_ORIGIN__)?__DATA_REGION_ORIGIN__:0x800060
                0x00020000                __TEXT_REGION_LENGTH__ = DEFINED (__TEXT_REGION_LENGTH__)?__TEXT_REGION_LENGTH__:0x20000
                0x0000ffa0                __DATA_REGION_LENGTH__ = DEFINED (__DATA_REGION_LENGTH__)?__DATA_REGION_LENGTH__:0xffa0
                0x00010000                __EEPROM_REGION_LENGTH__ = DEFINED (__EEPROM_REGION_LENGTH__)?__EEPROM_REGION_LENGTH__:0x10000
                [0x00000003]                __FUSE_REGION_LENGTH__ = DEFINED (__FUSE_REGION_LENGTH__)?__FUSE_REGION_LENGTH__:0x400
                0x00000400                __LOCK_REGION_LENGTH__ = DEFINED (__LOCK_REGION_LENGTH__)?__LOCK_REGION_LENGTH__:0x400
                0x00000400                __SIGNATURE_REGION_LENGTH__ = DEFINED (__SIGNATURE_REGION_LENGTH__)?__SIGNATURE_REGION_LENGTH__:0x400
                0x00000400                __USER_SIGNATURE_REGION_LENGTH__ = DEFINED (__USER_SIGNATURE_REGION_LENGTH__)?__USER_SIGNATURE_REGION_LENGTH__:0x400

.hash
 *(.hash)

.dynsym
 *(.dynsym)

.dynstr
 *(.dynstr)

.gnu.version
 *(.gnu.version)

.gnu.version_d
 *(.gnu.version_d)

.gnu.version_r
 *(.gnu.version_r)

.rel.init
 *(.rel.init)

.rela.init
 *(.rela.init)

.rel.text
 *(.rel.text)
 *(.rel.text.*)
 *(.rel.gnu.linkonce.t*)

.rela.text
 *(.rela.text)
 *(.rela.text.*)
 *(.rela.gnu.linkonce.t*)

.rel.fini
 *(.rel.fini)

.rela.fini
 *(.rela.fini)

.rel.rodata
 *(.rel.rodata)
 *(.rel.rodata.*)
 *(.rel.gnu.linkonce.r*)

.rela.rodata
 *(.rela.rodata)
 *(.rela.rodata.*)
 *(.rela.gnu.linkonce.r*)

.rel.data
 *(.rel.data)
 *(.rel.data.*)
 *(.rel.gnu.linkonce.d*)

.rela.data
 *(.rela.data)
 *(.rela.data.*)
 *(.rela.gnu.linkonce.d*)

.rel.ctors
 *(.rel.ctors)

.rela.ctors
 *(.rela.ctors)

.rel.dtors
 *(.rel.dtors)

.rela.dtors
 *(.rela.dtors)

.rel.got
 *(.rel.got)

.rela.got
 *(.rela.got)

.rel.bss
 *(.rel.bss)

.rela.bss
 *(.rela.bss)

.rel.plt
 *(.rel.plt)

.rela.plt
 *(.rela.plt)

.text           0x00000000     0x31fe
 *(.vectors)
 .vectors       0x00000000       0x68 C:/Program Files (x86)/Atmel/Studio/7.0/Packs/atmel/ATmega_DFP/1.3.300/gcc/dev/atmega328p/avr5/crtatmega328p.o
                0x00000000                __vector_default
                0x00000000                __vectors
 *(.vectors)
 *(.progmem.gcc*)
 .progmem.gcc_sw_table.prvTimerTask
                0x00000068       0x14 D:\Users\Celine\ONEDRI~1.EDU\DOCUME~1\Schule\UNIVER~1\EECS47~1\Project\LIL_FI~1\LILFIS~1\LILFIS~1\ARDUIN~1\Debug\libArduinoCore.a(timers.o)
                0x0000007c                . = ALIGN (0x2)
                0x0000007c                __trampolines_start = .
 *(.trampolines)
 .trampolines   0x0000007c        0x0 linker stubs
 *(.trampolines*)
                0x0000007c                __trampolines_end = .
 *libprintf_flt.a:*(.progmem.data)
 *libc.a:*(.progmem.data)
 *(.progmem*)
 .progmem.data._ZZ9SameColorvE3__c
                0x0000007c       0x16 main.o
 .progmem.data.digital_pin_to_timer_PGM
                0x00000092       0x14 D:\Users\Celine\ONEDRI~1.EDU\DOCUME~1\Schule\UNIVER~1\EECS47~1\Project\LIL_FI~1\LILFIS~1\LILFIS~1\ARDUIN~1\Debug\libArduinoCore.a(wiring_digital.o)
                0x00000092                digital_pin_to_timer_PGM
 .progmem.data.digital_pin_to_bit_mask_PGM
                0x000000a6       0x14 D:\Users\Celine\ONEDRI~1.EDU\DOCUME~1\Schule\UNIVER~1\EECS47~1\Project\LIL_FI~1\LILFIS~1\LILFIS~1\ARDUIN~1\Debug\libArduinoCore.a(wiring_digital.o)
                0x000000a6                digital_pin_to_bit_mask_PGM
 .progmem.data.digital_pin_to_port_PGM
                0x000000ba       0x14 D:\Users\Celine\ONEDRI~1.EDU\DOCUME~1\Schule\UNIVER~1\EECS47~1\Project\LIL_FI~1\LILFIS~1\LILFIS~1\ARDUIN~1\Debug\libArduinoCore.a(wiring_digital.o)
                0x000000ba                digital_pin_to_port_PGM
 .progmem.data.port_to_output_PGM
                0x000000ce        0xa D:\Users\Celine\ONEDRI~1.EDU\DOCUME~1\Schule\UNIVER~1\EECS47~1\Project\LIL_FI~1\LILFIS~1\LILFIS~1\ARDUIN~1\Debug\libArduinoCore.a(wiring_digital.o)
                0x000000ce                port_to_output_PGM
 .progmem.data.port_to_mode_PGM
                0x000000d8        0xa D:\Users\Celine\ONEDRI~1.EDU\DOCUME~1\Schule\UNIVER~1\EECS47~1\Project\LIL_FI~1\LILFIS~1\LILFIS~1\ARDUIN~1\Debug\libArduinoCore.a(wiring_digital.o)
                0x000000d8                port_to_mode_PGM
                0x000000e2                . = ALIGN (0x2)
 *(.jumptables)
 *(.jumptables*)
 *(.lowtext)
 *(.lowtext*)
                0x000000e2                __ctors_start = .
 *(.ctors)
 .ctors         0x000000e2        0x2 main.o
 .ctors         0x000000e4        0x2 D:\Users\Celine\ONEDRI~1.EDU\DOCUME~1\Schule\UNIVER~1\EECS47~1\Project\LIL_FI~1\LILFIS~1\LILFIS~1\ARDUIN~1\Debug\libArduinoCore.a(HardwareSerial0.o)
                0x000000e6                __ctors_end = .
                0x000000e6                __dtors_start = .
 *(.dtors)
 .dtors         0x000000e6        0x2 main.o
                0x000000e8                __dtors_end = .
 SORT(*)(.ctors)
 SORT(*)(.dtors)
 *(.init0)
 .init0         0x000000e8        0x0 C:/Program Files (x86)/Atmel/Studio/7.0/Packs/atmel/ATmega_DFP/1.3.300/gcc/dev/atmega328p/avr5/crtatmega328p.o
                0x000000e8                __init
 *(.init0)
 *(.init1)
 *(.init1)
 *(.init2)
 .init2         0x000000e8        0xc C:/Program Files (x86)/Atmel/Studio/7.0/Packs/atmel/ATmega_DFP/1.3.300/gcc/dev/atmega328p/avr5/crtatmega328p.o
 *(.init2)
 *(.init3)
 *(.init3)
 *(.init4)
 .init4         0x000000f4       0x16 c:/program files (x86)/atmel/studio/7.0/toolchain/avr8/avr8-gnu-toolchain/bin/../lib/gcc/avr/5.4.0/avr5\libgcc.a(_copy_data.o)
                0x000000f4                __do_copy_data
 .init4         0x0000010a       0x10 c:/program files (x86)/atmel/studio/7.0/toolchain/avr8/avr8-gnu-toolchain/bin/../lib/gcc/avr/5.4.0/avr5\libgcc.a(_clear_bss.o)
                0x0000010a                __do_clear_bss
 *(.init4)
 *(.init5)
 *(.init5)
 *(.init6)
 .init6         0x0000011a       0x16 c:/program files (x86)/atmel/studio/7.0/toolchain/avr8/avr8-gnu-toolchain/bin/../lib/gcc/avr/5.4.0/avr5\libgcc.a(_ctors.o)
                0x0000011a                __do_global_ctors
 *(.init6)
 *(.init7)
 *(.init7)
 *(.init8)
 *(.init8)
 *(.init9)
 .init9         0x00000130        0x8 C:/Program Files (x86)/Atmel/Studio/7.0/Packs/atmel/ATmega_DFP/1.3.300/gcc/dev/atmega328p/avr5/crtatmega328p.o
 *(.init9)
 *(.text)
 .text          0x00000138        0x4 C:/Program Files (x86)/Atmel/Studio/7.0/Packs/atmel/ATmega_DFP/1.3.300/gcc/dev/atmega328p/avr5/crtatmega328p.o
                0x00000138                __vector_22
                0x00000138                __vector_24
                0x00000138                __vector_12
                0x00000138                __bad_interrupt
                0x00000138                __vector_3
                0x00000138                __vector_23
                0x00000138                __vector_25
                0x00000138                __vector_11
                0x00000138                __vector_13
                0x00000138                __vector_17
                0x00000138                __vector_5
                0x00000138                __vector_4
                0x00000138                __vector_9
                0x00000138                __vector_21
                0x00000138                __vector_15
                0x00000138                __vector_8
                0x00000138                __vector_14
                0x00000138                __vector_10
                0x00000138                __vector_20
                0x0000013c                . = ALIGN (0x2)
 *(.text.*)
 .text._Z19TaskTemperatureReadPv
                0x0000013c       0x28 main.o
                0x0000013c                _Z19TaskTemperatureReadPv
 .text._Z10TaskPHReadPv
                0x00000164        0x4 main.o
                0x00000164                _Z10TaskPHReadPv
 .text._Z8fromWifiv
                0x00000168        0xc main.o
                0x00000168                _Z8fromWifiv
 .text._Z9addColorsv
                0x00000174      0x1fc main.o
                0x00000174                _Z9addColorsv
 .text._Z9SameColorv
                0x00000370       0x58 main.o
                0x00000370                _Z9SameColorv
 .text._Z9FindMatchv
                0x000003c8      0x108 main.o
                0x000003c8                _Z9FindMatchv
 .text._Z9ScanColorv
                0x000004d0       0x24 main.o
                0x000004d0                _Z9ScanColorv
 .text._Z15TaskAmmoniaReadPv
                0x000004f4       0x50 main.o
                0x000004f4                _Z15TaskAmmoniaReadPv
 .text._Z15TaskNitriteReadPv
                0x00000544       0x52 main.o
                0x00000544                _Z15TaskNitriteReadPv
 .text._Z15TaskNitrateReadPv
                0x00000596       0x50 main.o
                0x00000596                _Z15TaskNitrateReadPv
 .text.setup    0x000005e6       0xc0 main.o
                0x000005e6                setup
 .text.loop     0x000006a6        0x2 main.o
                0x000006a6                loop
 .text.startup._GLOBAL__sub_I_typeToRead
                0x000006a8        0xe main.o
 .text.exit._GLOBAL__sub_D_typeToRead
                0x000006b6        0x8 main.o
 .text._ZN14HardwareSerial9availableEv
                0x000006be       0x18 D:\Users\Celine\ONEDRI~1.EDU\DOCUME~1\Schule\UNIVER~1\EECS47~1\Project\LIL_FI~1\LILFIS~1\LILFIS~1\ARDUIN~1\Debug\libArduinoCore.a(HardwareSerial.o)
                0x000006be                _ZN14HardwareSerial9availableEv
 .text._ZN14HardwareSerial4peekEv
                0x000006d6       0x1c D:\Users\Celine\ONEDRI~1.EDU\DOCUME~1\Schule\UNIVER~1\EECS47~1\Project\LIL_FI~1\LILFIS~1\LILFIS~1\ARDUIN~1\Debug\libArduinoCore.a(HardwareSerial.o)
                0x000006d6                _ZN14HardwareSerial4peekEv
 .text._ZN14HardwareSerial4readEv
                0x000006f2       0x28 D:\Users\Celine\ONEDRI~1.EDU\DOCUME~1\Schule\UNIVER~1\EECS47~1\Project\LIL_FI~1\LILFIS~1\LILFIS~1\ARDUIN~1\Debug\libArduinoCore.a(HardwareSerial.o)
                0x000006f2                _ZN14HardwareSerial4readEv
 .text._ZN14HardwareSerial17availableForWriteEv
                0x0000071a       0x1e D:\Users\Celine\ONEDRI~1.EDU\DOCUME~1\Schule\UNIVER~1\EECS47~1\Project\LIL_FI~1\LILFIS~1\LILFIS~1\ARDUIN~1\Debug\libArduinoCore.a(HardwareSerial.o)
                0x0000071a                _ZN14HardwareSerial17availableForWriteEv
 .text._Z14serialEventRunv
                0x00000738       0x1c D:\Users\Celine\ONEDRI~1.EDU\DOCUME~1\Schule\UNIVER~1\EECS47~1\Project\LIL_FI~1\LILFIS~1\LILFIS~1\ARDUIN~1\Debug\libArduinoCore.a(HardwareSerial.o)
                0x00000738                _Z14serialEventRunv
 .text._ZN14HardwareSerial17_tx_udr_empty_irqEv
                0x00000754       0x44 D:\Users\Celine\ONEDRI~1.EDU\DOCUME~1\Schule\UNIVER~1\EECS47~1\Project\LIL_FI~1\LILFIS~1\LILFIS~1\ARDUIN~1\Debug\libArduinoCore.a(HardwareSerial.o)
                0x00000754                _ZN14HardwareSerial17_tx_udr_empty_irqEv
 .text._ZN14HardwareSerial5writeEh
                0x00000798       0x9a D:\Users\Celine\ONEDRI~1.EDU\DOCUME~1\Schule\UNIVER~1\EECS47~1\Project\LIL_FI~1\LILFIS~1\LILFIS~1\ARDUIN~1\Debug\libArduinoCore.a(HardwareSerial.o)
                0x00000798                _ZN14HardwareSerial5writeEh
 .text._ZN14HardwareSerial5flushEv
                0x00000832       0x44 D:\Users\Celine\ONEDRI~1.EDU\DOCUME~1\Schule\UNIVER~1\EECS47~1\Project\LIL_FI~1\LILFIS~1\LILFIS~1\ARDUIN~1\Debug\libArduinoCore.a(HardwareSerial.o)
                0x00000832                _ZN14HardwareSerial5flushEv
 .text._ZN14HardwareSerial5beginEmh
                0x00000876       0xca D:\Users\Celine\ONEDRI~1.EDU\DOCUME~1\Schule\UNIVER~1\EECS47~1\Project\LIL_FI~1\LILFIS~1\LILFIS~1\ARDUIN~1\Debug\libArduinoCore.a(HardwareSerial.o)
                0x00000876                _ZN14HardwareSerial5beginEmh
 .text.__vector_18
                0x00000940       0x64 D:\Users\Celine\ONEDRI~1.EDU\DOCUME~1\Schule\UNIVER~1\EECS47~1\Project\LIL_FI~1\LILFIS~1\LILFIS~1\ARDUIN~1\Debug\libArduinoCore.a(HardwareSerial0.o)
                0x00000940                __vector_18
 .text.__vector_19
                0x000009a4       0x4c D:\Users\Celine\ONEDRI~1.EDU\DOCUME~1\Schule\UNIVER~1\EECS47~1\Project\LIL_FI~1\LILFIS~1\LILFIS~1\ARDUIN~1\Debug\libArduinoCore.a(HardwareSerial0.o)
                0x000009a4                __vector_19
 .text._Z17Serial0_availablev
                0x000009f0       0x14 D:\Users\Celine\ONEDRI~1.EDU\DOCUME~1\Schule\UNIVER~1\EECS47~1\Project\LIL_FI~1\LILFIS~1\LILFIS~1\ARDUIN~1\Debug\libArduinoCore.a(HardwareSerial0.o)
                0x000009f0                _Z17Serial0_availablev
 .text.startup._GLOBAL__sub_I___vector_18
                0x00000a04       0x5a D:\Users\Celine\ONEDRI~1.EDU\DOCUME~1\Schule\UNIVER~1\EECS47~1\Project\LIL_FI~1\LILFIS~1\LILFIS~1\ARDUIN~1\Debug\libArduinoCore.a(HardwareSerial0.o)
 .text.startup.main
                0x00000a5e       0x1e D:\Users\Celine\ONEDRI~1.EDU\DOCUME~1\Schule\UNIVER~1\EECS47~1\Project\LIL_FI~1\LILFIS~1\LILFIS~1\ARDUIN~1\Debug\libArduinoCore.a(main.o)
                0x00000a5e                main
 .text._ZN5Print5writeEPKhj
                0x00000a7c       0x54 D:\Users\Celine\ONEDRI~1.EDU\DOCUME~1\Schule\UNIVER~1\EECS47~1\Project\LIL_FI~1\LILFIS~1\LILFIS~1\ARDUIN~1\Debug\libArduinoCore.a(Print.o)
                0x00000a7c                _ZN5Print5writeEPKhj
 .text._ZN5Print5printEPK19__FlashStringHelper
                0x00000ad0       0x48 D:\Users\Celine\ONEDRI~1.EDU\DOCUME~1\Schule\UNIVER~1\EECS47~1\Project\LIL_FI~1\LILFIS~1\LILFIS~1\ARDUIN~1\Debug\libArduinoCore.a(Print.o)
                0x00000ad0                _ZN5Print5printEPK19__FlashStringHelper
 .text.nothing  0x00000b18        0x2 D:\Users\Celine\ONEDRI~1.EDU\DOCUME~1\Schule\UNIVER~1\EECS47~1\Project\LIL_FI~1\LILFIS~1\LILFIS~1\ARDUIN~1\Debug\libArduinoCore.a(WInterrupts.o)
 .text.attachInterrupt
                0x00000b1a       0x40 D:\Users\Celine\ONEDRI~1.EDU\DOCUME~1\Schule\UNIVER~1\EECS47~1\Project\LIL_FI~1\LILFIS~1\LILFIS~1\ARDUIN~1\Debug\libArduinoCore.a(WInterrupts.o)
                0x00000b1a                attachInterrupt
 .text.__vector_1
                0x00000b5a       0x4e D:\Users\Celine\ONEDRI~1.EDU\DOCUME~1\Schule\UNIVER~1\EECS47~1\Project\LIL_FI~1\LILFIS~1\LILFIS~1\ARDUIN~1\Debug\libArduinoCore.a(WInterrupts.o)
                0x00000b5a                __vector_1
 .text.__vector_2
                0x00000ba8       0x4e D:\Users\Celine\ONEDRI~1.EDU\DOCUME~1\Schule\UNIVER~1\EECS47~1\Project\LIL_FI~1\LILFIS~1\LILFIS~1\ARDUIN~1\Debug\libArduinoCore.a(WInterrupts.o)
                0x00000ba8                __vector_2
 .text.__vector_16
                0x00000bf6       0x94 D:\Users\Celine\ONEDRI~1.EDU\DOCUME~1\Schule\UNIVER~1\EECS47~1\Project\LIL_FI~1\LILFIS~1\LILFIS~1\ARDUIN~1\Debug\libArduinoCore.a(wiring.o)
                0x00000bf6                __vector_16
 .text.init     0x00000c8a       0x76 D:\Users\Celine\ONEDRI~1.EDU\DOCUME~1\Schule\UNIVER~1\EECS47~1\Project\LIL_FI~1\LILFIS~1\LILFIS~1\ARDUIN~1\Debug\libArduinoCore.a(wiring.o)
                0x00000c8a                init
 .text.turnOffPWM
                0x00000d00       0x52 D:\Users\Celine\ONEDRI~1.EDU\DOCUME~1\Schule\UNIVER~1\EECS47~1\Project\LIL_FI~1\LILFIS~1\LILFIS~1\ARDUIN~1\Debug\libArduinoCore.a(wiring_digital.o)
 .text.pinMode  0x00000d52       0x78 D:\Users\Celine\ONEDRI~1.EDU\DOCUME~1\Schule\UNIVER~1\EECS47~1\Project\LIL_FI~1\LILFIS~1\LILFIS~1\ARDUIN~1\Debug\libArduinoCore.a(wiring_digital.o)
                0x00000d52                pinMode
 .text.digitalWrite
                0x00000dca       0x5e D:\Users\Celine\ONEDRI~1.EDU\DOCUME~1\Schule\UNIVER~1\EECS47~1\Project\LIL_FI~1\LILFIS~1\LILFIS~1\ARDUIN~1\Debug\libArduinoCore.a(wiring_digital.o)
                0x00000dca                digitalWrite
 .text.hot.prvIsQueueEmpty
                0x00000e28       0x16 D:\Users\Celine\ONEDRI~1.EDU\DOCUME~1\Schule\UNIVER~1\EECS47~1\Project\LIL_FI~1\LILFIS~1\LILFIS~1\ARDUIN~1\Debug\libArduinoCore.a(queue.o)
 .text.hot.prvCopyDataToQueue
                0x00000e3e       0xa6 D:\Users\Celine\ONEDRI~1.EDU\DOCUME~1\Schule\UNIVER~1\EECS47~1\Project\LIL_FI~1\LILFIS~1\LILFIS~1\ARDUIN~1\Debug\libArduinoCore.a(queue.o)
 .text.hot.prvCopyDataFromQueue
                0x00000ee4       0x34 D:\Users\Celine\ONEDRI~1.EDU\DOCUME~1\Schule\UNIVER~1\EECS47~1\Project\LIL_FI~1\LILFIS~1\LILFIS~1\ARDUIN~1\Debug\libArduinoCore.a(queue.o)
 .text.hot.prvUnlockQueue
                0x00000f18       0x7c D:\Users\Celine\ONEDRI~1.EDU\DOCUME~1\Schule\UNIVER~1\EECS47~1\Project\LIL_FI~1\LILFIS~1\LILFIS~1\ARDUIN~1\Debug\libArduinoCore.a(queue.o)
 .text.hot.xQueueGenericReset
                0x00000f94       0x7e D:\Users\Celine\ONEDRI~1.EDU\DOCUME~1\Schule\UNIVER~1\EECS47~1\Project\LIL_FI~1\LILFIS~1\LILFIS~1\ARDUIN~1\Debug\libArduinoCore.a(queue.o)
                0x00000f94                xQueueGenericReset
 .text.hot.xQueueGenericCreate
                0x00001012       0x50 D:\Users\Celine\ONEDRI~1.EDU\DOCUME~1\Schule\UNIVER~1\EECS47~1\Project\LIL_FI~1\LILFIS~1\LILFIS~1\ARDUIN~1\Debug\libArduinoCore.a(queue.o)
                0x00001012                xQueueGenericCreate
 .text.hot.xQueueGenericSend
                0x00001062      0x12c D:\Users\Celine\ONEDRI~1.EDU\DOCUME~1\Schule\UNIVER~1\EECS47~1\Project\LIL_FI~1\LILFIS~1\LILFIS~1\ARDUIN~1\Debug\libArduinoCore.a(queue.o)
                0x00001062                xQueueGenericSend
 .text.hot.xQueueGenericSendFromISR
                0x0000118e       0x5e D:\Users\Celine\ONEDRI~1.EDU\DOCUME~1\Schule\UNIVER~1\EECS47~1\Project\LIL_FI~1\LILFIS~1\LILFIS~1\ARDUIN~1\Debug\libArduinoCore.a(queue.o)
                0x0000118e                xQueueGenericSendFromISR
 .text.hot.xQueueReceive
                0x000011ec      0x124 D:\Users\Celine\ONEDRI~1.EDU\DOCUME~1\Schule\UNIVER~1\EECS47~1\Project\LIL_FI~1\LILFIS~1\LILFIS~1\ARDUIN~1\Debug\libArduinoCore.a(queue.o)
                0x000011ec                xQueueReceive
 .text.hot.xQueueSemaphoreTake
                0x00001310      0x184 D:\Users\Celine\ONEDRI~1.EDU\DOCUME~1\Schule\UNIVER~1\EECS47~1\Project\LIL_FI~1\LILFIS~1\LILFIS~1\ARDUIN~1\Debug\libArduinoCore.a(queue.o)
                0x00001310                xQueueSemaphoreTake
 .text.hot.vQueueWaitForMessageRestricted
                0x00001494       0x38 D:\Users\Celine\ONEDRI~1.EDU\DOCUME~1\Schule\UNIVER~1\EECS47~1\Project\LIL_FI~1\LILFIS~1\LILFIS~1\ARDUIN~1\Debug\libArduinoCore.a(queue.o)
                0x00001494                vQueueWaitForMessageRestricted
 .text.prvResetNextTaskUnblockTime
                0x000014cc       0x36 D:\Users\Celine\ONEDRI~1.EDU\DOCUME~1\Schule\UNIVER~1\EECS47~1\Project\LIL_FI~1\LILFIS~1\LILFIS~1\ARDUIN~1\Debug\libArduinoCore.a(tasks.o)
 .text.hot.prvAddCurrentTaskToDelayedList
                0x00001502       0xb8 D:\Users\Celine\ONEDRI~1.EDU\DOCUME~1\Schule\UNIVER~1\EECS47~1\Project\LIL_FI~1\LILFIS~1\LILFIS~1\ARDUIN~1\Debug\libArduinoCore.a(tasks.o)
 .text.prvIdleTask
                0x000015ba       0x5c D:\Users\Celine\ONEDRI~1.EDU\DOCUME~1\Schule\UNIVER~1\EECS47~1\Project\LIL_FI~1\LILFIS~1\LILFIS~1\ARDUIN~1\Debug\libArduinoCore.a(tasks.o)
 .text.hot.xTaskCreate
                0x00001616      0x218 D:\Users\Celine\ONEDRI~1.EDU\DOCUME~1\Schule\UNIVER~1\EECS47~1\Project\LIL_FI~1\LILFIS~1\LILFIS~1\ARDUIN~1\Debug\libArduinoCore.a(tasks.o)
                0x00001616                xTaskCreate
 .text.hot.vTaskResume
                0x0000182e       0x92 D:\Users\Celine\ONEDRI~1.EDU\DOCUME~1\Schule\UNIVER~1\EECS47~1\Project\LIL_FI~1\LILFIS~1\LILFIS~1\ARDUIN~1\Debug\libArduinoCore.a(tasks.o)
                0x0000182e                vTaskResume
 .text.hot.vTaskStartScheduler
                0x000018c0       0x5c D:\Users\Celine\ONEDRI~1.EDU\DOCUME~1\Schule\UNIVER~1\EECS47~1\Project\LIL_FI~1\LILFIS~1\LILFIS~1\ARDUIN~1\Debug\libArduinoCore.a(tasks.o)
                0x000018c0                vTaskStartScheduler
 .text.hot.vTaskSuspendAll
                0x0000191c        0xc D:\Users\Celine\ONEDRI~1.EDU\DOCUME~1\Schule\UNIVER~1\EECS47~1\Project\LIL_FI~1\LILFIS~1\LILFIS~1\ARDUIN~1\Debug\libArduinoCore.a(tasks.o)
                0x0000191c                vTaskSuspendAll
 .text.hot.xTaskGetTickCount
                0x00001928       0x14 D:\Users\Celine\ONEDRI~1.EDU\DOCUME~1\Schule\UNIVER~1\EECS47~1\Project\LIL_FI~1\LILFIS~1\LILFIS~1\ARDUIN~1\Debug\libArduinoCore.a(tasks.o)
                0x00001928                xTaskGetTickCount
 .text.hot.xTaskIncrementTick
                0x0000193c      0x158 D:\Users\Celine\ONEDRI~1.EDU\DOCUME~1\Schule\UNIVER~1\EECS47~1\Project\LIL_FI~1\LILFIS~1\LILFIS~1\ARDUIN~1\Debug\libArduinoCore.a(tasks.o)
                0x0000193c                xTaskIncrementTick
 .text.hot.xTaskResumeAll
                0x00001a94       0xde D:\Users\Celine\ONEDRI~1.EDU\DOCUME~1\Schule\UNIVER~1\EECS47~1\Project\LIL_FI~1\LILFIS~1\LILFIS~1\ARDUIN~1\Debug\libArduinoCore.a(tasks.o)
                0x00001a94                xTaskResumeAll
 .text.hot.vTaskDelayUntil
                0x00001b72       0x70 D:\Users\Celine\ONEDRI~1.EDU\DOCUME~1\Schule\UNIVER~1\EECS47~1\Project\LIL_FI~1\LILFIS~1\LILFIS~1\ARDUIN~1\Debug\libArduinoCore.a(tasks.o)
                0x00001b72                vTaskDelayUntil
 .text.hot.vTaskDelay
                0x00001be2       0x2a D:\Users\Celine\ONEDRI~1.EDU\DOCUME~1\Schule\UNIVER~1\EECS47~1\Project\LIL_FI~1\LILFIS~1\LILFIS~1\ARDUIN~1\Debug\libArduinoCore.a(tasks.o)
                0x00001be2                vTaskDelay
 .text.hot.vTaskSwitchContext
                0x00001c0c       0xbc D:\Users\Celine\ONEDRI~1.EDU\DOCUME~1\Schule\UNIVER~1\EECS47~1\Project\LIL_FI~1\LILFIS~1\LILFIS~1\ARDUIN~1\Debug\libArduinoCore.a(tasks.o)
                0x00001c0c                vTaskSwitchContext
 .text.hot.vTaskSuspend
                0x00001cc8       0xac D:\Users\Celine\ONEDRI~1.EDU\DOCUME~1\Schule\UNIVER~1\EECS47~1\Project\LIL_FI~1\LILFIS~1\LILFIS~1\ARDUIN~1\Debug\libArduinoCore.a(tasks.o)
                0x00001cc8                vTaskSuspend
 .text.hot.vTaskPlaceOnEventList
                0x00001d74       0x22 D:\Users\Celine\ONEDRI~1.EDU\DOCUME~1\Schule\UNIVER~1\EECS47~1\Project\LIL_FI~1\LILFIS~1\LILFIS~1\ARDUIN~1\Debug\libArduinoCore.a(tasks.o)
                0x00001d74                vTaskPlaceOnEventList
 .text.hot.vTaskPlaceOnEventListRestricted
                0x00001d96       0x30 D:\Users\Celine\ONEDRI~1.EDU\DOCUME~1\Schule\UNIVER~1\EECS47~1\Project\LIL_FI~1\LILFIS~1\LILFIS~1\ARDUIN~1\Debug\libArduinoCore.a(tasks.o)
                0x00001d96                vTaskPlaceOnEventListRestricted
 .text.hot.xTaskRemoveFromEventList
                0x00001dc6       0x80 D:\Users\Celine\ONEDRI~1.EDU\DOCUME~1\Schule\UNIVER~1\EECS47~1\Project\LIL_FI~1\LILFIS~1\LILFIS~1\ARDUIN~1\Debug\libArduinoCore.a(tasks.o)
                0x00001dc6                xTaskRemoveFromEventList
 .text.hot.vTaskInternalSetTimeOutState
                0x00001e46       0x16 D:\Users\Celine\ONEDRI~1.EDU\DOCUME~1\Schule\UNIVER~1\EECS47~1\Project\LIL_FI~1\LILFIS~1\LILFIS~1\ARDUIN~1\Debug\libArduinoCore.a(tasks.o)
                0x00001e46                vTaskInternalSetTimeOutState
 .text.hot.xTaskCheckForTimeOut
                0x00001e5c       0x66 D:\Users\Celine\ONEDRI~1.EDU\DOCUME~1\Schule\UNIVER~1\EECS47~1\Project\LIL_FI~1\LILFIS~1\LILFIS~1\ARDUIN~1\Debug\libArduinoCore.a(tasks.o)
                0x00001e5c                xTaskCheckForTimeOut
 .text.hot.vTaskMissedYield
                0x00001ec2        0x8 D:\Users\Celine\ONEDRI~1.EDU\DOCUME~1\Schule\UNIVER~1\EECS47~1\Project\LIL_FI~1\LILFIS~1\LILFIS~1\ARDUIN~1\Debug\libArduinoCore.a(tasks.o)
                0x00001ec2                vTaskMissedYield
 .text.hot.xTaskGetSchedulerState
                0x00001eca       0x1c D:\Users\Celine\ONEDRI~1.EDU\DOCUME~1\Schule\UNIVER~1\EECS47~1\Project\LIL_FI~1\LILFIS~1\LILFIS~1\ARDUIN~1\Debug\libArduinoCore.a(tasks.o)
                0x00001eca                xTaskGetSchedulerState
 .text.hot.xTaskPriorityInherit
                0x00001ee6       0xc6 D:\Users\Celine\ONEDRI~1.EDU\DOCUME~1\Schule\UNIVER~1\EECS47~1\Project\LIL_FI~1\LILFIS~1\LILFIS~1\ARDUIN~1\Debug\libArduinoCore.a(tasks.o)
                0x00001ee6                xTaskPriorityInherit
 .text.hot.xTaskPriorityDisinherit
                0x00001fac       0x74 D:\Users\Celine\ONEDRI~1.EDU\DOCUME~1\Schule\UNIVER~1\EECS47~1\Project\LIL_FI~1\LILFIS~1\LILFIS~1\ARDUIN~1\Debug\libArduinoCore.a(tasks.o)
                0x00001fac                xTaskPriorityDisinherit
 .text.hot.vTaskPriorityDisinheritAfterTimeout
                0x00002020       0x8e D:\Users\Celine\ONEDRI~1.EDU\DOCUME~1\Schule\UNIVER~1\EECS47~1\Project\LIL_FI~1\LILFIS~1\LILFIS~1\ARDUIN~1\Debug\libArduinoCore.a(tasks.o)
                0x00002020                vTaskPriorityDisinheritAfterTimeout
 .text.hot.pvTaskIncrementMutexHeldCount
                0x000020ae       0x24 D:\Users\Celine\ONEDRI~1.EDU\DOCUME~1\Schule\UNIVER~1\EECS47~1\Project\LIL_FI~1\LILFIS~1\LILFIS~1\ARDUIN~1\Debug\libArduinoCore.a(tasks.o)
                0x000020ae                pvTaskIncrementMutexHeldCount
 .text.hot.prvCheckForValidListAndQueue
                0x000020d2       0x52 D:\Users\Celine\ONEDRI~1.EDU\DOCUME~1\Schule\UNIVER~1\EECS47~1\Project\LIL_FI~1\LILFIS~1\LILFIS~1\ARDUIN~1\Debug\libArduinoCore.a(timers.o)
 .text.hot.prvInsertTimerInActiveList
                0x00002124       0x54 D:\Users\Celine\ONEDRI~1.EDU\DOCUME~1\Schule\UNIVER~1\EECS47~1\Project\LIL_FI~1\LILFIS~1\LILFIS~1\ARDUIN~1\Debug\libArduinoCore.a(timers.o)
 .text.hot.xTimerCreateTimerTask
                0x00002178       0x40 D:\Users\Celine\ONEDRI~1.EDU\DOCUME~1\Schule\UNIVER~1\EECS47~1\Project\LIL_FI~1\LILFIS~1\LILFIS~1\ARDUIN~1\Debug\libArduinoCore.a(timers.o)
                0x00002178                xTimerCreateTimerTask
 .text.hot.xTimerGenericCommand
                0x000021b8       0x7e D:\Users\Celine\ONEDRI~1.EDU\DOCUME~1\Schule\UNIVER~1\EECS47~1\Project\LIL_FI~1\LILFIS~1\LILFIS~1\ARDUIN~1\Debug\libArduinoCore.a(timers.o)
                0x000021b8                xTimerGenericCommand
 .text.hot.prvSwitchTimerLists
                0x00002236       0xa2 D:\Users\Celine\ONEDRI~1.EDU\DOCUME~1\Schule\UNIVER~1\EECS47~1\Project\LIL_FI~1\LILFIS~1\LILFIS~1\ARDUIN~1\Debug\libArduinoCore.a(timers.o)
 .text.hot.prvTimerTask
                0x000022d8      0x206 D:\Users\Celine\ONEDRI~1.EDU\DOCUME~1\Schule\UNIVER~1\EECS47~1\Project\LIL_FI~1\LILFIS~1\LILFIS~1\ARDUIN~1\Debug\libArduinoCore.a(timers.o)
 .text.initVariant
                0x000024de        0xa D:\Users\Celine\ONEDRI~1.EDU\DOCUME~1\Schule\UNIVER~1\EECS47~1\Project\LIL_FI~1\LILFIS~1\LILFIS~1\ARDUIN~1\Debug\libArduinoCore.a(variantHooks.o)
                0x000024de                initVariant
 .text.vApplicationIdleHook
                0x000024e8       0x12 D:\Users\Celine\ONEDRI~1.EDU\DOCUME~1\Schule\UNIVER~1\EECS47~1\Project\LIL_FI~1\LILFIS~1\LILFIS~1\ARDUIN~1\Debug\libArduinoCore.a(variantHooks.o)
                0x000024e8                vApplicationIdleHook
 .text.vApplicationMallocFailedHook
                0x000024fa       0x1a D:\Users\Celine\ONEDRI~1.EDU\DOCUME~1\Schule\UNIVER~1\EECS47~1\Project\LIL_FI~1\LILFIS~1\LILFIS~1\ARDUIN~1\Debug\libArduinoCore.a(variantHooks.o)
                0x000024fa                vApplicationMallocFailedHook
 .text.vApplicationStackOverflowHook
                0x00002514       0x1a D:\Users\Celine\ONEDRI~1.EDU\DOCUME~1\Schule\UNIVER~1\EECS47~1\Project\LIL_FI~1\LILFIS~1\LILFIS~1\ARDUIN~1\Debug\libArduinoCore.a(variantHooks.o)
                0x00002514                vApplicationStackOverflowHook
 .text._ZN9MD_TCS23010initialiseEv
                0x0000252e       0x4e D:\Users\Celine\ONEDRI~1.EDU\DOCUME~1\Schule\UNIVER~1\EECS47~1\Project\LIL_FI~1\LILFIS~1\LILFIS~1\ARDUIN~1\Debug\libArduinoCore.a(MD_TCS230.o)
                0x0000252e                _ZN9MD_TCS23010initialiseEv
 .text._ZN9MD_TCS230C2Ehhh
                0x0000257c       0x28 D:\Users\Celine\ONEDRI~1.EDU\DOCUME~1\Schule\UNIVER~1\EECS47~1\Project\LIL_FI~1\LILFIS~1\LILFIS~1\ARDUIN~1\Debug\libArduinoCore.a(MD_TCS230.o)
                0x0000257c                _ZN9MD_TCS230C1Ehhh
                0x0000257c                _ZN9MD_TCS230C2Ehhh
 .text._ZN9MD_TCS230D2Ev
                0x000025a4        0x2 D:\Users\Celine\ONEDRI~1.EDU\DOCUME~1\Schule\UNIVER~1\EECS47~1\Project\LIL_FI~1\LILFIS~1\LILFIS~1\ARDUIN~1\Debug\libArduinoCore.a(MD_TCS230.o)
                0x000025a4                _ZN9MD_TCS230D2Ev
                0x000025a4                _ZN9MD_TCS230D1Ev
 .text._ZN9MD_TCS2309setFilterEh
                0x000025a6       0x4c D:\Users\Celine\ONEDRI~1.EDU\DOCUME~1\Schule\UNIVER~1\EECS47~1\Project\LIL_FI~1\LILFIS~1\LILFIS~1\ARDUIN~1\Debug\libArduinoCore.a(MD_TCS230.o)
                0x000025a6                _ZN9MD_TCS2309setFilterEh
 .text._ZN9MD_TCS23013setFrequency2Eh
                0x000025f2       0x4c D:\Users\Celine\ONEDRI~1.EDU\DOCUME~1\Schule\UNIVER~1\EECS47~1\Project\LIL_FI~1\LILFIS~1\LILFIS~1\ARDUIN~1\Debug\libArduinoCore.a(MD_TCS230.o)
                0x000025f2                _ZN9MD_TCS23013setFrequency2Eh
 .text._ZN9MD_TCS2309setEnableEb
                0x0000263e       0x22 D:\Users\Celine\ONEDRI~1.EDU\DOCUME~1\Schule\UNIVER~1\EECS47~1\Project\LIL_FI~1\LILFIS~1\LILFIS~1\ARDUIN~1\Debug\libArduinoCore.a(MD_TCS230.o)
                0x0000263e                _ZN9MD_TCS2309setEnableEb
 .text._ZN9MD_TCS2306getRGBEP9colorData
                0x00002660       0x20 D:\Users\Celine\ONEDRI~1.EDU\DOCUME~1\Schule\UNIVER~1\EECS47~1\Project\LIL_FI~1\LILFIS~1\LILFIS~1\ARDUIN~1\Debug\libArduinoCore.a(MD_TCS230.o)
                0x00002660                _ZN9MD_TCS2306getRGBEP9colorData
 .text._ZN9MD_TCS23017RGBTransformationEv
                0x00002680       0xb8 D:\Users\Celine\ONEDRI~1.EDU\DOCUME~1\Schule\UNIVER~1\EECS47~1\Project\LIL_FI~1\LILFIS~1\LILFIS~1\ARDUIN~1\Debug\libArduinoCore.a(MD_TCS230.o)
                0x00002680                _ZN9MD_TCS23017RGBTransformationEv
 .text._ZN9MD_TCS2307readFSMEh
                0x00002738       0xbc D:\Users\Celine\ONEDRI~1.EDU\DOCUME~1\Schule\UNIVER~1\EECS47~1\Project\LIL_FI~1\LILFIS~1\LILFIS~1\ARDUIN~1\Debug\libArduinoCore.a(MD_TCS230.o)
                0x00002738                _ZN9MD_TCS2307readFSMEh
 .text._ZN9MD_TCS2304readEv
                0x000027f4       0x14 D:\Users\Celine\ONEDRI~1.EDU\DOCUME~1\Schule\UNIVER~1\EECS47~1\Project\LIL_FI~1\LILFIS~1\LILFIS~1\ARDUIN~1\Debug\libArduinoCore.a(MD_TCS230.o)
                0x000027f4                _ZN9MD_TCS2304readEv
 .text._ZN9MD_TCS2309availableEv
                0x00002808       0x1c D:\Users\Celine\ONEDRI~1.EDU\DOCUME~1\Schule\UNIVER~1\EECS47~1\Project\LIL_FI~1\LILFIS~1\LILFIS~1\ARDUIN~1\Debug\libArduinoCore.a(MD_TCS230.o)
                0x00002808                _ZN9MD_TCS2309availableEv
 .text.hot.pvPortMalloc
                0x00002824       0x26 D:\Users\Celine\ONEDRI~1.EDU\DOCUME~1\Schule\UNIVER~1\EECS47~1\Project\LIL_FI~1\LILFIS~1\LILFIS~1\ARDUIN~1\Debug\libArduinoCore.a(heap_3.o)
                0x00002824                pvPortMalloc
 .text.hot.vPortFree
                0x0000284a       0x22 D:\Users\Celine\ONEDRI~1.EDU\DOCUME~1\Schule\UNIVER~1\EECS47~1\Project\LIL_FI~1\LILFIS~1\LILFIS~1\ARDUIN~1\Debug\libArduinoCore.a(heap_3.o)
                0x0000284a                vPortFree
 .text.hot.vListInitialise
                0x0000286c       0x1c D:\Users\Celine\ONEDRI~1.EDU\DOCUME~1\Schule\UNIVER~1\EECS47~1\Project\LIL_FI~1\LILFIS~1\LILFIS~1\ARDUIN~1\Debug\libArduinoCore.a(list.o)
                0x0000286c                vListInitialise
 .text.hot.vListInitialiseItem
                0x00002888        0x8 D:\Users\Celine\ONEDRI~1.EDU\DOCUME~1\Schule\UNIVER~1\EECS47~1\Project\LIL_FI~1\LILFIS~1\LILFIS~1\ARDUIN~1\Debug\libArduinoCore.a(list.o)
                0x00002888                vListInitialiseItem
 .text.hot.vListInsertEnd
                0x00002890       0x42 D:\Users\Celine\ONEDRI~1.EDU\DOCUME~1\Schule\UNIVER~1\EECS47~1\Project\LIL_FI~1\LILFIS~1\LILFIS~1\ARDUIN~1\Debug\libArduinoCore.a(list.o)
                0x00002890                vListInsertEnd
 .text.hot.vListInsert
                0x000028d2       0x70 D:\Users\Celine\ONEDRI~1.EDU\DOCUME~1\Schule\UNIVER~1\EECS47~1\Project\LIL_FI~1\LILFIS~1\LILFIS~1\ARDUIN~1\Debug\libArduinoCore.a(list.o)
                0x000028d2                vListInsert
 .text.hot.uxListRemove
                0x00002942       0x48 D:\Users\Celine\ONEDRI~1.EDU\DOCUME~1\Schule\UNIVER~1\EECS47~1\Project\LIL_FI~1\LILFIS~1\LILFIS~1\ARDUIN~1\Debug\libArduinoCore.a(list.o)
                0x00002942                uxListRemove
 .text.hot.pxPortInitialiseStack
                0x0000298a       0xd8 D:\Users\Celine\ONEDRI~1.EDU\DOCUME~1\Schule\UNIVER~1\EECS47~1\Project\LIL_FI~1\LILFIS~1\LILFIS~1\ARDUIN~1\Debug\libArduinoCore.a(port.o)
                0x0000298a                pxPortInitialiseStack
 .text.hot.xPortStartScheduler
                0x00002a62       0x70 D:\Users\Celine\ONEDRI~1.EDU\DOCUME~1\Schule\UNIVER~1\EECS47~1\Project\LIL_FI~1\LILFIS~1\LILFIS~1\ARDUIN~1\Debug\libArduinoCore.a(port.o)
                0x00002a62                xPortStartScheduler
 .text.hot.vPortYield
                0x00002ad2       0xb2 D:\Users\Celine\ONEDRI~1.EDU\DOCUME~1\Schule\UNIVER~1\EECS47~1\Project\LIL_FI~1\LILFIS~1\LILFIS~1\ARDUIN~1\Debug\libArduinoCore.a(port.o)
                0x00002ad2                vPortYield
 .text.hot.vPortYieldFromTick
                0x00002b84       0xba D:\Users\Celine\ONEDRI~1.EDU\DOCUME~1\Schule\UNIVER~1\EECS47~1\Project\LIL_FI~1\LILFIS~1\LILFIS~1\ARDUIN~1\Debug\libArduinoCore.a(port.o)
                0x00002b84                vPortYieldFromTick
 .text.hot.__vector_6
                0x00002c3e        0x6 D:\Users\Celine\ONEDRI~1.EDU\DOCUME~1\Schule\UNIVER~1\EECS47~1\Project\LIL_FI~1\LILFIS~1\LILFIS~1\ARDUIN~1\Debug\libArduinoCore.a(port.o)
                0x00002c3e                __vector_6
 .text._ZN14FreqCountClass5beginEj
                0x00002c44       0xf0 D:\Users\Celine\ONEDRI~1.EDU\DOCUME~1\Schule\UNIVER~1\EECS47~1\Project\LIL_FI~1\LILFIS~1\LILFIS~1\ARDUIN~1\Debug\libArduinoCore.a(FreqCount.o)
                0x00002c44                _ZN14FreqCountClass5beginEj
 .text._ZN14FreqCountClass9availableEv
                0x00002d34        0x6 D:\Users\Celine\ONEDRI~1.EDU\DOCUME~1\Schule\UNIVER~1\EECS47~1\Project\LIL_FI~1\LILFIS~1\LILFIS~1\ARDUIN~1\Debug\libArduinoCore.a(FreqCount.o)
                0x00002d34                _ZN14FreqCountClass9availableEv
 .text._ZN14FreqCountClass4readEv
                0x00002d3a       0x1c D:\Users\Celine\ONEDRI~1.EDU\DOCUME~1\Schule\UNIVER~1\EECS47~1\Project\LIL_FI~1\LILFIS~1\LILFIS~1\ARDUIN~1\Debug\libArduinoCore.a(FreqCount.o)
                0x00002d3a                _ZN14FreqCountClass4readEv
 .text._ZN14FreqCountClass3endEv
                0x00002d56       0x2e D:\Users\Celine\ONEDRI~1.EDU\DOCUME~1\Schule\UNIVER~1\EECS47~1\Project\LIL_FI~1\LILFIS~1\LILFIS~1\ARDUIN~1\Debug\libArduinoCore.a(FreqCount.o)
                0x00002d56                _ZN14FreqCountClass3endEv
 .text.__vector_7
                0x00002d84       0xec D:\Users\Celine\ONEDRI~1.EDU\DOCUME~1\Schule\UNIVER~1\EECS47~1\Project\LIL_FI~1\LILFIS~1\LILFIS~1\ARDUIN~1\Debug\libArduinoCore.a(FreqCount.o)
                0x00002d84                __vector_7
 .text.libgcc.div
                0x00002e70       0x28 c:/program files (x86)/atmel/studio/7.0/toolchain/avr8/avr8-gnu-toolchain/bin/../lib/gcc/avr/5.4.0/avr5\libgcc.a(_divmodhi4.o)
                0x00002e70                _div
                0x00002e70                __divmodhi4
 .text.libgcc.div
                0x00002e98       0x44 c:/program files (x86)/atmel/studio/7.0/toolchain/avr8/avr8-gnu-toolchain/bin/../lib/gcc/avr/5.4.0/avr5\libgcc.a(_udivmodsi4.o)
                0x00002e98                __udivmodsi4
 .text.libgcc.div
                0x00002edc       0x2e c:/program files (x86)/atmel/studio/7.0/toolchain/avr8/avr8-gnu-toolchain/bin/../lib/gcc/avr/5.4.0/avr5\libgcc.a(_divmodsi4.o)
                0x00002edc                __divmodsi4
 .text.libgcc.div
                0x00002f0a       0x10 c:/program files (x86)/atmel/studio/7.0/toolchain/avr8/avr8-gnu-toolchain/bin/../lib/gcc/avr/5.4.0/avr5\libgcc.a(_negsi2.o)
                0x00002f0a                __negsi2
 .text.libgcc   0x00002f1a        0xc c:/program files (x86)/atmel/studio/7.0/toolchain/avr8/avr8-gnu-toolchain/bin/../lib/gcc/avr/5.4.0/avr5\libgcc.a(_tablejump2.o)
                0x00002f1a                __tablejump2__
 .text.libgcc.mul
                0x00002f26       0x16 c:/program files (x86)/atmel/studio/7.0/toolchain/avr8/avr8-gnu-toolchain/bin/../lib/gcc/avr/5.4.0/avr5\libgcc.a(_muluhisi3.o)
                0x00002f26                __muluhisi3
 .text.libgcc.div
                0x00002f3c       0x28 c:/program files (x86)/atmel/studio/7.0/toolchain/avr8/avr8-gnu-toolchain/bin/../lib/gcc/avr/5.4.0/avr5\libgcc.a(_udivmodhi4.o)
                0x00002f3c                __udivmodhi4
 .text.libgcc.mul
                0x00002f64       0x1e c:/program files (x86)/atmel/studio/7.0/toolchain/avr8/avr8-gnu-toolchain/bin/../lib/gcc/avr/5.4.0/avr5\libgcc.a(_umulhisi3.o)
                0x00002f64                __umulhisi3
 .text.avr-libc
                0x00002f82      0x242 c:/program files (x86)/atmel/studio/7.0/toolchain/avr8/avr8-gnu-toolchain/bin/../lib/gcc/avr/5.4.0/../../../../avr/lib/avr5\libc.a(malloc.o)
                0x00002f82                malloc
                0x000030b2                free
 .text.avr-libc
                0x000031c4       0x12 c:/program files (x86)/atmel/studio/7.0/toolchain/avr8/avr8-gnu-toolchain/bin/../lib/gcc/avr/5.4.0/../../../../avr/lib/avr5\libc.a(memcpy.o)
                0x000031c4                memcpy
 .text.avr-libc
                0x000031d6        0xe c:/program files (x86)/atmel/studio/7.0/toolchain/avr8/avr8-gnu-toolchain/bin/../lib/gcc/avr/5.4.0/../../../../avr/lib/avr5\libc.a(memset.o)
                0x000031d6                memset
                0x000031e4                . = ALIGN (0x2)
 *(.fini9)
 .fini9         0x000031e4        0x0 c:/program files (x86)/atmel/studio/7.0/toolchain/avr8/avr8-gnu-toolchain/bin/../lib/gcc/avr/5.4.0/avr5\libgcc.a(_exit.o)
                0x000031e4                _exit
                0x000031e4                exit
 *(.fini9)
 *(.fini8)
 *(.fini8)
 *(.fini7)
 *(.fini7)
 *(.fini6)
 .fini6         0x000031e4       0x16 c:/program files (x86)/atmel/studio/7.0/toolchain/avr8/avr8-gnu-toolchain/bin/../lib/gcc/avr/5.4.0/avr5\libgcc.a(_dtors.o)
                0x000031e4                __do_global_dtors
 *(.fini6)
 *(.fini5)
 *(.fini5)
 *(.fini4)
 *(.fini4)
 *(.fini3)
 *(.fini3)
 *(.fini2)
 *(.fini2)
 *(.fini1)
 *(.fini1)
 *(.fini0)
 .fini0         0x000031fa        0x4 c:/program files (x86)/atmel/studio/7.0/toolchain/avr8/avr8-gnu-toolchain/bin/../lib/gcc/avr/5.4.0/avr5\libgcc.a(_exit.o)
 *(.fini0)
                0x000031fe                _etext = .

.data           0x00800100       0x54 load address 0x000031fe
                0x00800100                PROVIDE (__data_start, .)
 *(.data)
 .data          0x00800100        0x6 c:/program files (x86)/atmel/studio/7.0/toolchain/avr8/avr8-gnu-toolchain/bin/../lib/gcc/avr/5.4.0/../../../../avr/lib/avr5\libc.a(malloc.o)
                0x00800100                __malloc_heap_end
                0x00800102                __malloc_heap_start
                0x00800104                __malloc_margin
 *(.data*)
 .data.intFunc  0x00800106        0x4 D:\Users\Celine\ONEDRI~1.EDU\DOCUME~1\Schule\UNIVER~1\EECS47~1\Project\LIL_FI~1\LILFIS~1\LILFIS~1\ARDUIN~1\Debug\libArduinoCore.a(WInterrupts.o)
 *(.gnu.linkonce.d*)
 *(.rodata)
 *(.rodata*)
 .rodata.str1.1
                0x0080010a       0x27 main.o
 .rodata._ZTV14HardwareSerial
                0x00800131       0x12 D:\Users\Celine\ONEDRI~1.EDU\DOCUME~1\Schule\UNIVER~1\EECS47~1\Project\LIL_FI~1\LILFIS~1\LILFIS~1\ARDUIN~1\Debug\libArduinoCore.a(HardwareSerial.o)
                0x00800131                _ZTV14HardwareSerial
 .rodata.str1.1
                0x00800143        0x5 D:\Users\Celine\ONEDRI~1.EDU\DOCUME~1\Schule\UNIVER~1\EECS47~1\Project\LIL_FI~1\LILFIS~1\LILFIS~1\ARDUIN~1\Debug\libArduinoCore.a(tasks.o)
 .rodata.str1.1
                0x00800148        0x8 D:\Users\Celine\ONEDRI~1.EDU\DOCUME~1\Schule\UNIVER~1\EECS47~1\Project\LIL_FI~1\LILFIS~1\LILFIS~1\ARDUIN~1\Debug\libArduinoCore.a(timers.o)
 .rodata._ZZN9MD_TCS2307readFSMEhE3seq
                0x00800150        0x3 D:\Users\Celine\ONEDRI~1.EDU\DOCUME~1\Schule\UNIVER~1\EECS47~1\Project\LIL_FI~1\LILFIS~1\LILFIS~1\ARDUIN~1\Debug\libArduinoCore.a(MD_TCS230.o)
 *(.gnu.linkonce.r*)
                0x00800154                . = ALIGN (0x2)
 *fill*         0x00800153        0x1 
                0x00800154                _edata = .
                0x00800154                PROVIDE (__data_end, .)

.bss            0x00800154      0x20c
                0x00800154                PROVIDE (__bss_start, .)
 *(.bss)
 *(.bss*)
 .bss.xTemperature
                0x00800154        0x2 main.o
                0x00800154                xTemperature
 .bss.xPH       0x00800156        0x2 main.o
                0x00800156                xPH
 .bss.xNitrate  0x00800158        0x2 main.o
                0x00800158                xNitrate
 .bss.xNitrite  0x0080015a        0x2 main.o
                0x0080015a                xNitrite
 .bss.xAmmonia  0x0080015c        0x2 main.o
                0x0080015c                xAmmonia
 .bss.xSerialSemaphoreColorSensor
                0x0080015e        0x2 main.o
                0x0080015e                xSerialSemaphoreColorSensor
 .bss.CS        0x00800160       0x2f main.o
                0x00800160                CS
 .bss.c         0x0080018f        0x7 main.o
                0x0080018f                c
 .bss.rgb       0x00800196        0x3 main.o
                0x00800196                rgb
 .bss.Nitrate   0x00800199       0x31 main.o
                0x00800199                Nitrate
 .bss.Nitrite   0x008001ca       0x31 main.o
                0x008001ca                Nitrite
 .bss.Ammonia   0x008001fb       0x23 main.o
                0x008001fb                Ammonia
 .bss.typeToRead
                0x0080021e        0x1 main.o
                0x0080021e                typeToRead
 .bss.Serial    0x0080021f       0x9d D:\Users\Celine\ONEDRI~1.EDU\DOCUME~1\Schule\UNIVER~1\EECS47~1\Project\LIL_FI~1\LILFIS~1\LILFIS~1\ARDUIN~1\Debug\libArduinoCore.a(HardwareSerial0.o)
                0x0080021f                Serial
 .bss.timer0_fract
                0x008002bc        0x1 D:\Users\Celine\ONEDRI~1.EDU\DOCUME~1\Schule\UNIVER~1\EECS47~1\Project\LIL_FI~1\LILFIS~1\LILFIS~1\ARDUIN~1\Debug\libArduinoCore.a(wiring.o)
 .bss.timer0_millis
                0x008002bd        0x4 D:\Users\Celine\ONEDRI~1.EDU\DOCUME~1\Schule\UNIVER~1\EECS47~1\Project\LIL_FI~1\LILFIS~1\LILFIS~1\ARDUIN~1\Debug\libArduinoCore.a(wiring.o)
                0x008002bd                timer0_millis
 .bss.timer0_overflow_count
                0x008002c1        0x4 D:\Users\Celine\ONEDRI~1.EDU\DOCUME~1\Schule\UNIVER~1\EECS47~1\Project\LIL_FI~1\LILFIS~1\LILFIS~1\ARDUIN~1\Debug\libArduinoCore.a(wiring.o)
                0x008002c1                timer0_overflow_count
 .bss.uxSchedulerSuspended
                0x008002c5        0x1 D:\Users\Celine\ONEDRI~1.EDU\DOCUME~1\Schule\UNIVER~1\EECS47~1\Project\LIL_FI~1\LILFIS~1\LILFIS~1\ARDUIN~1\Debug\libArduinoCore.a(tasks.o)
 .bss.xIdleTaskHandle
                0x008002c6        0x2 D:\Users\Celine\ONEDRI~1.EDU\DOCUME~1\Schule\UNIVER~1\EECS47~1\Project\LIL_FI~1\LILFIS~1\LILFIS~1\ARDUIN~1\Debug\libArduinoCore.a(tasks.o)
 .bss.xNextTaskUnblockTime
                0x008002c8        0x2 D:\Users\Celine\ONEDRI~1.EDU\DOCUME~1\Schule\UNIVER~1\EECS47~1\Project\LIL_FI~1\LILFIS~1\LILFIS~1\ARDUIN~1\Debug\libArduinoCore.a(tasks.o)
 .bss.uxTaskNumber
                0x008002ca        0x1 D:\Users\Celine\ONEDRI~1.EDU\DOCUME~1\Schule\UNIVER~1\EECS47~1\Project\LIL_FI~1\LILFIS~1\LILFIS~1\ARDUIN~1\Debug\libArduinoCore.a(tasks.o)
 .bss.xNumOfOverflows
                0x008002cb        0x1 D:\Users\Celine\ONEDRI~1.EDU\DOCUME~1\Schule\UNIVER~1\EECS47~1\Project\LIL_FI~1\LILFIS~1\LILFIS~1\ARDUIN~1\Debug\libArduinoCore.a(tasks.o)
 .bss.xYieldPending
                0x008002cc        0x1 D:\Users\Celine\ONEDRI~1.EDU\DOCUME~1\Schule\UNIVER~1\EECS47~1\Project\LIL_FI~1\LILFIS~1\LILFIS~1\ARDUIN~1\Debug\libArduinoCore.a(tasks.o)
 .bss.uxPendedTicks
                0x008002cd        0x1 D:\Users\Celine\ONEDRI~1.EDU\DOCUME~1\Schule\UNIVER~1\EECS47~1\Project\LIL_FI~1\LILFIS~1\LILFIS~1\ARDUIN~1\Debug\libArduinoCore.a(tasks.o)
 .bss.xSchedulerRunning
                0x008002ce        0x1 D:\Users\Celine\ONEDRI~1.EDU\DOCUME~1\Schule\UNIVER~1\EECS47~1\Project\LIL_FI~1\LILFIS~1\LILFIS~1\ARDUIN~1\Debug\libArduinoCore.a(tasks.o)
 .bss.uxTopReadyPriority
                0x008002cf        0x1 D:\Users\Celine\ONEDRI~1.EDU\DOCUME~1\Schule\UNIVER~1\EECS47~1\Project\LIL_FI~1\LILFIS~1\LILFIS~1\ARDUIN~1\Debug\libArduinoCore.a(tasks.o)
 .bss.xTickCount
                0x008002d0        0x2 D:\Users\Celine\ONEDRI~1.EDU\DOCUME~1\Schule\UNIVER~1\EECS47~1\Project\LIL_FI~1\LILFIS~1\LILFIS~1\ARDUIN~1\Debug\libArduinoCore.a(tasks.o)
 .bss.uxCurrentNumberOfTasks
                0x008002d2        0x1 D:\Users\Celine\ONEDRI~1.EDU\DOCUME~1\Schule\UNIVER~1\EECS47~1\Project\LIL_FI~1\LILFIS~1\LILFIS~1\ARDUIN~1\Debug\libArduinoCore.a(tasks.o)
 .bss.xSuspendedTaskList
                0x008002d3        0x9 D:\Users\Celine\ONEDRI~1.EDU\DOCUME~1\Schule\UNIVER~1\EECS47~1\Project\LIL_FI~1\LILFIS~1\LILFIS~1\ARDUIN~1\Debug\libArduinoCore.a(tasks.o)
 .bss.uxDeletedTasksWaitingCleanUp
                0x008002dc        0x1 D:\Users\Celine\ONEDRI~1.EDU\DOCUME~1\Schule\UNIVER~1\EECS47~1\Project\LIL_FI~1\LILFIS~1\LILFIS~1\ARDUIN~1\Debug\libArduinoCore.a(tasks.o)
 .bss.xTasksWaitingTermination
                0x008002dd        0x9 D:\Users\Celine\ONEDRI~1.EDU\DOCUME~1\Schule\UNIVER~1\EECS47~1\Project\LIL_FI~1\LILFIS~1\LILFIS~1\ARDUIN~1\Debug\libArduinoCore.a(tasks.o)
 .bss.xPendingReadyList
                0x008002e6        0x9 D:\Users\Celine\ONEDRI~1.EDU\DOCUME~1\Schule\UNIVER~1\EECS47~1\Project\LIL_FI~1\LILFIS~1\LILFIS~1\ARDUIN~1\Debug\libArduinoCore.a(tasks.o)
 .bss.pxOverflowDelayedTaskList
                0x008002ef        0x2 D:\Users\Celine\ONEDRI~1.EDU\DOCUME~1\Schule\UNIVER~1\EECS47~1\Project\LIL_FI~1\LILFIS~1\LILFIS~1\ARDUIN~1\Debug\libArduinoCore.a(tasks.o)
 .bss.pxDelayedTaskList
                0x008002f1        0x2 D:\Users\Celine\ONEDRI~1.EDU\DOCUME~1\Schule\UNIVER~1\EECS47~1\Project\LIL_FI~1\LILFIS~1\LILFIS~1\ARDUIN~1\Debug\libArduinoCore.a(tasks.o)
 .bss.xDelayedTaskList2
                0x008002f3        0x9 D:\Users\Celine\ONEDRI~1.EDU\DOCUME~1\Schule\UNIVER~1\EECS47~1\Project\LIL_FI~1\LILFIS~1\LILFIS~1\ARDUIN~1\Debug\libArduinoCore.a(tasks.o)
 .bss.xDelayedTaskList1
                0x008002fc        0x9 D:\Users\Celine\ONEDRI~1.EDU\DOCUME~1\Schule\UNIVER~1\EECS47~1\Project\LIL_FI~1\LILFIS~1\LILFIS~1\ARDUIN~1\Debug\libArduinoCore.a(tasks.o)
 .bss.pxReadyTasksLists
                0x00800305       0x24 D:\Users\Celine\ONEDRI~1.EDU\DOCUME~1\Schule\UNIVER~1\EECS47~1\Project\LIL_FI~1\LILFIS~1\LILFIS~1\ARDUIN~1\Debug\libArduinoCore.a(tasks.o)
 .bss.pxCurrentTCB
                0x00800329        0x2 D:\Users\Celine\ONEDRI~1.EDU\DOCUME~1\Schule\UNIVER~1\EECS47~1\Project\LIL_FI~1\LILFIS~1\LILFIS~1\ARDUIN~1\Debug\libArduinoCore.a(tasks.o)
                0x00800329                pxCurrentTCB
 .bss.xLastTime.2412
                0x0080032b        0x2 D:\Users\Celine\ONEDRI~1.EDU\DOCUME~1\Schule\UNIVER~1\EECS47~1\Project\LIL_FI~1\LILFIS~1\LILFIS~1\ARDUIN~1\Debug\libArduinoCore.a(timers.o)
 .bss.xTimerTaskHandle
                0x0080032d        0x2 D:\Users\Celine\ONEDRI~1.EDU\DOCUME~1\Schule\UNIVER~1\EECS47~1\Project\LIL_FI~1\LILFIS~1\LILFIS~1\ARDUIN~1\Debug\libArduinoCore.a(timers.o)
 .bss.xTimerQueue
                0x0080032f        0x2 D:\Users\Celine\ONEDRI~1.EDU\DOCUME~1\Schule\UNIVER~1\EECS47~1\Project\LIL_FI~1\LILFIS~1\LILFIS~1\ARDUIN~1\Debug\libArduinoCore.a(timers.o)
 .bss.pxOverflowTimerList
                0x00800331        0x2 D:\Users\Celine\ONEDRI~1.EDU\DOCUME~1\Schule\UNIVER~1\EECS47~1\Project\LIL_FI~1\LILFIS~1\LILFIS~1\ARDUIN~1\Debug\libArduinoCore.a(timers.o)
 .bss.pxCurrentTimerList
                0x00800333        0x2 D:\Users\Celine\ONEDRI~1.EDU\DOCUME~1\Schule\UNIVER~1\EECS47~1\Project\LIL_FI~1\LILFIS~1\LILFIS~1\ARDUIN~1\Debug\libArduinoCore.a(timers.o)
 .bss.xActiveTimerList2
                0x00800335        0x9 D:\Users\Celine\ONEDRI~1.EDU\DOCUME~1\Schule\UNIVER~1\EECS47~1\Project\LIL_FI~1\LILFIS~1\LILFIS~1\ARDUIN~1\Debug\libArduinoCore.a(timers.o)
 .bss.xActiveTimerList1
                0x0080033e        0x9 D:\Users\Celine\ONEDRI~1.EDU\DOCUME~1\Schule\UNIVER~1\EECS47~1\Project\LIL_FI~1\LILFIS~1\LILFIS~1\ARDUIN~1\Debug\libArduinoCore.a(timers.o)
 .bss._ZZN9MD_TCS2307readFSMEhE7currCol
                0x00800347        0x1 D:\Users\Celine\ONEDRI~1.EDU\DOCUME~1\Schule\UNIVER~1\EECS47~1\Project\LIL_FI~1\LILFIS~1\LILFIS~1\ARDUIN~1\Debug\libArduinoCore.a(MD_TCS230.o)
 .bss._ZL10gate_index
                0x00800348        0x2 D:\Users\Celine\ONEDRI~1.EDU\DOCUME~1\Schule\UNIVER~1\EECS47~1\Project\LIL_FI~1\LILFIS~1\LILFIS~1\ARDUIN~1\Debug\libArduinoCore.a(FreqCount.o)
 .bss._ZL11gate_length
                0x0080034a        0x2 D:\Users\Celine\ONEDRI~1.EDU\DOCUME~1\Schule\UNIVER~1\EECS47~1\Project\LIL_FI~1\LILFIS~1\LILFIS~1\ARDUIN~1\Debug\libArduinoCore.a(FreqCount.o)
 .bss._ZL11count_ready
                0x0080034c        0x1 D:\Users\Celine\ONEDRI~1.EDU\DOCUME~1\Schule\UNIVER~1\EECS47~1\Project\LIL_FI~1\LILFIS~1\LILFIS~1\ARDUIN~1\Debug\libArduinoCore.a(FreqCount.o)
 .bss._ZL12count_output
                0x0080034d        0x4 D:\Users\Celine\ONEDRI~1.EDU\DOCUME~1\Schule\UNIVER~1\EECS47~1\Project\LIL_FI~1\LILFIS~1\LILFIS~1\ARDUIN~1\Debug\libArduinoCore.a(FreqCount.o)
 .bss._ZL10count_prev
                0x00800351        0x4 D:\Users\Celine\ONEDRI~1.EDU\DOCUME~1\Schule\UNIVER~1\EECS47~1\Project\LIL_FI~1\LILFIS~1\LILFIS~1\ARDUIN~1\Debug\libArduinoCore.a(FreqCount.o)
 .bss._ZL9count_msw
                0x00800355        0x2 D:\Users\Celine\ONEDRI~1.EDU\DOCUME~1\Schule\UNIVER~1\EECS47~1\Project\LIL_FI~1\LILFIS~1\LILFIS~1\ARDUIN~1\Debug\libArduinoCore.a(FreqCount.o)
 .bss._ZL11startTCCR2B
                0x00800357        0x1 D:\Users\Celine\ONEDRI~1.EDU\DOCUME~1\Schule\UNIVER~1\EECS47~1\Project\LIL_FI~1\LILFIS~1\LILFIS~1\ARDUIN~1\Debug\libArduinoCore.a(FreqCount.o)
 .bss._ZL10saveTCCR2B
                0x00800358        0x1 D:\Users\Celine\ONEDRI~1.EDU\DOCUME~1\Schule\UNIVER~1\EECS47~1\Project\LIL_FI~1\LILFIS~1\LILFIS~1\ARDUIN~1\Debug\libArduinoCore.a(FreqCount.o)
 .bss._ZL10saveTCCR2A
                0x00800359        0x1 D:\Users\Celine\ONEDRI~1.EDU\DOCUME~1\Schule\UNIVER~1\EECS47~1\Project\LIL_FI~1\LILFIS~1\LILFIS~1\ARDUIN~1\Debug\libArduinoCore.a(FreqCount.o)
 .bss._ZL10saveTCCR1B
                0x0080035a        0x1 D:\Users\Celine\ONEDRI~1.EDU\DOCUME~1\Schule\UNIVER~1\EECS47~1\Project\LIL_FI~1\LILFIS~1\LILFIS~1\ARDUIN~1\Debug\libArduinoCore.a(FreqCount.o)
 .bss._ZL10saveTCCR1A
                0x0080035b        0x1 D:\Users\Celine\ONEDRI~1.EDU\DOCUME~1\Schule\UNIVER~1\EECS47~1\Project\LIL_FI~1\LILFIS~1\LILFIS~1\ARDUIN~1\Debug\libArduinoCore.a(FreqCount.o)
 *(COMMON)
 COMMON         0x0080035c        0x4 c:/program files (x86)/atmel/studio/7.0/toolchain/avr8/avr8-gnu-toolchain/bin/../lib/gcc/avr/5.4.0/../../../../avr/lib/avr5\libc.a(malloc.o)
                0x0080035c                __brkval
                0x0080035e                __flp
                0x00800360                PROVIDE (__bss_end, .)
                0x000031fe                __data_load_start = LOADADDR (.data)
                0x00003252                __data_load_end = (__data_load_start + SIZEOF (.data))

.noinit         0x00800360        0x0
                [!provide]                PROVIDE (__noinit_start, .)
 *(.noinit*)
                [!provide]                PROVIDE (__noinit_end, .)
                0x00800360                _end = .
                0x00800360                PROVIDE (__heap_start, .)

.eeprom         0x00810000        0x0
 *(.eeprom*)
                0x00810000                __eeprom_end = .

.fuse
 *(.fuse)
 *(.lfuse)
 *(.hfuse)
 *(.efuse)

.lock
 *(.lock*)

.signature
 *(.signature*)

.user_signatures
 *(.user_signatures*)

.stab
 *(.stab)

.stabstr
 *(.stabstr)

.stab.excl
 *(.stab.excl)

.stab.exclstr
 *(.stab.exclstr)

.stab.index
 *(.stab.index)

.stab.indexstr
 *(.stab.indexstr)

.comment        0x00000000       0x30
 *(.comment)
 .comment       0x00000000       0x30 main.o
                                 0x31 (size before relaxing)
 .comment       0x00000030       0x31 D:\Users\Celine\ONEDRI~1.EDU\DOCUME~1\Schule\UNIVER~1\EECS47~1\Project\LIL_FI~1\LILFIS~1\LILFIS~1\ARDUIN~1\Debug\libArduinoCore.a(HardwareSerial.o)
 .comment       0x00000030       0x31 D:\Users\Celine\ONEDRI~1.EDU\DOCUME~1\Schule\UNIVER~1\EECS47~1\Project\LIL_FI~1\LILFIS~1\LILFIS~1\ARDUIN~1\Debug\libArduinoCore.a(HardwareSerial0.o)
 .comment       0x00000030       0x31 D:\Users\Celine\ONEDRI~1.EDU\DOCUME~1\Schule\UNIVER~1\EECS47~1\Project\LIL_FI~1\LILFIS~1\LILFIS~1\ARDUIN~1\Debug\libArduinoCore.a(main.o)
 .comment       0x00000030       0x31 D:\Users\Celine\ONEDRI~1.EDU\DOCUME~1\Schule\UNIVER~1\EECS47~1\Project\LIL_FI~1\LILFIS~1\LILFIS~1\ARDUIN~1\Debug\libArduinoCore.a(Print.o)
 .comment       0x00000030       0x31 D:\Users\Celine\ONEDRI~1.EDU\DOCUME~1\Schule\UNIVER~1\EECS47~1\Project\LIL_FI~1\LILFIS~1\LILFIS~1\ARDUIN~1\Debug\libArduinoCore.a(WInterrupts.o)
 .comment       0x00000030       0x31 D:\Users\Celine\ONEDRI~1.EDU\DOCUME~1\Schule\UNIVER~1\EECS47~1\Project\LIL_FI~1\LILFIS~1\LILFIS~1\ARDUIN~1\Debug\libArduinoCore.a(wiring.o)
 .comment       0x00000030       0x31 D:\Users\Celine\ONEDRI~1.EDU\DOCUME~1\Schule\UNIVER~1\EECS47~1\Project\LIL_FI~1\LILFIS~1\LILFIS~1\ARDUIN~1\Debug\libArduinoCore.a(wiring_digital.o)
 .comment       0x00000030       0x31 D:\Users\Celine\ONEDRI~1.EDU\DOCUME~1\Schule\UNIVER~1\EECS47~1\Project\LIL_FI~1\LILFIS~1\LILFIS~1\ARDUIN~1\Debug\libArduinoCore.a(queue.o)
 .comment       0x00000030       0x31 D:\Users\Celine\ONEDRI~1.EDU\DOCUME~1\Schule\UNIVER~1\EECS47~1\Project\LIL_FI~1\LILFIS~1\LILFIS~1\ARDUIN~1\Debug\libArduinoCore.a(tasks.o)
 .comment       0x00000030       0x31 D:\Users\Celine\ONEDRI~1.EDU\DOCUME~1\Schule\UNIVER~1\EECS47~1\Project\LIL_FI~1\LILFIS~1\LILFIS~1\ARDUIN~1\Debug\libArduinoCore.a(timers.o)
 .comment       0x00000030       0x31 D:\Users\Celine\ONEDRI~1.EDU\DOCUME~1\Schule\UNIVER~1\EECS47~1\Project\LIL_FI~1\LILFIS~1\LILFIS~1\ARDUIN~1\Debug\libArduinoCore.a(variantHooks.o)
 .comment       0x00000030       0x31 D:\Users\Celine\ONEDRI~1.EDU\DOCUME~1\Schule\UNIVER~1\EECS47~1\Project\LIL_FI~1\LILFIS~1\LILFIS~1\ARDUIN~1\Debug\libArduinoCore.a(MD_TCS230.o)
 .comment       0x00000030       0x31 D:\Users\Celine\ONEDRI~1.EDU\DOCUME~1\Schule\UNIVER~1\EECS47~1\Project\LIL_FI~1\LILFIS~1\LILFIS~1\ARDUIN~1\Debug\libArduinoCore.a(heap_3.o)
 .comment       0x00000030       0x31 D:\Users\Celine\ONEDRI~1.EDU\DOCUME~1\Schule\UNIVER~1\EECS47~1\Project\LIL_FI~1\LILFIS~1\LILFIS~1\ARDUIN~1\Debug\libArduinoCore.a(list.o)
 .comment       0x00000030       0x31 D:\Users\Celine\ONEDRI~1.EDU\DOCUME~1\Schule\UNIVER~1\EECS47~1\Project\LIL_FI~1\LILFIS~1\LILFIS~1\ARDUIN~1\Debug\libArduinoCore.a(port.o)
 .comment       0x00000030       0x31 D:\Users\Celine\ONEDRI~1.EDU\DOCUME~1\Schule\UNIVER~1\EECS47~1\Project\LIL_FI~1\LILFIS~1\LILFIS~1\ARDUIN~1\Debug\libArduinoCore.a(FreqCount.o)
 .comment       0x00000030       0x31 c:/program files (x86)/atmel/studio/7.0/toolchain/avr8/avr8-gnu-toolchain/bin/../lib/gcc/avr/5.4.0/../../../../avr/lib/avr5\libc.a(malloc.o)

.note.gnu.avr.deviceinfo
                0x00000000       0x40
 .note.gnu.avr.deviceinfo
                0x00000000       0x40 C:/Program Files (x86)/Atmel/Studio/7.0/Packs/atmel/ATmega_DFP/1.3.300/gcc/dev/atmega328p/avr5/crtatmega328p.o

.note.gnu.build-id
 *(.note.gnu.build-id)

.debug
 *(.debug)

.line
 *(.line)

.debug_srcinfo
 *(.debug_srcinfo)

.debug_sfnames
 *(.debug_sfnames)

.debug_aranges  0x00000000      0x800
 *(.debug_aranges)
 .debug_aranges
                0x00000000       0x80 main.o
 .debug_aranges
                0x00000080       0x68 D:\Users\Celine\ONEDRI~1.EDU\DOCUME~1\Schule\UNIVER~1\EECS47~1\Project\LIL_FI~1\LILFIS~1\LILFIS~1\ARDUIN~1\Debug\libArduinoCore.a(HardwareSerial.o)
 .debug_aranges
                0x000000e8       0x48 D:\Users\Celine\ONEDRI~1.EDU\DOCUME~1\Schule\UNIVER~1\EECS47~1\Project\LIL_FI~1\LILFIS~1\LILFIS~1\ARDUIN~1\Debug\libArduinoCore.a(HardwareSerial0.o)
 .debug_aranges
                0x00000130       0x30 D:\Users\Celine\ONEDRI~1.EDU\DOCUME~1\Schule\UNIVER~1\EECS47~1\Project\LIL_FI~1\LILFIS~1\LILFIS~1\ARDUIN~1\Debug\libArduinoCore.a(main.o)
 .debug_aranges
                0x00000160      0x100 D:\Users\Celine\ONEDRI~1.EDU\DOCUME~1\Schule\UNIVER~1\EECS47~1\Project\LIL_FI~1\LILFIS~1\LILFIS~1\ARDUIN~1\Debug\libArduinoCore.a(Print.o)
 .debug_aranges
                0x00000260       0x40 D:\Users\Celine\ONEDRI~1.EDU\DOCUME~1\Schule\UNIVER~1\EECS47~1\Project\LIL_FI~1\LILFIS~1\LILFIS~1\ARDUIN~1\Debug\libArduinoCore.a(WInterrupts.o)
 .debug_aranges
                0x000002a0       0x48 D:\Users\Celine\ONEDRI~1.EDU\DOCUME~1\Schule\UNIVER~1\EECS47~1\Project\LIL_FI~1\LILFIS~1\LILFIS~1\ARDUIN~1\Debug\libArduinoCore.a(wiring.o)
 .debug_aranges
                0x000002e8       0x38 D:\Users\Celine\ONEDRI~1.EDU\DOCUME~1\Schule\UNIVER~1\EECS47~1\Project\LIL_FI~1\LILFIS~1\LILFIS~1\ARDUIN~1\Debug\libArduinoCore.a(wiring_digital.o)
 .debug_aranges
                0x00000320       0xe0 D:\Users\Celine\ONEDRI~1.EDU\DOCUME~1\Schule\UNIVER~1\EECS47~1\Project\LIL_FI~1\LILFIS~1\LILFIS~1\ARDUIN~1\Debug\libArduinoCore.a(queue.o)
 .debug_aranges
                0x00000400      0x188 D:\Users\Celine\ONEDRI~1.EDU\DOCUME~1\Schule\UNIVER~1\EECS47~1\Project\LIL_FI~1\LILFIS~1\LILFIS~1\ARDUIN~1\Debug\libArduinoCore.a(tasks.o)
 .debug_aranges
                0x00000588       0x90 D:\Users\Celine\ONEDRI~1.EDU\DOCUME~1\Schule\UNIVER~1\EECS47~1\Project\LIL_FI~1\LILFIS~1\LILFIS~1\ARDUIN~1\Debug\libArduinoCore.a(timers.o)
 .debug_aranges
                0x00000618       0x38 D:\Users\Celine\ONEDRI~1.EDU\DOCUME~1\Schule\UNIVER~1\EECS47~1\Project\LIL_FI~1\LILFIS~1\LILFIS~1\ARDUIN~1\Debug\libArduinoCore.a(variantHooks.o)
 .debug_aranges
                0x00000650       0xc0 D:\Users\Celine\ONEDRI~1.EDU\DOCUME~1\Schule\UNIVER~1\EECS47~1\Project\LIL_FI~1\LILFIS~1\LILFIS~1\ARDUIN~1\Debug\libArduinoCore.a(MD_TCS230.o)
 .debug_aranges
                0x00000710       0x28 D:\Users\Celine\ONEDRI~1.EDU\DOCUME~1\Schule\UNIVER~1\EECS47~1\Project\LIL_FI~1\LILFIS~1\LILFIS~1\ARDUIN~1\Debug\libArduinoCore.a(heap_3.o)
 .debug_aranges
                0x00000738       0x40 D:\Users\Celine\ONEDRI~1.EDU\DOCUME~1\Schule\UNIVER~1\EECS47~1\Project\LIL_FI~1\LILFIS~1\LILFIS~1\ARDUIN~1\Debug\libArduinoCore.a(list.o)
 .debug_aranges
                0x00000778       0x48 D:\Users\Celine\ONEDRI~1.EDU\DOCUME~1\Schule\UNIVER~1\EECS47~1\Project\LIL_FI~1\LILFIS~1\LILFIS~1\ARDUIN~1\Debug\libArduinoCore.a(port.o)
 .debug_aranges
                0x000007c0       0x40 D:\Users\Celine\ONEDRI~1.EDU\DOCUME~1\Schule\UNIVER~1\EECS47~1\Project\LIL_FI~1\LILFIS~1\LILFIS~1\ARDUIN~1\Debug\libArduinoCore.a(FreqCount.o)

.debug_pubnames
 *(.debug_pubnames)

.debug_info     0x00000000     0xf1f7
 *(.debug_info .gnu.linkonce.wi.*)
 .debug_info    0x00000000      0x5f4 C:/Program Files (x86)/Atmel/Studio/7.0/Packs/atmel/ATmega_DFP/1.3.300/gcc/dev/atmega328p/avr5/crtatmega328p.o
 .debug_info    0x000005f4     0x1275 main.o
 .debug_info    0x00001869     0x1f64 D:\Users\Celine\ONEDRI~1.EDU\DOCUME~1\Schule\UNIVER~1\EECS47~1\Project\LIL_FI~1\LILFIS~1\LILFIS~1\ARDUIN~1\Debug\libArduinoCore.a(HardwareSerial.o)
 .debug_info    0x000037cd     0x1b16 D:\Users\Celine\ONEDRI~1.EDU\DOCUME~1\Schule\UNIVER~1\EECS47~1\Project\LIL_FI~1\LILFIS~1\LILFIS~1\ARDUIN~1\Debug\libArduinoCore.a(HardwareSerial0.o)
 .debug_info    0x000052e3      0x237 D:\Users\Celine\ONEDRI~1.EDU\DOCUME~1\Schule\UNIVER~1\EECS47~1\Project\LIL_FI~1\LILFIS~1\LILFIS~1\ARDUIN~1\Debug\libArduinoCore.a(main.o)
 .debug_info    0x0000551a     0x28ff D:\Users\Celine\ONEDRI~1.EDU\DOCUME~1\Schule\UNIVER~1\EECS47~1\Project\LIL_FI~1\LILFIS~1\LILFIS~1\ARDUIN~1\Debug\libArduinoCore.a(Print.o)
 .debug_info    0x00007e19      0x21c D:\Users\Celine\ONEDRI~1.EDU\DOCUME~1\Schule\UNIVER~1\EECS47~1\Project\LIL_FI~1\LILFIS~1\LILFIS~1\ARDUIN~1\Debug\libArduinoCore.a(WInterrupts.o)
 .debug_info    0x00008035      0x2cb D:\Users\Celine\ONEDRI~1.EDU\DOCUME~1\Schule\UNIVER~1\EECS47~1\Project\LIL_FI~1\LILFIS~1\LILFIS~1\ARDUIN~1\Debug\libArduinoCore.a(wiring.o)
 .debug_info    0x00008300      0x5fe D:\Users\Celine\ONEDRI~1.EDU\DOCUME~1\Schule\UNIVER~1\EECS47~1\Project\LIL_FI~1\LILFIS~1\LILFIS~1\ARDUIN~1\Debug\libArduinoCore.a(wiring_digital.o)
 .debug_info    0x000088fe     0x1820 D:\Users\Celine\ONEDRI~1.EDU\DOCUME~1\Schule\UNIVER~1\EECS47~1\Project\LIL_FI~1\LILFIS~1\LILFIS~1\ARDUIN~1\Debug\libArduinoCore.a(queue.o)
 .debug_info    0x0000a11e     0x2102 D:\Users\Celine\ONEDRI~1.EDU\DOCUME~1\Schule\UNIVER~1\EECS47~1\Project\LIL_FI~1\LILFIS~1\LILFIS~1\ARDUIN~1\Debug\libArduinoCore.a(tasks.o)
 .debug_info    0x0000c220     0x1083 D:\Users\Celine\ONEDRI~1.EDU\DOCUME~1\Schule\UNIVER~1\EECS47~1\Project\LIL_FI~1\LILFIS~1\LILFIS~1\ARDUIN~1\Debug\libArduinoCore.a(timers.o)
 .debug_info    0x0000d2a3      0x330 D:\Users\Celine\ONEDRI~1.EDU\DOCUME~1\Schule\UNIVER~1\EECS47~1\Project\LIL_FI~1\LILFIS~1\LILFIS~1\ARDUIN~1\Debug\libArduinoCore.a(variantHooks.o)
 .debug_info    0x0000d5d3     0x1018 D:\Users\Celine\ONEDRI~1.EDU\DOCUME~1\Schule\UNIVER~1\EECS47~1\Project\LIL_FI~1\LILFIS~1\LILFIS~1\ARDUIN~1\Debug\libArduinoCore.a(MD_TCS230.o)
 .debug_info    0x0000e5eb      0x1a7 D:\Users\Celine\ONEDRI~1.EDU\DOCUME~1\Schule\UNIVER~1\EECS47~1\Project\LIL_FI~1\LILFIS~1\LILFIS~1\ARDUIN~1\Debug\libArduinoCore.a(heap_3.o)
 .debug_info    0x0000e792      0x2e0 D:\Users\Celine\ONEDRI~1.EDU\DOCUME~1\Schule\UNIVER~1\EECS47~1\Project\LIL_FI~1\LILFIS~1\LILFIS~1\ARDUIN~1\Debug\libArduinoCore.a(list.o)
 .debug_info    0x0000ea72      0x28b D:\Users\Celine\ONEDRI~1.EDU\DOCUME~1\Schule\UNIVER~1\EECS47~1\Project\LIL_FI~1\LILFIS~1\LILFIS~1\ARDUIN~1\Debug\libArduinoCore.a(port.o)
 .debug_info    0x0000ecfd      0x4fa D:\Users\Celine\ONEDRI~1.EDU\DOCUME~1\Schule\UNIVER~1\EECS47~1\Project\LIL_FI~1\LILFIS~1\LILFIS~1\ARDUIN~1\Debug\libArduinoCore.a(FreqCount.o)

.debug_abbrev   0x00000000     0x3021
 *(.debug_abbrev)
 .debug_abbrev  0x00000000      0x5a2 C:/Program Files (x86)/Atmel/Studio/7.0/Packs/atmel/ATmega_DFP/1.3.300/gcc/dev/atmega328p/avr5/crtatmega328p.o
 .debug_abbrev  0x000005a2      0x4e3 main.o
 .debug_abbrev  0x00000a85      0x4b7 D:\Users\Celine\ONEDRI~1.EDU\DOCUME~1\Schule\UNIVER~1\EECS47~1\Project\LIL_FI~1\LILFIS~1\LILFIS~1\ARDUIN~1\Debug\libArduinoCore.a(HardwareSerial.o)
 .debug_abbrev  0x00000f3c      0x3ce D:\Users\Celine\ONEDRI~1.EDU\DOCUME~1\Schule\UNIVER~1\EECS47~1\Project\LIL_FI~1\LILFIS~1\LILFIS~1\ARDUIN~1\Debug\libArduinoCore.a(HardwareSerial0.o)
 .debug_abbrev  0x0000130a      0x12d D:\Users\Celine\ONEDRI~1.EDU\DOCUME~1\Schule\UNIVER~1\EECS47~1\Project\LIL_FI~1\LILFIS~1\LILFIS~1\ARDUIN~1\Debug\libArduinoCore.a(main.o)
 .debug_abbrev  0x00001437      0x47a D:\Users\Celine\ONEDRI~1.EDU\DOCUME~1\Schule\UNIVER~1\EECS47~1\Project\LIL_FI~1\LILFIS~1\LILFIS~1\ARDUIN~1\Debug\libArduinoCore.a(Print.o)
 .debug_abbrev  0x000018b1       0xfc D:\Users\Celine\ONEDRI~1.EDU\DOCUME~1\Schule\UNIVER~1\EECS47~1\Project\LIL_FI~1\LILFIS~1\LILFIS~1\ARDUIN~1\Debug\libArduinoCore.a(WInterrupts.o)
 .debug_abbrev  0x000019ad      0x146 D:\Users\Celine\ONEDRI~1.EDU\DOCUME~1\Schule\UNIVER~1\EECS47~1\Project\LIL_FI~1\LILFIS~1\LILFIS~1\ARDUIN~1\Debug\libArduinoCore.a(wiring.o)
 .debug_abbrev  0x00001af3      0x15b D:\Users\Celine\ONEDRI~1.EDU\DOCUME~1\Schule\UNIVER~1\EECS47~1\Project\LIL_FI~1\LILFIS~1\LILFIS~1\ARDUIN~1\Debug\libArduinoCore.a(wiring_digital.o)
 .debug_abbrev  0x00001c4e      0x2d5 D:\Users\Celine\ONEDRI~1.EDU\DOCUME~1\Schule\UNIVER~1\EECS47~1\Project\LIL_FI~1\LILFIS~1\LILFIS~1\ARDUIN~1\Debug\libArduinoCore.a(queue.o)
 .debug_abbrev  0x00001f23      0x35e D:\Users\Celine\ONEDRI~1.EDU\DOCUME~1\Schule\UNIVER~1\EECS47~1\Project\LIL_FI~1\LILFIS~1\LILFIS~1\ARDUIN~1\Debug\libArduinoCore.a(tasks.o)
 .debug_abbrev  0x00002281      0x2f8 D:\Users\Celine\ONEDRI~1.EDU\DOCUME~1\Schule\UNIVER~1\EECS47~1\Project\LIL_FI~1\LILFIS~1\LILFIS~1\ARDUIN~1\Debug\libArduinoCore.a(timers.o)
 .debug_abbrev  0x00002579      0x18d D:\Users\Celine\ONEDRI~1.EDU\DOCUME~1\Schule\UNIVER~1\EECS47~1\Project\LIL_FI~1\LILFIS~1\LILFIS~1\ARDUIN~1\Debug\libArduinoCore.a(variantHooks.o)
 .debug_abbrev  0x00002706      0x39f D:\Users\Celine\ONEDRI~1.EDU\DOCUME~1\Schule\UNIVER~1\EECS47~1\Project\LIL_FI~1\LILFIS~1\LILFIS~1\ARDUIN~1\Debug\libArduinoCore.a(MD_TCS230.o)
 .debug_abbrev  0x00002aa5      0x115 D:\Users\Celine\ONEDRI~1.EDU\DOCUME~1\Schule\UNIVER~1\EECS47~1\Project\LIL_FI~1\LILFIS~1\LILFIS~1\ARDUIN~1\Debug\libArduinoCore.a(heap_3.o)
 .debug_abbrev  0x00002bba       0xff D:\Users\Celine\ONEDRI~1.EDU\DOCUME~1\Schule\UNIVER~1\EECS47~1\Project\LIL_FI~1\LILFIS~1\LILFIS~1\ARDUIN~1\Debug\libArduinoCore.a(list.o)
 .debug_abbrev  0x00002cb9      0x158 D:\Users\Celine\ONEDRI~1.EDU\DOCUME~1\Schule\UNIVER~1\EECS47~1\Project\LIL_FI~1\LILFIS~1\LILFIS~1\ARDUIN~1\Debug\libArduinoCore.a(port.o)
 .debug_abbrev  0x00002e11      0x210 D:\Users\Celine\ONEDRI~1.EDU\DOCUME~1\Schule\UNIVER~1\EECS47~1\Project\LIL_FI~1\LILFIS~1\LILFIS~1\ARDUIN~1\Debug\libArduinoCore.a(FreqCount.o)

.debug_line     0x00000000     0x520b
 *(.debug_line .debug_line.* .debug_line_end)
 .debug_line    0x00000000      0x133 C:/Program Files (x86)/Atmel/Studio/7.0/Packs/atmel/ATmega_DFP/1.3.300/gcc/dev/atmega328p/avr5/crtatmega328p.o
 .debug_line    0x00000133      0x57f main.o
 .debug_line    0x000006b2      0x4c4 D:\Users\Celine\ONEDRI~1.EDU\DOCUME~1\Schule\UNIVER~1\EECS47~1\Project\LIL_FI~1\LILFIS~1\LILFIS~1\ARDUIN~1\Debug\libArduinoCore.a(HardwareSerial.o)
 .debug_line    0x00000b76      0x28c D:\Users\Celine\ONEDRI~1.EDU\DOCUME~1\Schule\UNIVER~1\EECS47~1\Project\LIL_FI~1\LILFIS~1\LILFIS~1\ARDUIN~1\Debug\libArduinoCore.a(HardwareSerial0.o)
 .debug_line    0x00000e02      0x165 D:\Users\Celine\ONEDRI~1.EDU\DOCUME~1\Schule\UNIVER~1\EECS47~1\Project\LIL_FI~1\LILFIS~1\LILFIS~1\ARDUIN~1\Debug\libArduinoCore.a(main.o)
 .debug_line    0x00000f67      0x685 D:\Users\Celine\ONEDRI~1.EDU\DOCUME~1\Schule\UNIVER~1\EECS47~1\Project\LIL_FI~1\LILFIS~1\LILFIS~1\ARDUIN~1\Debug\libArduinoCore.a(Print.o)
 .debug_line    0x000015ec      0x1a0 D:\Users\Celine\ONEDRI~1.EDU\DOCUME~1\Schule\UNIVER~1\EECS47~1\Project\LIL_FI~1\LILFIS~1\LILFIS~1\ARDUIN~1\Debug\libArduinoCore.a(WInterrupts.o)
 .debug_line    0x0000178c      0x299 D:\Users\Celine\ONEDRI~1.EDU\DOCUME~1\Schule\UNIVER~1\EECS47~1\Project\LIL_FI~1\LILFIS~1\LILFIS~1\ARDUIN~1\Debug\libArduinoCore.a(wiring.o)
 .debug_line    0x00001a25      0x252 D:\Users\Celine\ONEDRI~1.EDU\DOCUME~1\Schule\UNIVER~1\EECS47~1\Project\LIL_FI~1\LILFIS~1\LILFIS~1\ARDUIN~1\Debug\libArduinoCore.a(wiring_digital.o)
 .debug_line    0x00001c77      0xb6a D:\Users\Celine\ONEDRI~1.EDU\DOCUME~1\Schule\UNIVER~1\EECS47~1\Project\LIL_FI~1\LILFIS~1\LILFIS~1\ARDUIN~1\Debug\libArduinoCore.a(queue.o)
 .debug_line    0x000027e1     0x1256 D:\Users\Celine\ONEDRI~1.EDU\DOCUME~1\Schule\UNIVER~1\EECS47~1\Project\LIL_FI~1\LILFIS~1\LILFIS~1\ARDUIN~1\Debug\libArduinoCore.a(tasks.o)
 .debug_line    0x00003a37      0x538 D:\Users\Celine\ONEDRI~1.EDU\DOCUME~1\Schule\UNIVER~1\EECS47~1\Project\LIL_FI~1\LILFIS~1\LILFIS~1\ARDUIN~1\Debug\libArduinoCore.a(timers.o)
 .debug_line    0x00003f6f      0x246 D:\Users\Celine\ONEDRI~1.EDU\DOCUME~1\Schule\UNIVER~1\EECS47~1\Project\LIL_FI~1\LILFIS~1\LILFIS~1\ARDUIN~1\Debug\libArduinoCore.a(variantHooks.o)
 .debug_line    0x000041b5      0x622 D:\Users\Celine\ONEDRI~1.EDU\DOCUME~1\Schule\UNIVER~1\EECS47~1\Project\LIL_FI~1\LILFIS~1\LILFIS~1\ARDUIN~1\Debug\libArduinoCore.a(MD_TCS230.o)
 .debug_line    0x000047d7      0x1a3 D:\Users\Celine\ONEDRI~1.EDU\DOCUME~1\Schule\UNIVER~1\EECS47~1\Project\LIL_FI~1\LILFIS~1\LILFIS~1\ARDUIN~1\Debug\libArduinoCore.a(heap_3.o)
 .debug_line    0x0000497a      0x208 D:\Users\Celine\ONEDRI~1.EDU\DOCUME~1\Schule\UNIVER~1\EECS47~1\Project\LIL_FI~1\LILFIS~1\LILFIS~1\ARDUIN~1\Debug\libArduinoCore.a(list.o)
 .debug_line    0x00004b82      0x328 D:\Users\Celine\ONEDRI~1.EDU\DOCUME~1\Schule\UNIVER~1\EECS47~1\Project\LIL_FI~1\LILFIS~1\LILFIS~1\ARDUIN~1\Debug\libArduinoCore.a(port.o)
 .debug_line    0x00004eaa      0x361 D:\Users\Celine\ONEDRI~1.EDU\DOCUME~1\Schule\UNIVER~1\EECS47~1\Project\LIL_FI~1\LILFIS~1\LILFIS~1\ARDUIN~1\Debug\libArduinoCore.a(FreqCount.o)

.debug_frame    0x00000000     0x18b8
 *(.debug_frame)
 .debug_frame   0x00000000      0x13c main.o
 .debug_frame   0x0000013c      0x110 D:\Users\Celine\ONEDRI~1.EDU\DOCUME~1\Schule\UNIVER~1\EECS47~1\Project\LIL_FI~1\LILFIS~1\LILFIS~1\ARDUIN~1\Debug\libArduinoCore.a(HardwareSerial.o)
 .debug_frame   0x0000024c       0xe0 D:\Users\Celine\ONEDRI~1.EDU\DOCUME~1\Schule\UNIVER~1\EECS47~1\Project\LIL_FI~1\LILFIS~1\LILFIS~1\ARDUIN~1\Debug\libArduinoCore.a(HardwareSerial0.o)
 .debug_frame   0x0000032c       0x54 D:\Users\Celine\ONEDRI~1.EDU\DOCUME~1\Schule\UNIVER~1\EECS47~1\Project\LIL_FI~1\LILFIS~1\LILFIS~1\ARDUIN~1\Debug\libArduinoCore.a(main.o)
 .debug_frame   0x00000380      0x3ac D:\Users\Celine\ONEDRI~1.EDU\DOCUME~1\Schule\UNIVER~1\EECS47~1\Project\LIL_FI~1\LILFIS~1\LILFIS~1\ARDUIN~1\Debug\libArduinoCore.a(Print.o)
 .debug_frame   0x0000072c       0xf4 D:\Users\Celine\ONEDRI~1.EDU\DOCUME~1\Schule\UNIVER~1\EECS47~1\Project\LIL_FI~1\LILFIS~1\LILFIS~1\ARDUIN~1\Debug\libArduinoCore.a(WInterrupts.o)
 .debug_frame   0x00000820       0xc4 D:\Users\Celine\ONEDRI~1.EDU\DOCUME~1\Schule\UNIVER~1\EECS47~1\Project\LIL_FI~1\LILFIS~1\LILFIS~1\ARDUIN~1\Debug\libArduinoCore.a(wiring.o)
 .debug_frame   0x000008e4       0x7c D:\Users\Celine\ONEDRI~1.EDU\DOCUME~1\Schule\UNIVER~1\EECS47~1\Project\LIL_FI~1\LILFIS~1\LILFIS~1\ARDUIN~1\Debug\libArduinoCore.a(wiring_digital.o)
 .debug_frame   0x00000960      0x368 D:\Users\Celine\ONEDRI~1.EDU\DOCUME~1\Schule\UNIVER~1\EECS47~1\Project\LIL_FI~1\LILFIS~1\LILFIS~1\ARDUIN~1\Debug\libArduinoCore.a(queue.o)
 .debug_frame   0x00000cc8      0x57c D:\Users\Celine\ONEDRI~1.EDU\DOCUME~1\Schule\UNIVER~1\EECS47~1\Project\LIL_FI~1\LILFIS~1\LILFIS~1\ARDUIN~1\Debug\libArduinoCore.a(tasks.o)
 .debug_frame   0x00001244      0x198 D:\Users\Celine\ONEDRI~1.EDU\DOCUME~1\Schule\UNIVER~1\EECS47~1\Project\LIL_FI~1\LILFIS~1\LILFIS~1\ARDUIN~1\Debug\libArduinoCore.a(timers.o)
 .debug_frame   0x000013dc       0x54 D:\Users\Celine\ONEDRI~1.EDU\DOCUME~1\Schule\UNIVER~1\EECS47~1\Project\LIL_FI~1\LILFIS~1\LILFIS~1\ARDUIN~1\Debug\libArduinoCore.a(variantHooks.o)
 .debug_frame   0x00001430      0x28c D:\Users\Celine\ONEDRI~1.EDU\DOCUME~1\Schule\UNIVER~1\EECS47~1\Project\LIL_FI~1\LILFIS~1\LILFIS~1\ARDUIN~1\Debug\libArduinoCore.a(MD_TCS230.o)
 .debug_frame   0x000016bc       0x4c D:\Users\Celine\ONEDRI~1.EDU\DOCUME~1\Schule\UNIVER~1\EECS47~1\Project\LIL_FI~1\LILFIS~1\LILFIS~1\ARDUIN~1\Debug\libArduinoCore.a(heap_3.o)
 .debug_frame   0x00001708       0x90 D:\Users\Celine\ONEDRI~1.EDU\DOCUME~1\Schule\UNIVER~1\EECS47~1\Project\LIL_FI~1\LILFIS~1\LILFIS~1\ARDUIN~1\Debug\libArduinoCore.a(list.o)
 .debug_frame   0x00001798       0x74 D:\Users\Celine\ONEDRI~1.EDU\DOCUME~1\Schule\UNIVER~1\EECS47~1\Project\LIL_FI~1\LILFIS~1\LILFIS~1\ARDUIN~1\Debug\libArduinoCore.a(port.o)
 .debug_frame   0x0000180c       0xac D:\Users\Celine\ONEDRI~1.EDU\DOCUME~1\Schule\UNIVER~1\EECS47~1\Project\LIL_FI~1\LILFIS~1\LILFIS~1\ARDUIN~1\Debug\libArduinoCore.a(FreqCount.o)

.debug_str      0x00000000     0x4016
 *(.debug_str)
 .debug_str     0x00000000      0x208 C:/Program Files (x86)/Atmel/Studio/7.0/Packs/atmel/ATmega_DFP/1.3.300/gcc/dev/atmega328p/avr5/crtatmega328p.o
 .debug_str     0x00000208      0xa3d main.o
                                0xb37 (size before relaxing)
 .debug_str     0x00000c45     0x132f D:\Users\Celine\ONEDRI~1.EDU\DOCUME~1\Schule\UNIVER~1\EECS47~1\Project\LIL_FI~1\LILFIS~1\LILFIS~1\ARDUIN~1\Debug\libArduinoCore.a(HardwareSerial.o)
                               0x1659 (size before relaxing)
 .debug_str     0x00001f74       0x86 D:\Users\Celine\ONEDRI~1.EDU\DOCUME~1\Schule\UNIVER~1\EECS47~1\Project\LIL_FI~1\LILFIS~1\LILFIS~1\ARDUIN~1\Debug\libArduinoCore.a(HardwareSerial0.o)
                               0x144c (size before relaxing)
 .debug_str     0x00001ffa       0x37 D:\Users\Celine\ONEDRI~1.EDU\DOCUME~1\Schule\UNIVER~1\EECS47~1\Project\LIL_FI~1\LILFIS~1\LILFIS~1\ARDUIN~1\Debug\libArduinoCore.a(main.o)
                                0x2f8 (size before relaxing)
 .debug_str     0x00002031      0x3c3 D:\Users\Celine\ONEDRI~1.EDU\DOCUME~1\Schule\UNIVER~1\EECS47~1\Project\LIL_FI~1\LILFIS~1\LILFIS~1\ARDUIN~1\Debug\libArduinoCore.a(Print.o)
                               0x1286 (size before relaxing)
 .debug_str     0x000023f4      0x14b D:\Users\Celine\ONEDRI~1.EDU\DOCUME~1\Schule\UNIVER~1\EECS47~1\Project\LIL_FI~1\LILFIS~1\LILFIS~1\ARDUIN~1\Debug\libArduinoCore.a(WInterrupts.o)
                                0x27b (size before relaxing)
 .debug_str     0x0000253f       0x79 D:\Users\Celine\ONEDRI~1.EDU\DOCUME~1\Schule\UNIVER~1\EECS47~1\Project\LIL_FI~1\LILFIS~1\LILFIS~1\ARDUIN~1\Debug\libArduinoCore.a(wiring.o)
                                0x28e (size before relaxing)
 .debug_str     0x000025b8       0xc2 D:\Users\Celine\ONEDRI~1.EDU\DOCUME~1\Schule\UNIVER~1\EECS47~1\Project\LIL_FI~1\LILFIS~1\LILFIS~1\ARDUIN~1\Debug\libArduinoCore.a(wiring_digital.o)
                                0x2f3 (size before relaxing)
 .debug_str     0x0000267a      0x730 D:\Users\Celine\ONEDRI~1.EDU\DOCUME~1\Schule\UNIVER~1\EECS47~1\Project\LIL_FI~1\LILFIS~1\LILFIS~1\ARDUIN~1\Debug\libArduinoCore.a(queue.o)
                                0x9fa (size before relaxing)
 .debug_str     0x00002daa      0x9b6 D:\Users\Celine\ONEDRI~1.EDU\DOCUME~1\Schule\UNIVER~1\EECS47~1\Project\LIL_FI~1\LILFIS~1\LILFIS~1\ARDUIN~1\Debug\libArduinoCore.a(tasks.o)
                                0xf1d (size before relaxing)
 .debug_str     0x00003760      0x419 D:\Users\Celine\ONEDRI~1.EDU\DOCUME~1\Schule\UNIVER~1\EECS47~1\Project\LIL_FI~1\LILFIS~1\LILFIS~1\ARDUIN~1\Debug\libArduinoCore.a(timers.o)
                                0x8a6 (size before relaxing)
 .debug_str     0x00003b79       0x8f D:\Users\Celine\ONEDRI~1.EDU\DOCUME~1\Schule\UNIVER~1\EECS47~1\Project\LIL_FI~1\LILFIS~1\LILFIS~1\ARDUIN~1\Debug\libArduinoCore.a(variantHooks.o)
                                0x3d5 (size before relaxing)
 .debug_str     0x00003c08      0x129 D:\Users\Celine\ONEDRI~1.EDU\DOCUME~1\Schule\UNIVER~1\EECS47~1\Project\LIL_FI~1\LILFIS~1\LILFIS~1\ARDUIN~1\Debug\libArduinoCore.a(MD_TCS230.o)
                                0x7c4 (size before relaxing)
 .debug_str     0x00003d31       0x3b D:\Users\Celine\ONEDRI~1.EDU\DOCUME~1\Schule\UNIVER~1\EECS47~1\Project\LIL_FI~1\LILFIS~1\LILFIS~1\ARDUIN~1\Debug\libArduinoCore.a(heap_3.o)
                                0x286 (size before relaxing)
 .debug_str     0x00003d6c       0x69 D:\Users\Celine\ONEDRI~1.EDU\DOCUME~1\Schule\UNIVER~1\EECS47~1\Project\LIL_FI~1\LILFIS~1\LILFIS~1\ARDUIN~1\Debug\libArduinoCore.a(list.o)
                                0x351 (size before relaxing)
 .debug_str     0x00003dd5       0x91 D:\Users\Celine\ONEDRI~1.EDU\DOCUME~1\Schule\UNIVER~1\EECS47~1\Project\LIL_FI~1\LILFIS~1\LILFIS~1\ARDUIN~1\Debug\libArduinoCore.a(port.o)
                                0x33d (size before relaxing)
 .debug_str     0x00003e66      0x1b0 D:\Users\Celine\ONEDRI~1.EDU\DOCUME~1\Schule\UNIVER~1\EECS47~1\Project\LIL_FI~1\LILFIS~1\LILFIS~1\ARDUIN~1\Debug\libArduinoCore.a(FreqCount.o)
                                0x502 (size before relaxing)

.debug_loc      0x00000000     0x93b6
 *(.debug_loc)
 .debug_loc     0x00000000      0x486 main.o
 .debug_loc     0x00000486      0x4dc D:\Users\Celine\ONEDRI~1.EDU\DOCUME~1\Schule\UNIVER~1\EECS47~1\Project\LIL_FI~1\LILFIS~1\LILFIS~1\ARDUIN~1\Debug\libArduinoCore.a(HardwareSerial.o)
 .debug_loc     0x00000962      0x1b0 D:\Users\Celine\ONEDRI~1.EDU\DOCUME~1\Schule\UNIVER~1\EECS47~1\Project\LIL_FI~1\LILFIS~1\LILFIS~1\ARDUIN~1\Debug\libArduinoCore.a(HardwareSerial0.o)
 .debug_loc     0x00000b12     0x1c87 D:\Users\Celine\ONEDRI~1.EDU\DOCUME~1\Schule\UNIVER~1\EECS47~1\Project\LIL_FI~1\LILFIS~1\LILFIS~1\ARDUIN~1\Debug\libArduinoCore.a(Print.o)
 .debug_loc     0x00002799      0x235 D:\Users\Celine\ONEDRI~1.EDU\DOCUME~1\Schule\UNIVER~1\EECS47~1\Project\LIL_FI~1\LILFIS~1\LILFIS~1\ARDUIN~1\Debug\libArduinoCore.a(WInterrupts.o)
 .debug_loc     0x000029ce      0x28d D:\Users\Celine\ONEDRI~1.EDU\DOCUME~1\Schule\UNIVER~1\EECS47~1\Project\LIL_FI~1\LILFIS~1\LILFIS~1\ARDUIN~1\Debug\libArduinoCore.a(wiring.o)
 .debug_loc     0x00002c5b      0x5fc D:\Users\Celine\ONEDRI~1.EDU\DOCUME~1\Schule\UNIVER~1\EECS47~1\Project\LIL_FI~1\LILFIS~1\LILFIS~1\ARDUIN~1\Debug\libArduinoCore.a(wiring_digital.o)
 .debug_loc     0x00003257     0x1b17 D:\Users\Celine\ONEDRI~1.EDU\DOCUME~1\Schule\UNIVER~1\EECS47~1\Project\LIL_FI~1\LILFIS~1\LILFIS~1\ARDUIN~1\Debug\libArduinoCore.a(queue.o)
 .debug_loc     0x00004d6e     0x24ae D:\Users\Celine\ONEDRI~1.EDU\DOCUME~1\Schule\UNIVER~1\EECS47~1\Project\LIL_FI~1\LILFIS~1\LILFIS~1\ARDUIN~1\Debug\libArduinoCore.a(tasks.o)
 .debug_loc     0x0000721c      0xadc D:\Users\Celine\ONEDRI~1.EDU\DOCUME~1\Schule\UNIVER~1\EECS47~1\Project\LIL_FI~1\LILFIS~1\LILFIS~1\ARDUIN~1\Debug\libArduinoCore.a(timers.o)
 .debug_loc     0x00007cf8       0xb6 D:\Users\Celine\ONEDRI~1.EDU\DOCUME~1\Schule\UNIVER~1\EECS47~1\Project\LIL_FI~1\LILFIS~1\LILFIS~1\ARDUIN~1\Debug\libArduinoCore.a(variantHooks.o)
 .debug_loc     0x00007dae      0xde2 D:\Users\Celine\ONEDRI~1.EDU\DOCUME~1\Schule\UNIVER~1\EECS47~1\Project\LIL_FI~1\LILFIS~1\LILFIS~1\ARDUIN~1\Debug\libArduinoCore.a(MD_TCS230.o)
 .debug_loc     0x00008b90      0x112 D:\Users\Celine\ONEDRI~1.EDU\DOCUME~1\Schule\UNIVER~1\EECS47~1\Project\LIL_FI~1\LILFIS~1\LILFIS~1\ARDUIN~1\Debug\libArduinoCore.a(heap_3.o)
 .debug_loc     0x00008ca2      0x1d7 D:\Users\Celine\ONEDRI~1.EDU\DOCUME~1\Schule\UNIVER~1\EECS47~1\Project\LIL_FI~1\LILFIS~1\LILFIS~1\ARDUIN~1\Debug\libArduinoCore.a(list.o)
 .debug_loc     0x00008e79      0x288 D:\Users\Celine\ONEDRI~1.EDU\DOCUME~1\Schule\UNIVER~1\EECS47~1\Project\LIL_FI~1\LILFIS~1\LILFIS~1\ARDUIN~1\Debug\libArduinoCore.a(port.o)
 .debug_loc     0x00009101      0x2b5 D:\Users\Celine\ONEDRI~1.EDU\DOCUME~1\Schule\UNIVER~1\EECS47~1\Project\LIL_FI~1\LILFIS~1\LILFIS~1\ARDUIN~1\Debug\libArduinoCore.a(FreqCount.o)

.debug_macinfo
 *(.debug_macinfo)

.debug_weaknames
 *(.debug_weaknames)

.debug_funcnames
 *(.debug_funcnames)

.debug_typenames
 *(.debug_typenames)

.debug_varnames
 *(.debug_varnames)

.debug_pubtypes
 *(.debug_pubtypes)

.debug_ranges   0x00000000      0x798
 *(.debug_ranges)
 .debug_ranges  0x00000000       0x88 main.o
 .debug_ranges  0x00000088       0x58 D:\Users\Celine\ONEDRI~1.EDU\DOCUME~1\Schule\UNIVER~1\EECS47~1\Project\LIL_FI~1\LILFIS~1\LILFIS~1\ARDUIN~1\Debug\libArduinoCore.a(HardwareSerial.o)
 .debug_ranges  0x000000e0       0x38 D:\Users\Celine\ONEDRI~1.EDU\DOCUME~1\Schule\UNIVER~1\EECS47~1\Project\LIL_FI~1\LILFIS~1\LILFIS~1\ARDUIN~1\Debug\libArduinoCore.a(HardwareSerial0.o)
 .debug_ranges  0x00000118       0x20 D:\Users\Celine\ONEDRI~1.EDU\DOCUME~1\Schule\UNIVER~1\EECS47~1\Project\LIL_FI~1\LILFIS~1\LILFIS~1\ARDUIN~1\Debug\libArduinoCore.a(main.o)
 .debug_ranges  0x00000138      0x120 D:\Users\Celine\ONEDRI~1.EDU\DOCUME~1\Schule\UNIVER~1\EECS47~1\Project\LIL_FI~1\LILFIS~1\LILFIS~1\ARDUIN~1\Debug\libArduinoCore.a(Print.o)
 .debug_ranges  0x00000258       0x30 D:\Users\Celine\ONEDRI~1.EDU\DOCUME~1\Schule\UNIVER~1\EECS47~1\Project\LIL_FI~1\LILFIS~1\LILFIS~1\ARDUIN~1\Debug\libArduinoCore.a(WInterrupts.o)
 .debug_ranges  0x00000288       0x38 D:\Users\Celine\ONEDRI~1.EDU\DOCUME~1\Schule\UNIVER~1\EECS47~1\Project\LIL_FI~1\LILFIS~1\LILFIS~1\ARDUIN~1\Debug\libArduinoCore.a(wiring.o)
 .debug_ranges  0x000002c0       0x28 D:\Users\Celine\ONEDRI~1.EDU\DOCUME~1\Schule\UNIVER~1\EECS47~1\Project\LIL_FI~1\LILFIS~1\LILFIS~1\ARDUIN~1\Debug\libArduinoCore.a(wiring_digital.o)
 .debug_ranges  0x000002e8       0xd0 D:\Users\Celine\ONEDRI~1.EDU\DOCUME~1\Schule\UNIVER~1\EECS47~1\Project\LIL_FI~1\LILFIS~1\LILFIS~1\ARDUIN~1\Debug\libArduinoCore.a(queue.o)
 .debug_ranges  0x000003b8      0x1d8 D:\Users\Celine\ONEDRI~1.EDU\DOCUME~1\Schule\UNIVER~1\EECS47~1\Project\LIL_FI~1\LILFIS~1\LILFIS~1\ARDUIN~1\Debug\libArduinoCore.a(tasks.o)
 .debug_ranges  0x00000590       0x80 D:\Users\Celine\ONEDRI~1.EDU\DOCUME~1\Schule\UNIVER~1\EECS47~1\Project\LIL_FI~1\LILFIS~1\LILFIS~1\ARDUIN~1\Debug\libArduinoCore.a(timers.o)
 .debug_ranges  0x00000610       0x28 D:\Users\Celine\ONEDRI~1.EDU\DOCUME~1\Schule\UNIVER~1\EECS47~1\Project\LIL_FI~1\LILFIS~1\LILFIS~1\ARDUIN~1\Debug\libArduinoCore.a(variantHooks.o)
 .debug_ranges  0x00000638       0xb0 D:\Users\Celine\ONEDRI~1.EDU\DOCUME~1\Schule\UNIVER~1\EECS47~1\Project\LIL_FI~1\LILFIS~1\LILFIS~1\ARDUIN~1\Debug\libArduinoCore.a(MD_TCS230.o)
 .debug_ranges  0x000006e8       0x18 D:\Users\Celine\ONEDRI~1.EDU\DOCUME~1\Schule\UNIVER~1\EECS47~1\Project\LIL_FI~1\LILFIS~1\LILFIS~1\ARDUIN~1\Debug\libArduinoCore.a(heap_3.o)
 .debug_ranges  0x00000700       0x30 D:\Users\Celine\ONEDRI~1.EDU\DOCUME~1\Schule\UNIVER~1\EECS47~1\Project\LIL_FI~1\LILFIS~1\LILFIS~1\ARDUIN~1\Debug\libArduinoCore.a(list.o)
 .debug_ranges  0x00000730       0x38 D:\Users\Celine\ONEDRI~1.EDU\DOCUME~1\Schule\UNIVER~1\EECS47~1\Project\LIL_FI~1\LILFIS~1\LILFIS~1\ARDUIN~1\Debug\libArduinoCore.a(port.o)
 .debug_ranges  0x00000768       0x30 D:\Users\Celine\ONEDRI~1.EDU\DOCUME~1\Schule\UNIVER~1\EECS47~1\Project\LIL_FI~1\LILFIS~1\LILFIS~1\ARDUIN~1\Debug\libArduinoCore.a(FreqCount.o)

.debug_macro
 *(.debug_macro)
OUTPUT(lil_fish_tanks_arduino.elf elf32-avr)
LOAD linker stubs
