Archive member included to satisfy reference by file (symbol)

c:/program files (x86)/atmel/studio/7.0/toolchain/avr8/avr8-gnu-toolchain/bin/../lib/gcc/avr/5.4.0/../../../../avr/lib/avr5\libm.a(addsf3.o)
                              DFRobot_PH.o (__subsf3)
c:/program files (x86)/atmel/studio/7.0/toolchain/avr8/avr8-gnu-toolchain/bin/../lib/gcc/avr/5.4.0/../../../../avr/lib/avr5\libm.a(addsf3x.o)
                              c:/program files (x86)/atmel/studio/7.0/toolchain/avr8/avr8-gnu-toolchain/bin/../lib/gcc/avr/5.4.0/../../../../avr/lib/avr5\libm.a(addsf3.o) (__addsf3x)
c:/program files (x86)/atmel/studio/7.0/toolchain/avr8/avr8-gnu-toolchain/bin/../lib/gcc/avr/5.4.0/../../../../avr/lib/avr5\libm.a(cmpsf2.o)
                              main.o (__eqsf2)
c:/program files (x86)/atmel/studio/7.0/toolchain/avr8/avr8-gnu-toolchain/bin/../lib/gcc/avr/5.4.0/../../../../avr/lib/avr5\libm.a(divsf3.o)
                              DFRobot_PH.o (__divsf3)
c:/program files (x86)/atmel/studio/7.0/toolchain/avr8/avr8-gnu-toolchain/bin/../lib/gcc/avr/5.4.0/../../../../avr/lib/avr5\libm.a(divsf3x.o)
                              c:/program files (x86)/atmel/studio/7.0/toolchain/avr8/avr8-gnu-toolchain/bin/../lib/gcc/avr/5.4.0/../../../../avr/lib/avr5\libm.a(divsf3.o) (__divsf3x)
c:/program files (x86)/atmel/studio/7.0/toolchain/avr8/avr8-gnu-toolchain/bin/../lib/gcc/avr/5.4.0/../../../../avr/lib/avr5\libm.a(fixsfsi.o)
                              main.o (__fixsfsi)
c:/program files (x86)/atmel/studio/7.0/toolchain/avr8/avr8-gnu-toolchain/bin/../lib/gcc/avr/5.4.0/../../../../avr/lib/avr5\libm.a(fixunssfsi.o)
                              c:/program files (x86)/atmel/studio/7.0/toolchain/avr8/avr8-gnu-toolchain/bin/../lib/gcc/avr/5.4.0/../../../../avr/lib/avr5\libm.a(fixsfsi.o) (__fixunssfsi)
c:/program files (x86)/atmel/studio/7.0/toolchain/avr8/avr8-gnu-toolchain/bin/../lib/gcc/avr/5.4.0/../../../../avr/lib/avr5\libm.a(floatsisf.o)
                              main.o (__floatsisf)
c:/program files (x86)/atmel/studio/7.0/toolchain/avr8/avr8-gnu-toolchain/bin/../lib/gcc/avr/5.4.0/../../../../avr/lib/avr5\libm.a(fp_cmp.o)
                              c:/program files (x86)/atmel/studio/7.0/toolchain/avr8/avr8-gnu-toolchain/bin/../lib/gcc/avr/5.4.0/../../../../avr/lib/avr5\libm.a(cmpsf2.o) (__fp_cmp)
c:/program files (x86)/atmel/studio/7.0/toolchain/avr8/avr8-gnu-toolchain/bin/../lib/gcc/avr/5.4.0/../../../../avr/lib/avr5\libm.a(fp_inf.o)
                              c:/program files (x86)/atmel/studio/7.0/toolchain/avr8/avr8-gnu-toolchain/bin/../lib/gcc/avr/5.4.0/../../../../avr/lib/avr5\libm.a(addsf3x.o) (__fp_inf)
c:/program files (x86)/atmel/studio/7.0/toolchain/avr8/avr8-gnu-toolchain/bin/../lib/gcc/avr/5.4.0/../../../../avr/lib/avr5\libm.a(fp_nan.o)
                              c:/program files (x86)/atmel/studio/7.0/toolchain/avr8/avr8-gnu-toolchain/bin/../lib/gcc/avr/5.4.0/../../../../avr/lib/avr5\libm.a(addsf3x.o) (__fp_nan)
c:/program files (x86)/atmel/studio/7.0/toolchain/avr8/avr8-gnu-toolchain/bin/../lib/gcc/avr/5.4.0/../../../../avr/lib/avr5\libm.a(fp_pscA.o)
                              c:/program files (x86)/atmel/studio/7.0/toolchain/avr8/avr8-gnu-toolchain/bin/../lib/gcc/avr/5.4.0/../../../../avr/lib/avr5\libm.a(addsf3x.o) (__fp_pscA)
c:/program files (x86)/atmel/studio/7.0/toolchain/avr8/avr8-gnu-toolchain/bin/../lib/gcc/avr/5.4.0/../../../../avr/lib/avr5\libm.a(fp_pscB.o)
                              c:/program files (x86)/atmel/studio/7.0/toolchain/avr8/avr8-gnu-toolchain/bin/../lib/gcc/avr/5.4.0/../../../../avr/lib/avr5\libm.a(addsf3x.o) (__fp_pscB)
c:/program files (x86)/atmel/studio/7.0/toolchain/avr8/avr8-gnu-toolchain/bin/../lib/gcc/avr/5.4.0/../../../../avr/lib/avr5\libm.a(fp_round.o)
                              c:/program files (x86)/atmel/studio/7.0/toolchain/avr8/avr8-gnu-toolchain/bin/../lib/gcc/avr/5.4.0/../../../../avr/lib/avr5\libm.a(addsf3.o) (__fp_round)
c:/program files (x86)/atmel/studio/7.0/toolchain/avr8/avr8-gnu-toolchain/bin/../lib/gcc/avr/5.4.0/../../../../avr/lib/avr5\libm.a(fp_split3.o)
                              c:/program files (x86)/atmel/studio/7.0/toolchain/avr8/avr8-gnu-toolchain/bin/../lib/gcc/avr/5.4.0/../../../../avr/lib/avr5\libm.a(addsf3x.o) (__fp_split3)
c:/program files (x86)/atmel/studio/7.0/toolchain/avr8/avr8-gnu-toolchain/bin/../lib/gcc/avr/5.4.0/../../../../avr/lib/avr5\libm.a(fp_zero.o)
                              c:/program files (x86)/atmel/studio/7.0/toolchain/avr8/avr8-gnu-toolchain/bin/../lib/gcc/avr/5.4.0/../../../../avr/lib/avr5\libm.a(addsf3x.o) (__fp_zero)
c:/program files (x86)/atmel/studio/7.0/toolchain/avr8/avr8-gnu-toolchain/bin/../lib/gcc/avr/5.4.0/../../../../avr/lib/avr5\libm.a(gesf2.o)
                              DFRobot_PH.o (__gtsf2)
c:/program files (x86)/atmel/studio/7.0/toolchain/avr8/avr8-gnu-toolchain/bin/../lib/gcc/avr/5.4.0/../../../../avr/lib/avr5\libm.a(mulsf3.o)
[...]
Memory Configuration

Name             Origin             Length             Attributes
text             0x00000000         0x00020000         xr
data             0x00800060         0x0000ffa0         rw !x
eeprom           0x00810000         0x00010000         rw !x
fuse             0x00820000         0x00000003         rw !x
lock             0x00830000         0x00000400         rw !x
signature        0x00840000         0x00000400         rw !x
user_signatures  0x00850000         0x00000400         rw !x
*default*        0x00000000         0xffffffff

Linker script and memory map

Address of section .data set to 0x800100
LOAD C:/Program Files (x86)/Atmel/Studio/7.0/Packs/atmel/ATmega_DFP/1.2.209/gcc/dev/atmega328p/avr5/crtatmega328p.o
LOAD DFRobot_PH.o
LOAD main.o
LOAD OneWire.o
LOAD phSensor.o
LOAD src/libraries/MD_TCS230/src/MD_TCS230.o
START GROUP
LOAD c:/program files (x86)/atmel/studio/7.0/toolchain/avr8/avr8-gnu-toolchain/bin/../lib/gcc/avr/5.4.0/../../../../avr/lib/avr5\libm.a
LOAD D:\Users\Celine\ONEDRI~1.EDU\DOCUME~1\Schule\UNIVER~1\EECS47~1\Project\LIL_FI~1\LILFIS~1\LILFIS~1\ARDUIN~1\Debug\libArduinoCore.a
END GROUP
LOAD c:/program files (x86)/atmel/studio/7.0/toolchain/avr8/avr8-gnu-toolchain/bin/../lib/gcc/avr/5.4.0/avr5\libgcc.a
LOAD c:/program files (x86)/atmel/studio/7.0/toolchain/avr8/avr8-gnu-toolchain/bin/../lib/gcc/avr/5.4.0/../../../../avr/lib/avr5\libm.a
START GROUP
LOAD c:/program files (x86)/atmel/studio/7.0/toolchain/avr8/avr8-gnu-toolchain/bin/../lib/gcc/avr/5.4.0/avr5\libgcc.a
LOAD c:/program files (x86)/atmel/studio/7.0/toolchain/avr8/avr8-gnu-toolchain/bin/../lib/gcc/avr/5.4.0/../../../../avr/lib/avr5\libm.a
LOAD c:/program files (x86)/atmel/studio/7.0/toolchain/avr8/avr8-gnu-toolchain/bin/../lib/gcc/avr/5.4.0/../../../../avr/lib/avr5\libc.a
LOAD C:/Program Files (x86)/Atmel/Studio/7.0/Packs/atmel/ATmega_DFP/1.2.209/gcc/dev/atmega328p/avr5\libatmega328p.a
END GROUP
                0x00000000                __TEXT_REGION_ORIGIN__ = DEFINED (__TEXT_REGION_ORIGIN__)?__TEXT_REGION_ORIGIN__:0x0
                0x00800060                __DATA_REGION_ORIGIN__ = DEFINED (__DATA_REGION_ORIGIN__)?__DATA_REGION_ORIGIN__:0x800060
                0x00020000                __TEXT_REGION_LENGTH__ = DEFINED (__TEXT_REGION_LENGTH__)?__TEXT_REGION_LENGTH__:0x20000
                0x0000ffa0                __DATA_REGION_LENGTH__ = DEFINED (__DATA_REGION_LENGTH__)?__DATA_REGION_LENGTH__:0xffa0
                0x00010000                __EEPROM_REGION_LENGTH__ = DEFINED (__EEPROM_REGION_LENGTH__)?__EEPROM_REGION_LENGTH__:0x10000
                [0x00000003]                __FUSE_REGION_LENGTH__ = DEFINED (__FUSE_REGION_LENGTH__)?__FUSE_REGION_LENGTH__:0x400
                0x00000400                __LOCK_REGION_LENGTH__ = DEFINED (__LOCK_REGION_LENGTH__)?__LOCK_REGION_LENGTH__:0x400
                0x00000400                __SIGNATURE_REGION_LENGTH__ = DEFINED (__SIGNATURE_REGION_LENGTH__)?__SIGNATURE_REGION_LENGTH__:0x400
                0x00000400                __USER_SIGNATURE_REGION_LENGTH__ = DEFINED (__USER_SIGNATURE_REGION_LENGTH__)?__USER_SIGNATURE_REGION_LENGTH__:0x400

.hash
 *(.hash)

.dynsym
 *(.dynsym)

.dynstr
 *(.dynstr)

.gnu.version
 *(.gnu.version)

.gnu.version_d
 *(.gnu.version_d)

.gnu.version_r
 *(.gnu.version_r)

.rel.init
 *(.rel.init)

.rela.init
 *(.rela.init)

.rel.text
 *(.rel.text)
 *(.rel.text.*)
 *(.rel.gnu.linkonce.t*)

.rela.text
 *(.rela.text)
 *(.rela.text.*)
 *(.rela.gnu.linkonce.t*)

.rel.fini
 *(.rel.fini)

.rela.fini
 *(.rela.fini)

.rel.rodata
 *(.rel.rodata)
 *(.rel.rodata.*)
 *(.rel.gnu.linkonce.r*)

.rela.rodata
 *(.rela.rodata)
 *(.rela.rodata.*)
 *(.rela.gnu.linkonce.r*)

.rel.data
 *(.rel.data)
 *(.rel.data.*)
 *(.rel.gnu.linkonce.d*)

.rela.data
 *(.rela.data)
 *(.rela.data.*)
 *(.rela.gnu.linkonce.d*)

.rel.ctors
 *(.rel.ctors)

.rela.ctors
 *(.rela.ctors)

.rel.dtors
 *(.rel.dtors)

.rela.dtors
 *(.rela.dtors)

.rel.got
 *(.rel.got)

.rela.got
 *(.rela.got)

.rel.bss
 *(.rel.bss)

.rela.bss
 *(.rela.bss)

.rel.plt
 *(.rel.plt)

.rela.plt
 *(.rela.plt)

.text           0x00000000     0x470c
 *(.vectors)
 .vectors       0x00000000       0x68 C:/Program Files (x86)/Atmel/Studio/7.0/Packs/atmel/ATmega_DFP/1.2.209/gcc/dev/atmega328p/avr5/crtatmega328p.o
                0x00000000                __vector_default
                0x00000000                __vectors
 *(.vectors)
 *(.progmem.gcc*)
 .progmem.gcc_sw_table.prvTimerTask
                0x00000068       0x14 D:\Users\Celine\ONEDRI~1.EDU\DOCUME~1\Schule\UNIVER~1\EECS47~1\Project\LIL_FI~1\LILFIS~1\LILFIS~1\ARDUIN~1\Debug\libArduinoCore.a(timers.o)
                0x0000007c                . = ALIGN (0x2)
                0x0000007c                __trampolines_start = .
 *(.trampolines)
 .trampolines   0x0000007c        0x0 linker stubs
 *(.trampolines*)
                0x0000007c                __trampolines_end = .
 *libprintf_flt.a:*(.progmem.data)
 *libc.a:*(.progmem.data)
 *(.progmem*)
 .progmem.data._ZZ9SameColorvE3__c
                0x0000007c       0x16 main.o
 .progmem.data._ZL15dscrc2x16_table
                0x00000092       0x20 OneWire.o
 .progmem.data.digital_pin_to_timer_PGM
                0x000000b2       0x14 D:\Users\Celine\ONEDRI~1.EDU\DOCUME~1\Schule\UNIVER~1\EECS47~1\Project\LIL_FI~1\LILFIS~1\LILFIS~1\ARDUIN~1\Debug\libArduinoCore.a(wiring_digital.o)
                0x000000b2                digital_pin_to_timer_PGM
 .progmem.data.digital_pin_to_bit_mask_PGM
                0x000000c6       0x14 D:\Users\Celine\ONEDRI~1.EDU\DOCUME~1\Schule\UNIVER~1\EECS47~1\Project\LIL_FI~1\LILFIS~1\LILFIS~1\ARDUIN~1\Debug\libArduinoCore.a(wiring_digital.o)
                0x000000c6                digital_pin_to_bit_mask_PGM
 .progmem.data.digital_pin_to_port_PGM
                0x000000da       0x14 D:\Users\Celine\ONEDRI~1.EDU\DOCUME~1\Schule\UNIVER~1\EECS47~1\Project\LIL_FI~1\LILFIS~1\LILFIS~1\ARDUIN~1\Debug\libArduinoCore.a(wiring_digital.o)
                0x000000da                digital_pin_to_port_PGM
 .progmem.data.port_to_input_PGM
                0x000000ee        0xa D:\Users\Celine\ONEDRI~1.EDU\DOCUME~1\Schule\UNIVER~1\EECS47~1\Project\LIL_FI~1\LILFIS~1\LILFIS~1\ARDUIN~1\Debug\libArduinoCore.a(wiring_digital.o)
                0x000000ee                port_to_input_PGM
 .progmem.data.port_to_output_PGM
                0x000000f8        0xa D:\Users\Celine\ONEDRI~1.EDU\DOCUME~1\Schule\UNIVER~1\EECS47~1\Project\LIL_FI~1\LILFIS~1\LILFIS~1\ARDUIN~1\Debug\libArduinoCore.a(wiring_digital.o)
                0x000000f8                port_to_output_PGM
 .progmem.data.port_to_mode_PGM
                0x00000102        0xa D:\Users\Celine\ONEDRI~1.EDU\DOCUME~1\Schule\UNIVER~1\EECS47~1\Project\LIL_FI~1\LILFIS~1\LILFIS~1\ARDUIN~1\Debug\libArduinoCore.a(wiring_digital.o)
                0x00000102                port_to_mode_PGM
                0x0000010c                . = ALIGN (0x2)
 *(.jumptables)
 *(.jumptables*)
 *(.lowtext)
 *(.lowtext*)
                0x0000010c                __ctors_start = .
 *(.ctors)
 .ctors         0x0000010c        0x2 main.o
 .ctors         0x0000010e        0x2 phSensor.o
 .ctors         0x00000110        0x2 D:\Users\Celine\ONEDRI~1.EDU\DOCUME~1\Schule\UNIVER~1\EECS47~1\Project\LIL_FI~1\LILFIS~1\LILFIS~1\ARDUIN~1\Debug\libArduinoCore.a(HardwareSerial0.o)
                0x00000112                __ctors_end = .
                0x00000112                __dtors_start = .
 *(.dtors)
 .dtors         0x00000112        0x2 main.o
 .dtors         0x00000114        0x2 phSensor.o
                0x00000116                __dtors_end = .
 SORT(*)(.ctors)
 SORT(*)(.dtors)
 *(.init0)
 .init0         0x00000116        0x0 C:/Program Files (x86)/Atmel/Studio/7.0/Packs/atmel/ATmega_DFP/1.2.209/gcc/dev/atmega328p/avr5/crtatmega328p.o
                0x00000116                __init
 *(.init0)
 *(.init1)
 *(.init1)
 *(.init2)
 .init2         0x00000116        0xc C:/Program Files (x86)/Atmel/Studio/7.0/Packs/atmel/ATmega_DFP/1.2.209/gcc/dev/atmega328p/avr5/crtatmega328p.o
 *(.init2)
 *(.init3)
 *(.init3)
 *(.init4)
 .init4         0x00000122       0x16 c:/program files (x86)/atmel/studio/7.0/toolchain/avr8/avr8-gnu-toolchain/bin/../lib/gcc/avr/5.4.0/avr5\libgcc.a(_copy_data.o)
                0x00000122                __do_copy_data
 .init4         0x00000138       0x10 c:/program files (x86)/atmel/studio/7.0/toolchain/avr8/avr8-gnu-toolchain/bin/../lib/gcc/avr/5.4.0/avr5\libgcc.a(_clear_bss.o)
                0x00000138                __do_clear_bss
 *(.init4)
 *(.init5)
 *(.init5)
 *(.init6)
 .init6         0x00000148       0x16 c:/program files (x86)/atmel/studio/7.0/toolchain/avr8/avr8-gnu-toolchain/bin/../lib/gcc/avr/5.4.0/avr5\libgcc.a(_ctors.o)
                0x00000148                __do_global_ctors
 *(.init6)
 *(.init7)
 *(.init7)
 *(.init8)
 *(.init8)
 *(.init9)
 .init9         0x0000015e        0x8 C:/Program Files (x86)/Atmel/Studio/7.0/Packs/atmel/ATmega_DFP/1.2.209/gcc/dev/atmega328p/avr5/crtatmega328p.o
 *(.init9)
 *(.text)
 .text          0x00000166        0x4 C:/Program Files (x86)/Atmel/Studio/7.0/Packs/atmel/ATmega_DFP/1.2.209/gcc/dev/atmega328p/avr5/crtatmega328p.o
                0x00000166                __vector_22
                0x00000166                __vector_24
                0x00000166                __vector_12
                0x00000166                __bad_interrupt
                0x00000166                __vector_3
                0x00000166                __vector_23
                0x00000166                __vector_25
                0x00000166                __vector_11
                0x00000166                __vector_13
                0x00000166                __vector_17
                0x00000166                __vector_5
                0x00000166                __vector_4
                0x00000166                __vector_9
                0x00000166                __vector_21
                0x00000166                __vector_15
                0x00000166                __vector_8
                0x00000166                __vector_14
                0x00000166                __vector_10
                0x00000166                __vector_20
                0x0000016a                . = ALIGN (0x2)
 *(.text.*)
 .text._ZN11EEPROMClass4readEi.isra.0
                0x0000016a        0x4 DFRobot_PH.o
 .text._ZN10DFRobot_PHC2Ev
                0x0000016e       0x4c DFRobot_PH.o
                0x0000016e                _ZN10DFRobot_PHC1Ev
                0x0000016e                _ZN10DFRobot_PHC2Ev
 .text._ZN10DFRobot_PHD2Ev
                0x000001ba        0x2 DFRobot_PH.o
                0x000001ba                _ZN10DFRobot_PHD2Ev
                0x000001ba                _ZN10DFRobot_PHD1Ev
 .text._ZN10DFRobot_PH5beginEv
                0x000001bc      0x15e DFRobot_PH.o
                0x000001bc                _ZN10DFRobot_PH5beginEv
 .text._ZN10DFRobot_PH6readPHEff
                0x0000031a      0x10c DFRobot_PH.o
                0x0000031a                _ZN10DFRobot_PH6readPHEff
 .text._ZN5Print5writeEPKc
                0x00000426       0x2a main.o
                0x00000426                _ZN5Print5writeEPKc
 .text._ZN14HardwareSerial5writeEi
                0x00000450        0xe main.o
                0x00000450                _ZN14HardwareSerial5writeEi
 .text._Z11measureTempv
                0x0000045e      0x16c main.o
                0x0000045e                _Z11measureTempv
 .text._Z9addColorsv
                0x000005ca      0x284 main.o
                0x000005ca                _Z9addColorsv
 .text._Z9SameColorv
                0x0000084e      0x12e main.o
                0x0000084e                _Z9SameColorv
 .text._Z9FindMatchv
                0x0000097c      0x108 main.o
                0x0000097c                _Z9FindMatchv
 .text._Z9ScanColorv
                0x00000a84       0x76 main.o
                0x00000a84                _Z9ScanColorv
 .text._Z13findTestStripv
                0x00000afa       0xde main.o
                0x00000afa                _Z13findTestStripv
 .text._Z6setLED8LEDColor
                0x00000bd8       0x48 main.o
                0x00000bd8                _Z6setLED8LEDColor
 .text._Z15TaskColorSensorPv
                0x00000c20      0x168 main.o
                0x00000c20                _Z15TaskColorSensorPv
 .text._Z20TaskPHandTemperaturePv
                0x00000d88      0x128 main.o
                0x00000d88                _Z20TaskPHandTemperaturePv
 .text._Z8setupLEDv
                0x00000eb0       0x34 main.o
                0x00000eb0                _Z8setupLEDv
 .text.setup    0x00000ee4       0xd8 main.o
                0x00000ee4                setup
 .text.loop     0x00000fbc        0x2 main.o
                0x00000fbc                loop
 .text.startup._GLOBAL__sub_I_ds
                0x00000fbe       0x18 main.o
 .text.exit._GLOBAL__sub_D_ds
                0x00000fd6        0x8 main.o
 .text._Z8fromWifiv
                0x00000fde       0xe8 main.o
                0x00000fde                _Z8fromWifiv
 .text._ZN7OneWire5resetEv
                0x000010c6       0x7e OneWire.o
                0x000010c6                _ZN7OneWire5resetEv
 .text._ZN7OneWire9write_bitEh
                0x00001144       0x66 OneWire.o
                0x00001144                _ZN7OneWire9write_bitEh
 .text._ZN7OneWire8read_bitEv
                0x000011aa       0x56 OneWire.o
                0x000011aa                _ZN7OneWire8read_bitEv
 .text._ZN7OneWire5writeEhh
                0x00001200       0x68 OneWire.o
                0x00001200                _ZN7OneWire5writeEhh
 .text._ZN7OneWire4readEv
                0x00001268       0x38 OneWire.o
                0x00001268                _ZN7OneWire4readEv
 .text._ZN7OneWire6selectEPKh
                0x000012a0       0x3e OneWire.o
                0x000012a0                _ZN7OneWire6selectEPKh
 .text._ZN7OneWire12reset_searchEv
                0x000012de       0x18 OneWire.o
                0x000012de                _ZN7OneWire12reset_searchEv
 .text._ZN7OneWire5beginEh
                0x000012f6       0x46 OneWire.o
                0x000012f6                _ZN7OneWire5beginEh
 .text._ZN7OneWire6searchEPhb
                0x0000133c      0x10e OneWire.o
                0x0000133c                _ZN7OneWire6searchEPhb
 .text._ZN7OneWire4crc8EPKhh
                0x0000144a       0x30 OneWire.o
                0x0000144a                _ZN7OneWire4crc8EPKhh
 .text._Z6phInitv
                0x0000147a        0x8 phSensor.o
                0x0000147a                _Z6phInitv
 .text._Z5getPHl
                0x00001482       0x6e phSensor.o
                0x00001482                _Z5getPHl
 .text.startup._GLOBAL__sub_I_ph
                0x000014f0        0x8 phSensor.o
 .text.exit._GLOBAL__sub_D_ph
                0x000014f8        0x8 phSensor.o
 .text._ZN9MD_TCS23010initialiseEv
                0x00001500       0x4e src/libraries/MD_TCS230/src/MD_TCS230.o
                0x00001500                _ZN9MD_TCS23010initialiseEv
 .text._ZN9MD_TCS230C2Ehhh
                0x0000154e       0x28 src/libraries/MD_TCS230/src/MD_TCS230.o
                0x0000154e                _ZN9MD_TCS230C1Ehhh
                0x0000154e                _ZN9MD_TCS230C2Ehhh
 .text._ZN9MD_TCS230D2Ev
                0x00001576        0x2 src/libraries/MD_TCS230/src/MD_TCS230.o
                0x00001576                _ZN9MD_TCS230D2Ev
                0x00001576                _ZN9MD_TCS230D1Ev
 .text._ZN9MD_TCS2309setFilterEh
                0x00001578       0x4c src/libraries/MD_TCS230/src/MD_TCS230.o
                0x00001578                _ZN9MD_TCS2309setFilterEh
 .text._ZN9MD_TCS23013setFrequency2Eh
                0x000015c4       0x4c src/libraries/MD_TCS230/src/MD_TCS230.o
                0x000015c4                _ZN9MD_TCS23013setFrequency2Eh
 .text._ZN9MD_TCS2309setEnableEb
                0x00001610       0x22 src/libraries/MD_TCS230/src/MD_TCS230.o
                0x00001610                _ZN9MD_TCS2309setEnableEb
 .text._ZN9MD_TCS2305beginEv
                0x00001632       0x56 src/libraries/MD_TCS230/src/MD_TCS230.o
                0x00001632                _ZN9MD_TCS2305beginEv
 .text._ZN9MD_TCS2306getRGBEP9colorData
                0x00001688       0x20 src/libraries/MD_TCS230/src/MD_TCS230.o
                0x00001688                _ZN9MD_TCS2306getRGBEP9colorData
 .text._ZN9MD_TCS23017RGBTransformationEv
                0x000016a8       0xb8 src/libraries/MD_TCS230/src/MD_TCS230.o
                0x000016a8                _ZN9MD_TCS23017RGBTransformationEv
 .text._ZN9MD_TCS2307readFSMEh
                0x00001760       0xbc src/libraries/MD_TCS230/src/MD_TCS230.o
                0x00001760                _ZN9MD_TCS2307readFSMEh
 .text._ZN9MD_TCS2304readEv
                0x0000181c       0x14 src/libraries/MD_TCS230/src/MD_TCS230.o
                0x0000181c                _ZN9MD_TCS2304readEv
 .text._ZN9MD_TCS2309availableEv
                0x00001830       0x1c src/libraries/MD_TCS230/src/MD_TCS230.o
                0x00001830                _ZN9MD_TCS2309availableEv
 .text.avr-libc.fplib
                0x0000184c        0xe c:/program files (x86)/atmel/studio/7.0/toolchain/avr8/avr8-gnu-toolchain/bin/../lib/gcc/avr/5.4.0/../../../../avr/lib/avr5\libm.a(addsf3.o)
                0x0000184c                __subsf3
                0x0000184e                __addsf3
 .text.avr-libc.fplib
                0x0000185a       0xcc c:/program files (x86)/atmel/studio/7.0/toolchain/avr8/avr8-gnu-toolchain/bin/../lib/gcc/avr/5.4.0/../../../../avr/lib/avr5\libm.a(addsf3x.o)
                0x0000187c                __addsf3x
 .text.avr-libc.fplib
                0x00001926        0xa c:/program files (x86)/atmel/studio/7.0/toolchain/avr8/avr8-gnu-toolchain/bin/../lib/gcc/avr/5.4.0/../../../../avr/lib/avr5\libm.a(cmpsf2.o)
                0x00001926                __nesf2
                0x00001926                __eqsf2
                0x00001926                __cmpsf2
                0x00001926                __ltsf2
                0x00001926                __lesf2
 .text.avr-libc.fplib
                0x00001930        0x8 c:/program files (x86)/atmel/studio/7.0/toolchain/avr8/avr8-gnu-toolchain/bin/../lib/gcc/avr/5.4.0/../../../../avr/lib/avr5\libm.a(divsf3.o)
                0x00001930                __divsf3
 .text.avr-libc.fplib
                0x00001938       0xdc c:/program files (x86)/atmel/studio/7.0/toolchain/avr8/avr8-gnu-toolchain/bin/../lib/gcc/avr/5.4.0/../../../../avr/lib/avr5\libm.a(divsf3x.o)
                0x00001958                __divsf3x
                0x0000195e                __divsf3_pse
 .text.avr-libc.fplib
                0x00001a14        0xe c:/program files (x86)/atmel/studio/7.0/toolchain/avr8/avr8-gnu-toolchain/bin/../lib/gcc/avr/5.4.0/../../../../avr/lib/avr5\libm.a(fixsfsi.o)
                0x00001a14                __fixsfsi
 .text.avr-libc.fplib
                0x00001a22       0x5e c:/program files (x86)/atmel/studio/7.0/toolchain/avr8/avr8-gnu-toolchain/bin/../lib/gcc/avr/5.4.0/../../../../avr/lib/avr5\libm.a(fixunssfsi.o)
                0x00001a22                __fixunssfsi
 .text.avr-libc.fplib
                0x00001a80       0x7a c:/program files (x86)/atmel/studio/7.0/toolchain/avr8/avr8-gnu-toolchain/bin/../lib/gcc/avr/5.4.0/../../../../avr/lib/avr5\libm.a(floatsisf.o)
                0x00001a80                __floatunsisf
                0x00001a84                __floatsisf
 .text.avr-libc.fplib
                0x00001afa       0x48 c:/program files (x86)/atmel/studio/7.0/toolchain/avr8/avr8-gnu-toolchain/bin/../lib/gcc/avr/5.4.0/../../../../avr/lib/avr5\libm.a(fp_cmp.o)
                0x00001afa                __fp_cmp
 .text.avr-libc.fplib
                0x00001b42        0xc c:/program files (x86)/atmel/studio/7.0/toolchain/avr8/avr8-gnu-toolchain/bin/../lib/gcc/avr/5.4.0/../../../../avr/lib/avr5\libm.a(fp_inf.o)
                0x00001b42                __fp_inf
 .text.avr-libc.fplib
                0x00001b4e        0x6 c:/program files (x86)/atmel/studio/7.0/toolchain/avr8/avr8-gnu-toolchain/bin/../lib/gcc/avr/5.4.0/../../../../avr/lib/avr5\libm.a(fp_nan.o)
                0x00001b4e                __fp_nan
 .text.avr-libc.fplib
                0x00001b54        0xe c:/program files (x86)/atmel/studio/7.0/toolchain/avr8/avr8-gnu-toolchain/bin/../lib/gcc/avr/5.4.0/../../../../avr/lib/avr5\libm.a(fp_pscA.o)
                0x00001b54                __fp_pscA
 .text.avr-libc.fplib
                0x00001b62        0xe c:/program files (x86)/atmel/studio/7.0/toolchain/avr8/avr8-gnu-toolchain/bin/../lib/gcc/avr/5.4.0/../../../../avr/lib/avr5\libm.a(fp_pscB.o)
                0x00001b62                __fp_pscB
 .text.avr-libc.fplib
                0x00001b70       0x22 c:/program files (x86)/atmel/studio/7.0/toolchain/avr8/avr8-gnu-toolchain/bin/../lib/gcc/avr/5.4.0/../../../../avr/lib/avr5\libm.a(fp_round.o)
                0x00001b70                __fp_round
 .text.avr-libc.fplib
                0x00001b92       0x44 c:/program files (x86)/atmel/studio/7.0/toolchain/avr8/avr8-gnu-toolchain/bin/../lib/gcc/avr/5.4.0/../../../../avr/lib/avr5\libm.a(fp_split3.o)
                0x00001b92                __fp_split3
                0x00001ba2                __fp_splitA
 .text.avr-libc.fplib
                0x00001bd6        0xe c:/program files (x86)/atmel/studio/7.0/toolchain/avr8/avr8-gnu-toolchain/bin/../lib/gcc/avr/5.4.0/../../../../avr/lib/avr5\libm.a(fp_zero.o)
                0x00001bd6                __fp_zero
                0x00001bd8                __fp_szero
 .text.avr-libc.fplib
                0x00001be4        0xa c:/program files (x86)/atmel/studio/7.0/toolchain/avr8/avr8-gnu-toolchain/bin/../lib/gcc/avr/5.4.0/../../../../avr/lib/avr5\libm.a(gesf2.o)
                0x00001be4                __gesf2
                0x00001be4                __gtsf2
 .text.avr-libc.fplib
                0x00001bee        0x8 c:/program files (x86)/atmel/studio/7.0/toolchain/avr8/avr8-gnu-toolchain/bin/../lib/gcc/avr/5.4.0/../../../../avr/lib/avr5\libm.a(mulsf3.o)
                0x00001bee                __mulsf3
 .text.avr-libc.fplib
                0x00001bf6       0xd2 c:/program files (x86)/atmel/studio/7.0/toolchain/avr8/avr8-gnu-toolchain/bin/../lib/gcc/avr/5.4.0/../../../../avr/lib/avr5\libm.a(mulsf3x.o)
                0x00001c14                __mulsf3x
                0x00001c1a                __mulsf3_pse
 .text._ZN14HardwareSerial9availableEv
                0x00001cc8       0x18 D:\Users\Celine\ONEDRI~1.EDU\DOCUME~1\Schule\UNIVER~1\EECS47~1\Project\LIL_FI~1\LILFIS~1\LILFIS~1\ARDUIN~1\Debug\libArduinoCore.a(HardwareSerial.o)
                0x00001cc8                _ZN14HardwareSerial9availableEv
 .text._ZN14HardwareSerial4peekEv
                0x00001ce0       0x1c D:\Users\Celine\ONEDRI~1.EDU\DOCUME~1\Schule\UNIVER~1\EECS47~1\Project\LIL_FI~1\LILFIS~1\LILFIS~1\ARDUIN~1\Debug\libArduinoCore.a(HardwareSerial.o)
                0x00001ce0                _ZN14HardwareSerial4peekEv
 .text._ZN14HardwareSerial4readEv
                0x00001cfc       0x28 D:\Users\Celine\ONEDRI~1.EDU\DOCUME~1\Schule\UNIVER~1\EECS47~1\Project\LIL_FI~1\LILFIS~1\LILFIS~1\ARDUIN~1\Debug\libArduinoCore.a(HardwareSerial.o)
                0x00001cfc                _ZN14HardwareSerial4readEv
 .text._ZN14HardwareSerial17availableForWriteEv
                0x00001d24       0x1e D:\Users\Celine\ONEDRI~1.EDU\DOCUME~1\Schule\UNIVER~1\EECS47~1\Project\LIL_FI~1\LILFIS~1\LILFIS~1\ARDUIN~1\Debug\libArduinoCore.a(HardwareSerial.o)
                0x00001d24                _ZN14HardwareSerial17availableForWriteEv
 .text._Z14serialEventRunv
                0x00001d42       0x1c D:\Users\Celine\ONEDRI~1.EDU\DOCUME~1\Schule\UNIVER~1\EECS47~1\Project\LIL_FI~1\LILFIS~1\LILFIS~1\ARDUIN~1\Debug\libArduinoCore.a(HardwareSerial.o)
                0x00001d42                _Z14serialEventRunv
 .text._ZN14HardwareSerial17_tx_udr_empty_irqEv
                0x00001d5e       0x44 D:\Users\Celine\ONEDRI~1.EDU\DOCUME~1\Schule\UNIVER~1\EECS47~1\Project\LIL_FI~1\LILFIS~1\LILFIS~1\ARDUIN~1\Debug\libArduinoCore.a(HardwareSerial.o)
                0x00001d5e                _ZN14HardwareSerial17_tx_udr_empty_irqEv
 .text._ZN14HardwareSerial5writeEh
                0x00001da2       0x9a D:\Users\Celine\ONEDRI~1.EDU\DOCUME~1\Schule\UNIVER~1\EECS47~1\Project\LIL_FI~1\LILFIS~1\LILFIS~1\ARDUIN~1\Debug\libArduinoCore.a(HardwareSerial.o)
                0x00001da2                _ZN14HardwareSerial5writeEh
 .text._ZN14HardwareSerial5flushEv
                0x00001e3c       0x44 D:\Users\Celine\ONEDRI~1.EDU\DOCUME~1\Schule\UNIVER~1\EECS47~1\Project\LIL_FI~1\LILFIS~1\LILFIS~1\ARDUIN~1\Debug\libArduinoCore.a(HardwareSerial.o)
                0x00001e3c                _ZN14HardwareSerial5flushEv
 .text._ZN14HardwareSerial5beginEmh
                0x00001e80       0xca D:\Users\Celine\ONEDRI~1.EDU\DOCUME~1\Schule\UNIVER~1\EECS47~1\Project\LIL_FI~1\LILFIS~1\LILFIS~1\ARDUIN~1\Debug\libArduinoCore.a(HardwareSerial.o)
                0x00001e80                _ZN14HardwareSerial5beginEmh
 .text.__vector_18
                0x00001f4a       0x64 D:\Users\Celine\ONEDRI~1.EDU\DOCUME~1\Schule\UNIVER~1\EECS47~1\Project\LIL_FI~1\LILFIS~1\LILFIS~1\ARDUIN~1\Debug\libArduinoCore.a(HardwareSerial0.o)
                0x00001f4a                __vector_18
 .text.__vector_19
                0x00001fae       0x4c D:\Users\Celine\ONEDRI~1.EDU\DOCUME~1\Schule\UNIVER~1\EECS47~1\Project\LIL_FI~1\LILFIS~1\LILFIS~1\ARDUIN~1\Debug\libArduinoCore.a(HardwareSerial0.o)
                0x00001fae                __vector_19
 .text._Z17Serial0_availablev
                0x00001ffa       0x14 D:\Users\Celine\ONEDRI~1.EDU\DOCUME~1\Schule\UNIVER~1\EECS47~1\Project\LIL_FI~1\LILFIS~1\LILFIS~1\ARDUIN~1\Debug\libArduinoCore.a(HardwareSerial0.o)
                0x00001ffa                _Z17Serial0_availablev
 .text.startup._GLOBAL__sub_I___vector_18
                0x0000200e       0x5a D:\Users\Celine\ONEDRI~1.EDU\DOCUME~1\Schule\UNIVER~1\EECS47~1\Project\LIL_FI~1\LILFIS~1\LILFIS~1\ARDUIN~1\Debug\libArduinoCore.a(HardwareSerial0.o)
 .text.startup.main
                0x00002068       0x1e D:\Users\Celine\ONEDRI~1.EDU\DOCUME~1\Schule\UNIVER~1\EECS47~1\Project\LIL_FI~1\LILFIS~1\LILFIS~1\ARDUIN~1\Debug\libArduinoCore.a(main.o)
                0x00002068                main
 .text._ZN5Print5writeEPKhj
                0x00002086       0x54 D:\Users\Celine\ONEDRI~1.EDU\DOCUME~1\Schule\UNIVER~1\EECS47~1\Project\LIL_FI~1\LILFIS~1\LILFIS~1\ARDUIN~1\Debug\libArduinoCore.a(Print.o)
                0x00002086                _ZN5Print5writeEPKhj
 .text._ZN5Print5printEPK19__FlashStringHelper
                0x000020da       0x48 D:\Users\Celine\ONEDRI~1.EDU\DOCUME~1\Schule\UNIVER~1\EECS47~1\Project\LIL_FI~1\LILFIS~1\LILFIS~1\ARDUIN~1\Debug\libArduinoCore.a(Print.o)
                0x000020da                _ZN5Print5printEPK19__FlashStringHelper
 .text._ZN5Print5printEPKc
                0x00002122        0x4 D:\Users\Celine\ONEDRI~1.EDU\DOCUME~1\Schule\UNIVER~1\EECS47~1\Project\LIL_FI~1\LILFIS~1\LILFIS~1\ARDUIN~1\Debug\libArduinoCore.a(Print.o)
                0x00002122                _ZN5Print5printEPKc
 .text._ZN5Print5printEc
                0x00002126        0xe D:\Users\Celine\ONEDRI~1.EDU\DOCUME~1\Schule\UNIVER~1\EECS47~1\Project\LIL_FI~1\LILFIS~1\LILFIS~1\ARDUIN~1\Debug\libArduinoCore.a(Print.o)
                0x00002126                _ZN5Print5printEc
 .text._ZN5Print7printlnEv
                0x00002134        0x8 D:\Users\Celine\ONEDRI~1.EDU\DOCUME~1\Schule\UNIVER~1\EECS47~1\Project\LIL_FI~1\LILFIS~1\LILFIS~1\ARDUIN~1\Debug\libArduinoCore.a(Print.o)
                0x00002134                _ZN5Print7printlnEv
 .text._ZN5Print7printlnEPKc
                0x0000213c       0x24 D:\Users\Celine\ONEDRI~1.EDU\DOCUME~1\Schule\UNIVER~1\EECS47~1\Project\LIL_FI~1\LILFIS~1\LILFIS~1\ARDUIN~1\Debug\libArduinoCore.a(Print.o)
                0x0000213c                _ZN5Print7printlnEPKc
 .text._ZN5Print11printNumberEmh
                0x00002160       0x92 D:\Users\Celine\ONEDRI~1.EDU\DOCUME~1\Schule\UNIVER~1\EECS47~1\Project\LIL_FI~1\LILFIS~1\LILFIS~1\ARDUIN~1\Debug\libArduinoCore.a(Print.o)
                0x00002160                _ZN5Print11printNumberEmh
 .text._ZN5Print5printEmi
                0x000021f2       0x1a D:\Users\Celine\ONEDRI~1.EDU\DOCUME~1\Schule\UNIVER~1\EECS47~1\Project\LIL_FI~1\LILFIS~1\LILFIS~1\ARDUIN~1\Debug\libArduinoCore.a(Print.o)
                0x000021f2                _ZN5Print5printEmi
 .text._ZN5Print5printEhi
                0x0000220c        0xe D:\Users\Celine\ONEDRI~1.EDU\DOCUME~1\Schule\UNIVER~1\EECS47~1\Project\LIL_FI~1\LILFIS~1\LILFIS~1\ARDUIN~1\Debug\libArduinoCore.a(Print.o)
                0x0000220c                _ZN5Print5printEhi
 .text._ZN5Print7printlnEhi
                0x0000221a       0x24 D:\Users\Celine\ONEDRI~1.EDU\DOCUME~1\Schule\UNIVER~1\EECS47~1\Project\LIL_FI~1\LILFIS~1\LILFIS~1\ARDUIN~1\Debug\libArduinoCore.a(Print.o)
                0x0000221a                _ZN5Print7printlnEhi
 .text._ZN5Print5printEji
                0x0000223e        0xc D:\Users\Celine\ONEDRI~1.EDU\DOCUME~1\Schule\UNIVER~1\EECS47~1\Project\LIL_FI~1\LILFIS~1\LILFIS~1\ARDUIN~1\Debug\libArduinoCore.a(Print.o)
                0x0000223e                _ZN5Print5printEji
 .text._ZN5Print5printEli
                0x0000224a       0x90 D:\Users\Celine\ONEDRI~1.EDU\DOCUME~1\Schule\UNIVER~1\EECS47~1\Project\LIL_FI~1\LILFIS~1\LILFIS~1\ARDUIN~1\Debug\libArduinoCore.a(Print.o)
                0x0000224a                _ZN5Print5printEli
 .text._ZN5Print5printEii
                0x000022da        0xe D:\Users\Celine\ONEDRI~1.EDU\DOCUME~1\Schule\UNIVER~1\EECS47~1\Project\LIL_FI~1\LILFIS~1\LILFIS~1\ARDUIN~1\Debug\libArduinoCore.a(Print.o)
                0x000022da                _ZN5Print5printEii
 .text._ZN5Print7printlnEii
                0x000022e8       0x24 D:\Users\Celine\ONEDRI~1.EDU\DOCUME~1\Schule\UNIVER~1\EECS47~1\Project\LIL_FI~1\LILFIS~1\LILFIS~1\ARDUIN~1\Debug\libArduinoCore.a(Print.o)
                0x000022e8                _ZN5Print7printlnEii
 .text._ZN5Print10printFloatEdh
                0x0000230c      0x1b6 D:\Users\Celine\ONEDRI~1.EDU\DOCUME~1\Schule\UNIVER~1\EECS47~1\Project\LIL_FI~1\LILFIS~1\LILFIS~1\ARDUIN~1\Debug\libArduinoCore.a(Print.o)
                0x0000230c                _ZN5Print10printFloatEdh
 .text._ZN5Print7printlnEdi
                0x000024c2       0x24 D:\Users\Celine\ONEDRI~1.EDU\DOCUME~1\Schule\UNIVER~1\EECS47~1\Project\LIL_FI~1\LILFIS~1\LILFIS~1\ARDUIN~1\Debug\libArduinoCore.a(Print.o)
                0x000024c2                _ZN5Print7printlnEdi
 .text.nothing  0x000024e6        0x2 D:\Users\Celine\ONEDRI~1.EDU\DOCUME~1\Schule\UNIVER~1\EECS47~1\Project\LIL_FI~1\LILFIS~1\LILFIS~1\ARDUIN~1\Debug\libArduinoCore.a(WInterrupts.o)
 .text.attachInterrupt
                0x000024e8       0x40 D:\Users\Celine\ONEDRI~1.EDU\DOCUME~1\Schule\UNIVER~1\EECS47~1\Project\LIL_FI~1\LILFIS~1\LILFIS~1\ARDUIN~1\Debug\libArduinoCore.a(WInterrupts.o)
                0x000024e8                attachInterrupt
 .text.__vector_1
                0x00002528       0x4e D:\Users\Celine\ONEDRI~1.EDU\DOCUME~1\Schule\UNIVER~1\EECS47~1\Project\LIL_FI~1\LILFIS~1\LILFIS~1\ARDUIN~1\Debug\libArduinoCore.a(WInterrupts.o)
                0x00002528                __vector_1
 .text.__vector_2
                0x00002576       0x4e D:\Users\Celine\ONEDRI~1.EDU\DOCUME~1\Schule\UNIVER~1\EECS47~1\Project\LIL_FI~1\LILFIS~1\LILFIS~1\ARDUIN~1\Debug\libArduinoCore.a(WInterrupts.o)
                0x00002576                __vector_2
 .text.__vector_16
                0x000025c4       0x94 D:\Users\Celine\ONEDRI~1.EDU\DOCUME~1\Schule\UNIVER~1\EECS47~1\Project\LIL_FI~1\LILFIS~1\LILFIS~1\ARDUIN~1\Debug\libArduinoCore.a(wiring.o)
                0x000025c4                __vector_16
 .text.micros   0x00002658       0x4a D:\Users\Celine\ONEDRI~1.EDU\DOCUME~1\Schule\UNIVER~1\EECS47~1\Project\LIL_FI~1\LILFIS~1\LILFIS~1\ARDUIN~1\Debug\libArduinoCore.a(wiring.o)
                0x00002658                micros
 .text.delay    0x000026a2       0x78 D:\Users\Celine\ONEDRI~1.EDU\DOCUME~1\Schule\UNIVER~1\EECS47~1\Project\LIL_FI~1\LILFIS~1\LILFIS~1\ARDUIN~1\Debug\libArduinoCore.a(wiring.o)
                0x000026a2                delay
 .text.delayMicroseconds
                0x0000271a       0x16 D:\Users\Celine\ONEDRI~1.EDU\DOCUME~1\Schule\UNIVER~1\EECS47~1\Project\LIL_FI~1\LILFIS~1\LILFIS~1\ARDUIN~1\Debug\libArduinoCore.a(wiring.o)
                0x0000271a                delayMicroseconds
 .text.init     0x00002730       0x76 D:\Users\Celine\ONEDRI~1.EDU\DOCUME~1\Schule\UNIVER~1\EECS47~1\Project\LIL_FI~1\LILFIS~1\LILFIS~1\ARDUIN~1\Debug\libArduinoCore.a(wiring.o)
                0x00002730                init
 .text.analogRead
                0x000027a6       0x3a D:\Users\Celine\ONEDRI~1.EDU\DOCUME~1\Schule\UNIVER~1\EECS47~1\Project\LIL_FI~1\LILFIS~1\LILFIS~1\ARDUIN~1\Debug\libArduinoCore.a(wiring_analog.o)
                0x000027a6                analogRead
 .text.analogWrite
                0x000027e0       0xbe D:\Users\Celine\ONEDRI~1.EDU\DOCUME~1\Schule\UNIVER~1\EECS47~1\Project\LIL_FI~1\LILFIS~1\LILFIS~1\ARDUIN~1\Debug\libArduinoCore.a(wiring_analog.o)
                0x000027e0                analogWrite
 .text.turnOffPWM
                0x0000289e       0x52 D:\Users\Celine\ONEDRI~1.EDU\DOCUME~1\Schule\UNIVER~1\EECS47~1\Project\LIL_FI~1\LILFIS~1\LILFIS~1\ARDUIN~1\Debug\libArduinoCore.a(wiring_digital.o)
 .text.pinMode  0x000028f0       0x78 D:\Users\Celine\ONEDRI~1.EDU\DOCUME~1\Schule\UNIVER~1\EECS47~1\Project\LIL_FI~1\LILFIS~1\LILFIS~1\ARDUIN~1\Debug\libArduinoCore.a(wiring_digital.o)
                0x000028f0                pinMode
 .text.digitalWrite
                0x00002968       0x5e D:\Users\Celine\ONEDRI~1.EDU\DOCUME~1\Schule\UNIVER~1\EECS47~1\Project\LIL_FI~1\LILFIS~1\LILFIS~1\ARDUIN~1\Debug\libArduinoCore.a(wiring_digital.o)
                0x00002968                digitalWrite
 .text.prvResetNextTaskUnblockTime
                0x000029c6       0x36 D:\Users\Celine\ONEDRI~1.EDU\DOCUME~1\Schule\UNIVER~1\EECS47~1\Project\LIL_FI~1\LILFIS~1\LILFIS~1\ARDUIN~1\Debug\libArduinoCore.a(tasks.o)
 .text.hot.prvAddCurrentTaskToDelayedList
                0x000029fc       0xb8 D:\Users\Celine\ONEDRI~1.EDU\DOCUME~1\Schule\UNIVER~1\EECS47~1\Project\LIL_FI~1\LILFIS~1\LILFIS~1\ARDUIN~1\Debug\libArduinoCore.a(tasks.o)
 .text.prvIdleTask
                0x00002ab4       0x5c D:\Users\Celine\ONEDRI~1.EDU\DOCUME~1\Schule\UNIVER~1\EECS47~1\Project\LIL_FI~1\LILFIS~1\LILFIS~1\ARDUIN~1\Debug\libArduinoCore.a(tasks.o)
 .text.hot.xTaskCreate
                0x00002b10      0x218 D:\Users\Celine\ONEDRI~1.EDU\DOCUME~1\Schule\UNIVER~1\EECS47~1\Project\LIL_FI~1\LILFIS~1\LILFIS~1\ARDUIN~1\Debug\libArduinoCore.a(tasks.o)
                0x00002b10                xTaskCreate
 .text.hot.vTaskResume
                0x00002d28       0x92 D:\Users\Celine\ONEDRI~1.EDU\DOCUME~1\Schule\UNIVER~1\EECS47~1\Project\LIL_FI~1\LILFIS~1\LILFIS~1\ARDUIN~1\Debug\libArduinoCore.a(tasks.o)
                0x00002d28                vTaskResume
 .text.hot.vTaskStartScheduler
                0x00002dba       0x5c D:\Users\Celine\ONEDRI~1.EDU\DOCUME~1\Schule\UNIVER~1\EECS47~1\Project\LIL_FI~1\LILFIS~1\LILFIS~1\ARDUIN~1\Debug\libArduinoCore.a(tasks.o)
                0x00002dba                vTaskStartScheduler
 .text.hot.vTaskSuspendAll
                0x00002e16        0xc D:\Users\Celine\ONEDRI~1.EDU\DOCUME~1\Schule\UNIVER~1\EECS47~1\Project\LIL_FI~1\LILFIS~1\LILFIS~1\ARDUIN~1\Debug\libArduinoCore.a(tasks.o)
                0x00002e16                vTaskSuspendAll
 .text.hot.xTaskGetTickCount
                0x00002e22       0x14 D:\Users\Celine\ONEDRI~1.EDU\DOCUME~1\Schule\UNIVER~1\EECS47~1\Project\LIL_FI~1\LILFIS~1\LILFIS~1\ARDUIN~1\Debug\libArduinoCore.a(tasks.o)
                0x00002e22                xTaskGetTickCount
 .text.hot.xTaskIncrementTick
                0x00002e36      0x158 D:\Users\Celine\ONEDRI~1.EDU\DOCUME~1\Schule\UNIVER~1\EECS47~1\Project\LIL_FI~1\LILFIS~1\LILFIS~1\ARDUIN~1\Debug\libArduinoCore.a(tasks.o)
                0x00002e36                xTaskIncrementTick
 .text.hot.xTaskResumeAll
                0x00002f8e       0xde D:\Users\Celine\ONEDRI~1.EDU\DOCUME~1\Schule\UNIVER~1\EECS47~1\Project\LIL_FI~1\LILFIS~1\LILFIS~1\ARDUIN~1\Debug\libArduinoCore.a(tasks.o)
                0x00002f8e                xTaskResumeAll
 .text.hot.vTaskDelayUntil
                0x0000306c       0x70 D:\Users\Celine\ONEDRI~1.EDU\DOCUME~1\Schule\UNIVER~1\EECS47~1\Project\LIL_FI~1\LILFIS~1\LILFIS~1\ARDUIN~1\Debug\libArduinoCore.a(tasks.o)
                0x0000306c                vTaskDelayUntil
 .text.hot.vTaskSwitchContext
                0x000030dc       0xbc D:\Users\Celine\ONEDRI~1.EDU\DOCUME~1\Schule\UNIVER~1\EECS47~1\Project\LIL_FI~1\LILFIS~1\LILFIS~1\ARDUIN~1\Debug\libArduinoCore.a(tasks.o)
                0x000030dc                vTaskSwitchContext
 .text.hot.vTaskPlaceOnEventList
                0x00003198       0x22 D:\Users\Celine\ONEDRI~1.EDU\DOCUME~1\Schule\UNIVER~1\EECS47~1\Project\LIL_FI~1\LILFIS~1\LILFIS~1\ARDUIN~1\Debug\libArduinoCore.a(tasks.o)
                0x00003198                vTaskPlaceOnEventList
 .text.hot.vTaskPlaceOnEventListRestricted
                0x000031ba       0x30 D:\Users\Celine\ONEDRI~1.EDU\DOCUME~1\Schule\UNIVER~1\EECS47~1\Project\LIL_FI~1\LILFIS~1\LILFIS~1\ARDUIN~1\Debug\libArduinoCore.a(tasks.o)
                0x000031ba                vTaskPlaceOnEventListRestricted
 .text.hot.xTaskRemoveFromEventList
                0x000031ea       0x80 D:\Users\Celine\ONEDRI~1.EDU\DOCUME~1\Schule\UNIVER~1\EECS47~1\Project\LIL_FI~1\LILFIS~1\LILFIS~1\ARDUIN~1\Debug\libArduinoCore.a(tasks.o)
                0x000031ea                xTaskRemoveFromEventList
 .text.hot.vTaskInternalSetTimeOutState
                0x0000326a       0x16 D:\Users\Celine\ONEDRI~1.EDU\DOCUME~1\Schule\UNIVER~1\EECS47~1\Project\LIL_FI~1\LILFIS~1\LILFIS~1\ARDUIN~1\Debug\libArduinoCore.a(tasks.o)
                0x0000326a                vTaskInternalSetTimeOutState
 .text.hot.xTaskCheckForTimeOut
                0x00003280       0x66 D:\Users\Celine\ONEDRI~1.EDU\DOCUME~1\Schule\UNIVER~1\EECS47~1\Project\LIL_FI~1\LILFIS~1\LILFIS~1\ARDUIN~1\Debug\libArduinoCore.a(tasks.o)
                0x00003280                xTaskCheckForTimeOut
 .text.hot.vTaskMissedYield
                0x000032e6        0x8 D:\Users\Celine\ONEDRI~1.EDU\DOCUME~1\Schule\UNIVER~1\EECS47~1\Project\LIL_FI~1\LILFIS~1\LILFIS~1\ARDUIN~1\Debug\libArduinoCore.a(tasks.o)
                0x000032e6                vTaskMissedYield
 .text.hot.xTaskGetSchedulerState
                0x000032ee       0x1c D:\Users\Celine\ONEDRI~1.EDU\DOCUME~1\Schule\UNIVER~1\EECS47~1\Project\LIL_FI~1\LILFIS~1\LILFIS~1\ARDUIN~1\Debug\libArduinoCore.a(tasks.o)
                0x000032ee                xTaskGetSchedulerState
 .text.hot.xTaskPriorityDisinherit
                0x0000330a       0x74 D:\Users\Celine\ONEDRI~1.EDU\DOCUME~1\Schule\UNIVER~1\EECS47~1\Project\LIL_FI~1\LILFIS~1\LILFIS~1\ARDUIN~1\Debug\libArduinoCore.a(tasks.o)
                0x0000330a                xTaskPriorityDisinherit
 .text.hot.prvCheckForValidListAndQueue
                0x0000337e       0x52 D:\Users\Celine\ONEDRI~1.EDU\DOCUME~1\Schule\UNIVER~1\EECS47~1\Project\LIL_FI~1\LILFIS~1\LILFIS~1\ARDUIN~1\Debug\libArduinoCore.a(timers.o)
 .text.hot.prvInsertTimerInActiveList
                0x000033d0       0x54 D:\Users\Celine\ONEDRI~1.EDU\DOCUME~1\Schule\UNIVER~1\EECS47~1\Project\LIL_FI~1\LILFIS~1\LILFIS~1\ARDUIN~1\Debug\libArduinoCore.a(timers.o)
 .text.hot.xTimerCreateTimerTask
                0x00003424       0x40 D:\Users\Celine\ONEDRI~1.EDU\DOCUME~1\Schule\UNIVER~1\EECS47~1\Project\LIL_FI~1\LILFIS~1\LILFIS~1\ARDUIN~1\Debug\libArduinoCore.a(timers.o)
                0x00003424                xTimerCreateTimerTask
 .text.hot.xTimerGenericCommand
                0x00003464       0x7e D:\Users\Celine\ONEDRI~1.EDU\DOCUME~1\Schule\UNIVER~1\EECS47~1\Project\LIL_FI~1\LILFIS~1\LILFIS~1\ARDUIN~1\Debug\libArduinoCore.a(timers.o)
                0x00003464                xTimerGenericCommand
 .text.hot.prvSwitchTimerLists
                0x000034e2       0xa2 D:\Users\Celine\ONEDRI~1.EDU\DOCUME~1\Schule\UNIVER~1\EECS47~1\Project\LIL_FI~1\LILFIS~1\LILFIS~1\ARDUIN~1\Debug\libArduinoCore.a(timers.o)
 .text.hot.prvTimerTask
                0x00003584      0x206 D:\Users\Celine\ONEDRI~1.EDU\DOCUME~1\Schule\UNIVER~1\EECS47~1\Project\LIL_FI~1\LILFIS~1\LILFIS~1\ARDUIN~1\Debug\libArduinoCore.a(timers.o)
 .text.initVariant
                0x0000378a        0xa D:\Users\Celine\ONEDRI~1.EDU\DOCUME~1\Schule\UNIVER~1\EECS47~1\Project\LIL_FI~1\LILFIS~1\LILFIS~1\ARDUIN~1\Debug\libArduinoCore.a(variantHooks.o)
                0x0000378a                initVariant
 .text.vApplicationIdleHook
                0x00003794       0x12 D:\Users\Celine\ONEDRI~1.EDU\DOCUME~1\Schule\UNIVER~1\EECS47~1\Project\LIL_FI~1\LILFIS~1\LILFIS~1\ARDUIN~1\Debug\libArduinoCore.a(variantHooks.o)
                0x00003794                vApplicationIdleHook
 .text.vApplicationMallocFailedHook
                0x000037a6       0x1a D:\Users\Celine\ONEDRI~1.EDU\DOCUME~1\Schule\UNIVER~1\EECS47~1\Project\LIL_FI~1\LILFIS~1\LILFIS~1\ARDUIN~1\Debug\libArduinoCore.a(variantHooks.o)
                0x000037a6                vApplicationMallocFailedHook
 .text.vApplicationStackOverflowHook
                0x000037c0       0x1a D:\Users\Celine\ONEDRI~1.EDU\DOCUME~1\Schule\UNIVER~1\EECS47~1\Project\LIL_FI~1\LILFIS~1\LILFIS~1\ARDUIN~1\Debug\libArduinoCore.a(variantHooks.o)
                0x000037c0                vApplicationStackOverflowHook
 .text._ZN14FreqCountClass5beginEj
                0x000037da       0xf0 D:\Users\Celine\ONEDRI~1.EDU\DOCUME~1\Schule\UNIVER~1\EECS47~1\Project\LIL_FI~1\LILFIS~1\LILFIS~1\ARDUIN~1\Debug\libArduinoCore.a(FreqCount.o)
                0x000037da                _ZN14FreqCountClass5beginEj
 .text._ZN14FreqCountClass9availableEv
                0x000038ca        0x6 D:\Users\Celine\ONEDRI~1.EDU\DOCUME~1\Schule\UNIVER~1\EECS47~1\Project\LIL_FI~1\LILFIS~1\LILFIS~1\ARDUIN~1\Debug\libArduinoCore.a(FreqCount.o)
                0x000038ca                _ZN14FreqCountClass9availableEv
 .text._ZN14FreqCountClass4readEv
                0x000038d0       0x1c D:\Users\Celine\ONEDRI~1.EDU\DOCUME~1\Schule\UNIVER~1\EECS47~1\Project\LIL_FI~1\LILFIS~1\LILFIS~1\ARDUIN~1\Debug\libArduinoCore.a(FreqCount.o)
                0x000038d0                _ZN14FreqCountClass4readEv
 .text._ZN14FreqCountClass3endEv
                0x000038ec       0x2e D:\Users\Celine\ONEDRI~1.EDU\DOCUME~1\Schule\UNIVER~1\EECS47~1\Project\LIL_FI~1\LILFIS~1\LILFIS~1\ARDUIN~1\Debug\libArduinoCore.a(FreqCount.o)
                0x000038ec                _ZN14FreqCountClass3endEv
 .text.__vector_7
                0x0000391a       0xec D:\Users\Celine\ONEDRI~1.EDU\DOCUME~1\Schule\UNIVER~1\EECS47~1\Project\LIL_FI~1\LILFIS~1\LILFIS~1\ARDUIN~1\Debug\libArduinoCore.a(FreqCount.o)
                0x0000391a                __vector_7
 .text.__empty  0x00003a06        0x2 D:\Users\Celine\ONEDRI~1.EDU\DOCUME~1\Schule\UNIVER~1\EECS47~1\Project\LIL_FI~1\LILFIS~1\LILFIS~1\ARDUIN~1\Debug\libArduinoCore.a(hooks.o)
                0x00003a06                yield
 .text.hot.pvPortMalloc
                0x00003a08       0x26 D:\Users\Celine\ONEDRI~1.EDU\DOCUME~1\Schule\UNIVER~1\EECS47~1\Project\LIL_FI~1\LILFIS~1\LILFIS~1\ARDUIN~1\Debug\libArduinoCore.a(heap_3.o)
                0x00003a08                pvPortMalloc
 .text.hot.vPortFree
                0x00003a2e       0x22 D:\Users\Celine\ONEDRI~1.EDU\DOCUME~1\Schule\UNIVER~1\EECS47~1\Project\LIL_FI~1\LILFIS~1\LILFIS~1\ARDUIN~1\Debug\libArduinoCore.a(heap_3.o)
                0x00003a2e                vPortFree
 .text.hot.vListInitialise
                0x00003a50       0x1c D:\Users\Celine\ONEDRI~1.EDU\DOCUME~1\Schule\UNIVER~1\EECS47~1\Project\LIL_FI~1\LILFIS~1\LILFIS~1\ARDUIN~1\Debug\libArduinoCore.a(list.o)
                0x00003a50                vListInitialise
 .text.hot.vListInitialiseItem
                0x00003a6c        0x8 D:\Users\Celine\ONEDRI~1.EDU\DOCUME~1\Schule\UNIVER~1\EECS47~1\Project\LIL_FI~1\LILFIS~1\LILFIS~1\ARDUIN~1\Debug\libArduinoCore.a(list.o)
                0x00003a6c                vListInitialiseItem
 .text.hot.vListInsertEnd
                0x00003a74       0x42 D:\Users\Celine\ONEDRI~1.EDU\DOCUME~1\Schule\UNIVER~1\EECS47~1\Project\LIL_FI~1\LILFIS~1\LILFIS~1\ARDUIN~1\Debug\libArduinoCore.a(list.o)
                0x00003a74                vListInsertEnd
 .text.hot.vListInsert
                0x00003ab6       0x70 D:\Users\Celine\ONEDRI~1.EDU\DOCUME~1\Schule\UNIVER~1\EECS47~1\Project\LIL_FI~1\LILFIS~1\LILFIS~1\ARDUIN~1\Debug\libArduinoCore.a(list.o)
                0x00003ab6                vListInsert
 .text.hot.uxListRemove
                0x00003b26       0x48 D:\Users\Celine\ONEDRI~1.EDU\DOCUME~1\Schule\UNIVER~1\EECS47~1\Project\LIL_FI~1\LILFIS~1\LILFIS~1\ARDUIN~1\Debug\libArduinoCore.a(list.o)
                0x00003b26                uxListRemove
 .text.hot.pxPortInitialiseStack
                0x00003b6e       0xd8 D:\Users\Celine\ONEDRI~1.EDU\DOCUME~1\Schule\UNIVER~1\EECS47~1\Project\LIL_FI~1\LILFIS~1\LILFIS~1\ARDUIN~1\Debug\libArduinoCore.a(port.o)
                0x00003b6e                pxPortInitialiseStack
 .text.hot.xPortStartScheduler
                0x00003c46       0x70 D:\Users\Celine\ONEDRI~1.EDU\DOCUME~1\Schule\UNIVER~1\EECS47~1\Project\LIL_FI~1\LILFIS~1\LILFIS~1\ARDUIN~1\Debug\libArduinoCore.a(port.o)
                0x00003c46                xPortStartScheduler
 .text.hot.vPortYield
                0x00003cb6       0xb2 D:\Users\Celine\ONEDRI~1.EDU\DOCUME~1\Schule\UNIVER~1\EECS47~1\Project\LIL_FI~1\LILFIS~1\LILFIS~1\ARDUIN~1\Debug\libArduinoCore.a(port.o)
                0x00003cb6                vPortYield
 .text.hot.vPortYieldFromTick
                0x00003d68       0xba D:\Users\Celine\ONEDRI~1.EDU\DOCUME~1\Schule\UNIVER~1\EECS47~1\Project\LIL_FI~1\LILFIS~1\LILFIS~1\ARDUIN~1\Debug\libArduinoCore.a(port.o)
                0x00003d68                vPortYieldFromTick
 .text.hot.__vector_6
                0x00003e22        0x6 D:\Users\Celine\ONEDRI~1.EDU\DOCUME~1\Schule\UNIVER~1\EECS47~1\Project\LIL_FI~1\LILFIS~1\LILFIS~1\ARDUIN~1\Debug\libArduinoCore.a(port.o)
                0x00003e22                __vector_6
 .text.hot.prvIsQueueEmpty
                0x00003e28       0x16 D:\Users\Celine\ONEDRI~1.EDU\DOCUME~1\Schule\UNIVER~1\EECS47~1\Project\LIL_FI~1\LILFIS~1\LILFIS~1\ARDUIN~1\Debug\libArduinoCore.a(queue.o)
 .text.hot.prvCopyDataToQueue
                0x00003e3e       0xa6 D:\Users\Celine\ONEDRI~1.EDU\DOCUME~1\Schule\UNIVER~1\EECS47~1\Project\LIL_FI~1\LILFIS~1\LILFIS~1\ARDUIN~1\Debug\libArduinoCore.a(queue.o)
 .text.hot.prvCopyDataFromQueue
                0x00003ee4       0x34 D:\Users\Celine\ONEDRI~1.EDU\DOCUME~1\Schule\UNIVER~1\EECS47~1\Project\LIL_FI~1\LILFIS~1\LILFIS~1\ARDUIN~1\Debug\libArduinoCore.a(queue.o)
 .text.hot.prvUnlockQueue
                0x00003f18       0x7c D:\Users\Celine\ONEDRI~1.EDU\DOCUME~1\Schule\UNIVER~1\EECS47~1\Project\LIL_FI~1\LILFIS~1\LILFIS~1\ARDUIN~1\Debug\libArduinoCore.a(queue.o)
 .text.hot.xQueueGenericReset
                0x00003f94       0x7e D:\Users\Celine\ONEDRI~1.EDU\DOCUME~1\Schule\UNIVER~1\EECS47~1\Project\LIL_FI~1\LILFIS~1\LILFIS~1\ARDUIN~1\Debug\libArduinoCore.a(queue.o)
                0x00003f94                xQueueGenericReset
 .text.hot.xQueueGenericCreate
                0x00004012       0x50 D:\Users\Celine\ONEDRI~1.EDU\DOCUME~1\Schule\UNIVER~1\EECS47~1\Project\LIL_FI~1\LILFIS~1\LILFIS~1\ARDUIN~1\Debug\libArduinoCore.a(queue.o)
                0x00004012                xQueueGenericCreate
 .text.hot.xQueueGenericSend
                0x00004062      0x12c D:\Users\Celine\ONEDRI~1.EDU\DOCUME~1\Schule\UNIVER~1\EECS47~1\Project\LIL_FI~1\LILFIS~1\LILFIS~1\ARDUIN~1\Debug\libArduinoCore.a(queue.o)
                0x00004062                xQueueGenericSend
 .text.hot.xQueueGenericSendFromISR
                0x0000418e       0x5e D:\Users\Celine\ONEDRI~1.EDU\DOCUME~1\Schule\UNIVER~1\EECS47~1\Project\LIL_FI~1\LILFIS~1\LILFIS~1\ARDUIN~1\Debug\libArduinoCore.a(queue.o)
                0x0000418e                xQueueGenericSendFromISR
 .text.hot.xQueueReceive
                0x000041ec      0x124 D:\Users\Celine\ONEDRI~1.EDU\DOCUME~1\Schule\UNIVER~1\EECS47~1\Project\LIL_FI~1\LILFIS~1\LILFIS~1\ARDUIN~1\Debug\libArduinoCore.a(queue.o)
                0x000041ec                xQueueReceive
 .text.hot.vQueueWaitForMessageRestricted
                0x00004310       0x38 D:\Users\Celine\ONEDRI~1.EDU\DOCUME~1\Schule\UNIVER~1\EECS47~1\Project\LIL_FI~1\LILFIS~1\LILFIS~1\ARDUIN~1\Debug\libArduinoCore.a(queue.o)
                0x00004310                vQueueWaitForMessageRestricted
 .text.avr-libc.fplib
                0x00004348        0xa c:/program files (x86)/atmel/studio/7.0/toolchain/avr8/avr8-gnu-toolchain/bin/../lib/gcc/avr/5.4.0/../../../../avr/lib/avr5\libm.a(unordsf2.o)
                0x00004348                __unordsf2
 .text.libgcc.div
                0x00004352       0x28 c:/program files (x86)/atmel/studio/7.0/toolchain/avr8/avr8-gnu-toolchain/bin/../lib/gcc/avr/5.4.0/avr5\libgcc.a(_divmodhi4.o)
                0x00004352                _div
                0x00004352                __divmodhi4
 .text.libgcc.div
                0x0000437a       0x44 c:/program files (x86)/atmel/studio/7.0/toolchain/avr8/avr8-gnu-toolchain/bin/../lib/gcc/avr/5.4.0/avr5\libgcc.a(_udivmodsi4.o)
                0x0000437a                __udivmodsi4
 .text.libgcc.div
                0x000043be       0x2e c:/program files (x86)/atmel/studio/7.0/toolchain/avr8/avr8-gnu-toolchain/bin/../lib/gcc/avr/5.4.0/avr5\libgcc.a(_divmodsi4.o)
                0x000043be                __divmodsi4
 .text.libgcc.div
                0x000043ec       0x10 c:/program files (x86)/atmel/studio/7.0/toolchain/avr8/avr8-gnu-toolchain/bin/../lib/gcc/avr/5.4.0/avr5\libgcc.a(_negsi2.o)
                0x000043ec                __negsi2
 .text.libgcc   0x000043fc        0xc c:/program files (x86)/atmel/studio/7.0/toolchain/avr8/avr8-gnu-toolchain/bin/../lib/gcc/avr/5.4.0/avr5\libgcc.a(_tablejump2.o)
                0x000043fc                __tablejump2__
 .text.libgcc.mul
                0x00004408       0x16 c:/program files (x86)/atmel/studio/7.0/toolchain/avr8/avr8-gnu-toolchain/bin/../lib/gcc/avr/5.4.0/avr5\libgcc.a(_muluhisi3.o)
                0x00004408                __muluhisi3
 .text.libgcc.div
                0x0000441e       0x28 c:/program files (x86)/atmel/studio/7.0/toolchain/avr8/avr8-gnu-toolchain/bin/../lib/gcc/avr/5.4.0/avr5\libgcc.a(_udivmodhi4.o)
                0x0000441e                __udivmodhi4
 .text.libgcc.mul
                0x00004446       0x1e c:/program files (x86)/atmel/studio/7.0/toolchain/avr8/avr8-gnu-toolchain/bin/../lib/gcc/avr/5.4.0/avr5\libgcc.a(_umulhisi3.o)
                0x00004446                __umulhisi3
 .text.avr-libc
                0x00004464      0x242 c:/program files (x86)/atmel/studio/7.0/toolchain/avr8/avr8-gnu-toolchain/bin/../lib/gcc/avr/5.4.0/../../../../avr/lib/avr5\libc.a(malloc.o)
                0x00004464                malloc
                0x00004594                free
 .text.avr-libc
                0x000046a6       0x12 c:/program files (x86)/atmel/studio/7.0/toolchain/avr8/avr8-gnu-toolchain/bin/../lib/gcc/avr/5.4.0/../../../../avr/lib/avr5\libc.a(memcpy.o)
                0x000046a6                memcpy
 .text.avr-libc
                0x000046b8        0xe c:/program files (x86)/atmel/studio/7.0/toolchain/avr8/avr8-gnu-toolchain/bin/../lib/gcc/avr/5.4.0/../../../../avr/lib/avr5\libc.a(memset.o)
                0x000046b8                memset
 .text.avr-libc
                0x000046c6       0x10 C:/Program Files (x86)/Atmel/Studio/7.0/Packs/atmel/ATmega_DFP/1.2.209/gcc/dev/atmega328p/avr5\libatmega328p.a(eerd_byte.o)
                0x000046c6                eeprom_read_byte
 .text.avr-libc
                0x000046d6       0x1c C:/Program Files (x86)/Atmel/Studio/7.0/Packs/atmel/ATmega_DFP/1.2.209/gcc/dev/atmega328p/avr5\libatmega328p.a(eewr_byte.o)
                0x000046d6                eeprom_write_byte
                0x000046d8                eeprom_write_r18
                0x000046f2                . = ALIGN (0x2)
 *(.fini9)
 .fini9         0x000046f2        0x0 c:/program files (x86)/atmel/studio/7.0/toolchain/avr8/avr8-gnu-toolchain/bin/../lib/gcc/avr/5.4.0/avr5\libgcc.a(_exit.o)
                0x000046f2                _exit
                0x000046f2                exit
 *(.fini9)
 *(.fini8)
 *(.fini8)
 *(.fini7)
 *(.fini7)
 *(.fini6)
 .fini6         0x000046f2       0x16 c:/program files (x86)/atmel/studio/7.0/toolchain/avr8/avr8-gnu-toolchain/bin/../lib/gcc/avr/5.4.0/avr5\libgcc.a(_dtors.o)
                0x000046f2                __do_global_dtors
 *(.fini6)
 *(.fini5)
 *(.fini5)
 *(.fini4)
 *(.fini4)
 *(.fini3)
 *(.fini3)
 *(.fini2)
 *(.fini2)
 *(.fini1)
 *(.fini1)
 *(.fini0)
 .fini0         0x00004708        0x4 c:/program files (x86)/atmel/studio/7.0/toolchain/avr8/avr8-gnu-toolchain/bin/../lib/gcc/avr/5.4.0/avr5\libgcc.a(_exit.o)
 *(.fini0)
                0x0000470c                _etext = .

.data           0x00800100      0x178 load address 0x0000470c
                0x00800100                PROVIDE (__data_start, .)
 *(.data)
 .data          0x00800100        0x6 c:/program files (x86)/atmel/studio/7.0/toolchain/avr8/avr8-gnu-toolchain/bin/../lib/gcc/avr/5.4.0/../../../../avr/lib/avr5\libc.a(malloc.o)
                0x00800100                __malloc_heap_end
                0x00800102                __malloc_heap_start
                0x00800104                __malloc_margin
 *(.data*)
 .data.colorToRead
                0x00800106        0x1 main.o
                0x00800106                colorToRead
 .data.White    0x00800107        0x6 main.o
                0x00800107                White
 .data.Blue     0x0080010d        0x6 main.o
                0x0080010d                Blue
 .data.Green    0x00800113        0x6 main.o
                0x00800113                Green
 .data.Red      0x00800119        0x6 main.o
                0x00800119                Red
 .data.WhiteTestStrip
                0x0080011f        0xa main.o
                0x0080011f                WhiteTestStrip
 .data.EmptyTestBox
                0x00800129        0xa main.o
                0x00800129                EmptyTestBox
 .data.intFunc  0x00800133        0x4 D:\Users\Celine\ONEDRI~1.EDU\DOCUME~1\Schule\UNIVER~1\EECS47~1\Project\LIL_FI~1\LILFIS~1\LILFIS~1\ARDUIN~1\Debug\libArduinoCore.a(WInterrupts.o)
 .data.analog_reference
                0x00800137        0x1 D:\Users\Celine\ONEDRI~1.EDU\DOCUME~1\Schule\UNIVER~1\EECS47~1\Project\LIL_FI~1\LILFIS~1\LILFIS~1\ARDUIN~1\Debug\libArduinoCore.a(wiring_analog.o)
                0x00800137                analog_reference
 *(.gnu.linkonce.d*)
 *(.rodata)
 *(.rodata*)
 .rodata.str1.1
                0x00800138       0x34 DFRobot_PH.o
 .rodata.str1.1
                0x0080016c       0xda main.o
                                 0xe0 (size before relaxing)
 .rodata._ZZN9MD_TCS2307readFSMEhE3seq
                0x00800246        0x3 src/libraries/MD_TCS230/src/MD_TCS230.o
 .rodata._ZTV14HardwareSerial
                0x00800249       0x12 D:\Users\Celine\ONEDRI~1.EDU\DOCUME~1\Schule\UNIVER~1\EECS47~1\Project\LIL_FI~1\LILFIS~1\LILFIS~1\ARDUIN~1\Debug\libArduinoCore.a(HardwareSerial.o)
                0x00800249                _ZTV14HardwareSerial
 .rodata.str1.1
                0x0080025b        0xf D:\Users\Celine\ONEDRI~1.EDU\DOCUME~1\Schule\UNIVER~1\EECS47~1\Project\LIL_FI~1\LILFIS~1\LILFIS~1\ARDUIN~1\Debug\libArduinoCore.a(Print.o)
 .rodata.str1.1
                0x0080026a        0x5 D:\Users\Celine\ONEDRI~1.EDU\DOCUME~1\Schule\UNIVER~1\EECS47~1\Project\LIL_FI~1\LILFIS~1\LILFIS~1\ARDUIN~1\Debug\libArduinoCore.a(tasks.o)
 .rodata.str1.1
                0x0080026f        0x8 D:\Users\Celine\ONEDRI~1.EDU\DOCUME~1\Schule\UNIVER~1\EECS47~1\Project\LIL_FI~1\LILFIS~1\LILFIS~1\ARDUIN~1\Debug\libArduinoCore.a(timers.o)
 *(.gnu.linkonce.r*)
                0x00800278                . = ALIGN (0x2)
 *fill*         0x00800277        0x1 
                0x00800278                _edata = .
                0x00800278                PROVIDE (__data_end, .)

.bss            0x00800278      0x280
                0x00800278                PROVIDE (__bss_start, .)
 *(.bss)
 *(.bss*)
 .bss.xPHandTemperature
                0x00800278        0x2 main.o
                0x00800278                xPHandTemperature
 .bss.xColorSensor
                0x0080027a        0x2 main.o
                0x0080027a                xColorSensor
 .bss.nitriteValue
                0x0080027c        0x2 main.o
                0x0080027c                nitriteValue
 .bss.nitrateValue
                0x0080027e        0x2 main.o
                0x0080027e                nitrateValue
 .bss.ammoniaValue
                0x00800280        0x2 main.o
                0x00800280                ammoniaValue
 .bss.tempValue
                0x00800282        0x2 main.o
                0x00800282                tempValue
 .bss.phValue   0x00800284        0x2 main.o
                0x00800284                phValue
 .bss.Off       0x00800286        0x6 main.o
                0x00800286                Off
 .bss.CS        0x0080028c       0x2f main.o
                0x0080028c                CS
 .bss.blueScanned
                0x008002bb        0x1 main.o
                0x008002bb                blueScanned
 .bss.redScanned
                0x008002bc        0x1 main.o
                0x008002bc                redScanned
 .bss.greenScanned
                0x008002bd        0x1 main.o
                0x008002bd                greenScanned
 .bss.c         0x008002be        0xa main.o
                0x008002be                c
 .bss.rgb       0x008002c8        0x3 main.o
                0x008002c8                rgb
 .bss.Nitrate   0x008002cb       0x46 main.o
                0x008002cb                Nitrate
 .bss.Nitrite   0x00800311       0x46 main.o
                0x00800311                Nitrite
 .bss.Ammonia   0x00800357       0x32 main.o
                0x00800357                Ammonia
 .bss.typeToRead
                0x00800389        0x1 main.o
                0x00800389                typeToRead
 .bss.ds        0x0080038a        0xe main.o
                0x0080038a                ds
 .bss.ph        0x00800398       0x1f phSensor.o
                0x00800398                ph
 .bss._ZZN9MD_TCS2307readFSMEhE7currCol
                0x008003b7        0x1 src/libraries/MD_TCS230/src/MD_TCS230.o
 .bss.Serial    0x008003b8       0x9d D:\Users\Celine\ONEDRI~1.EDU\DOCUME~1\Schule\UNIVER~1\EECS47~1\Project\LIL_FI~1\LILFIS~1\LILFIS~1\ARDUIN~1\Debug\libArduinoCore.a(HardwareSerial0.o)
                0x008003b8                Serial
 .bss.timer0_fract
                0x00800455        0x1 D:\Users\Celine\ONEDRI~1.EDU\DOCUME~1\Schule\UNIVER~1\EECS47~1\Project\LIL_FI~1\LILFIS~1\LILFIS~1\ARDUIN~1\Debug\libArduinoCore.a(wiring.o)
 .bss.timer0_millis
                0x00800456        0x4 D:\Users\Celine\ONEDRI~1.EDU\DOCUME~1\Schule\UNIVER~1\EECS47~1\Project\LIL_FI~1\LILFIS~1\LILFIS~1\ARDUIN~1\Debug\libArduinoCore.a(wiring.o)
                0x00800456                timer0_millis
 .bss.timer0_overflow_count
                0x0080045a        0x4 D:\Users\Celine\ONEDRI~1.EDU\DOCUME~1\Schule\UNIVER~1\EECS47~1\Project\LIL_FI~1\LILFIS~1\LILFIS~1\ARDUIN~1\Debug\libArduinoCore.a(wiring.o)
                0x0080045a                timer0_overflow_count
 .bss.uxSchedulerSuspended
                0x0080045e        0x1 D:\Users\Celine\ONEDRI~1.EDU\DOCUME~1\Schule\UNIVER~1\EECS47~1\Project\LIL_FI~1\LILFIS~1\LILFIS~1\ARDUIN~1\Debug\libArduinoCore.a(tasks.o)
 .bss.xIdleTaskHandle
                0x0080045f        0x2 D:\Users\Celine\ONEDRI~1.EDU\DOCUME~1\Schule\UNIVER~1\EECS47~1\Project\LIL_FI~1\LILFIS~1\LILFIS~1\ARDUIN~1\Debug\libArduinoCore.a(tasks.o)
 .bss.xNextTaskUnblockTime
                0x00800461        0x2 D:\Users\Celine\ONEDRI~1.EDU\DOCUME~1\Schule\UNIVER~1\EECS47~1\Project\LIL_FI~1\LILFIS~1\LILFIS~1\ARDUIN~1\Debug\libArduinoCore.a(tasks.o)
 .bss.uxTaskNumber
                0x00800463        0x1 D:\Users\Celine\ONEDRI~1.EDU\DOCUME~1\Schule\UNIVER~1\EECS47~1\Project\LIL_FI~1\LILFIS~1\LILFIS~1\ARDUIN~1\Debug\libArduinoCore.a(tasks.o)
 .bss.xNumOfOverflows
                0x00800464        0x1 D:\Users\Celine\ONEDRI~1.EDU\DOCUME~1\Schule\UNIVER~1\EECS47~1\Project\LIL_FI~1\LILFIS~1\LILFIS~1\ARDUIN~1\Debug\libArduinoCore.a(tasks.o)
 .bss.xYieldPending
                0x00800465        0x1 D:\Users\Celine\ONEDRI~1.EDU\DOCUME~1\Schule\UNIVER~1\EECS47~1\Project\LIL_FI~1\LILFIS~1\LILFIS~1\ARDUIN~1\Debug\libArduinoCore.a(tasks.o)
 .bss.uxPendedTicks
                0x00800466        0x1 D:\Users\Celine\ONEDRI~1.EDU\DOCUME~1\Schule\UNIVER~1\EECS47~1\Project\LIL_FI~1\LILFIS~1\LILFIS~1\ARDUIN~1\Debug\libArduinoCore.a(tasks.o)
 .bss.xSchedulerRunning
                0x00800467        0x1 D:\Users\Celine\ONEDRI~1.EDU\DOCUME~1\Schule\UNIVER~1\EECS47~1\Project\LIL_FI~1\LILFIS~1\LILFIS~1\ARDUIN~1\Debug\libArduinoCore.a(tasks.o)
 .bss.uxTopReadyPriority
                0x00800468        0x1 D:\Users\Celine\ONEDRI~1.EDU\DOCUME~1\Schule\UNIVER~1\EECS47~1\Project\LIL_FI~1\LILFIS~1\LILFIS~1\ARDUIN~1\Debug\libArduinoCore.a(tasks.o)
 .bss.xTickCount
                0x00800469        0x2 D:\Users\Celine\ONEDRI~1.EDU\DOCUME~1\Schule\UNIVER~1\EECS47~1\Project\LIL_FI~1\LILFIS~1\LILFIS~1\ARDUIN~1\Debug\libArduinoCore.a(tasks.o)
 .bss.uxCurrentNumberOfTasks
                0x0080046b        0x1 D:\Users\Celine\ONEDRI~1.EDU\DOCUME~1\Schule\UNIVER~1\EECS47~1\Project\LIL_FI~1\LILFIS~1\LILFIS~1\ARDUIN~1\Debug\libArduinoCore.a(tasks.o)
 .bss.xSuspendedTaskList
                0x0080046c        0x9 D:\Users\Celine\ONEDRI~1.EDU\DOCUME~1\Schule\UNIVER~1\EECS47~1\Project\LIL_FI~1\LILFIS~1\LILFIS~1\ARDUIN~1\Debug\libArduinoCore.a(tasks.o)
 .bss.uxDeletedTasksWaitingCleanUp
                0x00800475        0x1 D:\Users\Celine\ONEDRI~1.EDU\DOCUME~1\Schule\UNIVER~1\EECS47~1\Project\LIL_FI~1\LILFIS~1\LILFIS~1\ARDUIN~1\Debug\libArduinoCore.a(tasks.o)
 .bss.xTasksWaitingTermination
                0x00800476        0x9 D:\Users\Celine\ONEDRI~1.EDU\DOCUME~1\Schule\UNIVER~1\EECS47~1\Project\LIL_FI~1\LILFIS~1\LILFIS~1\ARDUIN~1\Debug\libArduinoCore.a(tasks.o)
 .bss.xPendingReadyList
                0x0080047f        0x9 D:\Users\Celine\ONEDRI~1.EDU\DOCUME~1\Schule\UNIVER~1\EECS47~1\Project\LIL_FI~1\LILFIS~1\LILFIS~1\ARDUIN~1\Debug\libArduinoCore.a(tasks.o)
 .bss.pxOverflowDelayedTaskList
                0x00800488        0x2 D:\Users\Celine\ONEDRI~1.EDU\DOCUME~1\Schule\UNIVER~1\EECS47~1\Project\LIL_FI~1\LILFIS~1\LILFIS~1\ARDUIN~1\Debug\libArduinoCore.a(tasks.o)
 .bss.pxDelayedTaskList
                0x0080048a        0x2 D:\Users\Celine\ONEDRI~1.EDU\DOCUME~1\Schule\UNIVER~1\EECS47~1\Project\LIL_FI~1\LILFIS~1\LILFIS~1\ARDUIN~1\Debug\libArduinoCore.a(tasks.o)
 .bss.xDelayedTaskList2
                0x0080048c        0x9 D:\Users\Celine\ONEDRI~1.EDU\DOCUME~1\Schule\UNIVER~1\EECS47~1\Project\LIL_FI~1\LILFIS~1\LILFIS~1\ARDUIN~1\Debug\libArduinoCore.a(tasks.o)
 .bss.xDelayedTaskList1
                0x00800495        0x9 D:\Users\Celine\ONEDRI~1.EDU\DOCUME~1\Schule\UNIVER~1\EECS47~1\Project\LIL_FI~1\LILFIS~1\LILFIS~1\ARDUIN~1\Debug\libArduinoCore.a(tasks.o)
 .bss.pxReadyTasksLists
                0x0080049e       0x24 D:\Users\Celine\ONEDRI~1.EDU\DOCUME~1\Schule\UNIVER~1\EECS47~1\Project\LIL_FI~1\LILFIS~1\LILFIS~1\ARDUIN~1\Debug\libArduinoCore.a(tasks.o)
 .bss.pxCurrentTCB
                0x008004c2        0x2 D:\Users\Celine\ONEDRI~1.EDU\DOCUME~1\Schule\UNIVER~1\EECS47~1\Project\LIL_FI~1\LILFIS~1\LILFIS~1\ARDUIN~1\Debug\libArduinoCore.a(tasks.o)
                0x008004c2                pxCurrentTCB
 .bss.xLastTime.2412
                0x008004c4        0x2 D:\Users\Celine\ONEDRI~1.EDU\DOCUME~1\Schule\UNIVER~1\EECS47~1\Project\LIL_FI~1\LILFIS~1\LILFIS~1\ARDUIN~1\Debug\libArduinoCore.a(timers.o)
 .bss.xTimerTaskHandle
                0x008004c6        0x2 D:\Users\Celine\ONEDRI~1.EDU\DOCUME~1\Schule\UNIVER~1\EECS47~1\Project\LIL_FI~1\LILFIS~1\LILFIS~1\ARDUIN~1\Debug\libArduinoCore.a(timers.o)
 .bss.xTimerQueue
                0x008004c8        0x2 D:\Users\Celine\ONEDRI~1.EDU\DOCUME~1\Schule\UNIVER~1\EECS47~1\Project\LIL_FI~1\LILFIS~1\LILFIS~1\ARDUIN~1\Debug\libArduinoCore.a(timers.o)
 .bss.pxOverflowTimerList
                0x008004ca        0x2 D:\Users\Celine\ONEDRI~1.EDU\DOCUME~1\Schule\UNIVER~1\EECS47~1\Project\LIL_FI~1\LILFIS~1\LILFIS~1\ARDUIN~1\Debug\libArduinoCore.a(timers.o)
 .bss.pxCurrentTimerList
                0x008004cc        0x2 D:\Users\Celine\ONEDRI~1.EDU\DOCUME~1\Schule\UNIVER~1\EECS47~1\Project\LIL_FI~1\LILFIS~1\LILFIS~1\ARDUIN~1\Debug\libArduinoCore.a(timers.o)
 .bss.xActiveTimerList2
                0x008004ce        0x9 D:\Users\Celine\ONEDRI~1.EDU\DOCUME~1\Schule\UNIVER~1\EECS47~1\Project\LIL_FI~1\LILFIS~1\LILFIS~1\ARDUIN~1\Debug\libArduinoCore.a(timers.o)
 .bss.xActiveTimerList1
                0x008004d7        0x9 D:\Users\Celine\ONEDRI~1.EDU\DOCUME~1\Schule\UNIVER~1\EECS47~1\Project\LIL_FI~1\LILFIS~1\LILFIS~1\ARDUIN~1\Debug\libArduinoCore.a(timers.o)
 .bss._ZL10gate_index
                0x008004e0        0x2 D:\Users\Celine\ONEDRI~1.EDU\DOCUME~1\Schule\UNIVER~1\EECS47~1\Project\LIL_FI~1\LILFIS~1\LILFIS~1\ARDUIN~1\Debug\libArduinoCore.a(FreqCount.o)
 .bss._ZL11gate_length
                0x008004e2        0x2 D:\Users\Celine\ONEDRI~1.EDU\DOCUME~1\Schule\UNIVER~1\EECS47~1\Project\LIL_FI~1\LILFIS~1\LILFIS~1\ARDUIN~1\Debug\libArduinoCore.a(FreqCount.o)
 .bss._ZL11count_ready
                0x008004e4        0x1 D:\Users\Celine\ONEDRI~1.EDU\DOCUME~1\Schule\UNIVER~1\EECS47~1\Project\LIL_FI~1\LILFIS~1\LILFIS~1\ARDUIN~1\Debug\libArduinoCore.a(FreqCount.o)
 .bss._ZL12count_output
                0x008004e5        0x4 D:\Users\Celine\ONEDRI~1.EDU\DOCUME~1\Schule\UNIVER~1\EECS47~1\Project\LIL_FI~1\LILFIS~1\LILFIS~1\ARDUIN~1\Debug\libArduinoCore.a(FreqCount.o)
 .bss._ZL10count_prev
                0x008004e9        0x4 D:\Users\Celine\ONEDRI~1.EDU\DOCUME~1\Schule\UNIVER~1\EECS47~1\Project\LIL_FI~1\LILFIS~1\LILFIS~1\ARDUIN~1\Debug\libArduinoCore.a(FreqCount.o)
 .bss._ZL9count_msw
                0x008004ed        0x2 D:\Users\Celine\ONEDRI~1.EDU\DOCUME~1\Schule\UNIVER~1\EECS47~1\Project\LIL_FI~1\LILFIS~1\LILFIS~1\ARDUIN~1\Debug\libArduinoCore.a(FreqCount.o)
 .bss._ZL11startTCCR2B
                0x008004ef        0x1 D:\Users\Celine\ONEDRI~1.EDU\DOCUME~1\Schule\UNIVER~1\EECS47~1\Project\LIL_FI~1\LILFIS~1\LILFIS~1\ARDUIN~1\Debug\libArduinoCore.a(FreqCount.o)
 .bss._ZL10saveTCCR2B
                0x008004f0        0x1 D:\Users\Celine\ONEDRI~1.EDU\DOCUME~1\Schule\UNIVER~1\EECS47~1\Project\LIL_FI~1\LILFIS~1\LILFIS~1\ARDUIN~1\Debug\libArduinoCore.a(FreqCount.o)
 .bss._ZL10saveTCCR2A
                0x008004f1        0x1 D:\Users\Celine\ONEDRI~1.EDU\DOCUME~1\Schule\UNIVER~1\EECS47~1\Project\LIL_FI~1\LILFIS~1\LILFIS~1\ARDUIN~1\Debug\libArduinoCore.a(FreqCount.o)
 .bss._ZL10saveTCCR1B
                0x008004f2        0x1 D:\Users\Celine\ONEDRI~1.EDU\DOCUME~1\Schule\UNIVER~1\EECS47~1\Project\LIL_FI~1\LILFIS~1\LILFIS~1\ARDUIN~1\Debug\libArduinoCore.a(FreqCount.o)
 .bss._ZL10saveTCCR1A
                0x008004f3        0x1 D:\Users\Celine\ONEDRI~1.EDU\DOCUME~1\Schule\UNIVER~1\EECS47~1\Project\LIL_FI~1\LILFIS~1\LILFIS~1\ARDUIN~1\Debug\libArduinoCore.a(FreqCount.o)
 *(COMMON)
 COMMON         0x008004f4        0x4 c:/program files (x86)/atmel/studio/7.0/toolchain/avr8/avr8-gnu-toolchain/bin/../lib/gcc/avr/5.4.0/../../../../avr/lib/avr5\libc.a(malloc.o)
                0x008004f4                __brkval
                0x008004f6                __flp
                0x008004f8                PROVIDE (__bss_end, .)
                0x0000470c                __data_load_start = LOADADDR (.data)
                0x00004884                __data_load_end = (__data_load_start + SIZEOF (.data))

.noinit         0x008004f8        0x0
                [!provide]                PROVIDE (__noinit_start, .)
 *(.noinit*)
                [!provide]                PROVIDE (__noinit_end, .)
                0x008004f8                _end = .
                0x008004f8                PROVIDE (__heap_start, .)

.eeprom         0x00810000        0x0
 *(.eeprom*)
                0x00810000                __eeprom_end = .

.fuse
 *(.fuse)
 *(.lfuse)
 *(.hfuse)
 *(.efuse)

.lock
 *(.lock*)

.signature
 *(.signature*)

.user_signatures
 *(.user_signatures*)

.stab
 *(.stab)

.stabstr
 *(.stabstr)

.stab.excl
 *(.stab.excl)

.stab.exclstr
 *(.stab.exclstr)

.stab.index
 *(.stab.index)

.stab.indexstr
 *(.stab.indexstr)

.comment        0x00000000       0x30
 *(.comment)
 .comment       0x00000000       0x30 DFRobot_PH.o
                                 0x31 (size before relaxing)
 .comment       0x00000030       0x31 main.o
 .comment       0x00000030       0x31 OneWire.o
 .comment       0x00000030       0x31 phSensor.o
 .comment       0x00000030       0x31 src/libraries/MD_TCS230/src/MD_TCS230.o
 .comment       0x00000030       0x31 D:\Users\Celine\ONEDRI~1.EDU\DOCUME~1\Schule\UNIVER~1\EECS47~1\Project\LIL_FI~1\LILFIS~1\LILFIS~1\ARDUIN~1\Debug\libArduinoCore.a(HardwareSerial.o)
 .comment       0x00000030       0x31 D:\Users\Celine\ONEDRI~1.EDU\DOCUME~1\Schule\UNIVER~1\EECS47~1\Project\LIL_FI~1\LILFIS~1\LILFIS~1\ARDUIN~1\Debug\libArduinoCore.a(HardwareSerial0.o)
 .comment       0x00000030       0x31 D:\Users\Celine\ONEDRI~1.EDU\DOCUME~1\Schule\UNIVER~1\EECS47~1\Project\LIL_FI~1\LILFIS~1\LILFIS~1\ARDUIN~1\Debug\libArduinoCore.a(main.o)
 .comment       0x00000030       0x31 D:\Users\Celine\ONEDRI~1.EDU\DOCUME~1\Schule\UNIVER~1\EECS47~1\Project\LIL_FI~1\LILFIS~1\LILFIS~1\ARDUIN~1\Debug\libArduinoCore.a(Print.o)
 .comment       0x00000030       0x31 D:\Users\Celine\ONEDRI~1.EDU\DOCUME~1\Schule\UNIVER~1\EECS47~1\Project\LIL_FI~1\LILFIS~1\LILFIS~1\ARDUIN~1\Debug\libArduinoCore.a(WInterrupts.o)
 .comment       0x00000030       0x31 D:\Users\Celine\ONEDRI~1.EDU\DOCUME~1\Schule\UNIVER~1\EECS47~1\Project\LIL_FI~1\LILFIS~1\LILFIS~1\ARDUIN~1\Debug\libArduinoCore.a(wiring.o)
 .comment       0x00000030       0x31 D:\Users\Celine\ONEDRI~1.EDU\DOCUME~1\Schule\UNIVER~1\EECS47~1\Project\LIL_FI~1\LILFIS~1\LILFIS~1\ARDUIN~1\Debug\libArduinoCore.a(wiring_analog.o)
 .comment       0x00000030       0x31 D:\Users\Celine\ONEDRI~1.EDU\DOCUME~1\Schule\UNIVER~1\EECS47~1\Project\LIL_FI~1\LILFIS~1\LILFIS~1\ARDUIN~1\Debug\libArduinoCore.a(wiring_digital.o)
 .comment       0x00000030       0x31 D:\Users\Celine\ONEDRI~1.EDU\DOCUME~1\Schule\UNIVER~1\EECS47~1\Project\LIL_FI~1\LILFIS~1\LILFIS~1\ARDUIN~1\Debug\libArduinoCore.a(tasks.o)
 .comment       0x00000030       0x31 D:\Users\Celine\ONEDRI~1.EDU\DOCUME~1\Schule\UNIVER~1\EECS47~1\Project\LIL_FI~1\LILFIS~1\LILFIS~1\ARDUIN~1\Debug\libArduinoCore.a(timers.o)
 .comment       0x00000030       0x31 D:\Users\Celine\ONEDRI~1.EDU\DOCUME~1\Schule\UNIVER~1\EECS47~1\Project\LIL_FI~1\LILFIS~1\LILFIS~1\ARDUIN~1\Debug\libArduinoCore.a(variantHooks.o)
 .comment       0x00000030       0x31 D:\Users\Celine\ONEDRI~1.EDU\DOCUME~1\Schule\UNIVER~1\EECS47~1\Project\LIL_FI~1\LILFIS~1\LILFIS~1\ARDUIN~1\Debug\libArduinoCore.a(FreqCount.o)
 .comment       0x00000030       0x31 D:\Users\Celine\ONEDRI~1.EDU\DOCUME~1\Schule\UNIVER~1\EECS47~1\Project\LIL_FI~1\LILFIS~1\LILFIS~1\ARDUIN~1\Debug\libArduinoCore.a(hooks.o)
 .comment       0x00000030       0x31 D:\Users\Celine\ONEDRI~1.EDU\DOCUME~1\Schule\UNIVER~1\EECS47~1\Project\LIL_FI~1\LILFIS~1\LILFIS~1\ARDUIN~1\Debug\libArduinoCore.a(heap_3.o)
 .comment       0x00000030       0x31 D:\Users\Celine\ONEDRI~1.EDU\DOCUME~1\Schule\UNIVER~1\EECS47~1\Project\LIL_FI~1\LILFIS~1\LILFIS~1\ARDUIN~1\Debug\libArduinoCore.a(list.o)
 .comment       0x00000030       0x31 D:\Users\Celine\ONEDRI~1.EDU\DOCUME~1\Schule\UNIVER~1\EECS47~1\Project\LIL_FI~1\LILFIS~1\LILFIS~1\ARDUIN~1\Debug\libArduinoCore.a(port.o)
 .comment       0x00000030       0x31 D:\Users\Celine\ONEDRI~1.EDU\DOCUME~1\Schule\UNIVER~1\EECS47~1\Project\LIL_FI~1\LILFIS~1\LILFIS~1\ARDUIN~1\Debug\libArduinoCore.a(queue.o)
 .comment       0x00000030       0x31 c:/program files (x86)/atmel/studio/7.0/toolchain/avr8/avr8-gnu-toolchain/bin/../lib/gcc/avr/5.4.0/../../../../avr/lib/avr5\libc.a(malloc.o)

.note.gnu.avr.deviceinfo
                0x00000000       0x40
 .note.gnu.avr.deviceinfo
                0x00000000       0x40 C:/Program Files (x86)/Atmel/Studio/7.0/Packs/atmel/ATmega_DFP/1.2.209/gcc/dev/atmega328p/avr5/crtatmega328p.o

.note.gnu.build-id
 *(.note.gnu.build-id)

.debug
 *(.debug)

.line
 *(.line)

.debug_srcinfo
 *(.debug_srcinfo)

.debug_sfnames
 *(.debug_sfnames)

.debug_aranges  0x00000000      0xa00
 *(.debug_aranges)
 .debug_aranges
                0x00000000       0x70 DFRobot_PH.o
 .debug_aranges
                0x00000070       0xa0 main.o
 .debug_aranges
                0x00000110       0xa0 OneWire.o
 .debug_aranges
                0x000001b0       0x40 phSensor.o
 .debug_aranges
                0x000001f0       0xc0 src/libraries/MD_TCS230/src/MD_TCS230.o
 .debug_aranges
                0x000002b0       0x68 D:\Users\Celine\ONEDRI~1.EDU\DOCUME~1\Schule\UNIVER~1\EECS47~1\Project\LIL_FI~1\LILFIS~1\LILFIS~1\ARDUIN~1\Debug\libArduinoCore.a(HardwareSerial.o)
 .debug_aranges
                0x00000318       0x48 D:\Users\Celine\ONEDRI~1.EDU\DOCUME~1\Schule\UNIVER~1\EECS47~1\Project\LIL_FI~1\LILFIS~1\LILFIS~1\ARDUIN~1\Debug\libArduinoCore.a(HardwareSerial0.o)
 .debug_aranges
                0x00000360       0x30 D:\Users\Celine\ONEDRI~1.EDU\DOCUME~1\Schule\UNIVER~1\EECS47~1\Project\LIL_FI~1\LILFIS~1\LILFIS~1\ARDUIN~1\Debug\libArduinoCore.a(main.o)
 .debug_aranges
                0x00000390      0x100 D:\Users\Celine\ONEDRI~1.EDU\DOCUME~1\Schule\UNIVER~1\EECS47~1\Project\LIL_FI~1\LILFIS~1\LILFIS~1\ARDUIN~1\Debug\libArduinoCore.a(Print.o)
 .debug_aranges
                0x00000490       0x40 D:\Users\Celine\ONEDRI~1.EDU\DOCUME~1\Schule\UNIVER~1\EECS47~1\Project\LIL_FI~1\LILFIS~1\LILFIS~1\ARDUIN~1\Debug\libArduinoCore.a(WInterrupts.o)
 .debug_aranges
                0x000004d0       0x48 D:\Users\Celine\ONEDRI~1.EDU\DOCUME~1\Schule\UNIVER~1\EECS47~1\Project\LIL_FI~1\LILFIS~1\LILFIS~1\ARDUIN~1\Debug\libArduinoCore.a(wiring.o)
 .debug_aranges
                0x00000518       0x30 D:\Users\Celine\ONEDRI~1.EDU\DOCUME~1\Schule\UNIVER~1\EECS47~1\Project\LIL_FI~1\LILFIS~1\LILFIS~1\ARDUIN~1\Debug\libArduinoCore.a(wiring_analog.o)
 .debug_aranges
                0x00000548       0x38 D:\Users\Celine\ONEDRI~1.EDU\DOCUME~1\Schule\UNIVER~1\EECS47~1\Project\LIL_FI~1\LILFIS~1\LILFIS~1\ARDUIN~1\Debug\libArduinoCore.a(wiring_digital.o)
 .debug_aranges
                0x00000580      0x188 D:\Users\Celine\ONEDRI~1.EDU\DOCUME~1\Schule\UNIVER~1\EECS47~1\Project\LIL_FI~1\LILFIS~1\LILFIS~1\ARDUIN~1\Debug\libArduinoCore.a(tasks.o)
 .debug_aranges
                0x00000708       0x90 D:\Users\Celine\ONEDRI~1.EDU\DOCUME~1\Schule\UNIVER~1\EECS47~1\Project\LIL_FI~1\LILFIS~1\LILFIS~1\ARDUIN~1\Debug\libArduinoCore.a(timers.o)
 .debug_aranges
                0x00000798       0x38 D:\Users\Celine\ONEDRI~1.EDU\DOCUME~1\Schule\UNIVER~1\EECS47~1\Project\LIL_FI~1\LILFIS~1\LILFIS~1\ARDUIN~1\Debug\libArduinoCore.a(variantHooks.o)
 .debug_aranges
                0x000007d0       0x40 D:\Users\Celine\ONEDRI~1.EDU\DOCUME~1\Schule\UNIVER~1\EECS47~1\Project\LIL_FI~1\LILFIS~1\LILFIS~1\ARDUIN~1\Debug\libArduinoCore.a(FreqCount.o)
 .debug_aranges
                0x00000810       0x20 D:\Users\Celine\ONEDRI~1.EDU\DOCUME~1\Schule\UNIVER~1\EECS47~1\Project\LIL_FI~1\LILFIS~1\LILFIS~1\ARDUIN~1\Debug\libArduinoCore.a(hooks.o)
 .debug_aranges
                0x00000830       0x28 D:\Users\Celine\ONEDRI~1.EDU\DOCUME~1\Schule\UNIVER~1\EECS47~1\Project\LIL_FI~1\LILFIS~1\LILFIS~1\ARDUIN~1\Debug\libArduinoCore.a(heap_3.o)
 .debug_aranges
                0x00000858       0x40 D:\Users\Celine\ONEDRI~1.EDU\DOCUME~1\Schule\UNIVER~1\EECS47~1\Project\LIL_FI~1\LILFIS~1\LILFIS~1\ARDUIN~1\Debug\libArduinoCore.a(list.o)
 .debug_aranges
                0x00000898       0x48 D:\Users\Celine\ONEDRI~1.EDU\DOCUME~1\Schule\UNIVER~1\EECS47~1\Project\LIL_FI~1\LILFIS~1\LILFIS~1\ARDUIN~1\Debug\libArduinoCore.a(port.o)
 .debug_aranges
                0x000008e0       0xe0 D:\Users\Celine\ONEDRI~1.EDU\DOCUME~1\Schule\UNIVER~1\EECS47~1\Project\LIL_FI~1\LILFIS~1\LILFIS~1\ARDUIN~1\Debug\libArduinoCore.a(queue.o)
 .debug_aranges
                0x000009c0       0x20 C:/Program Files (x86)/Atmel/Studio/7.0/Packs/atmel/ATmega_DFP/1.2.209/gcc/dev/atmega328p/avr5\libatmega328p.a(eerd_byte.o)
 .debug_aranges
                0x000009e0       0x20 C:/Program Files (x86)/Atmel/Studio/7.0/Packs/atmel/ATmega_DFP/1.2.209/gcc/dev/atmega328p/avr5\libatmega328p.a(eewr_byte.o)

.debug_pubnames
 *(.debug_pubnames)

.debug_info     0x00000000    0x137a7
 *(.debug_info .gnu.linkonce.wi.*)
 .debug_info    0x00000000      0x5f4 C:/Program Files (x86)/Atmel/Studio/7.0/Packs/atmel/ATmega_DFP/1.2.209/gcc/dev/atmega328p/avr5/crtatmega328p.o
 .debug_info    0x000005f4     0x158a DFRobot_PH.o
 .debug_info    0x00001b7e     0x244f main.o
 .debug_info    0x00003fcd      0xf20 OneWire.o
 .debug_info    0x00004eed      0xb29 phSensor.o
 .debug_info    0x00005a16     0x1018 src/libraries/MD_TCS230/src/MD_TCS230.o
 .debug_info    0x00006a2e     0x1f64 D:\Users\Celine\ONEDRI~1.EDU\DOCUME~1\Schule\UNIVER~1\EECS47~1\Project\LIL_FI~1\LILFIS~1\LILFIS~1\ARDUIN~1\Debug\libArduinoCore.a(HardwareSerial.o)
 .debug_info    0x00008992     0x1b16 D:\Users\Celine\ONEDRI~1.EDU\DOCUME~1\Schule\UNIVER~1\EECS47~1\Project\LIL_FI~1\LILFIS~1\LILFIS~1\ARDUIN~1\Debug\libArduinoCore.a(HardwareSerial0.o)
 .debug_info    0x0000a4a8      0x237 D:\Users\Celine\ONEDRI~1.EDU\DOCUME~1\Schule\UNIVER~1\EECS47~1\Project\LIL_FI~1\LILFIS~1\LILFIS~1\ARDUIN~1\Debug\libArduinoCore.a(main.o)
 .debug_info    0x0000a6df     0x28ff D:\Users\Celine\ONEDRI~1.EDU\DOCUME~1\Schule\UNIVER~1\EECS47~1\Project\LIL_FI~1\LILFIS~1\LILFIS~1\ARDUIN~1\Debug\libArduinoCore.a(Print.o)
 .debug_info    0x0000cfde      0x21c D:\Users\Celine\ONEDRI~1.EDU\DOCUME~1\Schule\UNIVER~1\EECS47~1\Project\LIL_FI~1\LILFIS~1\LILFIS~1\ARDUIN~1\Debug\libArduinoCore.a(WInterrupts.o)
 .debug_info    0x0000d1fa      0x2cb D:\Users\Celine\ONEDRI~1.EDU\DOCUME~1\Schule\UNIVER~1\EECS47~1\Project\LIL_FI~1\LILFIS~1\LILFIS~1\ARDUIN~1\Debug\libArduinoCore.a(wiring.o)
 .debug_info    0x0000d4c5      0x26d D:\Users\Celine\ONEDRI~1.EDU\DOCUME~1\Schule\UNIVER~1\EECS47~1\Project\LIL_FI~1\LILFIS~1\LILFIS~1\ARDUIN~1\Debug\libArduinoCore.a(wiring_analog.o)
 .debug_info    0x0000d732      0x5fe D:\Users\Celine\ONEDRI~1.EDU\DOCUME~1\Schule\UNIVER~1\EECS47~1\Project\LIL_FI~1\LILFIS~1\LILFIS~1\ARDUIN~1\Debug\libArduinoCore.a(wiring_digital.o)
 .debug_info    0x0000dd30     0x2102 D:\Users\Celine\ONEDRI~1.EDU\DOCUME~1\Schule\UNIVER~1\EECS47~1\Project\LIL_FI~1\LILFIS~1\LILFIS~1\ARDUIN~1\Debug\libArduinoCore.a(tasks.o)
 .debug_info    0x0000fe32     0x1083 D:\Users\Celine\ONEDRI~1.EDU\DOCUME~1\Schule\UNIVER~1\EECS47~1\Project\LIL_FI~1\LILFIS~1\LILFIS~1\ARDUIN~1\Debug\libArduinoCore.a(timers.o)
 .debug_info    0x00010eb5      0x330 D:\Users\Celine\ONEDRI~1.EDU\DOCUME~1\Schule\UNIVER~1\EECS47~1\Project\LIL_FI~1\LILFIS~1\LILFIS~1\ARDUIN~1\Debug\libArduinoCore.a(variantHooks.o)
 .debug_info    0x000111e5      0x4fa D:\Users\Celine\ONEDRI~1.EDU\DOCUME~1\Schule\UNIVER~1\EECS47~1\Project\LIL_FI~1\LILFIS~1\LILFIS~1\ARDUIN~1\Debug\libArduinoCore.a(FreqCount.o)
 .debug_info    0x000116df       0x3e D:\Users\Celine\ONEDRI~1.EDU\DOCUME~1\Schule\UNIVER~1\EECS47~1\Project\LIL_FI~1\LILFIS~1\LILFIS~1\ARDUIN~1\Debug\libArduinoCore.a(hooks.o)
 .debug_info    0x0001171d      0x1a7 D:\Users\Celine\ONEDRI~1.EDU\DOCUME~1\Schule\UNIVER~1\EECS47~1\Project\LIL_FI~1\LILFIS~1\LILFIS~1\ARDUIN~1\Debug\libArduinoCore.a(heap_3.o)
 .debug_info    0x000118c4      0x2e0 D:\Users\Celine\ONEDRI~1.EDU\DOCUME~1\Schule\UNIVER~1\EECS47~1\Project\LIL_FI~1\LILFIS~1\LILFIS~1\ARDUIN~1\Debug\libArduinoCore.a(list.o)
 .debug_info    0x00011ba4      0x28b D:\Users\Celine\ONEDRI~1.EDU\DOCUME~1\Schule\UNIVER~1\EECS47~1\Project\LIL_FI~1\LILFIS~1\LILFIS~1\ARDUIN~1\Debug\libArduinoCore.a(port.o)
 .debug_info    0x00011e2f     0x1820 D:\Users\Celine\ONEDRI~1.EDU\DOCUME~1\Schule\UNIVER~1\EECS47~1\Project\LIL_FI~1\LILFIS~1\LILFIS~1\ARDUIN~1\Debug\libArduinoCore.a(queue.o)
 .debug_info    0x0001364f       0xac C:/Program Files (x86)/Atmel/Studio/7.0/Packs/atmel/ATmega_DFP/1.2.209/gcc/dev/atmega328p/avr5\libatmega328p.a(eerd_byte.o)
 .debug_info    0x000136fb       0xac C:/Program Files (x86)/Atmel/Studio/7.0/Packs/atmel/ATmega_DFP/1.2.209/gcc/dev/atmega328p/avr5\libatmega328p.a(eewr_byte.o)

.debug_abbrev   0x00000000     0x3d03
 *(.debug_abbrev)
 .debug_abbrev  0x00000000      0x5a2 C:/Program Files (x86)/Atmel/Studio/7.0/Packs/atmel/ATmega_DFP/1.2.209/gcc/dev/atmega328p/avr5/crtatmega328p.o
 .debug_abbrev  0x000005a2      0x3de DFRobot_PH.o
 .debug_abbrev  0x00000980      0x600 main.o
 .debug_abbrev  0x00000f80      0x34d OneWire.o
 .debug_abbrev  0x000012cd      0x2dd phSensor.o
 .debug_abbrev  0x000015aa      0x39f src/libraries/MD_TCS230/src/MD_TCS230.o
 .debug_abbrev  0x00001949      0x4b7 D:\Users\Celine\ONEDRI~1.EDU\DOCUME~1\Schule\UNIVER~1\EECS47~1\Project\LIL_FI~1\LILFIS~1\LILFIS~1\ARDUIN~1\Debug\libArduinoCore.a(HardwareSerial.o)
 .debug_abbrev  0x00001e00      0x3ce D:\Users\Celine\ONEDRI~1.EDU\DOCUME~1\Schule\UNIVER~1\EECS47~1\Project\LIL_FI~1\LILFIS~1\LILFIS~1\ARDUIN~1\Debug\libArduinoCore.a(HardwareSerial0.o)
 .debug_abbrev  0x000021ce      0x12d D:\Users\Celine\ONEDRI~1.EDU\DOCUME~1\Schule\UNIVER~1\EECS47~1\Project\LIL_FI~1\LILFIS~1\LILFIS~1\ARDUIN~1\Debug\libArduinoCore.a(main.o)
 .debug_abbrev  0x000022fb      0x47a D:\Users\Celine\ONEDRI~1.EDU\DOCUME~1\Schule\UNIVER~1\EECS47~1\Project\LIL_FI~1\LILFIS~1\LILFIS~1\ARDUIN~1\Debug\libArduinoCore.a(Print.o)
 .debug_abbrev  0x00002775       0xfc D:\Users\Celine\ONEDRI~1.EDU\DOCUME~1\Schule\UNIVER~1\EECS47~1\Project\LIL_FI~1\LILFIS~1\LILFIS~1\ARDUIN~1\Debug\libArduinoCore.a(WInterrupts.o)
 .debug_abbrev  0x00002871      0x146 D:\Users\Celine\ONEDRI~1.EDU\DOCUME~1\Schule\UNIVER~1\EECS47~1\Project\LIL_FI~1\LILFIS~1\LILFIS~1\ARDUIN~1\Debug\libArduinoCore.a(wiring.o)
 .debug_abbrev  0x000029b7      0x16b D:\Users\Celine\ONEDRI~1.EDU\DOCUME~1\Schule\UNIVER~1\EECS47~1\Project\LIL_FI~1\LILFIS~1\LILFIS~1\ARDUIN~1\Debug\libArduinoCore.a(wiring_analog.o)
 .debug_abbrev  0x00002b22      0x15b D:\Users\Celine\ONEDRI~1.EDU\DOCUME~1\Schule\UNIVER~1\EECS47~1\Project\LIL_FI~1\LILFIS~1\LILFIS~1\ARDUIN~1\Debug\libArduinoCore.a(wiring_digital.o)
 .debug_abbrev  0x00002c7d      0x35e D:\Users\Celine\ONEDRI~1.EDU\DOCUME~1\Schule\UNIVER~1\EECS47~1\Project\LIL_FI~1\LILFIS~1\LILFIS~1\ARDUIN~1\Debug\libArduinoCore.a(tasks.o)
 .debug_abbrev  0x00002fdb      0x2f8 D:\Users\Celine\ONEDRI~1.EDU\DOCUME~1\Schule\UNIVER~1\EECS47~1\Project\LIL_FI~1\LILFIS~1\LILFIS~1\ARDUIN~1\Debug\libArduinoCore.a(timers.o)
 .debug_abbrev  0x000032d3      0x18d D:\Users\Celine\ONEDRI~1.EDU\DOCUME~1\Schule\UNIVER~1\EECS47~1\Project\LIL_FI~1\LILFIS~1\LILFIS~1\ARDUIN~1\Debug\libArduinoCore.a(variantHooks.o)
 .debug_abbrev  0x00003460      0x210 D:\Users\Celine\ONEDRI~1.EDU\DOCUME~1\Schule\UNIVER~1\EECS47~1\Project\LIL_FI~1\LILFIS~1\LILFIS~1\ARDUIN~1\Debug\libArduinoCore.a(FreqCount.o)
 .debug_abbrev  0x00003670       0x2a D:\Users\Celine\ONEDRI~1.EDU\DOCUME~1\Schule\UNIVER~1\EECS47~1\Project\LIL_FI~1\LILFIS~1\LILFIS~1\ARDUIN~1\Debug\libArduinoCore.a(hooks.o)
 .debug_abbrev  0x0000369a      0x115 D:\Users\Celine\ONEDRI~1.EDU\DOCUME~1\Schule\UNIVER~1\EECS47~1\Project\LIL_FI~1\LILFIS~1\LILFIS~1\ARDUIN~1\Debug\libArduinoCore.a(heap_3.o)
 .debug_abbrev  0x000037af       0xff D:\Users\Celine\ONEDRI~1.EDU\DOCUME~1\Schule\UNIVER~1\EECS47~1\Project\LIL_FI~1\LILFIS~1\LILFIS~1\ARDUIN~1\Debug\libArduinoCore.a(list.o)
 .debug_abbrev  0x000038ae      0x158 D:\Users\Celine\ONEDRI~1.EDU\DOCUME~1\Schule\UNIVER~1\EECS47~1\Project\LIL_FI~1\LILFIS~1\LILFIS~1\ARDUIN~1\Debug\libArduinoCore.a(port.o)
 .debug_abbrev  0x00003a06      0x2d5 D:\Users\Celine\ONEDRI~1.EDU\DOCUME~1\Schule\UNIVER~1\EECS47~1\Project\LIL_FI~1\LILFIS~1\LILFIS~1\ARDUIN~1\Debug\libArduinoCore.a(queue.o)
 .debug_abbrev  0x00003cdb       0x14 C:/Program Files (x86)/Atmel/Studio/7.0/Packs/atmel/ATmega_DFP/1.2.209/gcc/dev/atmega328p/avr5\libatmega328p.a(eerd_byte.o)
 .debug_abbrev  0x00003cef       0x14 C:/Program Files (x86)/Atmel/Studio/7.0/Packs/atmel/ATmega_DFP/1.2.209/gcc/dev/atmega328p/avr5\libatmega328p.a(eewr_byte.o)

.debug_line     0x00000000     0x6941
 *(.debug_line .debug_line.* .debug_line_end)
 .debug_line    0x00000000      0x133 C:/Program Files (x86)/Atmel/Studio/7.0/Packs/atmel/ATmega_DFP/1.2.209/gcc/dev/atmega328p/avr5/crtatmega328p.o
 .debug_line    0x00000133      0x6e6 DFRobot_PH.o
 .debug_line    0x00000819      0x994 main.o
 .debug_line    0x000011ad      0x6c8 OneWire.o
 .debug_line    0x00001875      0x1c7 phSensor.o
 .debug_line    0x00001a3c      0x666 src/libraries/MD_TCS230/src/MD_TCS230.o
 .debug_line    0x000020a2      0x4c4 D:\Users\Celine\ONEDRI~1.EDU\DOCUME~1\Schule\UNIVER~1\EECS47~1\Project\LIL_FI~1\LILFIS~1\LILFIS~1\ARDUIN~1\Debug\libArduinoCore.a(HardwareSerial.o)
 .debug_line    0x00002566      0x28c D:\Users\Celine\ONEDRI~1.EDU\DOCUME~1\Schule\UNIVER~1\EECS47~1\Project\LIL_FI~1\LILFIS~1\LILFIS~1\ARDUIN~1\Debug\libArduinoCore.a(HardwareSerial0.o)
 .debug_line    0x000027f2      0x165 D:\Users\Celine\ONEDRI~1.EDU\DOCUME~1\Schule\UNIVER~1\EECS47~1\Project\LIL_FI~1\LILFIS~1\LILFIS~1\ARDUIN~1\Debug\libArduinoCore.a(main.o)
 .debug_line    0x00002957      0x685 D:\Users\Celine\ONEDRI~1.EDU\DOCUME~1\Schule\UNIVER~1\EECS47~1\Project\LIL_FI~1\LILFIS~1\LILFIS~1\ARDUIN~1\Debug\libArduinoCore.a(Print.o)
 .debug_line    0x00002fdc      0x1a0 D:\Users\Celine\ONEDRI~1.EDU\DOCUME~1\Schule\UNIVER~1\EECS47~1\Project\LIL_FI~1\LILFIS~1\LILFIS~1\ARDUIN~1\Debug\libArduinoCore.a(WInterrupts.o)
 .debug_line    0x0000317c      0x299 D:\Users\Celine\ONEDRI~1.EDU\DOCUME~1\Schule\UNIVER~1\EECS47~1\Project\LIL_FI~1\LILFIS~1\LILFIS~1\ARDUIN~1\Debug\libArduinoCore.a(wiring.o)
 .debug_line    0x00003415      0x20f D:\Users\Celine\ONEDRI~1.EDU\DOCUME~1\Schule\UNIVER~1\EECS47~1\Project\LIL_FI~1\LILFIS~1\LILFIS~1\ARDUIN~1\Debug\libArduinoCore.a(wiring_analog.o)
 .debug_line    0x00003624      0x252 D:\Users\Celine\ONEDRI~1.EDU\DOCUME~1\Schule\UNIVER~1\EECS47~1\Project\LIL_FI~1\LILFIS~1\LILFIS~1\ARDUIN~1\Debug\libArduinoCore.a(wiring_digital.o)
 .debug_line    0x00003876     0x1256 D:\Users\Celine\ONEDRI~1.EDU\DOCUME~1\Schule\UNIVER~1\EECS47~1\Project\LIL_FI~1\LILFIS~1\LILFIS~1\ARDUIN~1\Debug\libArduinoCore.a(tasks.o)
 .debug_line    0x00004acc      0x538 D:\Users\Celine\ONEDRI~1.EDU\DOCUME~1\Schule\UNIVER~1\EECS47~1\Project\LIL_FI~1\LILFIS~1\LILFIS~1\ARDUIN~1\Debug\libArduinoCore.a(timers.o)
 .debug_line    0x00005004      0x246 D:\Users\Celine\ONEDRI~1.EDU\DOCUME~1\Schule\UNIVER~1\EECS47~1\Project\LIL_FI~1\LILFIS~1\LILFIS~1\ARDUIN~1\Debug\libArduinoCore.a(variantHooks.o)
 .debug_line    0x0000524a      0x361 D:\Users\Celine\ONEDRI~1.EDU\DOCUME~1\Schule\UNIVER~1\EECS47~1\Project\LIL_FI~1\LILFIS~1\LILFIS~1\ARDUIN~1\Debug\libArduinoCore.a(FreqCount.o)
 .debug_line    0x000055ab       0x41 D:\Users\Celine\ONEDRI~1.EDU\DOCUME~1\Schule\UNIVER~1\EECS47~1\Project\LIL_FI~1\LILFIS~1\LILFIS~1\ARDUIN~1\Debug\libArduinoCore.a(hooks.o)
 .debug_line    0x000055ec      0x1a3 D:\Users\Celine\ONEDRI~1.EDU\DOCUME~1\Schule\UNIVER~1\EECS47~1\Project\LIL_FI~1\LILFIS~1\LILFIS~1\ARDUIN~1\Debug\libArduinoCore.a(heap_3.o)
 .debug_line    0x0000578f      0x208 D:\Users\Celine\ONEDRI~1.EDU\DOCUME~1\Schule\UNIVER~1\EECS47~1\Project\LIL_FI~1\LILFIS~1\LILFIS~1\ARDUIN~1\Debug\libArduinoCore.a(list.o)
 .debug_line    0x00005997      0x328 D:\Users\Celine\ONEDRI~1.EDU\DOCUME~1\Schule\UNIVER~1\EECS47~1\Project\LIL_FI~1\LILFIS~1\LILFIS~1\ARDUIN~1\Debug\libArduinoCore.a(port.o)
 .debug_line    0x00005cbf      0xb6a D:\Users\Celine\ONEDRI~1.EDU\DOCUME~1\Schule\UNIVER~1\EECS47~1\Project\LIL_FI~1\LILFIS~1\LILFIS~1\ARDUIN~1\Debug\libArduinoCore.a(queue.o)
 .debug_line    0x00006829       0x7a C:/Program Files (x86)/Atmel/Studio/7.0/Packs/atmel/ATmega_DFP/1.2.209/gcc/dev/atmega328p/avr5\libatmega328p.a(eerd_byte.o)
 .debug_line    0x000068a3       0x9e C:/Program Files (x86)/Atmel/Studio/7.0/Packs/atmel/ATmega_DFP/1.2.209/gcc/dev/atmega328p/avr5\libatmega328p.a(eewr_byte.o)

.debug_frame    0x00000000     0x1ea0
 *(.debug_frame)
 .debug_frame   0x00000000      0x1d8 DFRobot_PH.o
 .debug_frame   0x000001d8      0x1c8 main.o
 .debug_frame   0x000003a0      0x258 OneWire.o
 .debug_frame   0x000005f8       0xb4 phSensor.o
 .debug_frame   0x000006ac      0x28c src/libraries/MD_TCS230/src/MD_TCS230.o
 .debug_frame   0x00000938      0x110 D:\Users\Celine\ONEDRI~1.EDU\DOCUME~1\Schule\UNIVER~1\EECS47~1\Project\LIL_FI~1\LILFIS~1\LILFIS~1\ARDUIN~1\Debug\libArduinoCore.a(HardwareSerial.o)
 .debug_frame   0x00000a48       0xe0 D:\Users\Celine\ONEDRI~1.EDU\DOCUME~1\Schule\UNIVER~1\EECS47~1\Project\LIL_FI~1\LILFIS~1\LILFIS~1\ARDUIN~1\Debug\libArduinoCore.a(HardwareSerial0.o)
 .debug_frame   0x00000b28       0x54 D:\Users\Celine\ONEDRI~1.EDU\DOCUME~1\Schule\UNIVER~1\EECS47~1\Project\LIL_FI~1\LILFIS~1\LILFIS~1\ARDUIN~1\Debug\libArduinoCore.a(main.o)
 .debug_frame   0x00000b7c      0x3ac D:\Users\Celine\ONEDRI~1.EDU\DOCUME~1\Schule\UNIVER~1\EECS47~1\Project\LIL_FI~1\LILFIS~1\LILFIS~1\ARDUIN~1\Debug\libArduinoCore.a(Print.o)
 .debug_frame   0x00000f28       0xf4 D:\Users\Celine\ONEDRI~1.EDU\DOCUME~1\Schule\UNIVER~1\EECS47~1\Project\LIL_FI~1\LILFIS~1\LILFIS~1\ARDUIN~1\Debug\libArduinoCore.a(WInterrupts.o)
 .debug_frame   0x0000101c       0xc4 D:\Users\Celine\ONEDRI~1.EDU\DOCUME~1\Schule\UNIVER~1\EECS47~1\Project\LIL_FI~1\LILFIS~1\LILFIS~1\ARDUIN~1\Debug\libArduinoCore.a(wiring.o)
 .debug_frame   0x000010e0       0x54 D:\Users\Celine\ONEDRI~1.EDU\DOCUME~1\Schule\UNIVER~1\EECS47~1\Project\LIL_FI~1\LILFIS~1\LILFIS~1\ARDUIN~1\Debug\libArduinoCore.a(wiring_analog.o)
 .debug_frame   0x00001134       0x7c D:\Users\Celine\ONEDRI~1.EDU\DOCUME~1\Schule\UNIVER~1\EECS47~1\Project\LIL_FI~1\LILFIS~1\LILFIS~1\ARDUIN~1\Debug\libArduinoCore.a(wiring_digital.o)
 .debug_frame   0x000011b0      0x57c D:\Users\Celine\ONEDRI~1.EDU\DOCUME~1\Schule\UNIVER~1\EECS47~1\Project\LIL_FI~1\LILFIS~1\LILFIS~1\ARDUIN~1\Debug\libArduinoCore.a(tasks.o)
 .debug_frame   0x0000172c      0x198 D:\Users\Celine\ONEDRI~1.EDU\DOCUME~1\Schule\UNIVER~1\EECS47~1\Project\LIL_FI~1\LILFIS~1\LILFIS~1\ARDUIN~1\Debug\libArduinoCore.a(timers.o)
 .debug_frame   0x000018c4       0x54 D:\Users\Celine\ONEDRI~1.EDU\DOCUME~1\Schule\UNIVER~1\EECS47~1\Project\LIL_FI~1\LILFIS~1\LILFIS~1\ARDUIN~1\Debug\libArduinoCore.a(variantHooks.o)
 .debug_frame   0x00001918       0xac D:\Users\Celine\ONEDRI~1.EDU\DOCUME~1\Schule\UNIVER~1\EECS47~1\Project\LIL_FI~1\LILFIS~1\LILFIS~1\ARDUIN~1\Debug\libArduinoCore.a(FreqCount.o)
 .debug_frame   0x000019c4       0x24 D:\Users\Celine\ONEDRI~1.EDU\DOCUME~1\Schule\UNIVER~1\EECS47~1\Project\LIL_FI~1\LILFIS~1\LILFIS~1\ARDUIN~1\Debug\libArduinoCore.a(hooks.o)
 .debug_frame   0x000019e8       0x4c D:\Users\Celine\ONEDRI~1.EDU\DOCUME~1\Schule\UNIVER~1\EECS47~1\Project\LIL_FI~1\LILFIS~1\LILFIS~1\ARDUIN~1\Debug\libArduinoCore.a(heap_3.o)
 .debug_frame   0x00001a34       0x90 D:\Users\Celine\ONEDRI~1.EDU\DOCUME~1\Schule\UNIVER~1\EECS47~1\Project\LIL_FI~1\LILFIS~1\LILFIS~1\ARDUIN~1\Debug\libArduinoCore.a(list.o)
 .debug_frame   0x00001ac4       0x74 D:\Users\Celine\ONEDRI~1.EDU\DOCUME~1\Schule\UNIVER~1\EECS47~1\Project\LIL_FI~1\LILFIS~1\LILFIS~1\ARDUIN~1\Debug\libArduinoCore.a(port.o)
 .debug_frame   0x00001b38      0x368 D:\Users\Celine\ONEDRI~1.EDU\DOCUME~1\Schule\UNIVER~1\EECS47~1\Project\LIL_FI~1\LILFIS~1\LILFIS~1\ARDUIN~1\Debug\libArduinoCore.a(queue.o)

.debug_str      0x00000000     0x4b0c
 *(.debug_str)
 .debug_str     0x00000000      0x208 C:/Program Files (x86)/Atmel/Studio/7.0/Packs/atmel/ATmega_DFP/1.2.209/gcc/dev/atmega328p/avr5/crtatmega328p.o
 .debug_str     0x00000208      0x975 DFRobot_PH.o
                                0xa3c (size before relaxing)
 .debug_str     0x00000b7d      0xb46 main.o
                               0x12c6 (size before relaxing)
 .debug_str     0x000016c3      0x155 OneWire.o
                                0x6c6 (size before relaxing)
 .debug_str     0x00001818       0x6c phSensor.o
                                0x8dc (size before relaxing)
 .debug_str     0x00001884      0x130 src/libraries/MD_TCS230/src/MD_TCS230.o
                                0x7d3 (size before relaxing)
 .debug_str     0x000019b4     0x12a8 D:\Users\Celine\ONEDRI~1.EDU\DOCUME~1\Schule\UNIVER~1\EECS47~1\Project\LIL_FI~1\LILFIS~1\LILFIS~1\ARDUIN~1\Debug\libArduinoCore.a(HardwareSerial.o)
                               0x1659 (size before relaxing)
 .debug_str     0x00002c5c       0x86 D:\Users\Celine\ONEDRI~1.EDU\DOCUME~1\Schule\UNIVER~1\EECS47~1\Project\LIL_FI~1\LILFIS~1\LILFIS~1\ARDUIN~1\Debug\libArduinoCore.a(HardwareSerial0.o)
                               0x144c (size before relaxing)
 .debug_str     0x00002ce2       0x37 D:\Users\Celine\ONEDRI~1.EDU\DOCUME~1\Schule\UNIVER~1\EECS47~1\Project\LIL_FI~1\LILFIS~1\LILFIS~1\ARDUIN~1\Debug\libArduinoCore.a(main.o)
                                0x2f8 (size before relaxing)
 .debug_str     0x00002d19      0x2c1 D:\Users\Celine\ONEDRI~1.EDU\DOCUME~1\Schule\UNIVER~1\EECS47~1\Project\LIL_FI~1\LILFIS~1\LILFIS~1\ARDUIN~1\Debug\libArduinoCore.a(Print.o)
                               0x1286 (size before relaxing)
 .debug_str     0x00002fda      0x146 D:\Users\Celine\ONEDRI~1.EDU\DOCUME~1\Schule\UNIVER~1\EECS47~1\Project\LIL_FI~1\LILFIS~1\LILFIS~1\ARDUIN~1\Debug\libArduinoCore.a(WInterrupts.o)
                                0x27b (size before relaxing)
 .debug_str     0x00003120       0x67 D:\Users\Celine\ONEDRI~1.EDU\DOCUME~1\Schule\UNIVER~1\EECS47~1\Project\LIL_FI~1\LILFIS~1\LILFIS~1\ARDUIN~1\Debug\libArduinoCore.a(wiring.o)
                                0x28e (size before relaxing)
 .debug_str     0x00003187       0x5b D:\Users\Celine\ONEDRI~1.EDU\DOCUME~1\Schule\UNIVER~1\EECS47~1\Project\LIL_FI~1\LILFIS~1\LILFIS~1\ARDUIN~1\Debug\libArduinoCore.a(wiring_analog.o)
                                0x292 (size before relaxing)