Archive member included to satisfy reference by file (symbol)

c:/program files (x86)/atmel/studio/7.0/toolchain/avr8/avr8-gnu-toolchain/bin/../lib/gcc/avr/5.4.0/../../../../avr/lib/avr5\libm.a(addsf3.o)
                              DFRobot_PH.o (__subsf3)
c:/program files (x86)/atmel/studio/7.0/toolchain/avr8/avr8-gnu-toolchain/bin/../lib/gcc/avr/5.4.0/../../../../avr/lib/avr5\libm.a(addsf3x.o)
                              c:/program files (x86)/atmel/studio/7.0/toolchain/avr8/avr8-gnu-toolchain/bin/../lib/gcc/avr/5.4.0/../../../../avr/lib/avr5\libm.a(addsf3.o) (__addsf3x)
c:/program files (x86)/atmel/studio/7.0/toolchain/avr8/avr8-gnu-toolchain/bin/../lib/gcc/avr/5.4.0/../../../../avr/lib/avr5\libm.a(cmpsf2.o)
                              DFRobot_PH.o (__ltsf2)
c:/program files (x86)/atmel/studio/7.0/toolchain/avr8/avr8-gnu-toolchain/bin/../lib/gcc/avr/5.4.0/../../../../avr/lib/avr5\libm.a(divsf3.o)
                              DFRobot_PH.o (__divsf3)
c:/program files (x86)/atmel/studio/7.0/toolchain/avr8/avr8-gnu-toolchain/bin/../lib/gcc/avr/5.4.0/../../../../avr/lib/avr5\libm.a(divsf3x.o)
                              c:/program files (x86)/atmel/studio/7.0/toolchain/avr8/avr8-gnu-toolchain/bin/../lib/gcc/avr/5.4.0/../../../../avr/lib/avr5\libm.a(divsf3.o) (__divsf3x)
c:/program files (x86)/atmel/studio/7.0/toolchain/avr8/avr8-gnu-toolchain/bin/../lib/gcc/avr/5.4.0/../../../../avr/lib/avr5\libm.a(floatsisf.o)
                              main.o (__floatsisf)
c:/program files (x86)/atmel/studio/7.0/toolchain/avr8/avr8-gnu-toolchain/bin/../lib/gcc/avr/5.4.0/../../../../avr/lib/avr5\libm.a(fp_cmp.o)
                              c:/program files (x86)/atmel/studio/7.0/toolchain/avr8/avr8-gnu-toolchain/bin/../lib/gcc/avr/5.4.0/../../../../avr/lib/avr5\libm.a(cmpsf2.o) (__fp_cmp)
c:/program files (x86)/atmel/studio/7.0/toolchain/avr8/avr8-gnu-toolchain/bin/../lib/gcc/avr/5.4.0/../../../../avr/lib/avr5\libm.a(fp_inf.o)
                              c:/program files (x86)/atmel/studio/7.0/toolchain/avr8/avr8-gnu-toolchain/bin/../lib/gcc/avr/5.4.0/../../../../avr/lib/avr5\libm.a(addsf3x.o) (__fp_inf)
c:/program files (x86)/atmel/studio/7.0/toolchain/avr8/avr8-gnu-toolchain/bin/../lib/gcc/avr/5.4.0/../../../../avr/lib/avr5\libm.a(fp_nan.o)
                              c:/program files (x86)/atmel/studio/7.0/toolchain/avr8/avr8-gnu-toolchain/bin/../lib/gcc/avr/5.4.0/../../../../avr/lib/avr5\libm.a(addsf3x.o) (__fp_nan)
c:/program files (x86)/atmel/studio/7.0/toolchain/avr8/avr8-gnu-toolchain/bin/../lib/gcc/avr/5.4.0/../../../../avr/lib/avr5\libm.a(fp_pscA.o)
                              c:/program files (x86)/atmel/studio/7.0/toolchain/avr8/avr8-gnu-toolchain/bin/../lib/gcc/avr/5.4.0/../../../../avr/lib/avr5\libm.a(addsf3x.o) (__fp_pscA)
c:/program files (x86)/atmel/studio/7.0/toolchain/avr8/avr8-gnu-toolchain/bin/../lib/gcc/avr/5.4.0/../../../../avr/lib/avr5\libm.a(fp_pscB.o)
                              c:/program files (x86)/atmel/studio/7.0/toolchain/avr8/avr8-gnu-toolchain/bin/../lib/gcc/avr/5.4.0/../../../../avr/lib/avr5\libm.a(addsf3x.o) (__fp_pscB)
c:/program files (x86)/atmel/studio/7.0/toolchain/avr8/avr8-gnu-toolchain/bin/../lib/gcc/avr/5.4.0/../../../../avr/lib/avr5\libm.a(fp_round.o)
                              c:/program files (x86)/atmel/studio/7.0/toolchain/avr8/avr8-gnu-toolchain/bin/../lib/gcc/avr/5.4.0/../../../../avr/lib/avr5\libm.a(addsf3.o) (__fp_round)
c:/program files (x86)/atmel/studio/7.0/toolchain/avr8/avr8-gnu-toolchain/bin/../lib/gcc/avr/5.4.0/../../../../avr/lib/avr5\libm.a(fp_split3.o)
                              c:/program files (x86)/atmel/studio/7.0/toolchain/avr8/avr8-gnu-toolchain/bin/../lib/gcc/avr/5.4.0/../../../../avr/lib/avr5\libm.a(addsf3x.o) (__fp_split3)
c:/program files (x86)/atmel/studio/7.0/toolchain/avr8/avr8-gnu-toolchain/bin/../lib/gcc/avr/5.4.0/../../../../avr/lib/avr5\libm.a(fp_zero.o)
                              c:/program files (x86)/atmel/studio/7.0/toolchain/avr8/avr8-gnu-toolchain/bin/../lib/gcc/avr/5.4.0/../../../../avr/lib/avr5\libm.a(addsf3x.o) (__fp_zero)
c:/program files (x86)/atmel/studio/7.0/toolchain/avr8/avr8-gnu-toolchain/bin/../lib/gcc/avr/5.4.0/../../../../avr/lib/avr5\libm.a(gesf2.o)
                              DFRobot_PH.o (__gtsf2)
c:/program files (x86)/atmel/studio/7.0/toolchain/avr8/avr8-gnu-toolchain/bin/../lib/gcc/avr/5.4.0/../../../../avr/lib/avr5\libm.a(mulsf3.o)
                              DFRobot_PH.o (__mulsf3)
c:/program files (x86)/atmel/studio/7.0/toolchain/avr8/avr8-gnu-toolchain/bin/../lib/gcc/avr/5.4.0/../../../../avr/lib/avr5\libm.a(mulsf3x.o)
                              c:/program files (x86)/atmel/studio/7.0/toolchain/avr8/avr8-gnu-toolchain/bin/../lib/gcc/avr/5.4.0/../../../../avr/lib/avr5\libm.a(mulsf3.o) (__mulsf3x)
D:\Users\Celine\ONEDRI~1.EDU\DOCUME~1\Schule\UNIVER~1\EECS47~1\Project\LIL_FI~1\LILFIS~1\LILFIS~1\ARDUIN~1\Debug\libArduinoCore.a(HardwareSerial.o)
[...]
Memory Configuration

Name             Origin             Length             Attributes
text             0x00000000         0x00020000         xr
data             0x00800060         0x0000ffa0         rw !x
eeprom           0x00810000         0x00010000         rw !x
fuse             0x00820000         0x00000003         rw !x
lock             0x00830000         0x00000400         rw !x
signature        0x00840000         0x00000400         rw !x
user_signatures  0x00850000         0x00000400         rw !x
*default*        0x00000000         0xffffffff

Linker script and memory map

Address of section .data set to 0x800100
LOAD C:/Program Files (x86)/Atmel/Studio/7.0/Packs/atmel/ATmega_DFP/1.3.300/gcc/dev/atmega328p/avr5/crtatmega328p.o
LOAD DFRobot_PH.o
LOAD main.o
START GROUP
LOAD c:/program files (x86)/atmel/studio/7.0/toolchain/avr8/avr8-gnu-toolchain/bin/../lib/gcc/avr/5.4.0/../../../../avr/lib/avr5\libm.a
LOAD D:\Users\Celine\ONEDRI~1.EDU\DOCUME~1\Schule\UNIVER~1\EECS47~1\Project\LIL_FI~1\LILFIS~1\LILFIS~1\ARDUIN~1\Debug\libArduinoCore.a
END GROUP
LOAD c:/program files (x86)/atmel/studio/7.0/toolchain/avr8/avr8-gnu-toolchain/bin/../lib/gcc/avr/5.4.0/avr5\libgcc.a
LOAD c:/program files (x86)/atmel/studio/7.0/toolchain/avr8/avr8-gnu-toolchain/bin/../lib/gcc/avr/5.4.0/../../../../avr/lib/avr5\libm.a
START GROUP
LOAD c:/program files (x86)/atmel/studio/7.0/toolchain/avr8/avr8-gnu-toolchain/bin/../lib/gcc/avr/5.4.0/avr5\libgcc.a
LOAD c:/program files (x86)/atmel/studio/7.0/toolchain/avr8/avr8-gnu-toolchain/bin/../lib/gcc/avr/5.4.0/../../../../avr/lib/avr5\libm.a
LOAD c:/program files (x86)/atmel/studio/7.0/toolchain/avr8/avr8-gnu-toolchain/bin/../lib/gcc/avr/5.4.0/../../../../avr/lib/avr5\libc.a
LOAD C:/Program Files (x86)/Atmel/Studio/7.0/Packs/atmel/ATmega_DFP/1.3.300/gcc/dev/atmega328p/avr5\libatmega328p.a
END GROUP
                0x00000000                __TEXT_REGION_ORIGIN__ = DEFINED (__TEXT_REGION_ORIGIN__)?__TEXT_REGION_ORIGIN__:0x0
                0x00800060                __DATA_REGION_ORIGIN__ = DEFINED (__DATA_REGION_ORIGIN__)?__DATA_REGION_ORIGIN__:0x800060
                0x00020000                __TEXT_REGION_LENGTH__ = DEFINED (__TEXT_REGION_LENGTH__)?__TEXT_REGION_LENGTH__:0x20000
                0x0000ffa0                __DATA_REGION_LENGTH__ = DEFINED (__DATA_REGION_LENGTH__)?__DATA_REGION_LENGTH__:0xffa0
                0x00010000                __EEPROM_REGION_LENGTH__ = DEFINED (__EEPROM_REGION_LENGTH__)?__EEPROM_REGION_LENGTH__:0x10000
                [0x00000003]                __FUSE_REGION_LENGTH__ = DEFINED (__FUSE_REGION_LENGTH__)?__FUSE_REGION_LENGTH__:0x400
                0x00000400                __LOCK_REGION_LENGTH__ = DEFINED (__LOCK_REGION_LENGTH__)?__LOCK_REGION_LENGTH__:0x400
                0x00000400                __SIGNATURE_REGION_LENGTH__ = DEFINED (__SIGNATURE_REGION_LENGTH__)?__SIGNATURE_REGION_LENGTH__:0x400
                0x00000400                __USER_SIGNATURE_REGION_LENGTH__ = DEFINED (__USER_SIGNATURE_REGION_LENGTH__)?__USER_SIGNATURE_REGION_LENGTH__:0x400

.hash
 *(.hash)

.dynsym
 *(.dynsym)

.dynstr
 *(.dynstr)

.gnu.version
 *(.gnu.version)

.gnu.version_d
 *(.gnu.version_d)

.gnu.version_r
 *(.gnu.version_r)

.rel.init
 *(.rel.init)

.rela.init
 *(.rela.init)

.rel.text
 *(.rel.text)
 *(.rel.text.*)
 *(.rel.gnu.linkonce.t*)

.rela.text
 *(.rela.text)
 *(.rela.text.*)
 *(.rela.gnu.linkonce.t*)

.rel.fini
 *(.rel.fini)

.rela.fini
 *(.rela.fini)

.rel.rodata
 *(.rel.rodata)
 *(.rel.rodata.*)
 *(.rel.gnu.linkonce.r*)

.rela.rodata
 *(.rela.rodata)
 *(.rela.rodata.*)
 *(.rela.gnu.linkonce.r*)

.rel.data
 *(.rel.data)
 *(.rel.data.*)
 *(.rel.gnu.linkonce.d*)

.rela.data
 *(.rela.data)
 *(.rela.data.*)
 *(.rela.gnu.linkonce.d*)

.rel.ctors
 *(.rel.ctors)

.rela.ctors
 *(.rela.ctors)

.rel.dtors
 *(.rel.dtors)

.rela.dtors
 *(.rela.dtors)

.rel.got
 *(.rel.got)

.rela.got
 *(.rela.got)

.rel.bss
 *(.rel.bss)

.rela.bss
 *(.rela.bss)

.rel.plt
 *(.rel.plt)

.rela.plt
 *(.rela.plt)

.text           0x00000000     0x3f64
 *(.vectors)
 .vectors       0x00000000       0x68 C:/Program Files (x86)/Atmel/Studio/7.0/Packs/atmel/ATmega_DFP/1.3.300/gcc/dev/atmega328p/avr5/crtatmega328p.o
                0x00000000                __vector_default
                0x00000000                __vectors
 *(.vectors)
 *(.progmem.gcc*)
 .progmem.gcc_sw_table.prvTimerTask
                0x00000068       0x14 D:\Users\Celine\ONEDRI~1.EDU\DOCUME~1\Schule\UNIVER~1\EECS47~1\Project\LIL_FI~1\LILFIS~1\LILFIS~1\ARDUIN~1\Debug\libArduinoCore.a(timers.o)
                0x0000007c                . = ALIGN (0x2)
                0x0000007c                __trampolines_start = .
 *(.trampolines)
 .trampolines   0x0000007c        0x0 linker stubs
 *(.trampolines*)
                0x0000007c                __trampolines_end = .
 *libprintf_flt.a:*(.progmem.data)
 *libc.a:*(.progmem.data)
 *(.progmem*)
 .progmem.data._ZZ9SameColorvE3__c
                0x0000007c       0x16 main.o
 .progmem.data.digital_pin_to_timer_PGM
                0x00000092       0x14 D:\Users\Celine\ONEDRI~1.EDU\DOCUME~1\Schule\UNIVER~1\EECS47~1\Project\LIL_FI~1\LILFIS~1\LILFIS~1\ARDUIN~1\Debug\libArduinoCore.a(wiring_digital.o)
                0x00000092                digital_pin_to_timer_PGM
 .progmem.data.digital_pin_to_bit_mask_PGM
                0x000000a6       0x14 D:\Users\Celine\ONEDRI~1.EDU\DOCUME~1\Schule\UNIVER~1\EECS47~1\Project\LIL_FI~1\LILFIS~1\LILFIS~1\ARDUIN~1\Debug\libArduinoCore.a(wiring_digital.o)
                0x000000a6                digital_pin_to_bit_mask_PGM
 .progmem.data.digital_pin_to_port_PGM
                0x000000ba       0x14 D:\Users\Celine\ONEDRI~1.EDU\DOCUME~1\Schule\UNIVER~1\EECS47~1\Project\LIL_FI~1\LILFIS~1\LILFIS~1\ARDUIN~1\Debug\libArduinoCore.a(wiring_digital.o)
                0x000000ba                digital_pin_to_port_PGM
 .progmem.data.port_to_output_PGM
                0x000000ce        0xa D:\Users\Celine\ONEDRI~1.EDU\DOCUME~1\Schule\UNIVER~1\EECS47~1\Project\LIL_FI~1\LILFIS~1\LILFIS~1\ARDUIN~1\Debug\libArduinoCore.a(wiring_digital.o)
                0x000000ce                port_to_output_PGM
 .progmem.data.port_to_mode_PGM
                0x000000d8        0xa D:\Users\Celine\ONEDRI~1.EDU\DOCUME~1\Schule\UNIVER~1\EECS47~1\Project\LIL_FI~1\LILFIS~1\LILFIS~1\ARDUIN~1\Debug\libArduinoCore.a(wiring_digital.o)
                0x000000d8                port_to_mode_PGM
                0x000000e2                . = ALIGN (0x2)
 *(.jumptables)
 *(.jumptables*)
 *(.lowtext)
 *(.lowtext*)
                0x000000e2                __ctors_start = .
 *(.ctors)
 .ctors         0x000000e2        0x2 main.o
 .ctors         0x000000e4        0x2 D:\Users\Celine\ONEDRI~1.EDU\DOCUME~1\Schule\UNIVER~1\EECS47~1\Project\LIL_FI~1\LILFIS~1\LILFIS~1\ARDUIN~1\Debug\libArduinoCore.a(HardwareSerial0.o)
                0x000000e6                __ctors_end = .
                0x000000e6                __dtors_start = .
 *(.dtors)
 .dtors         0x000000e6        0x2 main.o
                0x000000e8                __dtors_end = .
 SORT(*)(.ctors)
 SORT(*)(.dtors)
 *(.init0)
 .init0         0x000000e8        0x0 C:/Program Files (x86)/Atmel/Studio/7.0/Packs/atmel/ATmega_DFP/1.3.300/gcc/dev/atmega328p/avr5/crtatmega328p.o
                0x000000e8                __init
 *(.init0)
 *(.init1)
 *(.init1)
 *(.init2)
 .init2         0x000000e8        0xc C:/Program Files (x86)/Atmel/Studio/7.0/Packs/atmel/ATmega_DFP/1.3.300/gcc/dev/atmega328p/avr5/crtatmega328p.o
 *(.init2)
 *(.init3)
 *(.init3)
 *(.init4)
 .init4         0x000000f4       0x16 c:/program files (x86)/atmel/studio/7.0/toolchain/avr8/avr8-gnu-toolchain/bin/../lib/gcc/avr/5.4.0/avr5\libgcc.a(_copy_data.o)
                0x000000f4                __do_copy_data
 .init4         0x0000010a       0x10 c:/program files (x86)/atmel/studio/7.0/toolchain/avr8/avr8-gnu-toolchain/bin/../lib/gcc/avr/5.4.0/avr5\libgcc.a(_clear_bss.o)
                0x0000010a                __do_clear_bss
 *(.init4)
 *(.init5)
 *(.init5)
 *(.init6)
 .init6         0x0000011a       0x16 c:/program files (x86)/atmel/studio/7.0/toolchain/avr8/avr8-gnu-toolchain/bin/../lib/gcc/avr/5.4.0/avr5\libgcc.a(_ctors.o)
                0x0000011a                __do_global_ctors
 *(.init6)
 *(.init7)
 *(.init7)
 *(.init8)
 *(.init8)
 *(.init9)
 .init9         0x00000130        0x8 C:/Program Files (x86)/Atmel/Studio/7.0/Packs/atmel/ATmega_DFP/1.3.300/gcc/dev/atmega328p/avr5/crtatmega328p.o
 *(.init9)
 *(.text)
 .text          0x00000138        0x4 C:/Program Files (x86)/Atmel/Studio/7.0/Packs/atmel/ATmega_DFP/1.3.300/gcc/dev/atmega328p/avr5/crtatmega328p.o
                0x00000138                __vector_22
                0x00000138                __vector_24
                0x00000138                __vector_12
                0x00000138                __bad_interrupt
                0x00000138                __vector_3
                0x00000138                __vector_23
                0x00000138                __vector_25
                0x00000138                __vector_11
                0x00000138                __vector_13
                0x00000138                __vector_17
                0x00000138                __vector_5
                0x00000138                __vector_4
                0x00000138                __vector_9
                0x00000138                __vector_21
                0x00000138                __vector_15
                0x00000138                __vector_8
                0x00000138                __vector_14
                0x00000138                __vector_10
                0x00000138                __vector_20
                0x0000013c                . = ALIGN (0x2)
 *(.text.*)
 .text._ZN11EEPROMClass4readEi.isra.0
                0x0000013c        0x4 DFRobot_PH.o
 .text._ZN10DFRobot_PHC2Ev
                0x00000140       0x4c DFRobot_PH.o
                0x00000140                _ZN10DFRobot_PHC1Ev
                0x00000140                _ZN10DFRobot_PHC2Ev
 .text._ZN10DFRobot_PHD2Ev
                0x0000018c        0x2 DFRobot_PH.o
                0x0000018c                _ZN10DFRobot_PHD2Ev
                0x0000018c                _ZN10DFRobot_PHD1Ev
 .text._ZN10DFRobot_PH5beginEv
                0x0000018e      0x15e DFRobot_PH.o
                0x0000018e                _ZN10DFRobot_PH5beginEv
 .text._ZN10DFRobot_PH6readPHEff
                0x000002ec      0x10c DFRobot_PH.o
                0x000002ec                _ZN10DFRobot_PH6readPHEff
 .text._Z19TaskTemperatureReadPv
                0x000003f8       0x28 main.o
                0x000003f8                _Z19TaskTemperatureReadPv
 .text._Z8fromWifiv
                0x00000420        0xc main.o
                0x00000420                _Z8fromWifiv
 .text._Z9addColorsv
                0x0000042c      0x1fc main.o
                0x0000042c                _Z9addColorsv
 .text._Z9SameColorv
                0x00000628       0x58 main.o
                0x00000628                _Z9SameColorv
 .text._Z9FindMatchv
                0x00000680      0x108 main.o
                0x00000680                _Z9FindMatchv
 .text._Z9ScanColorv
                0x00000788       0x24 main.o
                0x00000788                _Z9ScanColorv
 .text._Z13findTestStripv
                0x000007ac       0x36 main.o
                0x000007ac                _Z13findTestStripv
 .text._Z6setLED8LEDColor
                0x000007e2       0x48 main.o
                0x000007e2                _Z6setLED8LEDColor
 .text._Z15TaskAmmoniaReadPv
                0x0000082a       0x94 main.o
                0x0000082a                _Z15TaskAmmoniaReadPv
 .text._Z15TaskNitriteReadPv
                0x000008be       0x96 main.o
                0x000008be                _Z15TaskNitriteReadPv
 .text._Z15TaskNitrateReadPv
                0x00000954       0x96 main.o
                0x00000954                _Z15TaskNitrateReadPv
 .text._Z8setupLEDv
                0x000009ea       0x34 main.o
                0x000009ea                _Z8setupLEDv
 .text._Z6phInitv
                0x00000a1e        0x8 main.o
                0x00000a1e                _Z6phInitv
 .text._Z5getPHv
                0x00000a26       0x70 main.o
                0x00000a26                _Z5getPHv
 .text._Z10TaskPHReadPv
                0x00000a96       0x30 main.o
                0x00000a96                _Z10TaskPHReadPv
 .text.setup    0x00000ac6       0xc4 main.o
                0x00000ac6                setup
 .text.loop     0x00000b8a        0x2 main.o
                0x00000b8a                loop
 .text.startup._GLOBAL__sub_I_typeToRead
                0x00000b8c       0x16 main.o
 .text.exit._GLOBAL__sub_D_typeToRead
                0x00000ba2       0x10 main.o
 .text.avr-libc.fplib
                0x00000bb2        0xe c:/program files (x86)/atmel/studio/7.0/toolchain/avr8/avr8-gnu-toolchain/bin/../lib/gcc/avr/5.4.0/../../../../avr/lib/avr5\libm.a(addsf3.o)
                0x00000bb2                __subsf3
                0x00000bb4                __addsf3
 .text.avr-libc.fplib
                0x00000bc0       0xcc c:/program files (x86)/atmel/studio/7.0/toolchain/avr8/avr8-gnu-toolchain/bin/../lib/gcc/avr/5.4.0/../../../../avr/lib/avr5\libm.a(addsf3x.o)
                0x00000be2                __addsf3x
 .text.avr-libc.fplib
                0x00000c8c        0xa c:/program files (x86)/atmel/studio/7.0/toolchain/avr8/avr8-gnu-toolchain/bin/../lib/gcc/avr/5.4.0/../../../../avr/lib/avr5\libm.a(cmpsf2.o)
                0x00000c8c                __nesf2
                0x00000c8c                __eqsf2
                0x00000c8c                __cmpsf2
                0x00000c8c                __ltsf2
                0x00000c8c                __lesf2
 .text.avr-libc.fplib
                0x00000c96        0x8 c:/program files (x86)/atmel/studio/7.0/toolchain/avr8/avr8-gnu-toolchain/bin/../lib/gcc/avr/5.4.0/../../../../avr/lib/avr5\libm.a(divsf3.o)
                0x00000c96                __divsf3
 .text.avr-libc.fplib
                0x00000c9e       0xdc c:/program files (x86)/atmel/studio/7.0/toolchain/avr8/avr8-gnu-toolchain/bin/../lib/gcc/avr/5.4.0/../../../../avr/lib/avr5\libm.a(divsf3x.o)
                0x00000cbe                __divsf3x
                0x00000cc4                __divsf3_pse
 .text.avr-libc.fplib
                0x00000d7a       0x7a c:/program files (x86)/atmel/studio/7.0/toolchain/avr8/avr8-gnu-toolchain/bin/../lib/gcc/avr/5.4.0/../../../../avr/lib/avr5\libm.a(floatsisf.o)
                0x00000d7a                __floatunsisf
                0x00000d7e                __floatsisf
 .text.avr-libc.fplib
                0x00000df4       0x48 c:/program files (x86)/atmel/studio/7.0/toolchain/avr8/avr8-gnu-toolchain/bin/../lib/gcc/avr/5.4.0/../../../../avr/lib/avr5\libm.a(fp_cmp.o)
                0x00000df4                __fp_cmp
 .text.avr-libc.fplib
                0x00000e3c        0xc c:/program files (x86)/atmel/studio/7.0/toolchain/avr8/avr8-gnu-toolchain/bin/../lib/gcc/avr/5.4.0/../../../../avr/lib/avr5\libm.a(fp_inf.o)
                0x00000e3c                __fp_inf
 .text.avr-libc.fplib
                0x00000e48        0x6 c:/program files (x86)/atmel/studio/7.0/toolchain/avr8/avr8-gnu-toolchain/bin/../lib/gcc/avr/5.4.0/../../../../avr/lib/avr5\libm.a(fp_nan.o)
                0x00000e48                __fp_nan
 .text.avr-libc.fplib
                0x00000e4e        0xe c:/program files (x86)/atmel/studio/7.0/toolchain/avr8/avr8-gnu-toolchain/bin/../lib/gcc/avr/5.4.0/../../../../avr/lib/avr5\libm.a(fp_pscA.o)
                0x00000e4e                __fp_pscA
 .text.avr-libc.fplib
                0x00000e5c        0xe c:/program files (x86)/atmel/studio/7.0/toolchain/avr8/avr8-gnu-toolchain/bin/../lib/gcc/avr/5.4.0/../../../../avr/lib/avr5\libm.a(fp_pscB.o)
                0x00000e5c                __fp_pscB
 .text.avr-libc.fplib
                0x00000e6a       0x22 c:/program files (x86)/atmel/studio/7.0/toolchain/avr8/avr8-gnu-toolchain/bin/../lib/gcc/avr/5.4.0/../../../../avr/lib/avr5\libm.a(fp_round.o)
                0x00000e6a                __fp_round
 .text.avr-libc.fplib
                0x00000e8c       0x44 c:/program files (x86)/atmel/studio/7.0/toolchain/avr8/avr8-gnu-toolchain/bin/../lib/gcc/avr/5.4.0/../../../../avr/lib/avr5\libm.a(fp_split3.o)
                0x00000e8c                __fp_split3
                0x00000e9c                __fp_splitA
 .text.avr-libc.fplib
                0x00000ed0        0xe c:/program files (x86)/atmel/studio/7.0/toolchain/avr8/avr8-gnu-toolchain/bin/../lib/gcc/avr/5.4.0/../../../../avr/lib/avr5\libm.a(fp_zero.o)
                0x00000ed0                __fp_zero
                0x00000ed2                __fp_szero
 .text.avr-libc.fplib
                0x00000ede        0xa c:/program files (x86)/atmel/studio/7.0/toolchain/avr8/avr8-gnu-toolchain/bin/../lib/gcc/avr/5.4.0/../../../../avr/lib/avr5\libm.a(gesf2.o)
                0x00000ede                __gesf2
                0x00000ede                __gtsf2
 .text.avr-libc.fplib
                0x00000ee8        0x8 c:/program files (x86)/atmel/studio/7.0/toolchain/avr8/avr8-gnu-toolchain/bin/../lib/gcc/avr/5.4.0/../../../../avr/lib/avr5\libm.a(mulsf3.o)
                0x00000ee8                __mulsf3
 .text.avr-libc.fplib
                0x00000ef0       0xd2 c:/program files (x86)/atmel/studio/7.0/toolchain/avr8/avr8-gnu-toolchain/bin/../lib/gcc/avr/5.4.0/../../../../avr/lib/avr5\libm.a(mulsf3x.o)
                0x00000f0e                __mulsf3x
                0x00000f14                __mulsf3_pse
 .text._ZN14HardwareSerial9availableEv
                0x00000fc2       0x18 D:\Users\Celine\ONEDRI~1.EDU\DOCUME~1\Schule\UNIVER~1\EECS47~1\Project\LIL_FI~1\LILFIS~1\LILFIS~1\ARDUIN~1\Debug\libArduinoCore.a(HardwareSerial.o)
                0x00000fc2                _ZN14HardwareSerial9availableEv
 .text._ZN14HardwareSerial4peekEv
                0x00000fda       0x1c D:\Users\Celine\ONEDRI~1.EDU\DOCUME~1\Schule\UNIVER~1\EECS47~1\Project\LIL_FI~1\LILFIS~1\LILFIS~1\ARDUIN~1\Debug\libArduinoCore.a(HardwareSerial.o)
                0x00000fda                _ZN14HardwareSerial4peekEv
 .text._ZN14HardwareSerial4readEv
                0x00000ff6       0x28 D:\Users\Celine\ONEDRI~1.EDU\DOCUME~1\Schule\UNIVER~1\EECS47~1\Project\LIL_FI~1\LILFIS~1\LILFIS~1\ARDUIN~1\Debug\libArduinoCore.a(HardwareSerial.o)
                0x00000ff6                _ZN14HardwareSerial4readEv
 .text._ZN14HardwareSerial17availableForWriteEv
                0x0000101e       0x1e D:\Users\Celine\ONEDRI~1.EDU\DOCUME~1\Schule\UNIVER~1\EECS47~1\Project\LIL_FI~1\LILFIS~1\LILFIS~1\ARDUIN~1\Debug\libArduinoCore.a(HardwareSerial.o)
                0x0000101e                _ZN14HardwareSerial17availableForWriteEv
 .text._Z14serialEventRunv
                0x0000103c       0x1c D:\Users\Celine\ONEDRI~1.EDU\DOCUME~1\Schule\UNIVER~1\EECS47~1\Project\LIL_FI~1\LILFIS~1\LILFIS~1\ARDUIN~1\Debug\libArduinoCore.a(HardwareSerial.o)
                0x0000103c                _Z14serialEventRunv
 .text._ZN14HardwareSerial17_tx_udr_empty_irqEv
                0x00001058       0x44 D:\Users\Celine\ONEDRI~1.EDU\DOCUME~1\Schule\UNIVER~1\EECS47~1\Project\LIL_FI~1\LILFIS~1\LILFIS~1\ARDUIN~1\Debug\libArduinoCore.a(HardwareSerial.o)
                0x00001058                _ZN14HardwareSerial17_tx_udr_empty_irqEv
 .text._ZN14HardwareSerial5writeEh
                0x0000109c       0x9a D:\Users\Celine\ONEDRI~1.EDU\DOCUME~1\Schule\UNIVER~1\EECS47~1\Project\LIL_FI~1\LILFIS~1\LILFIS~1\ARDUIN~1\Debug\libArduinoCore.a(HardwareSerial.o)
                0x0000109c                _ZN14HardwareSerial5writeEh
 .text._ZN14HardwareSerial5flushEv
                0x00001136       0x44 D:\Users\Celine\ONEDRI~1.EDU\DOCUME~1\Schule\UNIVER~1\EECS47~1\Project\LIL_FI~1\LILFIS~1\LILFIS~1\ARDUIN~1\Debug\libArduinoCore.a(HardwareSerial.o)
                0x00001136                _ZN14HardwareSerial5flushEv
 .text._ZN14HardwareSerial5beginEmh
                0x0000117a       0xca D:\Users\Celine\ONEDRI~1.EDU\DOCUME~1\Schule\UNIVER~1\EECS47~1\Project\LIL_FI~1\LILFIS~1\LILFIS~1\ARDUIN~1\Debug\libArduinoCore.a(HardwareSerial.o)
                0x0000117a                _ZN14HardwareSerial5beginEmh
 .text.__vector_18
                0x00001244       0x64 D:\Users\Celine\ONEDRI~1.EDU\DOCUME~1\Schule\UNIVER~1\EECS47~1\Project\LIL_FI~1\LILFIS~1\LILFIS~1\ARDUIN~1\Debug\libArduinoCore.a(HardwareSerial0.o)
                0x00001244                __vector_18
 .text.__vector_19
                0x000012a8       0x4c D:\Users\Celine\ONEDRI~1.EDU\DOCUME~1\Schule\UNIVER~1\EECS47~1\Project\LIL_FI~1\LILFIS~1\LILFIS~1\ARDUIN~1\Debug\libArduinoCore.a(HardwareSerial0.o)
                0x000012a8                __vector_19
 .text._Z17Serial0_availablev
                0x000012f4       0x14 D:\Users\Celine\ONEDRI~1.EDU\DOCUME~1\Schule\UNIVER~1\EECS47~1\Project\LIL_FI~1\LILFIS~1\LILFIS~1\ARDUIN~1\Debug\libArduinoCore.a(HardwareSerial0.o)
                0x000012f4                _Z17Serial0_availablev
 .text.startup._GLOBAL__sub_I___vector_18
                0x00001308       0x5a D:\Users\Celine\ONEDRI~1.EDU\DOCUME~1\Schule\UNIVER~1\EECS47~1\Project\LIL_FI~1\LILFIS~1\LILFIS~1\ARDUIN~1\Debug\libArduinoCore.a(HardwareSerial0.o)
 .text.startup.main
                0x00001362       0x1e D:\Users\Celine\ONEDRI~1.EDU\DOCUME~1\Schule\UNIVER~1\EECS47~1\Project\LIL_FI~1\LILFIS~1\LILFIS~1\ARDUIN~1\Debug\libArduinoCore.a(main.o)
                0x00001362                main
 .text._ZN5Print5writeEPKhj
                0x00001380       0x54 D:\Users\Celine\ONEDRI~1.EDU\DOCUME~1\Schule\UNIVER~1\EECS47~1\Project\LIL_FI~1\LILFIS~1\LILFIS~1\ARDUIN~1\Debug\libArduinoCore.a(Print.o)
                0x00001380                _ZN5Print5writeEPKhj
 .text._ZN5Print5writeEPKc
                0x000013d4       0x2a D:\Users\Celine\ONEDRI~1.EDU\DOCUME~1\Schule\UNIVER~1\EECS47~1\Project\LIL_FI~1\LILFIS~1\LILFIS~1\ARDUIN~1\Debug\libArduinoCore.a(Print.o)
                0x000013d4                _ZN5Print5writeEPKc
 .text._ZN5Print5printEPK19__FlashStringHelper
                0x000013fe       0x48 D:\Users\Celine\ONEDRI~1.EDU\DOCUME~1\Schule\UNIVER~1\EECS47~1\Project\LIL_FI~1\LILFIS~1\LILFIS~1\ARDUIN~1\Debug\libArduinoCore.a(Print.o)
                0x000013fe                _ZN5Print5printEPK19__FlashStringHelper
 .text._ZN5Print5printEPKc
                0x00001446        0x4 D:\Users\Celine\ONEDRI~1.EDU\DOCUME~1\Schule\UNIVER~1\EECS47~1\Project\LIL_FI~1\LILFIS~1\LILFIS~1\ARDUIN~1\Debug\libArduinoCore.a(Print.o)
                0x00001446                _ZN5Print5printEPKc
 .text._ZN5Print5printEc
                0x0000144a        0xe D:\Users\Celine\ONEDRI~1.EDU\DOCUME~1\Schule\UNIVER~1\EECS47~1\Project\LIL_FI~1\LILFIS~1\LILFIS~1\ARDUIN~1\Debug\libArduinoCore.a(Print.o)
                0x0000144a                _ZN5Print5printEc
 .text._ZN5Print7printlnEv
                0x00001458        0x8 D:\Users\Celine\ONEDRI~1.EDU\DOCUME~1\Schule\UNIVER~1\EECS47~1\Project\LIL_FI~1\LILFIS~1\LILFIS~1\ARDUIN~1\Debug\libArduinoCore.a(Print.o)
                0x00001458                _ZN5Print7printlnEv
 .text._ZN5Print11printNumberEmh
                0x00001460       0x92 D:\Users\Celine\ONEDRI~1.EDU\DOCUME~1\Schule\UNIVER~1\EECS47~1\Project\LIL_FI~1\LILFIS~1\LILFIS~1\ARDUIN~1\Debug\libArduinoCore.a(Print.o)
                0x00001460                _ZN5Print11printNumberEmh
 .text._ZN5Print5printEmi
                0x000014f2       0x1a D:\Users\Celine\ONEDRI~1.EDU\DOCUME~1\Schule\UNIVER~1\EECS47~1\Project\LIL_FI~1\LILFIS~1\LILFIS~1\ARDUIN~1\Debug\libArduinoCore.a(Print.o)
                0x000014f2                _ZN5Print5printEmi
 .text._ZN5Print5printEji
                0x0000150c        0xc D:\Users\Celine\ONEDRI~1.EDU\DOCUME~1\Schule\UNIVER~1\EECS47~1\Project\LIL_FI~1\LILFIS~1\LILFIS~1\ARDUIN~1\Debug\libArduinoCore.a(Print.o)
                0x0000150c                _ZN5Print5printEji
 .text._ZN5Print10printFloatEdh
                0x00001518      0x1b6 D:\Users\Celine\ONEDRI~1.EDU\DOCUME~1\Schule\UNIVER~1\EECS47~1\Project\LIL_FI~1\LILFIS~1\LILFIS~1\ARDUIN~1\Debug\libArduinoCore.a(Print.o)
                0x00001518                _ZN5Print10printFloatEdh
 .text._ZN5Print7printlnEdi
                0x000016ce       0x24 D:\Users\Celine\ONEDRI~1.EDU\DOCUME~1\Schule\UNIVER~1\EECS47~1\Project\LIL_FI~1\LILFIS~1\LILFIS~1\ARDUIN~1\Debug\libArduinoCore.a(Print.o)
                0x000016ce                _ZN5Print7printlnEdi
 .text.nothing  0x000016f2        0x2 D:\Users\Celine\ONEDRI~1.EDU\DOCUME~1\Schule\UNIVER~1\EECS47~1\Project\LIL_FI~1\LILFIS~1\LILFIS~1\ARDUIN~1\Debug\libArduinoCore.a(WInterrupts.o)
 .text.attachInterrupt
                0x000016f4       0x40 D:\Users\Celine\ONEDRI~1.EDU\DOCUME~1\Schule\UNIVER~1\EECS47~1\Project\LIL_FI~1\LILFIS~1\LILFIS~1\ARDUIN~1\Debug\libArduinoCore.a(WInterrupts.o)
                0x000016f4                attachInterrupt
 .text.__vector_1
                0x00001734       0x4e D:\Users\Celine\ONEDRI~1.EDU\DOCUME~1\Schule\UNIVER~1\EECS47~1\Project\LIL_FI~1\LILFIS~1\LILFIS~1\ARDUIN~1\Debug\libArduinoCore.a(WInterrupts.o)
                0x00001734                __vector_1
 .text.__vector_2
                0x00001782       0x4e D:\Users\Celine\ONEDRI~1.EDU\DOCUME~1\Schule\UNIVER~1\EECS47~1\Project\LIL_FI~1\LILFIS~1\LILFIS~1\ARDUIN~1\Debug\libArduinoCore.a(WInterrupts.o)
                0x00001782                __vector_2
 .text.__vector_16
                0x000017d0       0x94 D:\Users\Celine\ONEDRI~1.EDU\DOCUME~1\Schule\UNIVER~1\EECS47~1\Project\LIL_FI~1\LILFIS~1\LILFIS~1\ARDUIN~1\Debug\libArduinoCore.a(wiring.o)
                0x000017d0                __vector_16
 .text.init     0x00001864       0x76 D:\Users\Celine\ONEDRI~1.EDU\DOCUME~1\Schule\UNIVER~1\EECS47~1\Project\LIL_FI~1\LILFIS~1\LILFIS~1\ARDUIN~1\Debug\libArduinoCore.a(wiring.o)
                0x00001864                init
 .text.analogRead
                0x000018da       0x3a D:\Users\Celine\ONEDRI~1.EDU\DOCUME~1\Schule\UNIVER~1\EECS47~1\Project\LIL_FI~1\LILFIS~1\LILFIS~1\ARDUIN~1\Debug\libArduinoCore.a(wiring_analog.o)
                0x000018da                analogRead
 .text.analogWrite
                0x00001914       0xbe D:\Users\Celine\ONEDRI~1.EDU\DOCUME~1\Schule\UNIVER~1\EECS47~1\Project\LIL_FI~1\LILFIS~1\LILFIS~1\ARDUIN~1\Debug\libArduinoCore.a(wiring_analog.o)
                0x00001914                analogWrite
 .text.turnOffPWM
                0x000019d2       0x52 D:\Users\Celine\ONEDRI~1.EDU\DOCUME~1\Schule\UNIVER~1\EECS47~1\Project\LIL_FI~1\LILFIS~1\LILFIS~1\ARDUIN~1\Debug\libArduinoCore.a(wiring_digital.o)
 .text.pinMode  0x00001a24       0x78 D:\Users\Celine\ONEDRI~1.EDU\DOCUME~1\Schule\UNIVER~1\EECS47~1\Project\LIL_FI~1\LILFIS~1\LILFIS~1\ARDUIN~1\Debug\libArduinoCore.a(wiring_digital.o)
                0x00001a24                pinMode
 .text.digitalWrite
                0x00001a9c       0x5e D:\Users\Celine\ONEDRI~1.EDU\DOCUME~1\Schule\UNIVER~1\EECS47~1\Project\LIL_FI~1\LILFIS~1\LILFIS~1\ARDUIN~1\Debug\libArduinoCore.a(wiring_digital.o)
                0x00001a9c                digitalWrite
 .text.hot.prvIsQueueEmpty
                0x00001afa       0x16 D:\Users\Celine\ONEDRI~1.EDU\DOCUME~1\Schule\UNIVER~1\EECS47~1\Project\LIL_FI~1\LILFIS~1\LILFIS~1\ARDUIN~1\Debug\libArduinoCore.a(queue.o)
 .text.hot.prvCopyDataToQueue
                0x00001b10       0xa6 D:\Users\Celine\ONEDRI~1.EDU\DOCUME~1\Schule\UNIVER~1\EECS47~1\Project\LIL_FI~1\LILFIS~1\LILFIS~1\ARDUIN~1\Debug\libArduinoCore.a(queue.o)
 .text.hot.prvCopyDataFromQueue
                0x00001bb6       0x34 D:\Users\Celine\ONEDRI~1.EDU\DOCUME~1\Schule\UNIVER~1\EECS47~1\Project\LIL_FI~1\LILFIS~1\LILFIS~1\ARDUIN~1\Debug\libArduinoCore.a(queue.o)
 .text.hot.prvUnlockQueue
                0x00001bea       0x7c D:\Users\Celine\ONEDRI~1.EDU\DOCUME~1\Schule\UNIVER~1\EECS47~1\Project\LIL_FI~1\LILFIS~1\LILFIS~1\ARDUIN~1\Debug\libArduinoCore.a(queue.o)
 .text.hot.xQueueGenericReset
                0x00001c66       0x7e D:\Users\Celine\ONEDRI~1.EDU\DOCUME~1\Schule\UNIVER~1\EECS47~1\Project\LIL_FI~1\LILFIS~1\LILFIS~1\ARDUIN~1\Debug\libArduinoCore.a(queue.o)
                0x00001c66                xQueueGenericReset
 .text.hot.xQueueGenericCreate
                0x00001ce4       0x50 D:\Users\Celine\ONEDRI~1.EDU\DOCUME~1\Schule\UNIVER~1\EECS47~1\Project\LIL_FI~1\LILFIS~1\LILFIS~1\ARDUIN~1\Debug\libArduinoCore.a(queue.o)
                0x00001ce4                xQueueGenericCreate
 .text.hot.xQueueGenericSend
                0x00001d34      0x12c D:\Users\Celine\ONEDRI~1.EDU\DOCUME~1\Schule\UNIVER~1\EECS47~1\Project\LIL_FI~1\LILFIS~1\LILFIS~1\ARDUIN~1\Debug\libArduinoCore.a(queue.o)
                0x00001d34                xQueueGenericSend
 .text.hot.xQueueGenericSendFromISR
                0x00001e60       0x5e D:\Users\Celine\ONEDRI~1.EDU\DOCUME~1\Schule\UNIVER~1\EECS47~1\Project\LIL_FI~1\LILFIS~1\LILFIS~1\ARDUIN~1\Debug\libArduinoCore.a(queue.o)
                0x00001e60                xQueueGenericSendFromISR
 .text.hot.xQueueReceive
                0x00001ebe      0x124 D:\Users\Celine\ONEDRI~1.EDU\DOCUME~1\Schule\UNIVER~1\EECS47~1\Project\LIL_FI~1\LILFIS~1\LILFIS~1\ARDUIN~1\Debug\libArduinoCore.a(queue.o)
                0x00001ebe                xQueueReceive
 .text.hot.xQueueSemaphoreTake
                0x00001fe2      0x184 D:\Users\Celine\ONEDRI~1.EDU\DOCUME~1\Schule\UNIVER~1\EECS47~1\Project\LIL_FI~1\LILFIS~1\LILFIS~1\ARDUIN~1\Debug\libArduinoCore.a(queue.o)
                0x00001fe2                xQueueSemaphoreTake
 .text.hot.vQueueWaitForMessageRestricted
                0x00002166       0x38 D:\Users\Celine\ONEDRI~1.EDU\DOCUME~1\Schule\UNIVER~1\EECS47~1\Project\LIL_FI~1\LILFIS~1\LILFIS~1\ARDUIN~1\Debug\libArduinoCore.a(queue.o)
                0x00002166                vQueueWaitForMessageRestricted
 .text.prvResetNextTaskUnblockTime
                0x0000219e       0x36 D:\Users\Celine\ONEDRI~1.EDU\DOCUME~1\Schule\UNIVER~1\EECS47~1\Project\LIL_FI~1\LILFIS~1\LILFIS~1\ARDUIN~1\Debug\libArduinoCore.a(tasks.o)
 .text.hot.prvAddCurrentTaskToDelayedList
                0x000021d4       0xb8 D:\Users\Celine\ONEDRI~1.EDU\DOCUME~1\Schule\UNIVER~1\EECS47~1\Project\LIL_FI~1\LILFIS~1\LILFIS~1\ARDUIN~1\Debug\libArduinoCore.a(tasks.o)
 .text.prvIdleTask
                0x0000228c       0x5c D:\Users\Celine\ONEDRI~1.EDU\DOCUME~1\Schule\UNIVER~1\EECS47~1\Project\LIL_FI~1\LILFIS~1\LILFIS~1\ARDUIN~1\Debug\libArduinoCore.a(tasks.o)
 .text.hot.xTaskCreate
                0x000022e8      0x218 D:\Users\Celine\ONEDRI~1.EDU\DOCUME~1\Schule\UNIVER~1\EECS47~1\Project\LIL_FI~1\LILFIS~1\LILFIS~1\ARDUIN~1\Debug\libArduinoCore.a(tasks.o)
                0x000022e8                xTaskCreate
 .text.hot.vTaskResume
                0x00002500       0x92 D:\Users\Celine\ONEDRI~1.EDU\DOCUME~1\Schule\UNIVER~1\EECS47~1\Project\LIL_FI~1\LILFIS~1\LILFIS~1\ARDUIN~1\Debug\libArduinoCore.a(tasks.o)
                0x00002500                vTaskResume
 .text.hot.vTaskStartScheduler
                0x00002592       0x5c D:\Users\Celine\ONEDRI~1.EDU\DOCUME~1\Schule\UNIVER~1\EECS47~1\Project\LIL_FI~1\LILFIS~1\LILFIS~1\ARDUIN~1\Debug\libArduinoCore.a(tasks.o)
                0x00002592                vTaskStartScheduler
 .text.hot.vTaskSuspendAll
                0x000025ee        0xc D:\Users\Celine\ONEDRI~1.EDU\DOCUME~1\Schule\UNIVER~1\EECS47~1\Project\LIL_FI~1\LILFIS~1\LILFIS~1\ARDUIN~1\Debug\libArduinoCore.a(tasks.o)
                0x000025ee                vTaskSuspendAll
 .text.hot.xTaskGetTickCount
                0x000025fa       0x14 D:\Users\Celine\ONEDRI~1.EDU\DOCUME~1\Schule\UNIVER~1\EECS47~1\Project\LIL_FI~1\LILFIS~1\LILFIS~1\ARDUIN~1\Debug\libArduinoCore.a(tasks.o)
                0x000025fa                xTaskGetTickCount
 .text.hot.xTaskIncrementTick
                0x0000260e      0x158 D:\Users\Celine\ONEDRI~1.EDU\DOCUME~1\Schule\UNIVER~1\EECS47~1\Project\LIL_FI~1\LILFIS~1\LILFIS~1\ARDUIN~1\Debug\libArduinoCore.a(tasks.o)
                0x0000260e                xTaskIncrementTick
 .text.hot.xTaskResumeAll
                0x00002766       0xde D:\Users\Celine\ONEDRI~1.EDU\DOCUME~1\Schule\UNIVER~1\EECS47~1\Project\LIL_FI~1\LILFIS~1\LILFIS~1\ARDUIN~1\Debug\libArduinoCore.a(tasks.o)
                0x00002766                xTaskResumeAll
 .text.hot.vTaskDelayUntil
                0x00002844       0x70 D:\Users\Celine\ONEDRI~1.EDU\DOCUME~1\Schule\UNIVER~1\EECS47~1\Project\LIL_FI~1\LILFIS~1\LILFIS~1\ARDUIN~1\Debug\libArduinoCore.a(tasks.o)
                0x00002844                vTaskDelayUntil
 .text.hot.vTaskDelay
                0x000028b4       0x2a D:\Users\Celine\ONEDRI~1.EDU\DOCUME~1\Schule\UNIVER~1\EECS47~1\Project\LIL_FI~1\LILFIS~1\LILFIS~1\ARDUIN~1\Debug\libArduinoCore.a(tasks.o)
                0x000028b4                vTaskDelay
 .text.hot.vTaskSwitchContext
                0x000028de       0xbc D:\Users\Celine\ONEDRI~1.EDU\DOCUME~1\Schule\UNIVER~1\EECS47~1\Project\LIL_FI~1\LILFIS~1\LILFIS~1\ARDUIN~1\Debug\libArduinoCore.a(tasks.o)
                0x000028de                vTaskSwitchContext
 .text.hot.vTaskSuspend
                0x0000299a       0xac D:\Users\Celine\ONEDRI~1.EDU\DOCUME~1\Schule\UNIVER~1\EECS47~1\Project\LIL_FI~1\LILFIS~1\LILFIS~1\ARDUIN~1\Debug\libArduinoCore.a(tasks.o)
                0x0000299a                vTaskSuspend
 .text.hot.vTaskPlaceOnEventList
                0x00002a46       0x22 D:\Users\Celine\ONEDRI~1.EDU\DOCUME~1\Schule\UNIVER~1\EECS47~1\Project\LIL_FI~1\LILFIS~1\LILFIS~1\ARDUIN~1\Debug\libArduinoCore.a(tasks.o)
                0x00002a46                vTaskPlaceOnEventList
 .text.hot.vTaskPlaceOnEventListRestricted
                0x00002a68       0x30 D:\Users\Celine\ONEDRI~1.EDU\DOCUME~1\Schule\UNIVER~1\EECS47~1\Project\LIL_FI~1\LILFIS~1\LILFIS~1\ARDUIN~1\Debug\libArduinoCore.a(tasks.o)
                0x00002a68                vTaskPlaceOnEventListRestricted
 .text.hot.xTaskRemoveFromEventList
                0x00002a98       0x80 D:\Users\Celine\ONEDRI~1.EDU\DOCUME~1\Schule\UNIVER~1\EECS47~1\Project\LIL_FI~1\LILFIS~1\LILFIS~1\ARDUIN~1\Debug\libArduinoCore.a(tasks.o)
                0x00002a98                xTaskRemoveFromEventList
 .text.hot.vTaskInternalSetTimeOutState
                0x00002b18       0x16 D:\Users\Celine\ONEDRI~1.EDU\DOCUME~1\Schule\UNIVER~1\EECS47~1\Project\LIL_FI~1\LILFIS~1\LILFIS~1\ARDUIN~1\Debug\libArduinoCore.a(tasks.o)
                0x00002b18                vTaskInternalSetTimeOutState
 .text.hot.xTaskCheckForTimeOut
                0x00002b2e       0x66 D:\Users\Celine\ONEDRI~1.EDU\DOCUME~1\Schule\UNIVER~1\EECS47~1\Project\LIL_FI~1\LILFIS~1\LILFIS~1\ARDUIN~1\Debug\libArduinoCore.a(tasks.o)
                0x00002b2e                xTaskCheckForTimeOut
 .text.hot.vTaskMissedYield
                0x00002b94        0x8 D:\Users\Celine\ONEDRI~1.EDU\DOCUME~1\Schule\UNIVER~1\EECS47~1\Project\LIL_FI~1\LILFIS~1\LILFIS~1\ARDUIN~1\Debug\libArduinoCore.a(tasks.o)
                0x00002b94                vTaskMissedYield
 .text.hot.xTaskGetSchedulerState
                0x00002b9c       0x1c D:\Users\Celine\ONEDRI~1.EDU\DOCUME~1\Schule\UNIVER~1\EECS47~1\Project\LIL_FI~1\LILFIS~1\LILFIS~1\ARDUIN~1\Debug\libArduinoCore.a(tasks.o)
                0x00002b9c                xTaskGetSchedulerState
 .text.hot.xTaskPriorityInherit
                0x00002bb8       0xc6 D:\Users\Celine\ONEDRI~1.EDU\DOCUME~1\Schule\UNIVER~1\EECS47~1\Project\LIL_FI~1\LILFIS~1\LILFIS~1\ARDUIN~1\Debug\libArduinoCore.a(tasks.o)
                0x00002bb8                xTaskPriorityInherit
 .text.hot.xTaskPriorityDisinherit
                0x00002c7e       0x74 D:\Users\Celine\ONEDRI~1.EDU\DOCUME~1\Schule\UNIVER~1\EECS47~1\Project\LIL_FI~1\LILFIS~1\LILFIS~1\ARDUIN~1\Debug\libArduinoCore.a(tasks.o)
                0x00002c7e                xTaskPriorityDisinherit
 .text.hot.vTaskPriorityDisinheritAfterTimeout
                0x00002cf2       0x8e D:\Users\Celine\ONEDRI~1.EDU\DOCUME~1\Schule\UNIVER~1\EECS47~1\Project\LIL_FI~1\LILFIS~1\LILFIS~1\ARDUIN~1\Debug\libArduinoCore.a(tasks.o)
                0x00002cf2                vTaskPriorityDisinheritAfterTimeout
 .text.hot.pvTaskIncrementMutexHeldCount
                0x00002d80       0x24 D:\Users\Celine\ONEDRI~1.EDU\DOCUME~1\Schule\UNIVER~1\EECS47~1\Project\LIL_FI~1\LILFIS~1\LILFIS~1\ARDUIN~1\Debug\libArduinoCore.a(tasks.o)
                0x00002d80                pvTaskIncrementMutexHeldCount
 .text.hot.prvCheckForValidListAndQueue
                0x00002da4       0x52 D:\Users\Celine\ONEDRI~1.EDU\DOCUME~1\Schule\UNIVER~1\EECS47~1\Project\LIL_FI~1\LILFIS~1\LILFIS~1\ARDUIN~1\Debug\libArduinoCore.a(timers.o)
 .text.hot.prvInsertTimerInActiveList
                0x00002df6       0x54 D:\Users\Celine\ONEDRI~1.EDU\DOCUME~1\Schule\UNIVER~1\EECS47~1\Project\LIL_FI~1\LILFIS~1\LILFIS~1\ARDUIN~1\Debug\libArduinoCore.a(timers.o)
 .text.hot.xTimerCreateTimerTask
                0x00002e4a       0x40 D:\Users\Celine\ONEDRI~1.EDU\DOCUME~1\Schule\UNIVER~1\EECS47~1\Project\LIL_FI~1\LILFIS~1\LILFIS~1\ARDUIN~1\Debug\libArduinoCore.a(timers.o)
                0x00002e4a                xTimerCreateTimerTask
 .text.hot.xTimerGenericCommand
                0x00002e8a       0x7e D:\Users\Celine\ONEDRI~1.EDU\DOCUME~1\Schule\UNIVER~1\EECS47~1\Project\LIL_FI~1\LILFIS~1\LILFIS~1\ARDUIN~1\Debug\libArduinoCore.a(timers.o)
                0x00002e8a                xTimerGenericCommand
 .text.hot.prvSwitchTimerLists
                0x00002f08       0xa2 D:\Users\Celine\ONEDRI~1.EDU\DOCUME~1\Schule\UNIVER~1\EECS47~1\Project\LIL_FI~1\LILFIS~1\LILFIS~1\ARDUIN~1\Debug\libArduinoCore.a(timers.o)
 .text.hot.prvTimerTask
                0x00002faa      0x206 D:\Users\Celine\ONEDRI~1.EDU\DOCUME~1\Schule\UNIVER~1\EECS47~1\Project\LIL_FI~1\LILFIS~1\LILFIS~1\ARDUIN~1\Debug\libArduinoCore.a(timers.o)
 .text.initVariant
                0x000031b0        0xa D:\Users\Celine\ONEDRI~1.EDU\DOCUME~1\Schule\UNIVER~1\EECS47~1\Project\LIL_FI~1\LILFIS~1\LILFIS~1\ARDUIN~1\Debug\libArduinoCore.a(variantHooks.o)
                0x000031b0                initVariant
 .text.vApplicationIdleHook
                0x000031ba       0x12 D:\Users\Celine\ONEDRI~1.EDU\DOCUME~1\Schule\UNIVER~1\EECS47~1\Project\LIL_FI~1\LILFIS~1\LILFIS~1\ARDUIN~1\Debug\libArduinoCore.a(variantHooks.o)
                0x000031ba                vApplicationIdleHook
 .text.vApplicationMallocFailedHook
                0x000031cc       0x1a D:\Users\Celine\ONEDRI~1.EDU\DOCUME~1\Schule\UNIVER~1\EECS47~1\Project\LIL_FI~1\LILFIS~1\LILFIS~1\ARDUIN~1\Debug\libArduinoCore.a(variantHooks.o)
                0x000031cc                vApplicationMallocFailedHook
 .text.vApplicationStackOverflowHook
                0x000031e6       0x1a D:\Users\Celine\ONEDRI~1.EDU\DOCUME~1\Schule\UNIVER~1\EECS47~1\Project\LIL_FI~1\LILFIS~1\LILFIS~1\ARDUIN~1\Debug\libArduinoCore.a(variantHooks.o)
                0x000031e6                vApplicationStackOverflowHook
 .text._ZN9MD_TCS23010initialiseEv
                0x00003200       0x4e D:\Users\Celine\ONEDRI~1.EDU\DOCUME~1\Schule\UNIVER~1\EECS47~1\Project\LIL_FI~1\LILFIS~1\LILFIS~1\ARDUIN~1\Debug\libArduinoCore.a(MD_TCS230.o)
                0x00003200                _ZN9MD_TCS23010initialiseEv
 .text._ZN9MD_TCS230C2Ehhh
                0x0000324e       0x28 D:\Users\Celine\ONEDRI~1.EDU\DOCUME~1\Schule\UNIVER~1\EECS47~1\Project\LIL_FI~1\LILFIS~1\LILFIS~1\ARDUIN~1\Debug\libArduinoCore.a(MD_TCS230.o)
                0x0000324e                _ZN9MD_TCS230C1Ehhh
                0x0000324e                _ZN9MD_TCS230C2Ehhh
 .text._ZN9MD_TCS230D2Ev
                0x00003276        0x2 D:\Users\Celine\ONEDRI~1.EDU\DOCUME~1\Schule\UNIVER~1\EECS47~1\Project\LIL_FI~1\LILFIS~1\LILFIS~1\ARDUIN~1\Debug\libArduinoCore.a(MD_TCS230.o)
                0x00003276                _ZN9MD_TCS230D2Ev
                0x00003276                _ZN9MD_TCS230D1Ev
 .text._ZN9MD_TCS2309setFilterEh
                0x00003278       0x4c D:\Users\Celine\ONEDRI~1.EDU\DOCUME~1\Schule\UNIVER~1\EECS47~1\Project\LIL_FI~1\LILFIS~1\LILFIS~1\ARDUIN~1\Debug\libArduinoCore.a(MD_TCS230.o)
                0x00003278                _ZN9MD_TCS2309setFilterEh
 .text._ZN9MD_TCS23013setFrequency2Eh
                0x000032c4       0x4c D:\Users\Celine\ONEDRI~1.EDU\DOCUME~1\Schule\UNIVER~1\EECS47~1\Project\LIL_FI~1\LILFIS~1\LILFIS~1\ARDUIN~1\Debug\libArduinoCore.a(MD_TCS230.o)
                0x000032c4                _ZN9MD_TCS23013setFrequency2Eh
 .text._ZN9MD_TCS2309setEnableEb
                0x00003310       0x22 D:\Users\Celine\ONEDRI~1.EDU\DOCUME~1\Schule\UNIVER~1\EECS47~1\Project\LIL_FI~1\LILFIS~1\LILFIS~1\ARDUIN~1\Debug\libArduinoCore.a(MD_TCS230.o)
                0x00003310                _ZN9MD_TCS2309setEnableEb
 .text._ZN9MD_TCS2306getRGBEP9colorData
                0x00003332       0x20 D:\Users\Celine\ONEDRI~1.EDU\DOCUME~1\Schule\UNIVER~1\EECS47~1\Project\LIL_FI~1\LILFIS~1\LILFIS~1\ARDUIN~1\Debug\libArduinoCore.a(MD_TCS230.o)
                0x00003332                _ZN9MD_TCS2306getRGBEP9colorData
 .text._ZN9MD_TCS23017RGBTransformationEv
                0x00003352       0xb8 D:\Users\Celine\ONEDRI~1.EDU\DOCUME~1\Schule\UNIVER~1\EECS47~1\Project\LIL_FI~1\LILFIS~1\LILFIS~1\ARDUIN~1\Debug\libArduinoCore.a(MD_TCS230.o)
                0x00003352                _ZN9MD_TCS23017RGBTransformationEv
 .text._ZN9MD_TCS2307readFSMEh
                0x0000340a       0xbc D:\Users\Celine\ONEDRI~1.EDU\DOCUME~1\Schule\UNIVER~1\EECS47~1\Project\LIL_FI~1\LILFIS~1\LILFIS~1\ARDUIN~1\Debug\libArduinoCore.a(MD_TCS230.o)
                0x0000340a                _ZN9MD_TCS2307readFSMEh
 .text._ZN9MD_TCS2304readEv
                0x000034c6       0x14 D:\Users\Celine\ONEDRI~1.EDU\DOCUME~1\Schule\UNIVER~1\EECS47~1\Project\LIL_FI~1\LILFIS~1\LILFIS~1\ARDUIN~1\Debug\libArduinoCore.a(MD_TCS230.o)
                0x000034c6                _ZN9MD_TCS2304readEv
 .text._ZN9MD_TCS2309availableEv
                0x000034da       0x1c D:\Users\Celine\ONEDRI~1.EDU\DOCUME~1\Schule\UNIVER~1\EECS47~1\Project\LIL_FI~1\LILFIS~1\LILFIS~1\ARDUIN~1\Debug\libArduinoCore.a(MD_TCS230.o)
                0x000034da                _ZN9MD_TCS2309availableEv
 .text.hot.pvPortMalloc
                0x000034f6       0x26 D:\Users\Celine\ONEDRI~1.EDU\DOCUME~1\Schule\UNIVER~1\EECS47~1\Project\LIL_FI~1\LILFIS~1\LILFIS~1\ARDUIN~1\Debug\libArduinoCore.a(heap_3.o)
                0x000034f6                pvPortMalloc
 .text.hot.vPortFree
                0x0000351c       0x22 D:\Users\Celine\ONEDRI~1.EDU\DOCUME~1\Schule\UNIVER~1\EECS47~1\Project\LIL_FI~1\LILFIS~1\LILFIS~1\ARDUIN~1\Debug\libArduinoCore.a(heap_3.o)
                0x0000351c                vPortFree
 .text.hot.vListInitialise
                0x0000353e       0x1c D:\Users\Celine\ONEDRI~1.EDU\DOCUME~1\Schule\UNIVER~1\EECS47~1\Project\LIL_FI~1\LILFIS~1\LILFIS~1\ARDUIN~1\Debug\libArduinoCore.a(list.o)
                0x0000353e                vListInitialise
 .text.hot.vListInitialiseItem
                0x0000355a        0x8 D:\Users\Celine\ONEDRI~1.EDU\DOCUME~1\Schule\UNIVER~1\EECS47~1\Project\LIL_FI~1\LILFIS~1\LILFIS~1\ARDUIN~1\Debug\libArduinoCore.a(list.o)
                0x0000355a                vListInitialiseItem
 .text.hot.vListInsertEnd
                0x00003562       0x42 D:\Users\Celine\ONEDRI~1.EDU\DOCUME~1\Schule\UNIVER~1\EECS47~1\Project\LIL_FI~1\LILFIS~1\LILFIS~1\ARDUIN~1\Debug\libArduinoCore.a(list.o)
                0x00003562                vListInsertEnd
 .text.hot.vListInsert
                0x000035a4       0x70 D:\Users\Celine\ONEDRI~1.EDU\DOCUME~1\Schule\UNIVER~1\EECS47~1\Project\LIL_FI~1\LILFIS~1\LILFIS~1\ARDUIN~1\Debug\libArduinoCore.a(list.o)
                0x000035a4                vListInsert
 .text.hot.uxListRemove
                0x00003614       0x48 D:\Users\Celine\ONEDRI~1.EDU\DOCUME~1\Schule\UNIVER~1\EECS47~1\Project\LIL_FI~1\LILFIS~1\LILFIS~1\ARDUIN~1\Debug\libArduinoCore.a(list.o)
                0x00003614                uxListRemove
 .text.hot.pxPortInitialiseStack
                0x0000365c       0xd8 D:\Users\Celine\ONEDRI~1.EDU\DOCUME~1\Schule\UNIVER~1\EECS47~1\Project\LIL_FI~1\LILFIS~1\LILFIS~1\ARDUIN~1\Debug\libArduinoCore.a(port.o)
                0x0000365c                pxPortInitialiseStack
 .text.hot.xPortStartScheduler
                0x00003734       0x70 D:\Users\Celine\ONEDRI~1.EDU\DOCUME~1\Schule\UNIVER~1\EECS47~1\Project\LIL_FI~1\LILFIS~1\LILFIS~1\ARDUIN~1\Debug\libArduinoCore.a(port.o)
                0x00003734                xPortStartScheduler
 .text.hot.vPortYield
                0x000037a4       0xb2 D:\Users\Celine\ONEDRI~1.EDU\DOCUME~1\Schule\UNIVER~1\EECS47~1\Project\LIL_FI~1\LILFIS~1\LILFIS~1\ARDUIN~1\Debug\libArduinoCore.a(port.o)
                0x000037a4                vPortYield
 .text.hot.vPortYieldFromTick
                0x00003856       0xba D:\Users\Celine\ONEDRI~1.EDU\DOCUME~1\Schule\UNIVER~1\EECS47~1\Project\LIL_FI~1\LILFIS~1\LILFIS~1\ARDUIN~1\Debug\libArduinoCore.a(port.o)
                0x00003856                vPortYieldFromTick
 .text.hot.__vector_6
                0x00003910        0x6 D:\Users\Celine\ONEDRI~1.EDU\DOCUME~1\Schule\UNIVER~1\EECS47~1\Project\LIL_FI~1\LILFIS~1\LILFIS~1\ARDUIN~1\Debug\libArduinoCore.a(port.o)
                0x00003910                __vector_6
 .text._ZN14FreqCountClass5beginEj
                0x00003916       0xf0 D:\Users\Celine\ONEDRI~1.EDU\DOCUME~1\Schule\UNIVER~1\EECS47~1\Project\LIL_FI~1\LILFIS~1\LILFIS~1\ARDUIN~1\Debug\libArduinoCore.a(FreqCount.o)
                0x00003916                _ZN14FreqCountClass5beginEj
 .text._ZN14FreqCountClass9availableEv
                0x00003a06        0x6 D:\Users\Celine\ONEDRI~1.EDU\DOCUME~1\Schule\UNIVER~1\EECS47~1\Project\LIL_FI~1\LILFIS~1\LILFIS~1\ARDUIN~1\Debug\libArduinoCore.a(FreqCount.o)
                0x00003a06                _ZN14FreqCountClass9availableEv
 .text._ZN14FreqCountClass4readEv
                0x00003a0c       0x1c D:\Users\Celine\ONEDRI~1.EDU\DOCUME~1\Schule\UNIVER~1\EECS47~1\Project\LIL_FI~1\LILFIS~1\LILFIS~1\ARDUIN~1\Debug\libArduinoCore.a(FreqCount.o)
                0x00003a0c                _ZN14FreqCountClass4readEv
 .text._ZN14FreqCountClass3endEv
                0x00003a28       0x2e D:\Users\Celine\ONEDRI~1.EDU\DOCUME~1\Schule\UNIVER~1\EECS47~1\Project\LIL_FI~1\LILFIS~1\LILFIS~1\ARDUIN~1\Debug\libArduinoCore.a(FreqCount.o)
                0x00003a28                _ZN14FreqCountClass3endEv
 .text.__vector_7
                0x00003a56       0xec D:\Users\Celine\ONEDRI~1.EDU\DOCUME~1\Schule\UNIVER~1\EECS47~1\Project\LIL_FI~1\LILFIS~1\LILFIS~1\ARDUIN~1\Debug\libArduinoCore.a(FreqCount.o)
                0x00003a56                __vector_7
 .text.avr-libc.fplib
                0x00003b42       0x5e c:/program files (x86)/atmel/studio/7.0/toolchain/avr8/avr8-gnu-toolchain/bin/../lib/gcc/avr/5.4.0/../../../../avr/lib/avr5\libm.a(fixunssfsi.o)
                0x00003b42                __fixunssfsi
 .text.avr-libc.fplib
                0x00003ba0        0xa c:/program files (x86)/atmel/studio/7.0/toolchain/avr8/avr8-gnu-toolchain/bin/../lib/gcc/avr/5.4.0/../../../../avr/lib/avr5\libm.a(unordsf2.o)
                0x00003ba0                __unordsf2
 .text.libgcc.div
                0x00003baa       0x28 c:/program files (x86)/atmel/studio/7.0/toolchain/avr8/avr8-gnu-toolchain/bin/../lib/gcc/avr/5.4.0/avr5\libgcc.a(_divmodhi4.o)
                0x00003baa                _div
                0x00003baa                __divmodhi4
 .text.libgcc.div
                0x00003bd2       0x44 c:/program files (x86)/atmel/studio/7.0/toolchain/avr8/avr8-gnu-toolchain/bin/../lib/gcc/avr/5.4.0/avr5\libgcc.a(_udivmodsi4.o)
                0x00003bd2                __udivmodsi4
 .text.libgcc.div
                0x00003c16       0x2e c:/program files (x86)/atmel/studio/7.0/toolchain/avr8/avr8-gnu-toolchain/bin/../lib/gcc/avr/5.4.0/avr5\libgcc.a(_divmodsi4.o)
                0x00003c16                __divmodsi4
 .text.libgcc.div
                0x00003c44       0x10 c:/program files (x86)/atmel/studio/7.0/toolchain/avr8/avr8-gnu-toolchain/bin/../lib/gcc/avr/5.4.0/avr5\libgcc.a(_negsi2.o)
                0x00003c44                __negsi2
 .text.libgcc   0x00003c54        0xc c:/program files (x86)/atmel/studio/7.0/toolchain/avr8/avr8-gnu-toolchain/bin/../lib/gcc/avr/5.4.0/avr5\libgcc.a(_tablejump2.o)
                0x00003c54                __tablejump2__
 .text.libgcc.mul
                0x00003c60       0x16 c:/program files (x86)/atmel/studio/7.0/toolchain/avr8/avr8-gnu-toolchain/bin/../lib/gcc/avr/5.4.0/avr5\libgcc.a(_muluhisi3.o)
                0x00003c60                __muluhisi3
 .text.libgcc.div
                0x00003c76       0x28 c:/program files (x86)/atmel/studio/7.0/toolchain/avr8/avr8-gnu-toolchain/bin/../lib/gcc/avr/5.4.0/avr5\libgcc.a(_udivmodhi4.o)
                0x00003c76                __udivmodhi4
 .text.libgcc.mul
                0x00003c9e       0x1e c:/program files (x86)/atmel/studio/7.0/toolchain/avr8/avr8-gnu-toolchain/bin/../lib/gcc/avr/5.4.0/avr5\libgcc.a(_umulhisi3.o)
                0x00003c9e                __umulhisi3
 .text.avr-libc
                0x00003cbc      0x242 c:/program files (x86)/atmel/studio/7.0/toolchain/avr8/avr8-gnu-toolchain/bin/../lib/gcc/avr/5.4.0/../../../../avr/lib/avr5\libc.a(malloc.o)
                0x00003cbc                malloc
                0x00003dec                free
 .text.avr-libc
                0x00003efe       0x12 c:/program files (x86)/atmel/studio/7.0/toolchain/avr8/avr8-gnu-toolchain/bin/../lib/gcc/avr/5.4.0/../../../../avr/lib/avr5\libc.a(memcpy.o)
                0x00003efe                memcpy
 .text.avr-libc
                0x00003f10        0xe c:/program files (x86)/atmel/studio/7.0/toolchain/avr8/avr8-gnu-toolchain/bin/../lib/gcc/avr/5.4.0/../../../../avr/lib/avr5\libc.a(memset.o)
                0x00003f10                memset
 .text.avr-libc
                0x00003f1e       0x10 C:/Program Files (x86)/Atmel/Studio/7.0/Packs/atmel/ATmega_DFP/1.3.300/gcc/dev/atmega328p/avr5\libatmega328p.a(eerd_byte.o)
                0x00003f1e                eeprom_read_byte
 .text.avr-libc
                0x00003f2e       0x1c C:/Program Files (x86)/Atmel/Studio/7.0/Packs/atmel/ATmega_DFP/1.3.300/gcc/dev/atmega328p/avr5\libatmega328p.a(eewr_byte.o)
                0x00003f2e                eeprom_write_byte
                0x00003f30                eeprom_write_r18
                0x00003f4a                . = ALIGN (0x2)
 *(.fini9)
 .fini9         0x00003f4a        0x0 c:/program files (x86)/atmel/studio/7.0/toolchain/avr8/avr8-gnu-toolchain/bin/../lib/gcc/avr/5.4.0/avr5\libgcc.a(_exit.o)
                0x00003f4a                _exit
                0x00003f4a                exit
 *(.fini9)
 *(.fini8)
 *(.fini8)
 *(.fini7)
 *(.fini7)
 *(.fini6)
 .fini6         0x00003f4a       0x16 c:/program files (x86)/atmel/studio/7.0/toolchain/avr8/avr8-gnu-toolchain/bin/../lib/gcc/avr/5.4.0/avr5\libgcc.a(_dtors.o)
                0x00003f4a                __do_global_dtors
 *(.fini6)
 *(.fini5)
 *(.fini5)
 *(.fini4)
 *(.fini4)
 *(.fini3)
 *(.fini3)
 *(.fini2)
 *(.fini2)
 *(.fini1)
 *(.fini1)
 *(.fini0)
 .fini0         0x00003f60        0x4 c:/program files (x86)/atmel/studio/7.0/toolchain/avr8/avr8-gnu-toolchain/bin/../lib/gcc/avr/5.4.0/avr5\libgcc.a(_exit.o)
 *(.fini0)
                0x00003f64                _etext = .

.data           0x00800100       0xae load address 0x00003f64
                0x00800100                PROVIDE (__data_start, .)
 *(.data)
 .data          0x00800100        0x6 c:/program files (x86)/atmel/studio/7.0/toolchain/avr8/avr8-gnu-toolchain/bin/../lib/gcc/avr/5.4.0/../../../../avr/lib/avr5\libc.a(malloc.o)
                0x00800100                __malloc_heap_end
                0x00800102                __malloc_heap_start
                0x00800104                __malloc_margin
 *(.data*)
 .data.temperature
                0x00800106        0x4 main.o
                0x00800106                temperature
 .data.Blue     0x0080010a        0x6 main.o
                0x0080010a                Blue
 .data.Green    0x00800110        0x6 main.o
                0x00800110                Green
 .data.Red      0x00800116        0x6 main.o
                0x00800116                Red
 .data.intFunc  0x0080011c        0x4 D:\Users\Celine\ONEDRI~1.EDU\DOCUME~1\Schule\UNIVER~1\EECS47~1\Project\LIL_FI~1\LILFIS~1\LILFIS~1\ARDUIN~1\Debug\libArduinoCore.a(WInterrupts.o)
 .data.analog_reference
                0x00800120        0x1 D:\Users\Celine\ONEDRI~1.EDU\DOCUME~1\Schule\UNIVER~1\EECS47~1\Project\LIL_FI~1\LILFIS~1\LILFIS~1\ARDUIN~1\Debug\libArduinoCore.a(wiring_analog.o)
                0x00800120                analog_reference
 *(.gnu.linkonce.d*)
 *(.rodata)
 *(.rodata*)
 .rodata.str1.1
                0x00800121       0x34 DFRobot_PH.o
 .rodata.str1.1
                0x00800155       0x27 main.o
 .rodata._ZTV14HardwareSerial
                0x0080017c       0x12 D:\Users\Celine\ONEDRI~1.EDU\DOCUME~1\Schule\UNIVER~1\EECS47~1\Project\LIL_FI~1\LILFIS~1\LILFIS~1\ARDUIN~1\Debug\libArduinoCore.a(HardwareSerial.o)
                0x0080017c                _ZTV14HardwareSerial
 .rodata.str1.1
                0x0080018e        0xf D:\Users\Celine\ONEDRI~1.EDU\DOCUME~1\Schule\UNIVER~1\EECS47~1\Project\LIL_FI~1\LILFIS~1\LILFIS~1\ARDUIN~1\Debug\libArduinoCore.a(Print.o)
 .rodata.str1.1
                0x0080019d        0x5 D:\Users\Celine\ONEDRI~1.EDU\DOCUME~1\Schule\UNIVER~1\EECS47~1\Project\LIL_FI~1\LILFIS~1\LILFIS~1\ARDUIN~1\Debug\libArduinoCore.a(tasks.o)
 .rodata.str1.1
                0x008001a2        0x8 D:\Users\Celine\ONEDRI~1.EDU\DOCUME~1\Schule\UNIVER~1\EECS47~1\Project\LIL_FI~1\LILFIS~1\LILFIS~1\ARDUIN~1\Debug\libArduinoCore.a(timers.o)
 .rodata._ZZN9MD_TCS2307readFSMEhE3seq
                0x008001aa        0x3 D:\Users\Celine\ONEDRI~1.EDU\DOCUME~1\Schule\UNIVER~1\EECS47~1\Project\LIL_FI~1\LILFIS~1\LILFIS~1\ARDUIN~1\Debug\libArduinoCore.a(MD_TCS230.o)
 *(.gnu.linkonce.r*)
                0x008001ae                . = ALIGN (0x2)
 *fill*         0x008001ad        0x1 
                0x008001ae                _edata = .
                0x008001ae                PROVIDE (__data_end, .)

.bss            0x008001ae      0x240
                0x008001ae                PROVIDE (__bss_start, .)
 *(.bss)
 *(.bss*)
 .bss.xTemperature
                0x008001ae        0x2 main.o
                0x008001ae                xTemperature
 .bss.xPH       0x008001b0        0x2 main.o
                0x008001b0                xPH
 .bss.xNitrate  0x008001b2        0x2 main.o
                0x008001b2                xNitrate
 .bss.xNitrite  0x008001b4        0x2 main.o
                0x008001b4                xNitrite
 .bss.xAmmonia  0x008001b6        0x2 main.o
                0x008001b6                xAmmonia
 .bss.xSerialSemaphoreColorSensor
                0x008001b8        0x2 main.o
                0x008001b8                xSerialSemaphoreColorSensor
 .bss.ph        0x008001ba       0x1f main.o
                0x008001ba                ph
 .bss.phValue   0x008001d9        0x4 main.o
                0x008001d9                phValue
 .bss.voltage   0x008001dd        0x4 main.o
                0x008001dd                voltage
 .bss.Black     0x008001e1        0x6 main.o
                0x008001e1                Black
 .bss.CS        0x008001e7       0x2f main.o
                0x008001e7                CS
 .bss.c         0x00800216        0x7 main.o
                0x00800216                c
 .bss.rgb       0x0080021d        0x3 main.o
                0x0080021d                rgb
 .bss.EmptyTestBox
                0x00800220        0x7 main.o
                0x00800220                EmptyTestBox
 .bss.Nitrate   0x00800227       0x31 main.o
                0x00800227                Nitrate
 .bss.Nitrite   0x00800258       0x31 main.o
                0x00800258                Nitrite
 .bss.Ammonia   0x00800289       0x23 main.o
                0x00800289                Ammonia
 .bss.typeToRead
                0x008002ac        0x1 main.o
                0x008002ac                typeToRead
 .bss.Serial    0x008002ad       0x9d D:\Users\Celine\ONEDRI~1.EDU\DOCUME~1\Schule\UNIVER~1\EECS47~1\Project\LIL_FI~1\LILFIS~1\LILFIS~1\ARDUIN~1\Debug\libArduinoCore.a(HardwareSerial0.o)
                0x008002ad                Serial
 .bss.timer0_fract
                0x0080034a        0x1 D:\Users\Celine\ONEDRI~1.EDU\DOCUME~1\Schule\UNIVER~1\EECS47~1\Project\LIL_FI~1\LILFIS~1\LILFIS~1\ARDUIN~1\Debug\libArduinoCore.a(wiring.o)
 .bss.timer0_millis
                0x0080034b        0x4 D:\Users\Celine\ONEDRI~1.EDU\DOCUME~1\Schule\UNIVER~1\EECS47~1\Project\LIL_FI~1\LILFIS~1\LILFIS~1\ARDUIN~1\Debug\libArduinoCore.a(wiring.o)
                0x0080034b                timer0_millis
 .bss.timer0_overflow_count
                0x0080034f        0x4 D:\Users\Celine\ONEDRI~1.EDU\DOCUME~1\Schule\UNIVER~1\EECS47~1\Project\LIL_FI~1\LILFIS~1\LILFIS~1\ARDUIN~1\Debug\libArduinoCore.a(wiring.o)
                0x0080034f                timer0_overflow_count
 .bss.uxSchedulerSuspended
                0x00800353        0x1 D:\Users\Celine\ONEDRI~1.EDU\DOCUME~1\Schule\UNIVER~1\EECS47~1\Project\LIL_FI~1\LILFIS~1\LILFIS~1\ARDUIN~1\Debug\libArduinoCore.a(tasks.o)
 .bss.xIdleTaskHandle
                0x00800354        0x2 D:\Users\Celine\ONEDRI~1.EDU\DOCUME~1\Schule\UNIVER~1\EECS47~1\Project\LIL_FI~1\LILFIS~1\LILFIS~1\ARDUIN~1\Debug\libArduinoCore.a(tasks.o)
 .bss.xNextTaskUnblockTime
                0x00800356        0x2 D:\Users\Celine\ONEDRI~1.EDU\DOCUME~1\Schule\UNIVER~1\EECS47~1\Project\LIL_FI~1\LILFIS~1\LILFIS~1\ARDUIN~1\Debug\libArduinoCore.a(tasks.o)
 .bss.uxTaskNumber
                0x00800358        0x1 D:\Users\Celine\ONEDRI~1.EDU\DOCUME~1\Schule\UNIVER~1\EECS47~1\Project\LIL_FI~1\LILFIS~1\LILFIS~1\ARDUIN~1\Debug\libArduinoCore.a(tasks.o)
 .bss.xNumOfOverflows
                0x00800359        0x1 D:\Users\Celine\ONEDRI~1.EDU\DOCUME~1\Schule\UNIVER~1\EECS47~1\Project\LIL_FI~1\LILFIS~1\LILFIS~1\ARDUIN~1\Debug\libArduinoCore.a(tasks.o)
 .bss.xYieldPending
                0x0080035a        0x1 D:\Users\Celine\ONEDRI~1.EDU\DOCUME~1\Schule\UNIVER~1\EECS47~1\Project\LIL_FI~1\LILFIS~1\LILFIS~1\ARDUIN~1\Debug\libArduinoCore.a(tasks.o)
 .bss.uxPendedTicks
                0x0080035b        0x1 D:\Users\Celine\ONEDRI~1.EDU\DOCUME~1\Schule\UNIVER~1\EECS47~1\Project\LIL_FI~1\LILFIS~1\LILFIS~1\ARDUIN~1\Debug\libArduinoCore.a(tasks.o)
 .bss.xSchedulerRunning
                0x0080035c        0x1 D:\Users\Celine\ONEDRI~1.EDU\DOCUME~1\Schule\UNIVER~1\EECS47~1\Project\LIL_FI~1\LILFIS~1\LILFIS~1\ARDUIN~1\Debug\libArduinoCore.a(tasks.o)
 .bss.uxTopReadyPriority
                0x0080035d        0x1 D:\Users\Celine\ONEDRI~1.EDU\DOCUME~1\Schule\UNIVER~1\EECS47~1\Project\LIL_FI~1\LILFIS~1\LILFIS~1\ARDUIN~1\Debug\libArduinoCore.a(tasks.o)
 .bss.xTickCount
                0x0080035e        0x2 D:\Users\Celine\ONEDRI~1.EDU\DOCUME~1\Schule\UNIVER~1\EECS47~1\Project\LIL_FI~1\LILFIS~1\LILFIS~1\ARDUIN~1\Debug\libArduinoCore.a(tasks.o)
 .bss.uxCurrentNumberOfTasks
                0x00800360        0x1 D:\Users\Celine\ONEDRI~1.EDU\DOCUME~1\Schule\UNIVER~1\EECS47~1\Project\LIL_FI~1\LILFIS~1\LILFIS~1\ARDUIN~1\Debug\libArduinoCore.a(tasks.o)
 .bss.xSuspendedTaskList
                0x00800361        0x9 D:\Users\Celine\ONEDRI~1.EDU\DOCUME~1\Schule\UNIVER~1\EECS47~1\Project\LIL_FI~1\LILFIS~1\LILFIS~1\ARDUIN~1\Debug\libArduinoCore.a(tasks.o)
 .bss.uxDeletedTasksWaitingCleanUp
                0x0080036a        0x1 D:\Users\Celine\ONEDRI~1.EDU\DOCUME~1\Schule\UNIVER~1\EECS47~1\Project\LIL_FI~1\LILFIS~1\LILFIS~1\ARDUIN~1\Debug\libArduinoCore.a(tasks.o)
 .bss.xTasksWaitingTermination
                0x0080036b        0x9 D:\Users\Celine\ONEDRI~1.EDU\DOCUME~1\Schule\UNIVER~1\EECS47~1\Project\LIL_FI~1\LILFIS~1\LILFIS~1\ARDUIN~1\Debug\libArduinoCore.a(tasks.o)
 .bss.xPendingReadyList
                0x00800374        0x9 D:\Users\Celine\ONEDRI~1.EDU\DOCUME~1\Schule\UNIVER~1\EECS47~1\Project\LIL_FI~1\LILFIS~1\LILFIS~1\ARDUIN~1\Debug\libArduinoCore.a(tasks.o)
 .bss.pxOverflowDelayedTaskList
                0x0080037d        0x2 D:\Users\Celine\ONEDRI~1.EDU\DOCUME~1\Schule\UNIVER~1\EECS47~1\Project\LIL_FI~1\LILFIS~1\LILFIS~1\ARDUIN~1\Debug\libArduinoCore.a(tasks.o)
 .bss.pxDelayedTaskList
                0x0080037f        0x2 D:\Users\Celine\ONEDRI~1.EDU\DOCUME~1\Schule\UNIVER~1\EECS47~1\Project\LIL_FI~1\LILFIS~1\LILFIS~1\ARDUIN~1\Debug\libArduinoCore.a(tasks.o)
 .bss.xDelayedTaskList2
                0x00800381        0x9 D:\Users\Celine\ONEDRI~1.EDU\DOCUME~1\Schule\UNIVER~1\EECS47~1\Project\LIL_FI~1\LILFIS~1\LILFIS~1\ARDUIN~1\Debug\libArduinoCore.a(tasks.o)
 .bss.xDelayedTaskList1
                0x0080038a        0x9 D:\Users\Celine\ONEDRI~1.EDU\DOCUME~1\Schule\UNIVER~1\EECS47~1\Project\LIL_FI~1\LILFIS~1\LILFIS~1\ARDUIN~1\Debug\libArduinoCore.a(tasks.o)
 .bss.pxReadyTasksLists
                0x00800393       0x24 D:\Users\Celine\ONEDRI~1.EDU\DOCUME~1\Schule\UNIVER~1\EECS47~1\Project\LIL_FI~1\LILFIS~1\LILFIS~1\ARDUIN~1\Debug\libArduinoCore.a(tasks.o)
 .bss.pxCurrentTCB
                0x008003b7        0x2 D:\Users\Celine\ONEDRI~1.EDU\DOCUME~1\Schule\UNIVER~1\EECS47~1\Project\LIL_FI~1\LILFIS~1\LILFIS~1\ARDUIN~1\Debug\libArduinoCore.a(tasks.o)
                0x008003b7                pxCurrentTCB
 .bss.xLastTime.2412
                0x008003b9        0x2 D:\Users\Celine\ONEDRI~1.EDU\DOCUME~1\Schule\UNIVER~1\EECS47~1\Project\LIL_FI~1\LILFIS~1\LILFIS~1\ARDUIN~1\Debug\libArduinoCore.a(timers.o)
 .bss.xTimerTaskHandle
                0x008003bb        0x2 D:\Users\Celine\ONEDRI~1.EDU\DOCUME~1\Schule\UNIVER~1\EECS47~1\Project\LIL_FI~1\LILFIS~1\LILFIS~1\ARDUIN~1\Debug\libArduinoCore.a(timers.o)
 .bss.xTimerQueue
                0x008003bd        0x2 D:\Users\Celine\ONEDRI~1.EDU\DOCUME~1\Schule\UNIVER~1\EECS47~1\Project\LIL_FI~1\LILFIS~1\LILFIS~1\ARDUIN~1\Debug\libArduinoCore.a(timers.o)
 .bss.pxOverflowTimerList
                0x008003bf        0x2 D:\Users\Celine\ONEDRI~1.EDU\DOCUME~1\Schule\UNIVER~1\EECS47~1\Project\LIL_FI~1\LILFIS~1\LILFIS~1\ARDUIN~1\Debug\libArduinoCore.a(timers.o)
 .bss.pxCurrentTimerList
                0x008003c1        0x2 D:\Users\Celine\ONEDRI~1.EDU\DOCUME~1\Schule\UNIVER~1\EECS47~1\Project\LIL_FI~1\LILFIS~1\LILFIS~1\ARDUIN~1\Debug\libArduinoCore.a(timers.o)
 .bss.xActiveTimerList2
                0x008003c3        0x9 D:\Users\Celine\ONEDRI~1.EDU\DOCUME~1\Schule\UNIVER~1\EECS47~1\Project\LIL_FI~1\LILFIS~1\LILFIS~1\ARDUIN~1\Debug\libArduinoCore.a(timers.o)
 .bss.xActiveTimerList1
                0x008003cc        0x9 D:\Users\Celine\ONEDRI~1.EDU\DOCUME~1\Schule\UNIVER~1\EECS47~1\Project\LIL_FI~1\LILFIS~1\LILFIS~1\ARDUIN~1\Debug\libArduinoCore.a(timers.o)
 .bss._ZZN9MD_TCS2307readFSMEhE7currCol
                0x008003d5        0x1 D:\Users\Celine\ONEDRI~1.EDU\DOCUME~1\Schule\UNIVER~1\EECS47~1\Project\LIL_FI~1\LILFIS~1\LILFIS~1\ARDUIN~1\Debug\libArduinoCore.a(MD_TCS230.o)
 .bss._ZL10gate_index
                0x008003d6        0x2 D:\Users\Celine\ONEDRI~1.EDU\DOCUME~1\Schule\UNIVER~1\EECS47~1\Project\LIL_FI~1\LILFIS~1\LILFIS~1\ARDUIN~1\Debug\libArduinoCore.a(FreqCount.o)
 .bss._ZL11gate_length
                0x008003d8        0x2 D:\Users\Celine\ONEDRI~1.EDU\DOCUME~1\Schule\UNIVER~1\EECS47~1\Project\LIL_FI~1\LILFIS~1\LILFIS~1\ARDUIN~1\Debug\libArduinoCore.a(FreqCount.o)
 .bss._ZL11count_ready
                0x008003da        0x1 D:\Users\Celine\ONEDRI~1.EDU\DOCUME~1\Schule\UNIVER~1\EECS47~1\Project\LIL_FI~1\LILFIS~1\LILFIS~1\ARDUIN~1\Debug\libArduinoCore.a(FreqCount.o)
 .bss._ZL12count_output
                0x008003db        0x4 D:\Users\Celine\ONEDRI~1.EDU\DOCUME~1\Schule\UNIVER~1\EECS47~1\Project\LIL_FI~1\LILFIS~1\LILFIS~1\ARDUIN~1\Debug\libArduinoCore.a(FreqCount.o)
 .bss._ZL10count_prev
                0x008003df        0x4 D:\Users\Celine\ONEDRI~1.EDU\DOCUME~1\Schule\UNIVER~1\EECS47~1\Project\LIL_FI~1\LILFIS~1\LILFIS~1\ARDUIN~1\Debug\libArduinoCore.a(FreqCount.o)
 .bss._ZL9count_msw
                0x008003e3        0x2 D:\Users\Celine\ONEDRI~1.EDU\DOCUME~1\Schule\UNIVER~1\EECS47~1\Project\LIL_FI~1\LILFIS~1\LILFIS~1\ARDUIN~1\Debug\libArduinoCore.a(FreqCount.o)
 .bss._ZL11startTCCR2B
                0x008003e5        0x1 D:\Users\Celine\ONEDRI~1.EDU\DOCUME~1\Schule\UNIVER~1\EECS47~1\Project\LIL_FI~1\LILFIS~1\LILFIS~1\ARDUIN~1\Debug\libArduinoCore.a(FreqCount.o)
 .bss._ZL10saveTCCR2B
                0x008003e6        0x1 D:\Users\Celine\ONEDRI~1.EDU\DOCUME~1\Schule\UNIVER~1\EECS47~1\Project\LIL_FI~1\LILFIS~1\LILFIS~1\ARDUIN~1\Debug\libArduinoCore.a(FreqCount.o)
 .bss._ZL10saveTCCR2A
                0x008003e7        0x1 D:\Users\Celine\ONEDRI~1.EDU\DOCUME~1\Schule\UNIVER~1\EECS47~1\Project\LIL_FI~1\LILFIS~1\LILFIS~1\ARDUIN~1\Debug\libArduinoCore.a(FreqCount.o)
 .bss._ZL10saveTCCR1B
                0x008003e8        0x1 D:\Users\Celine\ONEDRI~1.EDU\DOCUME~1\Schule\UNIVER~1\EECS47~1\Project\LIL_FI~1\LILFIS~1\LILFIS~1\ARDUIN~1\Debug\libArduinoCore.a(FreqCount.o)
 .bss._ZL10saveTCCR1A
                0x008003e9        0x1 D:\Users\Celine\ONEDRI~1.EDU\DOCUME~1\Schule\UNIVER~1\EECS47~1\Project\LIL_FI~1\LILFIS~1\LILFIS~1\ARDUIN~1\Debug\libArduinoCore.a(FreqCount.o)
 *(COMMON)
 COMMON         0x008003ea        0x4 c:/program files (x86)/atmel/studio/7.0/toolchain/avr8/avr8-gnu-toolchain/bin/../lib/gcc/avr/5.4.0/../../../../avr/lib/avr5\libc.a(malloc.o)
                0x008003ea                __brkval
                0x008003ec                __flp
                0x008003ee                PROVIDE (__bss_end, .)
                0x00003f64                __data_load_start = LOADADDR (.data)
                0x00004012                __data_load_end = (__data_load_start + SIZEOF (.data))

.noinit         0x008003ee        0x0
                [!provide]                PROVIDE (__noinit_start, .)
 *(.noinit*)
                [!provide]                PROVIDE (__noinit_end, .)
                0x008003ee                _end = .
                0x008003ee                PROVIDE (__heap_start, .)

.eeprom         0x00810000        0x0
 *(.eeprom*)
                0x00810000                __eeprom_end = .

.fuse
 *(.fuse)
 *(.lfuse)
 *(.hfuse)
 *(.efuse)

.lock
 *(.lock*)

.signature
 *(.signature*)

.user_signatures
 *(.user_signatures*)

.stab
 *(.stab)

.stabstr
 *(.stabstr)

.stab.excl
 *(.stab.excl)

.stab.exclstr
 *(.stab.exclstr)

.stab.index
 *(.stab.index)

.stab.indexstr
 *(.stab.indexstr)

.comment        0x00000000       0x30
 *(.comment)
 .comment       0x00000000       0x30 DFRobot_PH.o
                                 0x31 (size before relaxing)
 .comment       0x00000030       0x31 main.o
 .comment       0x00000030       0x31 D:\Users\Celine\ONEDRI~1.EDU\DOCUME~1\Schule\UNIVER~1\EECS47~1\Project\LIL_FI~1\LILFIS~1\LILFIS~1\ARDUIN~1\Debug\libArduinoCore.a(HardwareSerial.o)
 .comment       0x00000030       0x31 D:\Users\Celine\ONEDRI~1.EDU\DOCUME~1\Schule\UNIVER~1\EECS47~1\Project\LIL_FI~1\LILFIS~1\LILFIS~1\ARDUIN~1\Debug\libArduinoCore.a(HardwareSerial0.o)
 .comment       0x00000030       0x31 D:\Users\Celine\ONEDRI~1.EDU\DOCUME~1\Schule\UNIVER~1\EECS47~1\Project\LIL_FI~1\LILFIS~1\LILFIS~1\ARDUIN~1\Debug\libArduinoCore.a(main.o)
 .comment       0x00000030       0x31 D:\Users\Celine\ONEDRI~1.EDU\DOCUME~1\Schule\UNIVER~1\EECS47~1\Project\LIL_FI~1\LILFIS~1\LILFIS~1\ARDUIN~1\Debug\libArduinoCore.a(Print.o)
 .comment       0x00000030       0x31 D:\Users\Celine\ONEDRI~1.EDU\DOCUME~1\Schule\UNIVER~1\EECS47~1\Project\LIL_FI~1\LILFIS~1\LILFIS~1\ARDUIN~1\Debug\libArduinoCore.a(WInterrupts.o)
 .comment       0x00000030       0x31 D:\Users\Celine\ONEDRI~1.EDU\DOCUME~1\Schule\UNIVER~1\EECS47~1\Project\LIL_FI~1\LILFIS~1\LILFIS~1\ARDUIN~1\Debug\libArduinoCore.a(wiring.o)
 .comment       0x00000030       0x31 D:\Users\Celine\ONEDRI~1.EDU\DOCUME~1\Schule\UNIVER~1\EECS47~1\Project\LIL_FI~1\LILFIS~1\LILFIS~1\ARDUIN~1\Debug\libArduinoCore.a(wiring_analog.o)
 .comment       0x00000030       0x31 D:\Users\Celine\ONEDRI~1.EDU\DOCUME~1\Schule\UNIVER~1\EECS47~1\Project\LIL_FI~1\LILFIS~1\LILFIS~1\ARDUIN~1\Debug\libArduinoCore.a(wiring_digital.o)
 .comment       0x00000030       0x31 D:\Users\Celine\ONEDRI~1.EDU\DOCUME~1\Schule\UNIVER~1\EECS47~1\Project\LIL_FI~1\LILFIS~1\LILFIS~1\ARDUIN~1\Debug\libArduinoCore.a(queue.o)
 .comment       0x00000030       0x31 D:\Users\Celine\ONEDRI~1.EDU\DOCUME~1\Schule\UNIVER~1\EECS47~1\Project\LIL_FI~1\LILFIS~1\LILFIS~1\ARDUIN~1\Debug\libArduinoCore.a(tasks.o)
 .comment       0x00000030       0x31 D:\Users\Celine\ONEDRI~1.EDU\DOCUME~1\Schule\UNIVER~1\EECS47~1\Project\LIL_FI~1\LILFIS~1\LILFIS~1\ARDUIN~1\Debug\libArduinoCore.a(timers.o)
 .comment       0x00000030       0x31 D:\Users\Celine\ONEDRI~1.EDU\DOCUME~1\Schule\UNIVER~1\EECS47~1\Project\LIL_FI~1\LILFIS~1\LILFIS~1\ARDUIN~1\Debug\libArduinoCore.a(variantHooks.o)
 .comment       0x00000030       0x31 D:\Users\Celine\ONEDRI~1.EDU\DOCUME~1\Schule\UNIVER~1\EECS47~1\Project\LIL_FI~1\LILFIS~1\LILFIS~1\ARDUIN~1\Debug\libArduinoCore.a(MD_TCS230.o)
 .comment       0x00000030       0x31 D:\Users\Celine\ONEDRI~1.EDU\DOCUME~1\Schule\UNIVER~1\EECS47~1\Project\LIL_FI~1\LILFIS~1\LILFIS~1\ARDUIN~1\Debug\libArduinoCore.a(heap_3.o)
 .comment       0x00000030       0x31 D:\Users\Celine\ONEDRI~1.EDU\DOCUME~1\Schule\UNIVER~1\EECS47~1\Project\LIL_FI~1\LILFIS~1\LILFIS~1\ARDUIN~1\Debug\libArduinoCore.a(list.o)
 .comment       0x00000030       0x31 D:\Users\Celine\ONEDRI~1.EDU\DOCUME~1\Schule\UNIVER~1\EECS47~1\Project\LIL_FI~1\LILFIS~1\LILFIS~1\ARDUIN~1\Debug\libArduinoCore.a(port.o)
 .comment       0x00000030       0x31 D:\Users\Celine\ONEDRI~1.EDU\DOCUME~1\Schule\UNIVER~1\EECS47~1\Project\LIL_FI~1\LILFIS~1\LILFIS~1\ARDUIN~1\Debug\libArduinoCore.a(FreqCount.o)
 .comment       0x00000030       0x31 c:/program files (x86)/atmel/studio/7.0/toolchain/avr8/avr8-gnu-toolchain/bin/../lib/gcc/avr/5.4.0/../../../../avr/lib/avr5\libc.a(malloc.o)

.note.gnu.avr.deviceinfo
                0x00000000       0x40
 .note.gnu.avr.deviceinfo
                0x00000000       0x40 C:/Program Files (x86)/Atmel/Studio/7.0/Packs/atmel/ATmega_DFP/1.3.300/gcc/dev/atmega328p/avr5/crtatmega328p.o

.note.gnu.build-id
 *(.note.gnu.build-id)

.debug
 *(.debug)

.line
 *(.line)

.debug_srcinfo
 *(.debug_srcinfo)

.debug_sfnames
 *(.debug_sfnames)

.debug_aranges  0x00000000      0x918
 *(.debug_aranges)
 .debug_aranges
                0x00000000       0x70 DFRobot_PH.o
 .debug_aranges
                0x00000070       0xb8 main.o
 .debug_aranges
                0x00000128       0x68 D:\Users\Celine\ONEDRI~1.EDU\DOCUME~1\Schule\UNIVER~1\EECS47~1\Project\LIL_FI~1\LILFIS~1\LILFIS~1\ARDUIN~1\Debug\libArduinoCore.a(HardwareSerial.o)
 .debug_aranges
                0x00000190       0x48 D:\Users\Celine\ONEDRI~1.EDU\DOCUME~1\Schule\UNIVER~1\EECS47~1\Project\LIL_FI~1\LILFIS~1\LILFIS~1\ARDUIN~1\Debug\libArduinoCore.a(HardwareSerial0.o)
 .debug_aranges
                0x000001d8       0x30 D:\Users\Celine\ONEDRI~1.EDU\DOCUME~1\Schule\UNIVER~1\EECS47~1\Project\LIL_FI~1\LILFIS~1\LILFIS~1\ARDUIN~1\Debug\libArduinoCore.a(main.o)
 .debug_aranges
                0x00000208      0x100 D:\Users\Celine\ONEDRI~1.EDU\DOCUME~1\Schule\UNIVER~1\EECS47~1\Project\LIL_FI~1\LILFIS~1\LILFIS~1\ARDUIN~1\Debug\libArduinoCore.a(Print.o)
 .debug_aranges
                0x00000308       0x40 D:\Users\Celine\ONEDRI~1.EDU\DOCUME~1\Schule\UNIVER~1\EECS47~1\Project\LIL_FI~1\LILFIS~1\LILFIS~1\ARDUIN~1\Debug\libArduinoCore.a(WInterrupts.o)
 .debug_aranges
                0x00000348       0x48 D:\Users\Celine\ONEDRI~1.EDU\DOCUME~1\Schule\UNIVER~1\EECS47~1\Project\LIL_FI~1\LILFIS~1\LILFIS~1\ARDUIN~1\Debug\libArduinoCore.a(wiring.o)
 .debug_aranges
                0x00000390       0x30 D:\Users\Celine\ONEDRI~1.EDU\DOCUME~1\Schule\UNIVER~1\EECS47~1\Project\LIL_FI~1\LILFIS~1\LILFIS~1\ARDUIN~1\Debug\libArduinoCore.a(wiring_analog.o)
 .debug_aranges
                0x000003c0       0x38 D:\Users\Celine\ONEDRI~1.EDU\DOCUME~1\Schule\UNIVER~1\EECS47~1\Project\LIL_FI~1\LILFIS~1\LILFIS~1\ARDUIN~1\Debug\libArduinoCore.a(wiring_digital.o)
 .debug_aranges
                0x000003f8       0xe0 D:\Users\Celine\ONEDRI~1.EDU\DOCUME~1\Schule\UNIVER~1\EECS47~1\Project\LIL_FI~1\LILFIS~1\LILFIS~1\ARDUIN~1\Debug\libArduinoCore.a(queue.o)
 .debug_aranges
                0x000004d8      0x188 D:\Users\Celine\ONEDRI~1.EDU\DOCUME~1\Schule\UNIVER~1\EECS47~1\Project\LIL_FI~1\LILFIS~1\LILFIS~1\ARDUIN~1\Debug\libArduinoCore.a(tasks.o)
 .debug_aranges
                0x00000660       0x90 D:\Users\Celine\ONEDRI~1.EDU\DOCUME~1\Schule\UNIVER~1\EECS47~1\Project\LIL_FI~1\LILFIS~1\LILFIS~1\ARDUIN~1\Debug\libArduinoCore.a(timers.o)
 .debug_aranges
                0x000006f0       0x38 D:\Users\Celine\ONEDRI~1.EDU\DOCUME~1\Schule\UNIVER~1\EECS47~1\Project\LIL_FI~1\LILFIS~1\LILFIS~1\ARDUIN~1\Debug\libArduinoCore.a(variantHooks.o)
 .debug_aranges
                0x00000728       0xc0 D:\Users\Celine\ONEDRI~1.EDU\DOCUME~1\Schule\UNIVER~1\EECS47~1\Project\LIL_FI~1\LILFIS~1\LILFIS~1\ARDUIN~1\Debug\libArduinoCore.a(MD_TCS230.o)
 .debug_aranges
                0x000007e8       0x28 D:\Users\Celine\ONEDRI~1.EDU\DOCUME~1\Schule\UNIVER~1\EECS47~1\Project\LIL_FI~1\LILFIS~1\LILFIS~1\ARDUIN~1\Debug\libArduinoCore.a(heap_3.o)
 .debug_aranges
                0x00000810       0x40 D:\Users\Celine\ONEDRI~1.EDU\DOCUME~1\Schule\UNIVER~1\EECS47~1\Project\LIL_FI~1\LILFIS~1\LILFIS~1\ARDUIN~1\Debug\libArduinoCore.a(list.o)
 .debug_aranges
                0x00000850       0x48 D:\Users\Celine\ONEDRI~1.EDU\DOCUME~1\Schule\UNIVER~1\EECS47~1\Project\LIL_FI~1\LILFIS~1\LILFIS~1\ARDUIN~1\Debug\libArduinoCore.a(port.o)
 .debug_aranges
                0x00000898       0x40 D:\Users\Celine\ONEDRI~1.EDU\DOCUME~1\Schule\UNIVER~1\EECS47~1\Project\LIL_FI~1\LILFIS~1\LILFIS~1\ARDUIN~1\Debug\libArduinoCore.a(FreqCount.o)
 .debug_aranges
                0x000008d8       0x20 C:/Program Files (x86)/Atmel/Studio/7.0/Packs/atmel/ATmega_DFP/1.3.300/gcc/dev/atmega328p/avr5\libatmega328p.a(eerd_byte.o)
 .debug_aranges
                0x000008f8       0x20 C:/Program Files (x86)/Atmel/Studio/7.0/Packs/atmel/ATmega_DFP/1.3.300/gcc/dev/atmega328p/avr5\libatmega328p.a(eewr_byte.o)

.debug_pubnames
 *(.debug_pubnames)

.debug_info     0x00000000    0x117d9
 *(.debug_info .gnu.linkonce.wi.*)
 .debug_info    0x00000000      0x5f4 C:/Program Files (x86)/Atmel/Studio/7.0/Packs/atmel/ATmega_DFP/1.3.300/gcc/dev/atmega328p/avr5/crtatmega328p.o
 .debug_info    0x000005f4     0x158a DFRobot_PH.o
 .debug_info    0x00001b7e     0x1f2c main.o
 .debug_info    0x00003aaa     0x1f64 D:\Users\Celine\ONEDRI~1.EDU\DOCUME~1\Schule\UNIVER~1\EECS47~1\Project\LIL_FI~1\LILFIS~1\LILFIS~1\ARDUIN~1\Debug\libArduinoCore.a(HardwareSerial.o)
 .debug_info    0x00005a0e     0x1b16 D:\Users\Celine\ONEDRI~1.EDU\DOCUME~1\Schule\UNIVER~1\EECS47~1\Project\LIL_FI~1\LILFIS~1\LILFIS~1\ARDUIN~1\Debug\libArduinoCore.a(HardwareSerial0.o)
 .debug_info    0x00007524      0x237 D:\Users\Celine\ONEDRI~1.EDU\DOCUME~1\Schule\UNIVER~1\EECS47~1\Project\LIL_FI~1\LILFIS~1\LILFIS~1\ARDUIN~1\Debug\libArduinoCore.a(main.o)
 .debug_info    0x0000775b     0x28ff D:\Users\Celine\ONEDRI~1.EDU\DOCUME~1\Schule\UNIVER~1\EECS47~1\Project\LIL_FI~1\LILFIS~1\LILFIS~1\ARDUIN~1\Debug\libArduinoCore.a(Print.o)
 .debug_info    0x0000a05a      0x21c D:\Users\Celine\ONEDRI~1.EDU\DOCUME~1\Schule\UNIVER~1\EECS47~1\Project\LIL_FI~1\LILFIS~1\LILFIS~1\ARDUIN~1\Debug\libArduinoCore.a(WInterrupts.o)
 .debug_info    0x0000a276      0x2cb D:\Users\Celine\ONEDRI~1.EDU\DOCUME~1\Schule\UNIVER~1\EECS47~1\Project\LIL_FI~1\LILFIS~1\LILFIS~1\ARDUIN~1\Debug\libArduinoCore.a(wiring.o)
 .debug_info    0x0000a541      0x26d D:\Users\Celine\ONEDRI~1.EDU\DOCUME~1\Schule\UNIVER~1\EECS47~1\Project\LIL_FI~1\LILFIS~1\LILFIS~1\ARDUIN~1\Debug\libArduinoCore.a(wiring_analog.o)
 .debug_info    0x0000a7ae      0x5fe D:\Users\Celine\ONEDRI~1.EDU\DOCUME~1\Schule\UNIVER~1\EECS47~1\Project\LIL_FI~1\LILFIS~1\LILFIS~1\ARDUIN~1\Debug\libArduinoCore.a(wiring_digital.o)
 .debug_info    0x0000adac     0x1820 D:\Users\Celine\ONEDRI~1.EDU\DOCUME~1\Schule\UNIVER~1\EECS47~1\Project\LIL_FI~1\LILFIS~1\LILFIS~1\ARDUIN~1\Debug\libArduinoCore.a(queue.o)
 .debug_info    0x0000c5cc     0x2102 D:\Users\Celine\ONEDRI~1.EDU\DOCUME~1\Schule\UNIVER~1\EECS47~1\Project\LIL_FI~1\LILFIS~1\LILFIS~1\ARDUIN~1\Debug\libArduinoCore.a(tasks.o)
 .debug_info    0x0000e6ce     0x1083 D:\Users\Celine\ONEDRI~1.EDU\DOCUME~1\Schule\UNIVER~1\EECS47~1\Project\LIL_FI~1\LILFIS~1\LILFIS~1\ARDUIN~1\Debug\libArduinoCore.a(timers.o)
 .debug_info    0x0000f751      0x330 D:\Users\Celine\ONEDRI~1.EDU\DOCUME~1\Schule\UNIVER~1\EECS47~1\Project\LIL_FI~1\LILFIS~1\LILFIS~1\ARDUIN~1\Debug\libArduinoCore.a(variantHooks.o)
 .debug_info    0x0000fa81     0x1018 D:\Users\Celine\ONEDRI~1.EDU\DOCUME~1\Schule\UNIVER~1\EECS47~1\Project\LIL_FI~1\LILFIS~1\LILFIS~1\ARDUIN~1\Debug\libArduinoCore.a(MD_TCS230.o)
 .debug_info    0x00010a99      0x1a7 D:\Users\Celine\ONEDRI~1.EDU\DOCUME~1\Schule\UNIVER~1\EECS47~1\Project\LIL_FI~1\LILFIS~1\LILFIS~1\ARDUIN~1\Debug\libArduinoCore.a(heap_3.o)
 .debug_info    0x00010c40      0x2e0 D:\Users\Celine\ONEDRI~1.EDU\DOCUME~1\Schule\UNIVER~1\EECS47~1\Project\LIL_FI~1\LILFIS~1\LILFIS~1\ARDUIN~1\Debug\libArduinoCore.a(list.o)
 .debug_info    0x00010f20      0x28b D:\Users\Celine\ONEDRI~1.EDU\DOCUME~1\Schule\UNIVER~1\EECS47~1\Project\LIL_FI~1\LILFIS~1\LILFIS~1\ARDUIN~1\Debug\libArduinoCore.a(port.o)
 .debug_info    0x000111ab      0x4fa D:\Users\Celine\ONEDRI~1.EDU\DOCUME~1\Schule\UNIVER~1\EECS47~1\Project\LIL_FI~1\LILFIS~1\LILFIS~1\ARDUIN~1\Debug\libArduinoCore.a(FreqCount.o)
 .debug_info    0x000116a5       0x9a C:/Program Files (x86)/Atmel/Studio/7.0/Packs/atmel/ATmega_DFP/1.3.300/gcc/dev/atmega328p/avr5\libatmega328p.a(eerd_byte.o)
 .debug_info    0x0001173f       0x9a C:/Program Files (x86)/Atmel/Studio/7.0/Packs/atmel/ATmega_DFP/1.3.300/gcc/dev/atmega328p/avr5\libatmega328p.a(eewr_byte.o)

.debug_abbrev   0x00000000     0x3696
 *(.debug_abbrev)
 .debug_abbrev  0x00000000      0x5a2 C:/Program Files (x86)/Atmel/Studio/7.0/Packs/atmel/ATmega_DFP/1.3.300/gcc/dev/atmega328p/avr5/crtatmega328p.o
 .debug_abbrev  0x000005a2      0x3de DFRobot_PH.o
 .debug_abbrev  0x00000980      0x5e7 main.o
 .debug_abbrev  0x00000f67      0x4b7 D:\Users\Celine\ONEDRI~1.EDU\DOCUME~1\Schule\UNIVER~1\EECS47~1\Project\LIL_FI~1\LILFIS~1\LILFIS~1\ARDUIN~1\Debug\libArduinoCore.a(HardwareSerial.o)
 .debug_abbrev  0x0000141e      0x3ce D:\Users\Celine\ONEDRI~1.EDU\DOCUME~1\Schule\UNIVER~1\EECS47~1\Project\LIL_FI~1\LILFIS~1\LILFIS~1\ARDUIN~1\Debug\libArduinoCore.a(HardwareSerial0.o)
 .debug_abbrev  0x000017ec      0x12d D:\Users\Celine\ONEDRI~1.EDU\DOCUME~1\Schule\UNIVER~1\EECS47~1\Project\LIL_FI~1\LILFIS~1\LILFIS~1\ARDUIN~1\Debug\libArduinoCore.a(main.o)
 .debug_abbrev  0x00001919      0x47a D:\Users\Celine\ONEDRI~1.EDU\DOCUME~1\Schule\UNIVER~1\EECS47~1\Project\LIL_FI~1\LILFIS~1\LILFIS~1\ARDUIN~1\Debug\libArduinoCore.a(Print.o)
 .debug_abbrev  0x00001d93       0xfc D:\Users\Celine\ONEDRI~1.EDU\DOCUME~1\Schule\UNIVER~1\EECS47~1\Project\LIL_FI~1\LILFIS~1\LILFIS~1\ARDUIN~1\Debug\libArduinoCore.a(WInterrupts.o)
 .debug_abbrev  0x00001e8f      0x146 D:\Users\Celine\ONEDRI~1.EDU\DOCUME~1\Schule\UNIVER~1\EECS47~1\Project\LIL_FI~1\LILFIS~1\LILFIS~1\ARDUIN~1\Debug\libArduinoCore.a(wiring.o)
 .debug_abbrev  0x00001fd5      0x16b D:\Users\Celine\ONEDRI~1.EDU\DOCUME~1\Schule\UNIVER~1\EECS47~1\Project\LIL_FI~1\LILFIS~1\LILFIS~1\ARDUIN~1\Debug\libArduinoCore.a(wiring_analog.o)
 .debug_abbrev  0x00002140      0x15b D:\Users\Celine\ONEDRI~1.EDU\DOCUME~1\Schule\UNIVER~1\EECS47~1\Project\LIL_FI~1\LILFIS~1\LILFIS~1\ARDUIN~1\Debug\libArduinoCore.a(wiring_digital.o)
 .debug_abbrev  0x0000229b      0x2d5 D:\Users\Celine\ONEDRI~1.EDU\DOCUME~1\Schule\UNIVER~1\EECS47~1\Project\LIL_FI~1\LILFIS~1\LILFIS~1\ARDUIN~1\Debug\libArduinoCore.a(queue.o)
 .debug_abbrev  0x00002570      0x35e D:\Users\Celine\ONEDRI~1.EDU\DOCUME~1\Schule\UNIVER~1\EECS47~1\Project\LIL_FI~1\LILFIS~1\LILFIS~1\ARDUIN~1\Debug\libArduinoCore.a(tasks.o)
 .debug_abbrev  0x000028ce      0x2f8 D:\Users\Celine\ONEDRI~1.EDU\DOCUME~1\Schule\UNIVER~1\EECS47~1\Project\LIL_FI~1\LILFIS~1\LILFIS~1\ARDUIN~1\Debug\libArduinoCore.a(timers.o)
 .debug_abbrev  0x00002bc6      0x18d D:\Users\Celine\ONEDRI~1.EDU\DOCUME~1\Schule\UNIVER~1\EECS47~1\Project\LIL_FI~1\LILFIS~1\LILFIS~1\ARDUIN~1\Debug\libArduinoCore.a(variantHooks.o)
 .debug_abbrev  0x00002d53      0x39f D:\Users\Celine\ONEDRI~1.EDU\DOCUME~1\Schule\UNIVER~1\EECS47~1\Project\LIL_FI~1\LILFIS~1\LILFIS~1\ARDUIN~1\Debug\libArduinoCore.a(MD_TCS230.o)
 .debug_abbrev  0x000030f2      0x115 D:\Users\Celine\ONEDRI~1.EDU\DOCUME~1\Schule\UNIVER~1\EECS47~1\Project\LIL_FI~1\LILFIS~1\LILFIS~1\ARDUIN~1\Debug\libArduinoCore.a(heap_3.o)
 .debug_abbrev  0x00003207       0xff D:\Users\Celine\ONEDRI~1.EDU\DOCUME~1\Schule\UNIVER~1\EECS47~1\Project\LIL_FI~1\LILFIS~1\LILFIS~1\ARDUIN~1\Debug\libArduinoCore.a(list.o)
 .debug_abbrev  0x00003306      0x158 D:\Users\Celine\ONEDRI~1.EDU\DOCUME~1\Schule\UNIVER~1\EECS47~1\Project\LIL_FI~1\LILFIS~1\LILFIS~1\ARDUIN~1\Debug\libArduinoCore.a(port.o)
 .debug_abbrev  0x0000345e      0x210 D:\Users\Celine\ONEDRI~1.EDU\DOCUME~1\Schule\UNIVER~1\EECS47~1\Project\LIL_FI~1\LILFIS~1\LILFIS~1\ARDUIN~1\Debug\libArduinoCore.a(FreqCount.o)
 .debug_abbrev  0x0000366e       0x14 C:/Program Files (x86)/Atmel/Studio/7.0/Packs/atmel/ATmega_DFP/1.3.300/gcc/dev/atmega328p/avr5\libatmega328p.a(eerd_byte.o)
 .debug_abbrev  0x00003682       0x14 C:/Program Files (x86)/Atmel/Studio/7.0/Packs/atmel/ATmega_DFP/1.3.300/gcc/dev/atmega328p/avr5\libatmega328p.a(eewr_byte.o)

.debug_line     0x00000000     0x5df4
 *(.debug_line .debug_line.* .debug_line_end)
 .debug_line    0x00000000      0x133 C:/Program Files (x86)/Atmel/Studio/7.0/Packs/atmel/ATmega_DFP/1.3.300/gcc/dev/atmega328p/avr5/crtatmega328p.o
 .debug_line    0x00000133      0x6e6 DFRobot_PH.o
 .debug_line    0x00000819      0x75b main.o
 .debug_line    0x00000f74      0x4c4 D:\Users\Celine\ONEDRI~1.EDU\DOCUME~1\Schule\UNIVER~1\EECS47~1\Project\LIL_FI~1\LILFIS~1\LILFIS~1\ARDUIN~1\Debug\libArduinoCore.a(HardwareSerial.o)
 .debug_line    0x00001438      0x28c D:\Users\Celine\ONEDRI~1.EDU\DOCUME~1\Schule\UNIVER~1\EECS47~1\Project\LIL_FI~1\LILFIS~1\LILFIS~1\ARDUIN~1\Debug\libArduinoCore.a(HardwareSerial0.o)
 .debug_line    0x000016c4      0x165 D:\Users\Celine\ONEDRI~1.EDU\DOCUME~1\Schule\UNIVER~1\EECS47~1\Project\LIL_FI~1\LILFIS~1\LILFIS~1\ARDUIN~1\Debug\libArduinoCore.a(main.o)
 .debug_line    0x00001829      0x685 D:\Users\Celine\ONEDRI~1.EDU\DOCUME~1\Schule\UNIVER~1\EECS47~1\Project\LIL_FI~1\LILFIS~1\LILFIS~1\ARDUIN~1\Debug\libArduinoCore.a(Print.o)
 .debug_line    0x00001eae      0x1a0 D:\Users\Celine\ONEDRI~1.EDU\DOCUME~1\Schule\UNIVER~1\EECS47~1\Project\LIL_FI~1\LILFIS~1\LILFIS~1\ARDUIN~1\Debug\libArduinoCore.a(WInterrupts.o)
 .debug_line    0x0000204e      0x299 D:\Users\Celine\ONEDRI~1.EDU\DOCUME~1\Schule\UNIVER~1\EECS47~1\Project\LIL_FI~1\LILFIS~1\LILFIS~1\ARDUIN~1\Debug\libArduinoCore.a(wiring.o)
 .debug_line    0x000022e7      0x20f D:\Users\Celine\ONEDRI~1.EDU\DOCUME~1\Schule\UNIVER~1\EECS47~1\Project\LIL_FI~1\LILFIS~1\LILFIS~1\ARDUIN~1\Debug\libArduinoCore.a(wiring_analog.o)
 .debug_line    0x000024f6      0x252 D:\Users\Celine\ONEDRI~1.EDU\DOCUME~1\Schule\UNIVER~1\EECS47~1\Project\LIL_FI~1\LILFIS~1\LILFIS~1\ARDUIN~1\Debug\libArduinoCore.a(wiring_digital.o)
 .debug_line    0x00002748      0xb6a D:\Users\Celine\ONEDRI~1.EDU\DOCUME~1\Schule\UNIVER~1\EECS47~1\Project\LIL_FI~1\LILFIS~1\LILFIS~1\ARDUIN~1\Debug\libArduinoCore.a(queue.o)
 .debug_line    0x000032b2     0x1256 D:\Users\Celine\ONEDRI~1.EDU\DOCUME~1\Schule\UNIVER~1\EECS47~1\Project\LIL_FI~1\LILFIS~1\LILFIS~1\ARDUIN~1\Debug\libArduinoCore.a(tasks.o)
 .debug_line    0x00004508      0x538 D:\Users\Celine\ONEDRI~1.EDU\DOCUME~1\Schule\UNIVER~1\EECS47~1\Project\LIL_FI~1\LILFIS~1\LILFIS~1\ARDUIN~1\Debug\libArduinoCore.a(timers.o)
 .debug_line    0x00004a40      0x246 D:\Users\Celine\ONEDRI~1.EDU\DOCUME~1\Schule\UNIVER~1\EECS47~1\Project\LIL_FI~1\LILFIS~1\LILFIS~1\ARDUIN~1\Debug\libArduinoCore.a(variantHooks.o)
 .debug_line    0x00004c86      0x622 D:\Users\Celine\ONEDRI~1.EDU\DOCUME~1\Schule\UNIVER~1\EECS47~1\Project\LIL_FI~1\LILFIS~1\LILFIS~1\ARDUIN~1\Debug\libArduinoCore.a(MD_TCS230.o)
 .debug_line    0x000052a8      0x1a3 D:\Users\Celine\ONEDRI~1.EDU\DOCUME~1\Schule\UNIVER~1\EECS47~1\Project\LIL_FI~1\LILFIS~1\LILFIS~1\ARDUIN~1\Debug\libArduinoCore.a(heap_3.o)
 .debug_line    0x0000544b      0x208 D:\Users\Celine\ONEDRI~1.EDU\DOCUME~1\Schule\UNIVER~1\EECS47~1\Project\LIL_FI~1\LILFIS~1\LILFIS~1\ARDUIN~1\Debug\libArduinoCore.a(list.o)
 .debug_line    0x00005653      0x328 D:\Users\Celine\ONEDRI~1.EDU\DOCUME~1\Schule\UNIVER~1\EECS47~1\Project\LIL_FI~1\LILFIS~1\LILFIS~1\ARDUIN~1\Debug\libArduinoCore.a(port.o)
 .debug_line    0x0000597b      0x361 D:\Users\Celine\ONEDRI~1.EDU\DOCUME~1\Schule\UNIVER~1\EECS47~1\Project\LIL_FI~1\LILFIS~1\LILFIS~1\ARDUIN~1\Debug\libArduinoCore.a(FreqCount.o)
 .debug_line    0x00005cdc       0x7a C:/Program Files (x86)/Atmel/Studio/7.0/Packs/atmel/ATmega_DFP/1.3.300/gcc/dev/atmega328p/avr5\libatmega328p.a(eerd_byte.o)
 .debug_line    0x00005d56       0x9e C:/Program Files (x86)/Atmel/Studio/7.0/Packs/atmel/ATmega_DFP/1.3.300/gcc/dev/atmega328p/avr5\libatmega328p.a(eewr_byte.o)

.debug_frame    0x00000000     0x1b7c
 *(.debug_frame)
 .debug_frame   0x00000000      0x1d8 DFRobot_PH.o
 .debug_frame   0x000001d8      0x1d4 main.o
 .debug_frame   0x000003ac      0x110 D:\Users\Celine\ONEDRI~1.EDU\DOCUME~1\Schule\UNIVER~1\EECS47~1\Project\LIL_FI~1\LILFIS~1\LILFIS~1\ARDUIN~1\Debug\libArduinoCore.a(HardwareSerial.o)
 .debug_frame   0x000004bc       0xe0 D:\Users\Celine\ONEDRI~1.EDU\DOCUME~1\Schule\UNIVER~1\EECS47~1\Project\LIL_FI~1\LILFIS~1\LILFIS~1\ARDUIN~1\Debug\libArduinoCore.a(HardwareSerial0.o)
 .debug_frame   0x0000059c       0x54 D:\Users\Celine\ONEDRI~1.EDU\DOCUME~1\Schule\UNIVER~1\EECS47~1\Project\LIL_FI~1\LILFIS~1\LILFIS~1\ARDUIN~1\Debug\libArduinoCore.a(main.o)
 .debug_frame   0x000005f0      0x3ac D:\Users\Celine\ONEDRI~1.EDU\DOCUME~1\Schule\UNIVER~1\EECS47~1\Project\LIL_FI~1\LILFIS~1\LILFIS~1\ARDUIN~1\Debug\libArduinoCore.a(Print.o)
 .debug_frame   0x0000099c       0xf4 D:\Users\Celine\ONEDRI~1.EDU\DOCUME~1\Schule\UNIVER~1\EECS47~1\Project\LIL_FI~1\LILFIS~1\LILFIS~1\ARDUIN~1\Debug\libArduinoCore.a(WInterrupts.o)
 .debug_frame   0x00000a90       0xc4 D:\Users\Celine\ONEDRI~1.EDU\DOCUME~1\Schule\UNIVER~1\EECS47~1\Project\LIL_FI~1\LILFIS~1\LILFIS~1\ARDUIN~1\Debug\libArduinoCore.a(wiring.o)
 .debug_frame   0x00000b54       0x54 D:\Users\Celine\ONEDRI~1.EDU\DOCUME~1\Schule\UNIVER~1\EECS47~1\Project\LIL_FI~1\LILFIS~1\LILFIS~1\ARDUIN~1\Debug\libArduinoCore.a(wiring_analog.o)
 .debug_frame   0x00000ba8       0x7c D:\Users\Celine\ONEDRI~1.EDU\DOCUME~1\Schule\UNIVER~1\EECS47~1\Project\LIL_FI~1\LILFIS~1\LILFIS~1\ARDUIN~1\Debug\libArduinoCore.a(wiring_digital.o)
 .debug_frame   0x00000c24      0x368 D:\Users\Celine\ONEDRI~1.EDU\DOCUME~1\Schule\UNIVER~1\EECS47~1\Project\LIL_FI~1\LILFIS~1\LILFIS~1\ARDUIN~1\Debug\libArduinoCore.a(queue.o)
 .debug_frame   0x00000f8c      0x57c D:\Users\Celine\ONEDRI~1.EDU\DOCUME~1\Schule\UNIVER~1\EECS47~1\Project\LIL_FI~1\LILFIS~1\LILFIS~1\ARDUIN~1\Debug\libArduinoCore.a(tasks.o)
 .debug_frame   0x00001508      0x198 D:\Users\Celine\ONEDRI~1.EDU\DOCUME~1\Schule\UNIVER~1\EECS47~1\Project\LIL_FI~1\LILFIS~1\LILFIS~1\ARDUIN~1\Debug\libArduinoCore.a(timers.o)
 .debug_frame   0x000016a0       0x54 D:\Users\Celine\ONEDRI~1.EDU\DOCUME~1\Schule\UNIVER~1\EECS47~1\Project\LIL_FI~1\LILFIS~1\LILFIS~1\ARDUIN~1\Debug\libArduinoCore.a(variantHooks.o)
 .debug_frame   0x000016f4      0x28c D:\Users\Celine\ONEDRI~1.EDU\DOCUME~1\Schule\UNIVER~1\EECS47~1\Project\LIL_FI~1\LILFIS~1\LILFIS~1\ARDUIN~1\Debug\libArduinoCore.a(MD_TCS230.o)
 .debug_frame   0x00001980       0x4c D:\Users\Celine\ONEDRI~1.EDU\DOCUME~1\Schule\UNIVER~1\EECS47~1\Project\LIL_FI~1\LILFIS~1\LILFIS~1\ARDUIN~1\Debug\libArduinoCore.a(heap_3.o)
 .debug_frame   0x000019cc       0x90 D:\Users\Celine\ONEDRI~1.EDU\DOCUME~1\Schule\UNIVER~1\EECS47~1\Project\LIL_FI~1\LILFIS~1\LILFIS~1\ARDUIN~1\Debug\libArduinoCore.a(list.o)
 .debug_frame   0x00001a5c       0x74 D:\Users\Celine\ONEDRI~1.EDU\DOCUME~1\Schule\UNIVER~1\EECS47~1\Project\LIL_FI~1\LILFIS~1\LILFIS~1\ARDUIN~1\Debug\libArduinoCore.a(port.o)
 .debug_frame   0x00001ad0       0xac D:\Users\Celine\ONEDRI~1.EDU\DOCUME~1\Schule\UNIVER~1\EECS47~1\Project\LIL_FI~1\LILFIS~1\LILFIS~1\ARDUIN~1\Debug\libArduinoCore.a(FreqCount.o)

.debug_str      0x00000000     0x473b
 *(.debug_str)
 .debug_str     0x00000000      0x208 C:/Program Files (x86)/Atmel/Studio/7.0/Packs/atmel/ATmega_DFP/1.3.300/gcc/dev/atmega328p/avr5/crtatmega328p.o
 .debug_str     0x00000208      0x981 DFRobot_PH.o
                                0xa3c (size before relaxing)
 .debug_str     0x00000b89      0x888 main.o
                               0x11b3 (size before relaxing)
 .debug_str     0x00001411     0x12c4 D:\Users\Celine\ONEDRI~1.EDU\DOCUME~1\Schule\UNIVER~1\EECS47~1\Project\LIL_FI~1\LILFIS~1\LILFIS~1\ARDUIN~1\Debug\libArduinoCore.a(HardwareSerial.o)
                               0x1659 (size before relaxing)
 .debug_str     0x000026d5       0x86 D:\Users\Celine\ONEDRI~1.EDU\DOCUME~1\Schule\UNIVER~1\EECS47~1\Project\LIL_FI~1\LILFIS~1\LILFIS~1\ARDUIN~1\Debug\libArduinoCore.a(HardwareSerial0.o)
                               0x144c (size before relaxing)
 .debug_str     0x0000275b       0x37 D:\Users\Celine\ONEDRI~1.EDU\DOCUME~1\Schule\UNIVER~1\EECS47~1\Project\LIL_FI~1\LILFIS~1\LILFIS~1\ARDUIN~1\Debug\libArduinoCore.a(main.o)
                                0x2f8 (size before relaxing)
 .debug_str     0x00002792      0x354 D:\Users\Celine\ONEDRI~1.EDU\DOCUME~1\Schule\UNIVER~1\EECS47~1\Project\LIL_FI~1\LILFIS~1\LILFIS~1\ARDUIN~1\Debug\libArduinoCore.a(Print.o)
                               0x1286 (size before relaxing)
 .debug_str     0x00002ae6      0x146 D:\Users\Celine\ONEDRI~1.EDU\DOCUME~1\Schule\UNIVER~1\EECS47~1\Project\LIL_FI~1\LILFIS~1\LILFIS~1\ARDUIN~1\Debug\libArduinoCore.a(WInterrupts.o)
                                0x27b (size before relaxing)
 .debug_str     0x00002c2c       0x79 D:\Users\Celine\ONEDRI~1.EDU\DOCUME~1\Schule\UNIVER~1\EECS47~1\Project\LIL_FI~1\LILFIS~1\LILFIS~1\ARDUIN~1\Debug\libArduinoCore.a(wiring.o)
                                0x28e (size before relaxing)
 .debug_str     0x00002ca5       0x5b D:\Users\Celine\ONEDRI~1.EDU\DOCUME~1\Schule\UNIVER~1\EECS47~1\Project\LIL_FI~1\LILFIS~1\LILFIS~1\ARDUIN~1\Debug\libArduinoCore.a(wiring_analog.o)
                                0x292 (size before relaxing)
 .debug_str     0x00002d00       0xa9 D:\Users\Celine\ONEDRI~1.EDU\DOCUME~1\Schule\UNIVER~1\EECS47~1\Project\LIL_FI~1\LILFIS~1\LILFIS~1\ARDUIN~1\Debug\libArduinoCore.a(wiring_digital.o)
                                0x2f3 (size before relaxing)
 .debug_str     0x00002da9      0x730 D:\Users\Celine\ONEDRI~1.EDU\DOCUME~1\Schule\UNIVER~1\EECS47~1\Project\LIL_FI~1\LILFIS~1\LILFIS~1\ARDUIN~1\Debug\libArduinoCore.a(queue.o)
                                0x9fa (size before relaxing)
 .debug_str     0x000034d9      0x9b6 D:\Users\Celine\ONEDRI~1.EDU\DOCUME~1\Schule\UNIVER~1\EECS47~1\Project\LIL_FI~1\LILFIS~1\LILFIS~1\ARDUIN~1\Debug\libArduinoCore.a(tasks.o)
                                0xf1d (size before relaxing)
 .debug_str     0x00003e8f      0x419 D:\Users\Celine\ONEDRI~1.EDU\DOCUME~1\Schule\UNIVER~1\EECS47~1\Project\LIL_FI~1\LILFIS~1\LILFIS~1\ARDUIN~1\Debug\libArduinoCore.a(timers.o)
                                0x8a6 (size before relaxing)
 .debug_str     0x000042a8       0x8f D:\Users\Celine\ONEDRI~1.EDU\DOCUME~1\Schule\UNIVER~1\EECS47~1\Project\LIL_FI~1\LILFIS~1\LILFIS~1\ARDUIN~1\Debug\libArduinoCore.a(variantHooks.o)
                                0x3d5 (size before relaxing)
 .debug_str     0x00004337      0x11f D:\Users\Celine\ONEDRI~1.EDU\DOCUME~1\Schule\UNIVER~1\EECS47~1\Project\LIL_FI~1\LILFIS~1\LILFIS~1\ARDUIN~1\Debug\libArduinoCore.a(MD_TCS230.o)
                                0x7c4 (size before relaxing)
 .debug_str     0x00004456       0x3b D:\Users\Celine\ONEDRI~1.EDU\DOCUME~1\Schule\UNIVER~1\EECS47~1\Project\LIL_FI~1\LILFIS~1\LILFIS~1\ARDUIN~1\Debug\libArduinoCore.a(heap_3.o)
                                0x286 (size before relaxing)
 .debug_str     0x00004491       0x69 D:\Users\Celine\ONEDRI~1.EDU\DOCUME~1\Schule\UNIVER~1\EECS47~1\Project\LIL_FI~1\LILFIS~1\LILFIS~1\ARDUIN~1\Debug\libArduinoCore.a(list.o)
                                0x351 (size before relaxing)
 .debug_str     0x000044fa       0x91 D:\Users\Celine\ONEDRI~1.EDU\DOCUME~1\Schule\UNIVER~1\EECS47~1\Project\LIL_FI~1\LILFIS~1\LILFIS~1\ARDUIN~1\Debug\libArduinoCore.a(port.o)
                                0x33d (size before relaxing)
 .debug_str     0x0000458b      0x1b0 D:\Users\Celine\ONEDRI~1.EDU\DOCUME~1\Schule\UNIVER~1\EECS47~1\Project\LIL_FI~1\LILFIS~1\LILFIS~1\ARDUIN~1\Debug\libArduinoCore.a(FreqCount.o)
                                0x502 (size before relaxing)

.debug_loc      0x00000000     0xa207
 *(.debug_loc)
 .debug_loc     0x00000000      0xc3f DFRobot_PH.o
 .debug_loc     0x00000c3f      0x59a main.o
 .debug_loc     0x000011d9      0x4dc D:\Users\Celine\ONEDRI~1.EDU\DOCUME~1\Schule\UNIVER~1\EECS47~1\Project\LIL_FI~1\LILFIS~1\LILFIS~1\ARDUIN~1\Debug\libArduinoCore.a(HardwareSerial.o)
 .debug_loc     0x000016b5      0x1b0 D:\Users\Celine\ONEDRI~1.EDU\DOCUME~1\Schule\UNIVER~1\EECS47~1\Project\LIL_FI~1\LILFIS~1\LILFIS~1\ARDUIN~1\Debug\libArduinoCore.a(HardwareSerial0.o)
 .debug_loc     0x00001865     0x1c87 D:\Users\Celine\ONEDRI~1.EDU\DOCUME~1\Schule\UNIVER~1\EECS47~1\Project\LIL_FI~1\LILFIS~1\LILFIS~1\ARDUIN~1\Debug\libArduinoCore.a(Print.o)
 .debug_loc     0x000034ec      0x235 D:\Users\Celine\ONEDRI~1.EDU\DOCUME~1\Schule\UNIVER~1\EECS47~1\Project\LIL_FI~1\LILFIS~1\LILFIS~1\ARDUIN~1\Debug\libArduinoCore.a(WInterrupts.o)
 .debug_loc     0x00003721      0x28d D:\Users\Celine\ONEDRI~1.EDU\DOCUME~1\Schule\UNIVER~1\EECS47~1\Project\LIL_FI~1\LILFIS~1\LILFIS~1\ARDUIN~1\Debug\libArduinoCore.a(wiring.o)
 .debug_loc     0x000039ae       0xfe D:\Users\Celine\ONEDRI~1.EDU\DOCUME~1\Schule\UNIVER~1\EECS47~1\Project\LIL_FI~1\LILFIS~1\LILFIS~1\ARDUIN~1\Debug\libArduinoCore.a(wiring_analog.o)
 .debug_loc     0x00003aac      0x5fc D:\Users\Celine\ONEDRI~1.EDU\DOCUME~1\Schule\UNIVER~1\EECS47~1\Project\LIL_FI~1\LILFIS~1\LILFIS~1\ARDUIN~1\Debug\libArduinoCore.a(wiring_digital.o)
 .debug_loc     0x000040a8     0x1b17 D:\Users\Celine\ONEDRI~1.EDU\DOCUME~1\Schule\UNIVER~1\EECS47~1\Project\LIL_FI~1\LILFIS~1\LILFIS~1\ARDUIN~1\Debug\libArduinoCore.a(queue.o)