Archive member included to satisfy reference by file (symbol)

c:/program files (x86)/atmel/studio/7.0/toolchain/avr8/avr8-gnu-toolchain/bin/../lib/gcc/avr/5.4.0/../../../../avr/lib/avr5\libm.a(addsf3.o)
                              DFRobot_PH.o (__subsf3)
c:/program files (x86)/atmel/studio/7.0/toolchain/avr8/avr8-gnu-toolchain/bin/../lib/gcc/avr/5.4.0/../../../../avr/lib/avr5\libm.a(addsf3x.o)
                              c:/program files (x86)/atmel/studio/7.0/toolchain/avr8/avr8-gnu-toolchain/bin/../lib/gcc/avr/5.4.0/../../../../avr/lib/avr5\libm.a(addsf3.o) (__addsf3x)
c:/program files (x86)/atmel/studio/7.0/toolchain/avr8/avr8-gnu-toolchain/bin/../lib/gcc/avr/5.4.0/../../../../avr/lib/avr5\libm.a(cmpsf2.o)
                              DFRobot_PH.o (__ltsf2)
c:/program files (x86)/atmel/studio/7.0/toolchain/avr8/avr8-gnu-toolchain/bin/../lib/gcc/avr/5.4.0/../../../../avr/lib/avr5\libm.a(divsf3.o)
                              DFRobot_PH.o (__divsf3)
c:/program files (x86)/atmel/studio/7.0/toolchain/avr8/avr8-gnu-toolchain/bin/../lib/gcc/avr/5.4.0/../../../../avr/lib/avr5\libm.a(divsf3x.o)
                              c:/program files (x86)/atmel/studio/7.0/toolchain/avr8/avr8-gnu-toolchain/bin/../lib/gcc/avr/5.4.0/../../../../avr/lib/avr5\libm.a(divsf3.o) (__divsf3x)
c:/program files (x86)/atmel/studio/7.0/toolchain/avr8/avr8-gnu-toolchain/bin/../lib/gcc/avr/5.4.0/../../../../avr/lib/avr5\libm.a(floatsisf.o)
                              main.o (__floatsisf)
c:/program files (x86)/atmel/studio/7.0/toolchain/avr8/avr8-gnu-toolchain/bin/../lib/gcc/avr/5.4.0/../../../../avr/lib/avr5\libm.a(fp_cmp.o)
                              c:/program files (x86)/atmel/studio/7.0/toolchain/avr8/avr8-gnu-toolchain/bin/../lib/gcc/avr/5.4.0/../../../../avr/lib/avr5\libm.a(cmpsf2.o) (__fp_cmp)
c:/program files (x86)/atmel/studio/7.0/toolchain/avr8/avr8-gnu-toolchain/bin/../lib/gcc/avr/5.4.0/../../../../avr/lib/avr5\libm.a(fp_inf.o)
                              c:/program files (x86)/atmel/studio/7.0/toolchain/avr8/avr8-gnu-toolchain/bin/../lib/gcc/avr/5.4.0/../../../../avr/lib/avr5\libm.a(addsf3x.o) (__fp_inf)
c:/program files (x86)/atmel/studio/7.0/toolchain/avr8/avr8-gnu-toolchain/bin/../lib/gcc/avr/5.4.0/../../../../avr/lib/avr5\libm.a(fp_nan.o)
                              c:/program files (x86)/atmel/studio/7.0/toolchain/avr8/avr8-gnu-toolchain/bin/../lib/gcc/avr/5.4.0/../../../../avr/lib/avr5\libm.a(addsf3x.o) (__fp_nan)
c:/program files (x86)/atmel/studio/7.0/toolchain/avr8/avr8-gnu-toolchain/bin/../lib/gcc/avr/5.4.0/../../../../avr/lib/avr5\libm.a(fp_pscA.o)
                              c:/program files (x86)/atmel/studio/7.0/toolchain/avr8/avr8-gnu-toolchain/bin/../lib/gcc/avr/5.4.0/../../../../avr/lib/avr5\libm.a(addsf3x.o) (__fp_pscA)
c:/program files (x86)/atmel/studio/7.0/toolchain/avr8/avr8-gnu-toolchain/bin/../lib/gcc/avr/5.4.0/../../../../avr/lib/avr5\libm.a(fp_pscB.o)
                              c:/program files (x86)/atmel/studio/7.0/toolchain/avr8/avr8-gnu-toolchain/bin/../lib/gcc/avr/5.4.0/../../../../avr/lib/avr5\libm.a(addsf3x.o) (__fp_pscB)
c:/program files (x86)/atmel/studio/7.0/toolchain/avr8/avr8-gnu-toolchain/bin/../lib/gcc/avr/5.4.0/../../../../avr/lib/avr5\libm.a(fp_round.o)
                              c:/program files (x86)/atmel/studio/7.0/toolchain/avr8/avr8-gnu-toolchain/bin/../lib/gcc/avr/5.4.0/../../../../avr/lib/avr5\libm.a(addsf3.o) (__fp_round)
c:/program files (x86)/atmel/studio/7.0/toolchain/avr8/avr8-gnu-toolchain/bin/../lib/gcc/avr/5.4.0/../../../../avr/lib/avr5\libm.a(fp_split3.o)
                              c:/program files (x86)/atmel/studio/7.0/toolchain/avr8/avr8-gnu-toolchain/bin/../lib/gcc/avr/5.4.0/../../../../avr/lib/avr5\libm.a(addsf3x.o) (__fp_split3)
c:/program files (x86)/atmel/studio/7.0/toolchain/avr8/avr8-gnu-toolchain/bin/../lib/gcc/avr/5.4.0/../../../../avr/lib/avr5\libm.a(fp_zero.o)
                              c:/program files (x86)/atmel/studio/7.0/toolchain/avr8/avr8-gnu-toolchain/bin/../lib/gcc/avr/5.4.0/../../../../avr/lib/avr5\libm.a(addsf3x.o) (__fp_zero)
c:/program files (x86)/atmel/studio/7.0/toolchain/avr8/avr8-gnu-toolchain/bin/../lib/gcc/avr/5.4.0/../../../../avr/lib/avr5\libm.a(gesf2.o)
                              DFRobot_PH.o (__gtsf2)
c:/program files (x86)/atmel/studio/7.0/toolchain/avr8/avr8-gnu-toolchain/bin/../lib/gcc/avr/5.4.0/../../../../avr/lib/avr5\libm.a(mulsf3.o)
                              DFRobot_PH.o (__mulsf3)
c:/program files (x86)/atmel/studio/7.0/toolchain/avr8/avr8-gnu-toolchain/bin/../lib/gcc/avr/5.4.0/../../../../avr/lib/avr5\libm.a(mulsf3x.o)
                              c:/program files (x86)/atmel/studio/7.0/toolchain/avr8/avr8-gnu-toolchain/bin/../lib/gcc/avr/5.4.0/../../../../avr/lib/avr5\libm.a(mulsf3.o) (__mulsf3x)
C:\Users\David Waier\Desktop\lil_fish_tanks\LilFishTanks\LilFishTanks\ArduinoCore\Debug\libArduinoCore.a(HardwareSerial.o)
[...]
Memory Configuration

Name             Origin             Length             Attributes
text             0x00000000         0x00020000         xr
data             0x00800060         0x0000ffa0         rw !x
eeprom           0x00810000         0x00010000         rw !x
fuse             0x00820000         0x00000003         rw !x
lock             0x00830000         0x00000400         rw !x
signature        0x00840000         0x00000400         rw !x
user_signatures  0x00850000         0x00000400         rw !x
*default*        0x00000000         0xffffffff

Linker script and memory map

Address of section .data set to 0x800100
LOAD C:/Program Files (x86)/Atmel/Studio/7.0/Packs/atmel/ATmega_DFP/1.3.300/gcc/dev/atmega328p/avr5/crtatmega328p.o
LOAD DFRobot_PH.o
LOAD main.o
LOAD OneWire.o
START GROUP
LOAD c:/program files (x86)/atmel/studio/7.0/toolchain/avr8/avr8-gnu-toolchain/bin/../lib/gcc/avr/5.4.0/../../../../avr/lib/avr5\libm.a
LOAD C:\Users\David Waier\Desktop\lil_fish_tanks\LilFishTanks\LilFishTanks\ArduinoCore\Debug\libArduinoCore.a
END GROUP
LOAD c:/program files (x86)/atmel/studio/7.0/toolchain/avr8/avr8-gnu-toolchain/bin/../lib/gcc/avr/5.4.0/avr5\libgcc.a
LOAD c:/program files (x86)/atmel/studio/7.0/toolchain/avr8/avr8-gnu-toolchain/bin/../lib/gcc/avr/5.4.0/../../../../avr/lib/avr5\libm.a
START GROUP
LOAD c:/program files (x86)/atmel/studio/7.0/toolchain/avr8/avr8-gnu-toolchain/bin/../lib/gcc/avr/5.4.0/avr5\libgcc.a
LOAD c:/program files (x86)/atmel/studio/7.0/toolchain/avr8/avr8-gnu-toolchain/bin/../lib/gcc/avr/5.4.0/../../../../avr/lib/avr5\libm.a
LOAD c:/program files (x86)/atmel/studio/7.0/toolchain/avr8/avr8-gnu-toolchain/bin/../lib/gcc/avr/5.4.0/../../../../avr/lib/avr5\libc.a
LOAD C:/Program Files (x86)/Atmel/Studio/7.0/Packs/atmel/ATmega_DFP/1.3.300/gcc/dev/atmega328p/avr5\libatmega328p.a
END GROUP
                0x00000000                __TEXT_REGION_ORIGIN__ = DEFINED (__TEXT_REGION_ORIGIN__)?__TEXT_REGION_ORIGIN__:0x0
                0x00800060                __DATA_REGION_ORIGIN__ = DEFINED (__DATA_REGION_ORIGIN__)?__DATA_REGION_ORIGIN__:0x800060
                0x00020000                __TEXT_REGION_LENGTH__ = DEFINED (__TEXT_REGION_LENGTH__)?__TEXT_REGION_LENGTH__:0x20000
                0x0000ffa0                __DATA_REGION_LENGTH__ = DEFINED (__DATA_REGION_LENGTH__)?__DATA_REGION_LENGTH__:0xffa0
                0x00010000                __EEPROM_REGION_LENGTH__ = DEFINED (__EEPROM_REGION_LENGTH__)?__EEPROM_REGION_LENGTH__:0x10000
                [0x00000003]                __FUSE_REGION_LENGTH__ = DEFINED (__FUSE_REGION_LENGTH__)?__FUSE_REGION_LENGTH__:0x400
                0x00000400                __LOCK_REGION_LENGTH__ = DEFINED (__LOCK_REGION_LENGTH__)?__LOCK_REGION_LENGTH__:0x400
                0x00000400                __SIGNATURE_REGION_LENGTH__ = DEFINED (__SIGNATURE_REGION_LENGTH__)?__SIGNATURE_REGION_LENGTH__:0x400
                0x00000400                __USER_SIGNATURE_REGION_LENGTH__ = DEFINED (__USER_SIGNATURE_REGION_LENGTH__)?__USER_SIGNATURE_REGION_LENGTH__:0x400

.hash
 *(.hash)

.dynsym
 *(.dynsym)

.dynstr
 *(.dynstr)

.gnu.version
 *(.gnu.version)

.gnu.version_d
 *(.gnu.version_d)

.gnu.version_r
 *(.gnu.version_r)

.rel.init
 *(.rel.init)

.rela.init
 *(.rela.init)

.rel.text
 *(.rel.text)
 *(.rel.text.*)
 *(.rel.gnu.linkonce.t*)

.rela.text
 *(.rela.text)
 *(.rela.text.*)
 *(.rela.gnu.linkonce.t*)

.rel.fini
 *(.rel.fini)

.rela.fini
 *(.rela.fini)

.rel.rodata
 *(.rel.rodata)
 *(.rel.rodata.*)
 *(.rel.gnu.linkonce.r*)

.rela.rodata
 *(.rela.rodata)
 *(.rela.rodata.*)
 *(.rela.gnu.linkonce.r*)

.rel.data
 *(.rel.data)
 *(.rel.data.*)
 *(.rel.gnu.linkonce.d*)

.rela.data
 *(.rela.data)
 *(.rela.data.*)
 *(.rela.gnu.linkonce.d*)

.rel.ctors
 *(.rel.ctors)

.rela.ctors
 *(.rela.ctors)

.rel.dtors
 *(.rel.dtors)

.rela.dtors
 *(.rela.dtors)

.rel.got
 *(.rel.got)

.rela.got
 *(.rela.got)

.rel.bss
 *(.rel.bss)

.rela.bss
 *(.rela.bss)

.rel.plt
 *(.rel.plt)

.rela.plt
 *(.rela.plt)

.text           0x00000000     0x4734
 *(.vectors)
 .vectors       0x00000000       0x68 C:/Program Files (x86)/Atmel/Studio/7.0/Packs/atmel/ATmega_DFP/1.3.300/gcc/dev/atmega328p/avr5/crtatmega328p.o
                0x00000000                __vector_default
                0x00000000                __vectors
 *(.vectors)
 *(.progmem.gcc*)
 .progmem.gcc_sw_table.prvTimerTask
                0x00000068       0x14 C:\Users\David Waier\Desktop\lil_fish_tanks\LilFishTanks\LilFishTanks\ArduinoCore\Debug\libArduinoCore.a(timers.o)
                0x0000007c                . = ALIGN (0x2)
                0x0000007c                __trampolines_start = .
 *(.trampolines)
 .trampolines   0x0000007c        0x0 linker stubs
 *(.trampolines*)
                0x0000007c                __trampolines_end = .
 *libprintf_flt.a:*(.progmem.data)
 *libc.a:*(.progmem.data)
 *(.progmem*)
 .progmem.data._ZZ9SameColorvE3__c
                0x0000007c       0x16 main.o
 .progmem.data._ZL15dscrc2x16_table
                0x00000092       0x20 OneWire.o
 .progmem.data.digital_pin_to_timer_PGM
                0x000000b2       0x14 C:\Users\David Waier\Desktop\lil_fish_tanks\LilFishTanks\LilFishTanks\ArduinoCore\Debug\libArduinoCore.a(wiring_digital.o)
                0x000000b2                digital_pin_to_timer_PGM
 .progmem.data.digital_pin_to_bit_mask_PGM
                0x000000c6       0x14 C:\Users\David Waier\Desktop\lil_fish_tanks\LilFishTanks\LilFishTanks\ArduinoCore\Debug\libArduinoCore.a(wiring_digital.o)
                0x000000c6                digital_pin_to_bit_mask_PGM
 .progmem.data.digital_pin_to_port_PGM
                0x000000da       0x14 C:\Users\David Waier\Desktop\lil_fish_tanks\LilFishTanks\LilFishTanks\ArduinoCore\Debug\libArduinoCore.a(wiring_digital.o)
                0x000000da                digital_pin_to_port_PGM
 .progmem.data.port_to_input_PGM
                0x000000ee        0xa C:\Users\David Waier\Desktop\lil_fish_tanks\LilFishTanks\LilFishTanks\ArduinoCore\Debug\libArduinoCore.a(wiring_digital.o)
                0x000000ee                port_to_input_PGM
 .progmem.data.port_to_output_PGM
                0x000000f8        0xa C:\Users\David Waier\Desktop\lil_fish_tanks\LilFishTanks\LilFishTanks\ArduinoCore\Debug\libArduinoCore.a(wiring_digital.o)
                0x000000f8                port_to_output_PGM
 .progmem.data.port_to_mode_PGM
                0x00000102        0xa C:\Users\David Waier\Desktop\lil_fish_tanks\LilFishTanks\LilFishTanks\ArduinoCore\Debug\libArduinoCore.a(wiring_digital.o)
                0x00000102                port_to_mode_PGM
                0x0000010c                . = ALIGN (0x2)
 *(.jumptables)
 *(.jumptables*)
 *(.lowtext)
 *(.lowtext*)
                0x0000010c                __ctors_start = .
 *(.ctors)
 .ctors         0x0000010c        0x2 main.o
 .ctors         0x0000010e        0x2 C:\Users\David Waier\Desktop\lil_fish_tanks\LilFishTanks\LilFishTanks\ArduinoCore\Debug\libArduinoCore.a(HardwareSerial0.o)
                0x00000110                __ctors_end = .
                0x00000110                __dtors_start = .
 *(.dtors)
 .dtors         0x00000110        0x2 main.o
                0x00000112                __dtors_end = .
 SORT(*)(.ctors)
 SORT(*)(.dtors)
 *(.init0)
 .init0         0x00000112        0x0 C:/Program Files (x86)/Atmel/Studio/7.0/Packs/atmel/ATmega_DFP/1.3.300/gcc/dev/atmega328p/avr5/crtatmega328p.o
                0x00000112                __init
 *(.init0)
 *(.init1)
 *(.init1)
 *(.init2)
 .init2         0x00000112        0xc C:/Program Files (x86)/Atmel/Studio/7.0/Packs/atmel/ATmega_DFP/1.3.300/gcc/dev/atmega328p/avr5/crtatmega328p.o
 *(.init2)
 *(.init3)
 *(.init3)
 *(.init4)
 .init4         0x0000011e       0x16 c:/program files (x86)/atmel/studio/7.0/toolchain/avr8/avr8-gnu-toolchain/bin/../lib/gcc/avr/5.4.0/avr5\libgcc.a(_copy_data.o)
                0x0000011e                __do_copy_data
 .init4         0x00000134       0x10 c:/program files (x86)/atmel/studio/7.0/toolchain/avr8/avr8-gnu-toolchain/bin/../lib/gcc/avr/5.4.0/avr5\libgcc.a(_clear_bss.o)
                0x00000134                __do_clear_bss
 *(.init4)
 *(.init5)
 *(.init5)
 *(.init6)
 .init6         0x00000144       0x16 c:/program files (x86)/atmel/studio/7.0/toolchain/avr8/avr8-gnu-toolchain/bin/../lib/gcc/avr/5.4.0/avr5\libgcc.a(_ctors.o)
                0x00000144                __do_global_ctors
 *(.init6)
 *(.init7)
 *(.init7)
 *(.init8)
 *(.init8)
 *(.init9)
 .init9         0x0000015a        0x8 C:/Program Files (x86)/Atmel/Studio/7.0/Packs/atmel/ATmega_DFP/1.3.300/gcc/dev/atmega328p/avr5/crtatmega328p.o
 *(.init9)
 *(.text)
 .text          0x00000162        0x4 C:/Program Files (x86)/Atmel/Studio/7.0/Packs/atmel/ATmega_DFP/1.3.300/gcc/dev/atmega328p/avr5/crtatmega328p.o
                0x00000162                __vector_22
                0x00000162                __vector_24
                0x00000162                __vector_12
                0x00000162                __bad_interrupt
                0x00000162                __vector_3
                0x00000162                __vector_23
                0x00000162                __vector_25
                0x00000162                __vector_11
                0x00000162                __vector_13
                0x00000162                __vector_17
                0x00000162                __vector_5
                0x00000162                __vector_4
                0x00000162                __vector_9
                0x00000162                __vector_21
                0x00000162                __vector_15
                0x00000162                __vector_8
                0x00000162                __vector_14
                0x00000162                __vector_10
                0x00000162                __vector_20
                0x00000166                . = ALIGN (0x2)
 *(.text.*)
 .text._ZN11EEPROMClass4readEi.isra.0
                0x00000166        0x4 DFRobot_PH.o
 .text._ZN10DFRobot_PHC2Ev
                0x0000016a       0x4c DFRobot_PH.o
                0x0000016a                _ZN10DFRobot_PHC1Ev
                0x0000016a                _ZN10DFRobot_PHC2Ev
 .text._ZN10DFRobot_PHD2Ev
                0x000001b6        0x2 DFRobot_PH.o
                0x000001b6                _ZN10DFRobot_PHD2Ev
                0x000001b6                _ZN10DFRobot_PHD1Ev
 .text._ZN10DFRobot_PH5beginEv
                0x000001b8      0x15e DFRobot_PH.o
                0x000001b8                _ZN10DFRobot_PH5beginEv
 .text._ZN10DFRobot_PH6readPHEff
                0x00000316      0x10c DFRobot_PH.o
                0x00000316                _ZN10DFRobot_PH6readPHEff
 .text._Z8fromWifiv
                0x00000422        0xc main.o
                0x00000422                _Z8fromWifiv
 .text._Z9addColorsv
                0x0000042e      0x1fc main.o
                0x0000042e                _Z9addColorsv
 .text._Z9SameColorv
                0x0000062a       0x58 main.o
                0x0000062a                _Z9SameColorv
 .text._Z9FindMatchv
                0x00000682      0x108 main.o
                0x00000682                _Z9FindMatchv
 .text._Z9ScanColorv
                0x0000078a       0x24 main.o
                0x0000078a                _Z9ScanColorv
 .text._Z13findTestStripv
                0x000007ae       0x36 main.o
                0x000007ae                _Z13findTestStripv
 .text._Z6setLED8LEDColor
                0x000007e4       0x48 main.o
                0x000007e4                _Z6setLED8LEDColor
 .text._Z15TaskAmmoniaReadPv
                0x0000082c       0x94 main.o
                0x0000082c                _Z15TaskAmmoniaReadPv
 .text._Z15TaskNitriteReadPv
                0x000008c0       0x96 main.o
                0x000008c0                _Z15TaskNitriteReadPv
 .text._Z15TaskNitrateReadPv
                0x00000956       0x96 main.o
                0x00000956                _Z15TaskNitrateReadPv
 .text._Z8setupLEDv
                0x000009ec       0x34 main.o
                0x000009ec                _Z8setupLEDv
 .text._Z6phInitv
                0x00000a20        0x8 main.o
                0x00000a20                _Z6phInitv
 .text._Z5getPHv
                0x00000a28       0x70 main.o
                0x00000a28                _Z5getPHv
 .text._Z10TaskPHReadPv
                0x00000a98       0x30 main.o
                0x00000a98                _Z10TaskPHReadPv
 .text.setup    0x00000ac8       0xc4 main.o
                0x00000ac8                setup
 .text.loop     0x00000b8c        0x2 main.o
                0x00000b8c                loop
 .text.startup._GLOBAL__sub_I_ds
                0x00000b8e       0x20 main.o
 .text.exit._GLOBAL__sub_D_ds
                0x00000bae       0x10 main.o
 .text._Z11measureTempv
                0x00000bbe      0x2dc main.o
                0x00000bbe                _Z11measureTempv
 .text._Z19TaskTemperatureReadPv
                0x00000e9a       0x24 main.o
                0x00000e9a                _Z19TaskTemperatureReadPv
 .text._ZN7OneWire5resetEv
                0x00000ebe       0x7e OneWire.o
                0x00000ebe                _ZN7OneWire5resetEv
 .text._ZN7OneWire9write_bitEh
                0x00000f3c       0x66 OneWire.o
                0x00000f3c                _ZN7OneWire9write_bitEh
 .text._ZN7OneWire8read_bitEv
                0x00000fa2       0x56 OneWire.o
                0x00000fa2                _ZN7OneWire8read_bitEv
 .text._ZN7OneWire5writeEhh
                0x00000ff8       0x68 OneWire.o
                0x00000ff8                _ZN7OneWire5writeEhh
 .text._ZN7OneWire4readEv
                0x00001060       0x38 OneWire.o
                0x00001060                _ZN7OneWire4readEv
 .text._ZN7OneWire6selectEPKh
                0x00001098       0x3e OneWire.o
                0x00001098                _ZN7OneWire6selectEPKh
 .text._ZN7OneWire12reset_searchEv
                0x000010d6       0x18 OneWire.o
                0x000010d6                _ZN7OneWire12reset_searchEv
 .text._ZN7OneWire5beginEh
                0x000010ee       0x46 OneWire.o
                0x000010ee                _ZN7OneWire5beginEh
 .text._ZN7OneWire6searchEPhb
                0x00001134      0x10e OneWire.o
                0x00001134                _ZN7OneWire6searchEPhb
 .text._ZN7OneWire4crc8EPKhh
                0x00001242       0x30 OneWire.o
                0x00001242                _ZN7OneWire4crc8EPKhh
 .text.avr-libc.fplib
                0x00001272        0xe c:/program files (x86)/atmel/studio/7.0/toolchain/avr8/avr8-gnu-toolchain/bin/../lib/gcc/avr/5.4.0/../../../../avr/lib/avr5\libm.a(addsf3.o)
                0x00001272                __subsf3
                0x00001274                __addsf3
 .text.avr-libc.fplib
                0x00001280       0xcc c:/program files (x86)/atmel/studio/7.0/toolchain/avr8/avr8-gnu-toolchain/bin/../lib/gcc/avr/5.4.0/../../../../avr/lib/avr5\libm.a(addsf3x.o)
                0x000012a2                __addsf3x
 .text.avr-libc.fplib
                0x0000134c        0xa c:/program files (x86)/atmel/studio/7.0/toolchain/avr8/avr8-gnu-toolchain/bin/../lib/gcc/avr/5.4.0/../../../../avr/lib/avr5\libm.a(cmpsf2.o)
                0x0000134c                __nesf2
                0x0000134c                __eqsf2
                0x0000134c                __cmpsf2
                0x0000134c                __ltsf2
                0x0000134c                __lesf2
 .text.avr-libc.fplib
                0x00001356        0x8 c:/program files (x86)/atmel/studio/7.0/toolchain/avr8/avr8-gnu-toolchain/bin/../lib/gcc/avr/5.4.0/../../../../avr/lib/avr5\libm.a(divsf3.o)
                0x00001356                __divsf3
 .text.avr-libc.fplib
                0x0000135e       0xdc c:/program files (x86)/atmel/studio/7.0/toolchain/avr8/avr8-gnu-toolchain/bin/../lib/gcc/avr/5.4.0/../../../../avr/lib/avr5\libm.a(divsf3x.o)
                0x0000137e                __divsf3x
                0x00001384                __divsf3_pse
 .text.avr-libc.fplib
                0x0000143a       0x7a c:/program files (x86)/atmel/studio/7.0/toolchain/avr8/avr8-gnu-toolchain/bin/../lib/gcc/avr/5.4.0/../../../../avr/lib/avr5\libm.a(floatsisf.o)
                0x0000143a                __floatunsisf
                0x0000143e                __floatsisf
 .text.avr-libc.fplib
                0x000014b4       0x48 c:/program files (x86)/atmel/studio/7.0/toolchain/avr8/avr8-gnu-toolchain/bin/../lib/gcc/avr/5.4.0/../../../../avr/lib/avr5\libm.a(fp_cmp.o)
                0x000014b4                __fp_cmp
 .text.avr-libc.fplib
                0x000014fc        0xc c:/program files (x86)/atmel/studio/7.0/toolchain/avr8/avr8-gnu-toolchain/bin/../lib/gcc/avr/5.4.0/../../../../avr/lib/avr5\libm.a(fp_inf.o)
                0x000014fc                __fp_inf
 .text.avr-libc.fplib
                0x00001508        0x6 c:/program files (x86)/atmel/studio/7.0/toolchain/avr8/avr8-gnu-toolchain/bin/../lib/gcc/avr/5.4.0/../../../../avr/lib/avr5\libm.a(fp_nan.o)
                0x00001508                __fp_nan
 .text.avr-libc.fplib
                0x0000150e        0xe c:/program files (x86)/atmel/studio/7.0/toolchain/avr8/avr8-gnu-toolchain/bin/../lib/gcc/avr/5.4.0/../../../../avr/lib/avr5\libm.a(fp_pscA.o)
                0x0000150e                __fp_pscA
 .text.avr-libc.fplib
                0x0000151c        0xe c:/program files (x86)/atmel/studio/7.0/toolchain/avr8/avr8-gnu-toolchain/bin/../lib/gcc/avr/5.4.0/../../../../avr/lib/avr5\libm.a(fp_pscB.o)
                0x0000151c                __fp_pscB
 .text.avr-libc.fplib
                0x0000152a       0x22 c:/program files (x86)/atmel/studio/7.0/toolchain/avr8/avr8-gnu-toolchain/bin/../lib/gcc/avr/5.4.0/../../../../avr/lib/avr5\libm.a(fp_round.o)
                0x0000152a                __fp_round
 .text.avr-libc.fplib
                0x0000154c       0x44 c:/program files (x86)/atmel/studio/7.0/toolchain/avr8/avr8-gnu-toolchain/bin/../lib/gcc/avr/5.4.0/../../../../avr/lib/avr5\libm.a(fp_split3.o)
                0x0000154c                __fp_split3
                0x0000155c                __fp_splitA
 .text.avr-libc.fplib
                0x00001590        0xe c:/program files (x86)/atmel/studio/7.0/toolchain/avr8/avr8-gnu-toolchain/bin/../lib/gcc/avr/5.4.0/../../../../avr/lib/avr5\libm.a(fp_zero.o)
                0x00001590                __fp_zero
                0x00001592                __fp_szero
 .text.avr-libc.fplib
                0x0000159e        0xa c:/program files (x86)/atmel/studio/7.0/toolchain/avr8/avr8-gnu-toolchain/bin/../lib/gcc/avr/5.4.0/../../../../avr/lib/avr5\libm.a(gesf2.o)
                0x0000159e                __gesf2
                0x0000159e                __gtsf2
 .text.avr-libc.fplib
                0x000015a8        0x8 c:/program files (x86)/atmel/studio/7.0/toolchain/avr8/avr8-gnu-toolchain/bin/../lib/gcc/avr/5.4.0/../../../../avr/lib/avr5\libm.a(mulsf3.o)
                0x000015a8                __mulsf3
 .text.avr-libc.fplib
                0x000015b0       0xd2 c:/program files (x86)/atmel/studio/7.0/toolchain/avr8/avr8-gnu-toolchain/bin/../lib/gcc/avr/5.4.0/../../../../avr/lib/avr5\libm.a(mulsf3x.o)
                0x000015ce                __mulsf3x
                0x000015d4                __mulsf3_pse
 .text._ZN14HardwareSerial9availableEv
                0x00001682       0x18 C:\Users\David Waier\Desktop\lil_fish_tanks\LilFishTanks\LilFishTanks\ArduinoCore\Debug\libArduinoCore.a(HardwareSerial.o)
                0x00001682                _ZN14HardwareSerial9availableEv
 .text._ZN14HardwareSerial4peekEv
                0x0000169a       0x1c C:\Users\David Waier\Desktop\lil_fish_tanks\LilFishTanks\LilFishTanks\ArduinoCore\Debug\libArduinoCore.a(HardwareSerial.o)
                0x0000169a                _ZN14HardwareSerial4peekEv
 .text._ZN14HardwareSerial4readEv
                0x000016b6       0x28 C:\Users\David Waier\Desktop\lil_fish_tanks\LilFishTanks\LilFishTanks\ArduinoCore\Debug\libArduinoCore.a(HardwareSerial.o)
                0x000016b6                _ZN14HardwareSerial4readEv
 .text._ZN14HardwareSerial17availableForWriteEv
                0x000016de       0x1e C:\Users\David Waier\Desktop\lil_fish_tanks\LilFishTanks\LilFishTanks\ArduinoCore\Debug\libArduinoCore.a(HardwareSerial.o)
                0x000016de                _ZN14HardwareSerial17availableForWriteEv
 .text._Z14serialEventRunv
                0x000016fc       0x1c C:\Users\David Waier\Desktop\lil_fish_tanks\LilFishTanks\LilFishTanks\ArduinoCore\Debug\libArduinoCore.a(HardwareSerial.o)
                0x000016fc                _Z14serialEventRunv
 .text._ZN14HardwareSerial17_tx_udr_empty_irqEv
                0x00001718       0x44 C:\Users\David Waier\Desktop\lil_fish_tanks\LilFishTanks\LilFishTanks\ArduinoCore\Debug\libArduinoCore.a(HardwareSerial.o)
                0x00001718                _ZN14HardwareSerial17_tx_udr_empty_irqEv
 .text._ZN14HardwareSerial5writeEh
                0x0000175c       0x9a C:\Users\David Waier\Desktop\lil_fish_tanks\LilFishTanks\LilFishTanks\ArduinoCore\Debug\libArduinoCore.a(HardwareSerial.o)
                0x0000175c                _ZN14HardwareSerial5writeEh
 .text._ZN14HardwareSerial5flushEv
                0x000017f6       0x44 C:\Users\David Waier\Desktop\lil_fish_tanks\LilFishTanks\LilFishTanks\ArduinoCore\Debug\libArduinoCore.a(HardwareSerial.o)
                0x000017f6                _ZN14HardwareSerial5flushEv
 .text._ZN14HardwareSerial5beginEmh
                0x0000183a       0xca C:\Users\David Waier\Desktop\lil_fish_tanks\LilFishTanks\LilFishTanks\ArduinoCore\Debug\libArduinoCore.a(HardwareSerial.o)
                0x0000183a                _ZN14HardwareSerial5beginEmh
 .text.__vector_18
                0x00001904       0x64 C:\Users\David Waier\Desktop\lil_fish_tanks\LilFishTanks\LilFishTanks\ArduinoCore\Debug\libArduinoCore.a(HardwareSerial0.o)
                0x00001904                __vector_18
 .text.__vector_19
                0x00001968       0x4c C:\Users\David Waier\Desktop\lil_fish_tanks\LilFishTanks\LilFishTanks\ArduinoCore\Debug\libArduinoCore.a(HardwareSerial0.o)
                0x00001968                __vector_19
 .text._Z17Serial0_availablev
                0x000019b4       0x14 C:\Users\David Waier\Desktop\lil_fish_tanks\LilFishTanks\LilFishTanks\ArduinoCore\Debug\libArduinoCore.a(HardwareSerial0.o)
                0x000019b4                _Z17Serial0_availablev
 .text.startup._GLOBAL__sub_I___vector_18
                0x000019c8       0x5a C:\Users\David Waier\Desktop\lil_fish_tanks\LilFishTanks\LilFishTanks\ArduinoCore\Debug\libArduinoCore.a(HardwareSerial0.o)
 .text.startup.main
                0x00001a22       0x1e C:\Users\David Waier\Desktop\lil_fish_tanks\LilFishTanks\LilFishTanks\ArduinoCore\Debug\libArduinoCore.a(main.o)
                0x00001a22                main
 .text._ZN5Print5writeEPKhj
                0x00001a40       0x54 C:\Users\David Waier\Desktop\lil_fish_tanks\LilFishTanks\LilFishTanks\ArduinoCore\Debug\libArduinoCore.a(Print.o)
                0x00001a40                _ZN5Print5writeEPKhj
 .text._ZN5Print5writeEPKc
                0x00001a94       0x2a C:\Users\David Waier\Desktop\lil_fish_tanks\LilFishTanks\LilFishTanks\ArduinoCore\Debug\libArduinoCore.a(Print.o)
                0x00001a94                _ZN5Print5writeEPKc
 .text._ZN5Print5printEPK19__FlashStringHelper
                0x00001abe       0x48 C:\Users\David Waier\Desktop\lil_fish_tanks\LilFishTanks\LilFishTanks\ArduinoCore\Debug\libArduinoCore.a(Print.o)
                0x00001abe                _ZN5Print5printEPK19__FlashStringHelper
 .text._ZN5Print5printEPKc
                0x00001b06        0x4 C:\Users\David Waier\Desktop\lil_fish_tanks\LilFishTanks\LilFishTanks\ArduinoCore\Debug\libArduinoCore.a(Print.o)
                0x00001b06                _ZN5Print5printEPKc
 .text._ZN5Print5printEc
                0x00001b0a        0xe C:\Users\David Waier\Desktop\lil_fish_tanks\LilFishTanks\LilFishTanks\ArduinoCore\Debug\libArduinoCore.a(Print.o)
                0x00001b0a                _ZN5Print5printEc
 .text._ZN5Print7printlnEv
                0x00001b18        0x8 C:\Users\David Waier\Desktop\lil_fish_tanks\LilFishTanks\LilFishTanks\ArduinoCore\Debug\libArduinoCore.a(Print.o)
                0x00001b18                _ZN5Print7printlnEv
 .text._ZN5Print7printlnEPKc
                0x00001b20       0x24 C:\Users\David Waier\Desktop\lil_fish_tanks\LilFishTanks\LilFishTanks\ArduinoCore\Debug\libArduinoCore.a(Print.o)
                0x00001b20                _ZN5Print7printlnEPKc
 .text._ZN5Print11printNumberEmh
                0x00001b44       0x92 C:\Users\David Waier\Desktop\lil_fish_tanks\LilFishTanks\LilFishTanks\ArduinoCore\Debug\libArduinoCore.a(Print.o)
                0x00001b44                _ZN5Print11printNumberEmh
 .text._ZN5Print5printEmi
                0x00001bd6       0x1a C:\Users\David Waier\Desktop\lil_fish_tanks\LilFishTanks\LilFishTanks\ArduinoCore\Debug\libArduinoCore.a(Print.o)
                0x00001bd6                _ZN5Print5printEmi
 .text._ZN5Print5printEhi
                0x00001bf0        0xe C:\Users\David Waier\Desktop\lil_fish_tanks\LilFishTanks\LilFishTanks\ArduinoCore\Debug\libArduinoCore.a(Print.o)
                0x00001bf0                _ZN5Print5printEhi
 .text._ZN5Print5printEji
                0x00001bfe        0xc C:\Users\David Waier\Desktop\lil_fish_tanks\LilFishTanks\LilFishTanks\ArduinoCore\Debug\libArduinoCore.a(Print.o)
                0x00001bfe                _ZN5Print5printEji
 .text._ZN5Print10printFloatEdh
                0x00001c0a      0x1b6 C:\Users\David Waier\Desktop\lil_fish_tanks\LilFishTanks\LilFishTanks\ArduinoCore\Debug\libArduinoCore.a(Print.o)
                0x00001c0a                _ZN5Print10printFloatEdh
 .text._ZN5Print5printEdi
                0x00001dc0        0x4 C:\Users\David Waier\Desktop\lil_fish_tanks\LilFishTanks\LilFishTanks\ArduinoCore\Debug\libArduinoCore.a(Print.o)
                0x00001dc0                _ZN5Print5printEdi
 .text._ZN5Print7printlnEdi
                0x00001dc4       0x24 C:\Users\David Waier\Desktop\lil_fish_tanks\LilFishTanks\LilFishTanks\ArduinoCore\Debug\libArduinoCore.a(Print.o)
                0x00001dc4                _ZN5Print7printlnEdi
 .text.nothing  0x00001de8        0x2 C:\Users\David Waier\Desktop\lil_fish_tanks\LilFishTanks\LilFishTanks\ArduinoCore\Debug\libArduinoCore.a(WInterrupts.o)
 .text.attachInterrupt
                0x00001dea       0x40 C:\Users\David Waier\Desktop\lil_fish_tanks\LilFishTanks\LilFishTanks\ArduinoCore\Debug\libArduinoCore.a(WInterrupts.o)
                0x00001dea                attachInterrupt
 .text.__vector_1
                0x00001e2a       0x4e C:\Users\David Waier\Desktop\lil_fish_tanks\LilFishTanks\LilFishTanks\ArduinoCore\Debug\libArduinoCore.a(WInterrupts.o)
                0x00001e2a                __vector_1
 .text.__vector_2
                0x00001e78       0x4e C:\Users\David Waier\Desktop\lil_fish_tanks\LilFishTanks\LilFishTanks\ArduinoCore\Debug\libArduinoCore.a(WInterrupts.o)
                0x00001e78                __vector_2
 .text.__vector_16
                0x00001ec6       0x94 C:\Users\David Waier\Desktop\lil_fish_tanks\LilFishTanks\LilFishTanks\ArduinoCore\Debug\libArduinoCore.a(wiring.o)
                0x00001ec6                __vector_16
 .text.micros   0x00001f5a       0x4a C:\Users\David Waier\Desktop\lil_fish_tanks\LilFishTanks\LilFishTanks\ArduinoCore\Debug\libArduinoCore.a(wiring.o)
                0x00001f5a                micros
 .text.delay    0x00001fa4       0x78 C:\Users\David Waier\Desktop\lil_fish_tanks\LilFishTanks\LilFishTanks\ArduinoCore\Debug\libArduinoCore.a(wiring.o)
                0x00001fa4                delay
 .text.delayMicroseconds
                0x0000201c       0x16 C:\Users\David Waier\Desktop\lil_fish_tanks\LilFishTanks\LilFishTanks\ArduinoCore\Debug\libArduinoCore.a(wiring.o)
                0x0000201c                delayMicroseconds
 .text.init     0x00002032       0x76 C:\Users\David Waier\Desktop\lil_fish_tanks\LilFishTanks\LilFishTanks\ArduinoCore\Debug\libArduinoCore.a(wiring.o)
                0x00002032                init
 .text.analogRead
                0x000020a8       0x3a C:\Users\David Waier\Desktop\lil_fish_tanks\LilFishTanks\LilFishTanks\ArduinoCore\Debug\libArduinoCore.a(wiring_analog.o)
                0x000020a8                analogRead
 .text.analogWrite
                0x000020e2       0xbe C:\Users\David Waier\Desktop\lil_fish_tanks\LilFishTanks\LilFishTanks\ArduinoCore\Debug\libArduinoCore.a(wiring_analog.o)
                0x000020e2                analogWrite
 .text.turnOffPWM
                0x000021a0       0x52 C:\Users\David Waier\Desktop\lil_fish_tanks\LilFishTanks\LilFishTanks\ArduinoCore\Debug\libArduinoCore.a(wiring_digital.o)
 .text.pinMode  0x000021f2       0x78 C:\Users\David Waier\Desktop\lil_fish_tanks\LilFishTanks\LilFishTanks\ArduinoCore\Debug\libArduinoCore.a(wiring_digital.o)
                0x000021f2                pinMode
 .text.digitalWrite
                0x0000226a       0x5e C:\Users\David Waier\Desktop\lil_fish_tanks\LilFishTanks\LilFishTanks\ArduinoCore\Debug\libArduinoCore.a(wiring_digital.o)
                0x0000226a                digitalWrite
 .text.hot.prvIsQueueEmpty
                0x000022c8       0x16 C:\Users\David Waier\Desktop\lil_fish_tanks\LilFishTanks\LilFishTanks\ArduinoCore\Debug\libArduinoCore.a(queue.o)
 .text.hot.prvCopyDataToQueue
                0x000022de       0xa6 C:\Users\David Waier\Desktop\lil_fish_tanks\LilFishTanks\LilFishTanks\ArduinoCore\Debug\libArduinoCore.a(queue.o)
 .text.hot.prvCopyDataFromQueue
                0x00002384       0x34 C:\Users\David Waier\Desktop\lil_fish_tanks\LilFishTanks\LilFishTanks\ArduinoCore\Debug\libArduinoCore.a(queue.o)
 .text.hot.prvUnlockQueue
                0x000023b8       0x7c C:\Users\David Waier\Desktop\lil_fish_tanks\LilFishTanks\LilFishTanks\ArduinoCore\Debug\libArduinoCore.a(queue.o)
 .text.hot.xQueueGenericReset
                0x00002434       0x7e C:\Users\David Waier\Desktop\lil_fish_tanks\LilFishTanks\LilFishTanks\ArduinoCore\Debug\libArduinoCore.a(queue.o)
                0x00002434                xQueueGenericReset
 .text.hot.xQueueGenericCreate
                0x000024b2       0x50 C:\Users\David Waier\Desktop\lil_fish_tanks\LilFishTanks\LilFishTanks\ArduinoCore\Debug\libArduinoCore.a(queue.o)
                0x000024b2                xQueueGenericCreate
 .text.hot.xQueueGenericSend
                0x00002502      0x12c C:\Users\David Waier\Desktop\lil_fish_tanks\LilFishTanks\LilFishTanks\ArduinoCore\Debug\libArduinoCore.a(queue.o)
                0x00002502                xQueueGenericSend
 .text.hot.xQueueGenericSendFromISR
                0x0000262e       0x5e C:\Users\David Waier\Desktop\lil_fish_tanks\LilFishTanks\LilFishTanks\ArduinoCore\Debug\libArduinoCore.a(queue.o)
                0x0000262e                xQueueGenericSendFromISR
 .text.hot.xQueueReceive
                0x0000268c      0x124 C:\Users\David Waier\Desktop\lil_fish_tanks\LilFishTanks\LilFishTanks\ArduinoCore\Debug\libArduinoCore.a(queue.o)
                0x0000268c                xQueueReceive
 .text.hot.xQueueSemaphoreTake
                0x000027b0      0x184 C:\Users\David Waier\Desktop\lil_fish_tanks\LilFishTanks\LilFishTanks\ArduinoCore\Debug\libArduinoCore.a(queue.o)
                0x000027b0                xQueueSemaphoreTake
 .text.hot.vQueueWaitForMessageRestricted
                0x00002934       0x38 C:\Users\David Waier\Desktop\lil_fish_tanks\LilFishTanks\LilFishTanks\ArduinoCore\Debug\libArduinoCore.a(queue.o)
                0x00002934                vQueueWaitForMessageRestricted
 .text.prvResetNextTaskUnblockTime
                0x0000296c       0x36 C:\Users\David Waier\Desktop\lil_fish_tanks\LilFishTanks\LilFishTanks\ArduinoCore\Debug\libArduinoCore.a(tasks.o)
 .text.hot.prvAddCurrentTaskToDelayedList
                0x000029a2       0xb8 C:\Users\David Waier\Desktop\lil_fish_tanks\LilFishTanks\LilFishTanks\ArduinoCore\Debug\libArduinoCore.a(tasks.o)
 .text.prvIdleTask
                0x00002a5a       0x5c C:\Users\David Waier\Desktop\lil_fish_tanks\LilFishTanks\LilFishTanks\ArduinoCore\Debug\libArduinoCore.a(tasks.o)
 .text.hot.xTaskCreate
                0x00002ab6      0x218 C:\Users\David Waier\Desktop\lil_fish_tanks\LilFishTanks\LilFishTanks\ArduinoCore\Debug\libArduinoCore.a(tasks.o)
                0x00002ab6                xTaskCreate
 .text.hot.vTaskResume
                0x00002cce       0x92 C:\Users\David Waier\Desktop\lil_fish_tanks\LilFishTanks\LilFishTanks\ArduinoCore\Debug\libArduinoCore.a(tasks.o)
                0x00002cce                vTaskResume
 .text.hot.vTaskStartScheduler
                0x00002d60       0x5c C:\Users\David Waier\Desktop\lil_fish_tanks\LilFishTanks\LilFishTanks\ArduinoCore\Debug\libArduinoCore.a(tasks.o)
                0x00002d60                vTaskStartScheduler
 .text.hot.vTaskSuspendAll
                0x00002dbc        0xc C:\Users\David Waier\Desktop\lil_fish_tanks\LilFishTanks\LilFishTanks\ArduinoCore\Debug\libArduinoCore.a(tasks.o)
                0x00002dbc                vTaskSuspendAll
 .text.hot.xTaskGetTickCount
                0x00002dc8       0x14 C:\Users\David Waier\Desktop\lil_fish_tanks\LilFishTanks\LilFishTanks\ArduinoCore\Debug\libArduinoCore.a(tasks.o)
                0x00002dc8                xTaskGetTickCount
 .text.hot.xTaskIncrementTick
                0x00002ddc      0x158 C:\Users\David Waier\Desktop\lil_fish_tanks\LilFishTanks\LilFishTanks\ArduinoCore\Debug\libArduinoCore.a(tasks.o)
                0x00002ddc                xTaskIncrementTick
 .text.hot.xTaskResumeAll
                0x00002f34       0xde C:\Users\David Waier\Desktop\lil_fish_tanks\LilFishTanks\LilFishTanks\ArduinoCore\Debug\libArduinoCore.a(tasks.o)
                0x00002f34                xTaskResumeAll
 .text.hot.vTaskDelayUntil
                0x00003012       0x70 C:\Users\David Waier\Desktop\lil_fish_tanks\LilFishTanks\LilFishTanks\ArduinoCore\Debug\libArduinoCore.a(tasks.o)
                0x00003012                vTaskDelayUntil
 .text.hot.vTaskDelay
                0x00003082       0x2a C:\Users\David Waier\Desktop\lil_fish_tanks\LilFishTanks\LilFishTanks\ArduinoCore\Debug\libArduinoCore.a(tasks.o)
                0x00003082                vTaskDelay
 .text.hot.vTaskSwitchContext
                0x000030ac       0xbc C:\Users\David Waier\Desktop\lil_fish_tanks\LilFishTanks\LilFishTanks\ArduinoCore\Debug\libArduinoCore.a(tasks.o)
                0x000030ac                vTaskSwitchContext
 .text.hot.vTaskSuspend
                0x00003168       0xac C:\Users\David Waier\Desktop\lil_fish_tanks\LilFishTanks\LilFishTanks\ArduinoCore\Debug\libArduinoCore.a(tasks.o)
                0x00003168                vTaskSuspend
 .text.hot.vTaskPlaceOnEventList
                0x00003214       0x22 C:\Users\David Waier\Desktop\lil_fish_tanks\LilFishTanks\LilFishTanks\ArduinoCore\Debug\libArduinoCore.a(tasks.o)
                0x00003214                vTaskPlaceOnEventList
 .text.hot.vTaskPlaceOnEventListRestricted
                0x00003236       0x30 C:\Users\David Waier\Desktop\lil_fish_tanks\LilFishTanks\LilFishTanks\ArduinoCore\Debug\libArduinoCore.a(tasks.o)
                0x00003236                vTaskPlaceOnEventListRestricted
 .text.hot.xTaskRemoveFromEventList
                0x00003266       0x80 C:\Users\David Waier\Desktop\lil_fish_tanks\LilFishTanks\LilFishTanks\ArduinoCore\Debug\libArduinoCore.a(tasks.o)
                0x00003266                xTaskRemoveFromEventList
 .text.hot.vTaskInternalSetTimeOutState
                0x000032e6       0x16 C:\Users\David Waier\Desktop\lil_fish_tanks\LilFishTanks\LilFishTanks\ArduinoCore\Debug\libArduinoCore.a(tasks.o)
                0x000032e6                vTaskInternalSetTimeOutState
 .text.hot.xTaskCheckForTimeOut
                0x000032fc       0x66 C:\Users\David Waier\Desktop\lil_fish_tanks\LilFishTanks\LilFishTanks\ArduinoCore\Debug\libArduinoCore.a(tasks.o)
                0x000032fc                xTaskCheckForTimeOut
 .text.hot.vTaskMissedYield
                0x00003362        0x8 C:\Users\David Waier\Desktop\lil_fish_tanks\LilFishTanks\LilFishTanks\ArduinoCore\Debug\libArduinoCore.a(tasks.o)
                0x00003362                vTaskMissedYield
 .text.hot.xTaskGetSchedulerState
                0x0000336a       0x1c C:\Users\David Waier\Desktop\lil_fish_tanks\LilFishTanks\LilFishTanks\ArduinoCore\Debug\libArduinoCore.a(tasks.o)
                0x0000336a                xTaskGetSchedulerState
 .text.hot.xTaskPriorityInherit
                0x00003386       0xc6 C:\Users\David Waier\Desktop\lil_fish_tanks\LilFishTanks\LilFishTanks\ArduinoCore\Debug\libArduinoCore.a(tasks.o)
                0x00003386                xTaskPriorityInherit
 .text.hot.xTaskPriorityDisinherit
                0x0000344c       0x74 C:\Users\David Waier\Desktop\lil_fish_tanks\LilFishTanks\LilFishTanks\ArduinoCore\Debug\libArduinoCore.a(tasks.o)
                0x0000344c                xTaskPriorityDisinherit
 .text.hot.vTaskPriorityDisinheritAfterTimeout
                0x000034c0       0x8e C:\Users\David Waier\Desktop\lil_fish_tanks\LilFishTanks\LilFishTanks\ArduinoCore\Debug\libArduinoCore.a(tasks.o)
                0x000034c0                vTaskPriorityDisinheritAfterTimeout
 .text.hot.pvTaskIncrementMutexHeldCount
                0x0000354e       0x24 C:\Users\David Waier\Desktop\lil_fish_tanks\LilFishTanks\LilFishTanks\ArduinoCore\Debug\libArduinoCore.a(tasks.o)
                0x0000354e                pvTaskIncrementMutexHeldCount
 .text.hot.prvCheckForValidListAndQueue
                0x00003572       0x52 C:\Users\David Waier\Desktop\lil_fish_tanks\LilFishTanks\LilFishTanks\ArduinoCore\Debug\libArduinoCore.a(timers.o)
 .text.hot.prvInsertTimerInActiveList
                0x000035c4       0x54 C:\Users\David Waier\Desktop\lil_fish_tanks\LilFishTanks\LilFishTanks\ArduinoCore\Debug\libArduinoCore.a(timers.o)
 .text.hot.xTimerCreateTimerTask
                0x00003618       0x40 C:\Users\David Waier\Desktop\lil_fish_tanks\LilFishTanks\LilFishTanks\ArduinoCore\Debug\libArduinoCore.a(timers.o)
                0x00003618                xTimerCreateTimerTask
 .text.hot.xTimerGenericCommand
                0x00003658       0x7e C:\Users\David Waier\Desktop\lil_fish_tanks\LilFishTanks\LilFishTanks\ArduinoCore\Debug\libArduinoCore.a(timers.o)
                0x00003658                xTimerGenericCommand
 .text.hot.prvSwitchTimerLists
                0x000036d6       0xa2 C:\Users\David Waier\Desktop\lil_fish_tanks\LilFishTanks\LilFishTanks\ArduinoCore\Debug\libArduinoCore.a(timers.o)
 .text.hot.prvTimerTask
                0x00003778      0x206 C:\Users\David Waier\Desktop\lil_fish_tanks\LilFishTanks\LilFishTanks\ArduinoCore\Debug\libArduinoCore.a(timers.o)
 .text.initVariant
                0x0000397e        0xa C:\Users\David Waier\Desktop\lil_fish_tanks\LilFishTanks\LilFishTanks\ArduinoCore\Debug\libArduinoCore.a(variantHooks.o)
                0x0000397e                initVariant
 .text.vApplicationIdleHook
                0x00003988       0x12 C:\Users\David Waier\Desktop\lil_fish_tanks\LilFishTanks\LilFishTanks\ArduinoCore\Debug\libArduinoCore.a(variantHooks.o)
                0x00003988                vApplicationIdleHook
 .text.vApplicationMallocFailedHook
                0x0000399a       0x1a C:\Users\David Waier\Desktop\lil_fish_tanks\LilFishTanks\LilFishTanks\ArduinoCore\Debug\libArduinoCore.a(variantHooks.o)
                0x0000399a                vApplicationMallocFailedHook
 .text.vApplicationStackOverflowHook
                0x000039b4       0x1a C:\Users\David Waier\Desktop\lil_fish_tanks\LilFishTanks\LilFishTanks\ArduinoCore\Debug\libArduinoCore.a(variantHooks.o)
                0x000039b4                vApplicationStackOverflowHook
 .text._ZN9MD_TCS23010initialiseEv
                0x000039ce       0x4e C:\Users\David Waier\Desktop\lil_fish_tanks\LilFishTanks\LilFishTanks\ArduinoCore\Debug\libArduinoCore.a(MD_TCS230.o)
                0x000039ce                _ZN9MD_TCS23010initialiseEv
 .text._ZN9MD_TCS230C2Ehhh
                0x00003a1c       0x28 C:\Users\David Waier\Desktop\lil_fish_tanks\LilFishTanks\LilFishTanks\ArduinoCore\Debug\libArduinoCore.a(MD_TCS230.o)
                0x00003a1c                _ZN9MD_TCS230C1Ehhh
                0x00003a1c                _ZN9MD_TCS230C2Ehhh
 .text._ZN9MD_TCS230D2Ev
                0x00003a44        0x2 C:\Users\David Waier\Desktop\lil_fish_tanks\LilFishTanks\LilFishTanks\ArduinoCore\Debug\libArduinoCore.a(MD_TCS230.o)
                0x00003a44                _ZN9MD_TCS230D2Ev
                0x00003a44                _ZN9MD_TCS230D1Ev
 .text._ZN9MD_TCS2309setFilterEh
                0x00003a46       0x4c C:\Users\David Waier\Desktop\lil_fish_tanks\LilFishTanks\LilFishTanks\ArduinoCore\Debug\libArduinoCore.a(MD_TCS230.o)
                0x00003a46                _ZN9MD_TCS2309setFilterEh
 .text._ZN9MD_TCS23013setFrequency2Eh
                0x00003a92       0x4c C:\Users\David Waier\Desktop\lil_fish_tanks\LilFishTanks\LilFishTanks\ArduinoCore\Debug\libArduinoCore.a(MD_TCS230.o)
                0x00003a92                _ZN9MD_TCS23013setFrequency2Eh
 .text._ZN9MD_TCS2309setEnableEb
                0x00003ade       0x22 C:\Users\David Waier\Desktop\lil_fish_tanks\LilFishTanks\LilFishTanks\ArduinoCore\Debug\libArduinoCore.a(MD_TCS230.o)
                0x00003ade                _ZN9MD_TCS2309setEnableEb
 .text._ZN9MD_TCS2306getRGBEP9colorData
                0x00003b00       0x20 C:\Users\David Waier\Desktop\lil_fish_tanks\LilFishTanks\LilFishTanks\ArduinoCore\Debug\libArduinoCore.a(MD_TCS230.o)
                0x00003b00                _ZN9MD_TCS2306getRGBEP9colorData
 .text._ZN9MD_TCS23017RGBTransformationEv
                0x00003b20       0xb8 C:\Users\David Waier\Desktop\lil_fish_tanks\LilFishTanks\LilFishTanks\ArduinoCore\Debug\libArduinoCore.a(MD_TCS230.o)
                0x00003b20                _ZN9MD_TCS23017RGBTransformationEv
 .text._ZN9MD_TCS2307readFSMEh
                0x00003bd8       0xbc C:\Users\David Waier\Desktop\lil_fish_tanks\LilFishTanks\LilFishTanks\ArduinoCore\Debug\libArduinoCore.a(MD_TCS230.o)
                0x00003bd8                _ZN9MD_TCS2307readFSMEh
 .text._ZN9MD_TCS2304readEv
                0x00003c94       0x14 C:\Users\David Waier\Desktop\lil_fish_tanks\LilFishTanks\LilFishTanks\ArduinoCore\Debug\libArduinoCore.a(MD_TCS230.o)
                0x00003c94                _ZN9MD_TCS2304readEv
 .text._ZN9MD_TCS2309availableEv
                0x00003ca8       0x1c C:\Users\David Waier\Desktop\lil_fish_tanks\LilFishTanks\LilFishTanks\ArduinoCore\Debug\libArduinoCore.a(MD_TCS230.o)
                0x00003ca8                _ZN9MD_TCS2309availableEv
 .text.__empty  0x00003cc4        0x2 C:\Users\David Waier\Desktop\lil_fish_tanks\LilFishTanks\LilFishTanks\ArduinoCore\Debug\libArduinoCore.a(hooks.o)
                0x00003cc4                yield
 .text.hot.pvPortMalloc
                0x00003cc6       0x26 C:\Users\David Waier\Desktop\lil_fish_tanks\LilFishTanks\LilFishTanks\ArduinoCore\Debug\libArduinoCore.a(heap_3.o)
                0x00003cc6                pvPortMalloc
 .text.hot.vPortFree
                0x00003cec       0x22 C:\Users\David Waier\Desktop\lil_fish_tanks\LilFishTanks\LilFishTanks\ArduinoCore\Debug\libArduinoCore.a(heap_3.o)
                0x00003cec                vPortFree
 .text.hot.vListInitialise
                0x00003d0e       0x1c C:\Users\David Waier\Desktop\lil_fish_tanks\LilFishTanks\LilFishTanks\ArduinoCore\Debug\libArduinoCore.a(list.o)
                0x00003d0e                vListInitialise
 .text.hot.vListInitialiseItem
                0x00003d2a        0x8 C:\Users\David Waier\Desktop\lil_fish_tanks\LilFishTanks\LilFishTanks\ArduinoCore\Debug\libArduinoCore.a(list.o)
                0x00003d2a                vListInitialiseItem
 .text.hot.vListInsertEnd
                0x00003d32       0x42 C:\Users\David Waier\Desktop\lil_fish_tanks\LilFishTanks\LilFishTanks\ArduinoCore\Debug\libArduinoCore.a(list.o)
                0x00003d32                vListInsertEnd
 .text.hot.vListInsert
                0x00003d74       0x70 C:\Users\David Waier\Desktop\lil_fish_tanks\LilFishTanks\LilFishTanks\ArduinoCore\Debug\libArduinoCore.a(list.o)
                0x00003d74                vListInsert
 .text.hot.uxListRemove
                0x00003de4       0x48 C:\Users\David Waier\Desktop\lil_fish_tanks\LilFishTanks\LilFishTanks\ArduinoCore\Debug\libArduinoCore.a(list.o)
                0x00003de4                uxListRemove
 .text.hot.pxPortInitialiseStack
                0x00003e2c       0xd8 C:\Users\David Waier\Desktop\lil_fish_tanks\LilFishTanks\LilFishTanks\ArduinoCore\Debug\libArduinoCore.a(port.o)
                0x00003e2c                pxPortInitialiseStack
 .text.hot.xPortStartScheduler
                0x00003f04       0x70 C:\Users\David Waier\Desktop\lil_fish_tanks\LilFishTanks\LilFishTanks\ArduinoCore\Debug\libArduinoCore.a(port.o)
                0x00003f04                xPortStartScheduler
 .text.hot.vPortYield
                0x00003f74       0xb2 C:\Users\David Waier\Desktop\lil_fish_tanks\LilFishTanks\LilFishTanks\ArduinoCore\Debug\libArduinoCore.a(port.o)
                0x00003f74                vPortYield
 .text.hot.vPortYieldFromTick
                0x00004026       0xba C:\Users\David Waier\Desktop\lil_fish_tanks\LilFishTanks\LilFishTanks\ArduinoCore\Debug\libArduinoCore.a(port.o)
                0x00004026                vPortYieldFromTick
 .text.hot.__vector_6
                0x000040e0        0x6 C:\Users\David Waier\Desktop\lil_fish_tanks\LilFishTanks\LilFishTanks\ArduinoCore\Debug\libArduinoCore.a(port.o)
                0x000040e0                __vector_6
 .text._ZN14FreqCountClass5beginEj
                0x000040e6       0xf0 C:\Users\David Waier\Desktop\lil_fish_tanks\LilFishTanks\LilFishTanks\ArduinoCore\Debug\libArduinoCore.a(FreqCount.o)
                0x000040e6                _ZN14FreqCountClass5beginEj
 .text._ZN14FreqCountClass9availableEv
                0x000041d6        0x6 C:\Users\David Waier\Desktop\lil_fish_tanks\LilFishTanks\LilFishTanks\ArduinoCore\Debug\libArduinoCore.a(FreqCount.o)
                0x000041d6                _ZN14FreqCountClass9availableEv
 .text._ZN14FreqCountClass4readEv
                0x000041dc       0x1c C:\Users\David Waier\Desktop\lil_fish_tanks\LilFishTanks\LilFishTanks\ArduinoCore\Debug\libArduinoCore.a(FreqCount.o)
                0x000041dc                _ZN14FreqCountClass4readEv
 .text._ZN14FreqCountClass3endEv
                0x000041f8       0x2e C:\Users\David Waier\Desktop\lil_fish_tanks\LilFishTanks\LilFishTanks\ArduinoCore\Debug\libArduinoCore.a(FreqCount.o)
                0x000041f8                _ZN14FreqCountClass3endEv
 .text.__vector_7
                0x00004226       0xec C:\Users\David Waier\Desktop\lil_fish_tanks\LilFishTanks\LilFishTanks\ArduinoCore\Debug\libArduinoCore.a(FreqCount.o)
                0x00004226                __vector_7
 .text.avr-libc.fplib
                0x00004312       0x5e c:/program files (x86)/atmel/studio/7.0/toolchain/avr8/avr8-gnu-toolchain/bin/../lib/gcc/avr/5.4.0/../../../../avr/lib/avr5\libm.a(fixunssfsi.o)
                0x00004312                __fixunssfsi
 .text.avr-libc.fplib
                0x00004370        0xa c:/program files (x86)/atmel/studio/7.0/toolchain/avr8/avr8-gnu-toolchain/bin/../lib/gcc/avr/5.4.0/../../../../avr/lib/avr5\libm.a(unordsf2.o)
                0x00004370                __unordsf2
 .text.libgcc.div
                0x0000437a       0x28 c:/program files (x86)/atmel/studio/7.0/toolchain/avr8/avr8-gnu-toolchain/bin/../lib/gcc/avr/5.4.0/avr5\libgcc.a(_divmodhi4.o)
                0x0000437a                _div
                0x0000437a                __divmodhi4
 .text.libgcc.div
                0x000043a2       0x44 c:/program files (x86)/atmel/studio/7.0/toolchain/avr8/avr8-gnu-toolchain/bin/../lib/gcc/avr/5.4.0/avr5\libgcc.a(_udivmodsi4.o)
                0x000043a2                __udivmodsi4
 .text.libgcc.div
                0x000043e6       0x2e c:/program files (x86)/atmel/studio/7.0/toolchain/avr8/avr8-gnu-toolchain/bin/../lib/gcc/avr/5.4.0/avr5\libgcc.a(_divmodsi4.o)
                0x000043e6                __divmodsi4
 .text.libgcc.div
                0x00004414       0x10 c:/program files (x86)/atmel/studio/7.0/toolchain/avr8/avr8-gnu-toolchain/bin/../lib/gcc/avr/5.4.0/avr5\libgcc.a(_negsi2.o)
                0x00004414                __negsi2
 .text.libgcc   0x00004424        0xc c:/program files (x86)/atmel/studio/7.0/toolchain/avr8/avr8-gnu-toolchain/bin/../lib/gcc/avr/5.4.0/avr5\libgcc.a(_tablejump2.o)
                0x00004424                __tablejump2__
 .text.libgcc.mul
                0x00004430       0x16 c:/program files (x86)/atmel/studio/7.0/toolchain/avr8/avr8-gnu-toolchain/bin/../lib/gcc/avr/5.4.0/avr5\libgcc.a(_muluhisi3.o)
                0x00004430                __muluhisi3
 .text.libgcc.div
                0x00004446       0x28 c:/program files (x86)/atmel/studio/7.0/toolchain/avr8/avr8-gnu-toolchain/bin/../lib/gcc/avr/5.4.0/avr5\libgcc.a(_udivmodhi4.o)
                0x00004446                __udivmodhi4
 .text.libgcc.mul
                0x0000446e       0x1e c:/program files (x86)/atmel/studio/7.0/toolchain/avr8/avr8-gnu-toolchain/bin/../lib/gcc/avr/5.4.0/avr5\libgcc.a(_umulhisi3.o)
                0x0000446e                __umulhisi3
 .text.avr-libc
                0x0000448c      0x242 c:/program files (x86)/atmel/studio/7.0/toolchain/avr8/avr8-gnu-toolchain/bin/../lib/gcc/avr/5.4.0/../../../../avr/lib/avr5\libc.a(malloc.o)
                0x0000448c                malloc
                0x000045bc                free
 .text.avr-libc
                0x000046ce       0x12 c:/program files (x86)/atmel/studio/7.0/toolchain/avr8/avr8-gnu-toolchain/bin/../lib/gcc/avr/5.4.0/../../../../avr/lib/avr5\libc.a(memcpy.o)
                0x000046ce                memcpy
 .text.avr-libc
                0x000046e0        0xe c:/program files (x86)/atmel/studio/7.0/toolchain/avr8/avr8-gnu-toolchain/bin/../lib/gcc/avr/5.4.0/../../../../avr/lib/avr5\libc.a(memset.o)
                0x000046e0                memset
 .text.avr-libc
                0x000046ee       0x10 C:/Program Files (x86)/Atmel/Studio/7.0/Packs/atmel/ATmega_DFP/1.3.300/gcc/dev/atmega328p/avr5\libatmega328p.a(eerd_byte.o)
                0x000046ee                eeprom_read_byte
 .text.avr-libc
                0x000046fe       0x1c C:/Program Files (x86)/Atmel/Studio/7.0/Packs/atmel/ATmega_DFP/1.3.300/gcc/dev/atmega328p/avr5\libatmega328p.a(eewr_byte.o)
                0x000046fe                eeprom_write_byte
                0x00004700                eeprom_write_r18
                0x0000471a                . = ALIGN (0x2)
 *(.fini9)
 .fini9         0x0000471a        0x0 c:/program files (x86)/atmel/studio/7.0/toolchain/avr8/avr8-gnu-toolchain/bin/../lib/gcc/avr/5.4.0/avr5\libgcc.a(_exit.o)
                0x0000471a                _exit
                0x0000471a                exit
 *(.fini9)
 *(.fini8)
 *(.fini8)
 *(.fini7)
 *(.fini7)
 *(.fini6)
 .fini6         0x0000471a       0x16 c:/program files (x86)/atmel/studio/7.0/toolchain/avr8/avr8-gnu-toolchain/bin/../lib/gcc/avr/5.4.0/avr5\libgcc.a(_dtors.o)
                0x0000471a                __do_global_dtors
 *(.fini6)
 *(.fini5)
 *(.fini5)
 *(.fini4)
 *(.fini4)
 *(.fini3)
 *(.fini3)
 *(.fini2)
 *(.fini2)
 *(.fini1)
 *(.fini1)
 *(.fini0)
 .fini0         0x00004730        0x4 c:/program files (x86)/atmel/studio/7.0/toolchain/avr8/avr8-gnu-toolchain/bin/../lib/gcc/avr/5.4.0/avr5\libgcc.a(_exit.o)
 *(.fini0)
                0x00004734                _etext = .

.data           0x00800100      0x16a load address 0x00004734
                0x00800100                PROVIDE (__data_start, .)
 *(.data)
 .data          0x00800100        0x6 c:/program files (x86)/atmel/studio/7.0/toolchain/avr8/avr8-gnu-toolchain/bin/../lib/gcc/avr/5.4.0/../../../../avr/lib/avr5\libc.a(malloc.o)
                0x00800100                __malloc_heap_end
                0x00800102                __malloc_heap_start
                0x00800104                __malloc_margin
 *(.data*)
 .data.temperature
                0x00800106        0x4 main.o
                0x00800106                temperature
 .data.Blue     0x0080010a        0x6 main.o
                0x0080010a                Blue
 .data.Green    0x00800110        0x6 main.o
                0x00800110                Green
 .data.Red      0x00800116        0x6 main.o
                0x00800116                Red
 .data.intFunc  0x0080011c        0x4 C:\Users\David Waier\Desktop\lil_fish_tanks\LilFishTanks\LilFishTanks\ArduinoCore\Debug\libArduinoCore.a(WInterrupts.o)
 .data.analog_reference
                0x00800120        0x1 C:\Users\David Waier\Desktop\lil_fish_tanks\LilFishTanks\LilFishTanks\ArduinoCore\Debug\libArduinoCore.a(wiring_analog.o)
                0x00800120                analog_reference
 *(.gnu.linkonce.d*)
 *(.rodata)
 *(.rodata*)
 .rodata.str1.1
                0x00800121       0x34 DFRobot_PH.o
 .rodata.str1.1
                0x00800155       0xe3 main.o
                                 0xe5 (size before relaxing)
 .rodata._ZTV14HardwareSerial
                0x00800238       0x12 C:\Users\David Waier\Desktop\lil_fish_tanks\LilFishTanks\LilFishTanks\ArduinoCore\Debug\libArduinoCore.a(HardwareSerial.o)
                0x00800238                _ZTV14HardwareSerial
 .rodata.str1.1
                0x0080024a        0xf C:\Users\David Waier\Desktop\lil_fish_tanks\LilFishTanks\LilFishTanks\ArduinoCore\Debug\libArduinoCore.a(Print.o)
 .rodata.str1.1
                0x00800259        0x5 C:\Users\David Waier\Desktop\lil_fish_tanks\LilFishTanks\LilFishTanks\ArduinoCore\Debug\libArduinoCore.a(tasks.o)
 .rodata.str1.1
                0x0080025e        0x8 C:\Users\David Waier\Desktop\lil_fish_tanks\LilFishTanks\LilFishTanks\ArduinoCore\Debug\libArduinoCore.a(timers.o)
 .rodata._ZZN9MD_TCS2307readFSMEhE3seq
                0x00800266        0x3 C:\Users\David Waier\Desktop\lil_fish_tanks\LilFishTanks\LilFishTanks\ArduinoCore\Debug\libArduinoCore.a(MD_TCS230.o)
 *(.gnu.linkonce.r*)
                0x0080026a                . = ALIGN (0x2)
 *fill*         0x00800269        0x1 
                0x0080026a                _edata = .
                0x0080026a                PROVIDE (__data_end, .)

.bss            0x0080026a      0x24e
                0x0080026a                PROVIDE (__bss_start, .)
 *(.bss)
 *(.bss*)
 .bss.xTemperature
                0x0080026a        0x2 main.o
                0x0080026a                xTemperature
 .bss.xPH       0x0080026c        0x2 main.o
                0x0080026c                xPH
 .bss.xNitrate  0x0080026e        0x2 main.o
                0x0080026e                xNitrate
 .bss.xNitrite  0x00800270        0x2 main.o
                0x00800270                xNitrite
 .bss.xAmmonia  0x00800272        0x2 main.o
                0x00800272                xAmmonia
 .bss.xSerialSemaphoreColorSensor
                0x00800274        0x2 main.o
                0x00800274                xSerialSemaphoreColorSensor
 .bss.ph        0x00800276       0x1f main.o
                0x00800276                ph
 .bss.phValue   0x00800295        0x4 main.o
                0x00800295                phValue
 .bss.voltage   0x00800299        0x4 main.o
                0x00800299                voltage
 .bss.Black     0x0080029d        0x6 main.o
                0x0080029d                Black
 .bss.CS        0x008002a3       0x2f main.o
                0x008002a3                CS
 .bss.c         0x008002d2        0x7 main.o
                0x008002d2                c
 .bss.rgb       0x008002d9        0x3 main.o
                0x008002d9                rgb
 .bss.EmptyTestBox
                0x008002dc        0x7 main.o
                0x008002dc                EmptyTestBox
 .bss.Nitrate   0x008002e3       0x31 main.o
                0x008002e3                Nitrate
 .bss.Nitrite   0x00800314       0x31 main.o
                0x00800314                Nitrite
 .bss.Ammonia   0x00800345       0x23 main.o
                0x00800345                Ammonia
 .bss.typeToRead
                0x00800368        0x1 main.o
                0x00800368                typeToRead
 .bss.ds        0x00800369        0xe main.o
                0x00800369                ds
 .bss.Serial    0x00800377       0x9d C:\Users\David Waier\Desktop\lil_fish_tanks\LilFishTanks\LilFishTanks\ArduinoCore\Debug\libArduinoCore.a(HardwareSerial0.o)
                0x00800377                Serial
 .bss.timer0_fract
                0x00800414        0x1 C:\Users\David Waier\Desktop\lil_fish_tanks\LilFishTanks\LilFishTanks\ArduinoCore\Debug\libArduinoCore.a(wiring.o)
 .bss.timer0_millis
                0x00800415        0x4 C:\Users\David Waier\Desktop\lil_fish_tanks\LilFishTanks\LilFishTanks\ArduinoCore\Debug\libArduinoCore.a(wiring.o)
                0x00800415                timer0_millis
 .bss.timer0_overflow_count
                0x00800419        0x4 C:\Users\David Waier\Desktop\lil_fish_tanks\LilFishTanks\LilFishTanks\ArduinoCore\Debug\libArduinoCore.a(wiring.o)
                0x00800419                timer0_overflow_count
 .bss.uxSchedulerSuspended
                0x0080041d        0x1 C:\Users\David Waier\Desktop\lil_fish_tanks\LilFishTanks\LilFishTanks\ArduinoCore\Debug\libArduinoCore.a(tasks.o)
 .bss.xIdleTaskHandle
                0x0080041e        0x2 C:\Users\David Waier\Desktop\lil_fish_tanks\LilFishTanks\LilFishTanks\ArduinoCore\Debug\libArduinoCore.a(tasks.o)
 .bss.xNextTaskUnblockTime
                0x00800420        0x2 C:\Users\David Waier\Desktop\lil_fish_tanks\LilFishTanks\LilFishTanks\ArduinoCore\Debug\libArduinoCore.a(tasks.o)
 .bss.uxTaskNumber
                0x00800422        0x1 C:\Users\David Waier\Desktop\lil_fish_tanks\LilFishTanks\LilFishTanks\ArduinoCore\Debug\libArduinoCore.a(tasks.o)
 .bss.xNumOfOverflows
                0x00800423        0x1 C:\Users\David Waier\Desktop\lil_fish_tanks\LilFishTanks\LilFishTanks\ArduinoCore\Debug\libArduinoCore.a(tasks.o)
 .bss.xYieldPending
                0x00800424        0x1 C:\Users\David Waier\Desktop\lil_fish_tanks\LilFishTanks\LilFishTanks\ArduinoCore\Debug\libArduinoCore.a(tasks.o)
 .bss.uxPendedTicks
                0x00800425        0x1 C:\Users\David Waier\Desktop\lil_fish_tanks\LilFishTanks\LilFishTanks\ArduinoCore\Debug\libArduinoCore.a(tasks.o)
 .bss.xSchedulerRunning
                0x00800426        0x1 C:\Users\David Waier\Desktop\lil_fish_tanks\LilFishTanks\LilFishTanks\ArduinoCore\Debug\libArduinoCore.a(tasks.o)
 .bss.uxTopReadyPriority
                0x00800427        0x1 C:\Users\David Waier\Desktop\lil_fish_tanks\LilFishTanks\LilFishTanks\ArduinoCore\Debug\libArduinoCore.a(tasks.o)
 .bss.xTickCount
                0x00800428        0x2 C:\Users\David Waier\Desktop\lil_fish_tanks\LilFishTanks\LilFishTanks\ArduinoCore\Debug\libArduinoCore.a(tasks.o)
 .bss.uxCurrentNumberOfTasks
                0x0080042a        0x1 C:\Users\David Waier\Desktop\lil_fish_tanks\LilFishTanks\LilFishTanks\ArduinoCore\Debug\libArduinoCore.a(tasks.o)
 .bss.xSuspendedTaskList
                0x0080042b        0x9 C:\Users\David Waier\Desktop\lil_fish_tanks\LilFishTanks\LilFishTanks\ArduinoCore\Debug\libArduinoCore.a(tasks.o)
 .bss.uxDeletedTasksWaitingCleanUp
                0x00800434        0x1 C:\Users\David Waier\Desktop\lil_fish_tanks\LilFishTanks\LilFishTanks\ArduinoCore\Debug\libArduinoCore.a(tasks.o)
 .bss.xTasksWaitingTermination
                0x00800435        0x9 C:\Users\David Waier\Desktop\lil_fish_tanks\LilFishTanks\LilFishTanks\ArduinoCore\Debug\libArduinoCore.a(tasks.o)
 .bss.xPendingReadyList
                0x0080043e        0x9 C:\Users\David Waier\Desktop\lil_fish_tanks\LilFishTanks\LilFishTanks\ArduinoCore\Debug\libArduinoCore.a(tasks.o)
 .bss.pxOverflowDelayedTaskList
                0x00800447        0x2 C:\Users\David Waier\Desktop\lil_fish_tanks\LilFishTanks\LilFishTanks\ArduinoCore\Debug\libArduinoCore.a(tasks.o)
 .bss.pxDelayedTaskList
                0x00800449        0x2 C:\Users\David Waier\Desktop\lil_fish_tanks\LilFishTanks\LilFishTanks\ArduinoCore\Debug\libArduinoCore.a(tasks.o)
 .bss.xDelayedTaskList2
                0x0080044b        0x9 C:\Users\David Waier\Desktop\lil_fish_tanks\LilFishTanks\LilFishTanks\ArduinoCore\Debug\libArduinoCore.a(tasks.o)
 .bss.xDelayedTaskList1
                0x00800454        0x9 C:\Users\David Waier\Desktop\lil_fish_tanks\LilFishTanks\LilFishTanks\ArduinoCore\Debug\libArduinoCore.a(tasks.o)
 .bss.pxReadyTasksLists
                0x0080045d       0x24 C:\Users\David Waier\Desktop\lil_fish_tanks\LilFishTanks\LilFishTanks\ArduinoCore\Debug\libArduinoCore.a(tasks.o)
 .bss.pxCurrentTCB
                0x00800481        0x2 C:\Users\David Waier\Desktop\lil_fish_tanks\LilFishTanks\LilFishTanks\ArduinoCore\Debug\libArduinoCore.a(tasks.o)
                0x00800481                pxCurrentTCB
 .bss.xLastTime.2412
                0x00800483        0x2 C:\Users\David Waier\Desktop\lil_fish_tanks\LilFishTanks\LilFishTanks\ArduinoCore\Debug\libArduinoCore.a(timers.o)
 .bss.xTimerTaskHandle
                0x00800485        0x2 C:\Users\David Waier\Desktop\lil_fish_tanks\LilFishTanks\LilFishTanks\ArduinoCore\Debug\libArduinoCore.a(timers.o)
 .bss.xTimerQueue
                0x00800487        0x2 C:\Users\David Waier\Desktop\lil_fish_tanks\LilFishTanks\LilFishTanks\ArduinoCore\Debug\libArduinoCore.a(timers.o)
 .bss.pxOverflowTimerList
                0x00800489        0x2 C:\Users\David Waier\Desktop\lil_fish_tanks\LilFishTanks\LilFishTanks\ArduinoCore\Debug\libArduinoCore.a(timers.o)
 .bss.pxCurrentTimerList
                0x0080048b        0x2 C:\Users\David Waier\Desktop\lil_fish_tanks\LilFishTanks\LilFishTanks\ArduinoCore\Debug\libArduinoCore.a(timers.o)
 .bss.xActiveTimerList2
                0x0080048d        0x9 C:\Users\David Waier\Desktop\lil_fish_tanks\LilFishTanks\LilFishTanks\ArduinoCore\Debug\libArduinoCore.a(timers.o)
 .bss.xActiveTimerList1
                0x00800496        0x9 C:\Users\David Waier\Desktop\lil_fish_tanks\LilFishTanks\LilFishTanks\ArduinoCore\Debug\libArduinoCore.a(timers.o)
 .bss._ZZN9MD_TCS2307readFSMEhE7currCol
                0x0080049f        0x1 C:\Users\David Waier\Desktop\lil_fish_tanks\LilFishTanks\LilFishTanks\ArduinoCore\Debug\libArduinoCore.a(MD_TCS230.o)
 .bss._ZL10gate_index
                0x008004a0        0x2 C:\Users\David Waier\Desktop\lil_fish_tanks\LilFishTanks\LilFishTanks\ArduinoCore\Debug\libArduinoCore.a(FreqCount.o)
 .bss._ZL11gate_length
                0x008004a2        0x2 C:\Users\David Waier\Desktop\lil_fish_tanks\LilFishTanks\LilFishTanks\ArduinoCore\Debug\libArduinoCore.a(FreqCount.o)
 .bss._ZL11count_ready
                0x008004a4        0x1 C:\Users\David Waier\Desktop\lil_fish_tanks\LilFishTanks\LilFishTanks\ArduinoCore\Debug\libArduinoCore.a(FreqCount.o)
 .bss._ZL12count_output
                0x008004a5        0x4 C:\Users\David Waier\Desktop\lil_fish_tanks\LilFishTanks\LilFishTanks\ArduinoCore\Debug\libArduinoCore.a(FreqCount.o)
 .bss._ZL10count_prev
                0x008004a9        0x4 C:\Users\David Waier\Desktop\lil_fish_tanks\LilFishTanks\LilFishTanks\ArduinoCore\Debug\libArduinoCore.a(FreqCount.o)
 .bss._ZL9count_msw
                0x008004ad        0x2 C:\Users\David Waier\Desktop\lil_fish_tanks\LilFishTanks\LilFishTanks\ArduinoCore\Debug\libArduinoCore.a(FreqCount.o)
 .bss._ZL11startTCCR2B
                0x008004af        0x1 C:\Users\David Waier\Desktop\lil_fish_tanks\LilFishTanks\LilFishTanks\ArduinoCore\Debug\libArduinoCore.a(FreqCount.o)
 .bss._ZL10saveTCCR2B
                0x008004b0        0x1 C:\Users\David Waier\Desktop\lil_fish_tanks\LilFishTanks\LilFishTanks\ArduinoCore\Debug\libArduinoCore.a(FreqCount.o)
 .bss._ZL10saveTCCR2A
                0x008004b1        0x1 C:\Users\David Waier\Desktop\lil_fish_tanks\LilFishTanks\LilFishTanks\ArduinoCore\Debug\libArduinoCore.a(FreqCount.o)
 .bss._ZL10saveTCCR1B
                0x008004b2        0x1 C:\Users\David Waier\Desktop\lil_fish_tanks\LilFishTanks\LilFishTanks\ArduinoCore\Debug\libArduinoCore.a(FreqCount.o)
 .bss._ZL10saveTCCR1A
                0x008004b3        0x1 C:\Users\David Waier\Desktop\lil_fish_tanks\LilFishTanks\LilFishTanks\ArduinoCore\Debug\libArduinoCore.a(FreqCount.o)
 *(COMMON)
 COMMON         0x008004b4        0x4 c:/program files (x86)/atmel/studio/7.0/toolchain/avr8/avr8-gnu-toolchain/bin/../lib/gcc/avr/5.4.0/../../../../avr/lib/avr5\libc.a(malloc.o)
                0x008004b4                __brkval
                0x008004b6                __flp
                0x008004b8                PROVIDE (__bss_end, .)
                0x00004734                __data_load_start = LOADADDR (.data)
                0x0000489e                __data_load_end = (__data_load_start + SIZEOF (.data))

.noinit         0x008004b8        0x0
                [!provide]                PROVIDE (__noinit_start, .)
 *(.noinit*)
                [!provide]                PROVIDE (__noinit_end, .)
                0x008004b8                _end = .
                0x008004b8                PROVIDE (__heap_start, .)

.eeprom         0x00810000        0x0
 *(.eeprom*)
                0x00810000                __eeprom_end = .

.fuse
 *(.fuse)
 *(.lfuse)
 *(.hfuse)
 *(.efuse)

.lock
 *(.lock*)

.signature
 *(.signature*)

.user_signatures
 *(.user_signatures*)

.stab
 *(.stab)

.stabstr
 *(.stabstr)

.stab.excl
 *(.stab.excl)

.stab.exclstr
 *(.stab.exclstr)

.stab.index
 *(.stab.index)

.stab.indexstr
 *(.stab.indexstr)

.comment        0x00000000       0x30
 *(.comment)
 .comment       0x00000000       0x30 DFRobot_PH.o
                                 0x31 (size before relaxing)
 .comment       0x00000030       0x31 main.o
 .comment       0x00000030       0x31 OneWire.o
 .comment       0x00000030       0x31 C:\Users\David Waier\Desktop\lil_fish_tanks\LilFishTanks\LilFishTanks\ArduinoCore\Debug\libArduinoCore.a(HardwareSerial.o)
 .comment       0x00000030       0x31 C:\Users\David Waier\Desktop\lil_fish_tanks\LilFishTanks\LilFishTanks\ArduinoCore\Debug\libArduinoCore.a(HardwareSerial0.o)
 .comment       0x00000030       0x31 C:\Users\David Waier\Desktop\lil_fish_tanks\LilFishTanks\LilFishTanks\ArduinoCore\Debug\libArduinoCore.a(main.o)
 .comment       0x00000030       0x31 C:\Users\David Waier\Desktop\lil_fish_tanks\LilFishTanks\LilFishTanks\ArduinoCore\Debug\libArduinoCore.a(Print.o)
 .comment       0x00000030       0x31 C:\Users\David Waier\Desktop\lil_fish_tanks\LilFishTanks\LilFishTanks\ArduinoCore\Debug\libArduinoCore.a(WInterrupts.o)
 .comment       0x00000030       0x31 C:\Users\David Waier\Desktop\lil_fish_tanks\LilFishTanks\LilFishTanks\ArduinoCore\Debug\libArduinoCore.a(wiring.o)
 .comment       0x00000030       0x31 C:\Users\David Waier\Desktop\lil_fish_tanks\LilFishTanks\LilFishTanks\ArduinoCore\Debug\libArduinoCore.a(wiring_analog.o)
 .comment       0x00000030       0x31 C:\Users\David Waier\Desktop\lil_fish_tanks\LilFishTanks\LilFishTanks\ArduinoCore\Debug\libArduinoCore.a(wiring_digital.o)
 .comment       0x00000030       0x31 C:\Users\David Waier\Desktop\lil_fish_tanks\LilFishTanks\LilFishTanks\ArduinoCore\Debug\libArduinoCore.a(queue.o)
 .comment       0x00000030       0x31 C:\Users\David Waier\Desktop\lil_fish_tanks\LilFishTanks\LilFishTanks\ArduinoCore\Debug\libArduinoCore.a(tasks.o)
 .comment       0x00000030       0x31 C:\Users\David Waier\Desktop\lil_fish_tanks\LilFishTanks\LilFishTanks\ArduinoCore\Debug\libArduinoCore.a(timers.o)
 .comment       0x00000030       0x31 C:\Users\David Waier\Desktop\lil_fish_tanks\LilFishTanks\LilFishTanks\ArduinoCore\Debug\libArduinoCore.a(variantHooks.o)
 .comment       0x00000030       0x31 C:\Users\David Waier\Desktop\lil_fish_tanks\LilFishTanks\LilFishTanks\ArduinoCore\Debug\libArduinoCore.a(MD_TCS230.o)
 .comment       0x00000030       0x31 C:\Users\David Waier\Desktop\lil_fish_tanks\LilFishTanks\LilFishTanks\ArduinoCore\Debug\libArduinoCore.a(hooks.o)
 .comment       0x00000030       0x31 C:\Users\David Waier\Desktop\lil_fish_tanks\LilFishTanks\LilFishTanks\ArduinoCore\Debug\libArduinoCore.a(heap_3.o)
 .comment       0x00000030       0x31 C:\Users\David Waier\Desktop\lil_fish_tanks\LilFishTanks\LilFishTanks\ArduinoCore\Debug\libArduinoCore.a(list.o)
 .comment       0x00000030       0x31 C:\Users\David Waier\Desktop\lil_fish_tanks\LilFishTanks\LilFishTanks\ArduinoCore\Debug\libArduinoCore.a(port.o)
 .comment       0x00000030       0x31 C:\Users\David Waier\Desktop\lil_fish_tanks\LilFishTanks\LilFishTanks\ArduinoCore\Debug\libArduinoCore.a(FreqCount.o)
 .comment       0x00000030       0x31 c:/program files (x86)/atmel/studio/7.0/toolchain/avr8/avr8-gnu-toolchain/bin/../lib/gcc/avr/5.4.0/../../../../avr/lib/avr5\libc.a(malloc.o)

.note.gnu.avr.deviceinfo
                0x00000000       0x40
 .note.gnu.avr.deviceinfo
                0x00000000       0x40 C:/Program Files (x86)/Atmel/Studio/7.0/Packs/atmel/ATmega_DFP/1.3.300/gcc/dev/atmega328p/avr5/crtatmega328p.o

.note.gnu.build-id
 *(.note.gnu.build-id)

.debug
 *(.debug)

.line
 *(.line)

.debug_srcinfo
 *(.debug_srcinfo)

.debug_sfnames
 *(.debug_sfnames)

.debug_aranges  0x00000000      0x9e0
 *(.debug_aranges)
 .debug_aranges
                0x00000000       0x70 DFRobot_PH.o
 .debug_aranges
                0x00000070       0xc0 main.o
 .debug_aranges
                0x00000130       0xa0 OneWire.o
 .debug_aranges
                0x000001d0       0x68 C:\Users\David Waier\Desktop\lil_fish_tanks\LilFishTanks\LilFishTanks\ArduinoCore\Debug\libArduinoCore.a(HardwareSerial.o)
 .debug_aranges
                0x00000238       0x48 C:\Users\David Waier\Desktop\lil_fish_tanks\LilFishTanks\LilFishTanks\ArduinoCore\Debug\libArduinoCore.a(HardwareSerial0.o)
 .debug_aranges
                0x00000280       0x30 C:\Users\David Waier\Desktop\lil_fish_tanks\LilFishTanks\LilFishTanks\ArduinoCore\Debug\libArduinoCore.a(main.o)
 .debug_aranges
                0x000002b0      0x100 C:\Users\David Waier\Desktop\lil_fish_tanks\LilFishTanks\LilFishTanks\ArduinoCore\Debug\libArduinoCore.a(Print.o)
 .debug_aranges
                0x000003b0       0x40 C:\Users\David Waier\Desktop\lil_fish_tanks\LilFishTanks\LilFishTanks\ArduinoCore\Debug\libArduinoCore.a(WInterrupts.o)
 .debug_aranges
                0x000003f0       0x48 C:\Users\David Waier\Desktop\lil_fish_tanks\LilFishTanks\LilFishTanks\ArduinoCore\Debug\libArduinoCore.a(wiring.o)
 .debug_aranges
                0x00000438       0x30 C:\Users\David Waier\Desktop\lil_fish_tanks\LilFishTanks\LilFishTanks\ArduinoCore\Debug\libArduinoCore.a(wiring_analog.o)
 .debug_aranges
                0x00000468       0x38 C:\Users\David Waier\Desktop\lil_fish_tanks\LilFishTanks\LilFishTanks\ArduinoCore\Debug\libArduinoCore.a(wiring_digital.o)
 .debug_aranges
                0x000004a0       0xe0 C:\Users\David Waier\Desktop\lil_fish_tanks\LilFishTanks\LilFishTanks\ArduinoCore\Debug\libArduinoCore.a(queue.o)
 .debug_aranges
                0x00000580      0x188 C:\Users\David Waier\Desktop\lil_fish_tanks\LilFishTanks\LilFishTanks\ArduinoCore\Debug\libArduinoCore.a(tasks.o)
 .debug_aranges
                0x00000708       0x90 C:\Users\David Waier\Desktop\lil_fish_tanks\LilFishTanks\LilFishTanks\ArduinoCore\Debug\libArduinoCore.a(timers.o)
 .debug_aranges
                0x00000798       0x38 C:\Users\David Waier\Desktop\lil_fish_tanks\LilFishTanks\LilFishTanks\ArduinoCore\Debug\libArduinoCore.a(variantHooks.o)
 .debug_aranges
                0x000007d0       0xc0 C:\Users\David Waier\Desktop\lil_fish_tanks\LilFishTanks\LilFishTanks\ArduinoCore\Debug\libArduinoCore.a(MD_TCS230.o)
 .debug_aranges
                0x00000890       0x20 C:\Users\David Waier\Desktop\lil_fish_tanks\LilFishTanks\LilFishTanks\ArduinoCore\Debug\libArduinoCore.a(hooks.o)
 .debug_aranges
                0x000008b0       0x28 C:\Users\David Waier\Desktop\lil_fish_tanks\LilFishTanks\LilFishTanks\ArduinoCore\Debug\libArduinoCore.a(heap_3.o)
 .debug_aranges
                0x000008d8       0x40 C:\Users\David Waier\Desktop\lil_fish_tanks\LilFishTanks\LilFishTanks\ArduinoCore\Debug\libArduinoCore.a(list.o)
 .debug_aranges
                0x00000918       0x48 C:\Users\David Waier\Desktop\lil_fish_tanks\LilFishTanks\LilFishTanks\ArduinoCore\Debug\libArduinoCore.a(port.o)
 .debug_aranges
                0x00000960       0x40 C:\Users\David Waier\Desktop\lil_fish_tanks\LilFishTanks\LilFishTanks\ArduinoCore\Debug\libArduinoCore.a(FreqCount.o)
 .debug_aranges
                0x000009a0       0x20 C:/Program Files (x86)/Atmel/Studio/7.0/Packs/atmel/ATmega_DFP/1.3.300/gcc/dev/atmega328p/avr5\libatmega328p.a(eerd_byte.o)
 .debug_aranges
                0x000009c0       0x20 C:/Program Files (x86)/Atmel/Studio/7.0/Packs/atmel/ATmega_DFP/1.3.300/gcc/dev/atmega328p/avr5\libatmega328p.a(eewr_byte.o)

.debug_pubnames
 *(.debug_pubnames)

.debug_info     0x00000000    0x13014
 *(.debug_info .gnu.linkonce.wi.*)
 .debug_info    0x00000000      0x5f4 C:/Program Files (x86)/Atmel/Studio/7.0/Packs/atmel/ATmega_DFP/1.3.300/gcc/dev/atmega328p/avr5/crtatmega328p.o
 .debug_info    0x000005f4     0x158a DFRobot_PH.o
 .debug_info    0x00001b7e     0x2809 main.o
 .debug_info    0x00004387      0xf20 OneWire.o
 .debug_info    0x000052a7     0x1f64 C:\Users\David Waier\Desktop\lil_fish_tanks\LilFishTanks\LilFishTanks\ArduinoCore\Debug\libArduinoCore.a(HardwareSerial.o)
 .debug_info    0x0000720b     0x1b16 C:\Users\David Waier\Desktop\lil_fish_tanks\LilFishTanks\LilFishTanks\ArduinoCore\Debug\libArduinoCore.a(HardwareSerial0.o)
 .debug_info    0x00008d21      0x237 C:\Users\David Waier\Desktop\lil_fish_tanks\LilFishTanks\LilFishTanks\ArduinoCore\Debug\libArduinoCore.a(main.o)
 .debug_info    0x00008f58     0x28ff C:\Users\David Waier\Desktop\lil_fish_tanks\LilFishTanks\LilFishTanks\ArduinoCore\Debug\libArduinoCore.a(Print.o)
 .debug_info    0x0000b857      0x21c C:\Users\David Waier\Desktop\lil_fish_tanks\LilFishTanks\LilFishTanks\ArduinoCore\Debug\libArduinoCore.a(WInterrupts.o)
 .debug_info    0x0000ba73      0x2cb C:\Users\David Waier\Desktop\lil_fish_tanks\LilFishTanks\LilFishTanks\ArduinoCore\Debug\libArduinoCore.a(wiring.o)
 .debug_info    0x0000bd3e      0x26d C:\Users\David Waier\Desktop\lil_fish_tanks\LilFishTanks\LilFishTanks\ArduinoCore\Debug\libArduinoCore.a(wiring_analog.o)
 .debug_info    0x0000bfab      0x5fe C:\Users\David Waier\Desktop\lil_fish_tanks\LilFishTanks\LilFishTanks\ArduinoCore\Debug\libArduinoCore.a(wiring_digital.o)
 .debug_info    0x0000c5a9     0x1820 C:\Users\David Waier\Desktop\lil_fish_tanks\LilFishTanks\LilFishTanks\ArduinoCore\Debug\libArduinoCore.a(queue.o)
 .debug_info    0x0000ddc9     0x2102 C:\Users\David Waier\Desktop\lil_fish_tanks\LilFishTanks\LilFishTanks\ArduinoCore\Debug\libArduinoCore.a(tasks.o)
 .debug_info    0x0000fecb     0x1083 C:\Users\David Waier\Desktop\lil_fish_tanks\LilFishTanks\LilFishTanks\ArduinoCore\Debug\libArduinoCore.a(timers.o)
 .debug_info    0x00010f4e      0x330 C:\Users\David Waier\Desktop\lil_fish_tanks\LilFishTanks\LilFishTanks\ArduinoCore\Debug\libArduinoCore.a(variantHooks.o)
 .debug_info    0x0001127e     0x1018 C:\Users\David Waier\Desktop\lil_fish_tanks\LilFishTanks\LilFishTanks\ArduinoCore\Debug\libArduinoCore.a(MD_TCS230.o)
 .debug_info    0x00012296       0x3e C:\Users\David Waier\Desktop\lil_fish_tanks\LilFishTanks\LilFishTanks\ArduinoCore\Debug\libArduinoCore.a(hooks.o)
 .debug_info    0x000122d4      0x1a7 C:\Users\David Waier\Desktop\lil_fish_tanks\LilFishTanks\LilFishTanks\ArduinoCore\Debug\libArduinoCore.a(heap_3.o)
 .debug_info    0x0001247b      0x2e0 C:\Users\David Waier\Desktop\lil_fish_tanks\LilFishTanks\LilFishTanks\ArduinoCore\Debug\libArduinoCore.a(list.o)
 .debug_info    0x0001275b      0x28b C:\Users\David Waier\Desktop\lil_fish_tanks\LilFishTanks\LilFishTanks\ArduinoCore\Debug\libArduinoCore.a(port.o)
 .debug_info    0x000129e6      0x4fa C:\Users\David Waier\Desktop\lil_fish_tanks\LilFishTanks\LilFishTanks\ArduinoCore\Debug\libArduinoCore.a(FreqCount.o)
 .debug_info    0x00012ee0       0x9a C:/Program Files (x86)/Atmel/Studio/7.0/Packs/atmel/ATmega_DFP/1.3.300/gcc/dev/atmega328p/avr5\libatmega328p.a(eerd_byte.o)
 .debug_info    0x00012f7a       0x9a C:/Program Files (x86)/Atmel/Studio/7.0/Packs/atmel/ATmega_DFP/1.3.300/gcc/dev/atmega328p/avr5\libatmega328p.a(eewr_byte.o)

.debug_abbrev   0x00000000     0x3a4b
 *(.debug_abbrev)
 .debug_abbrev  0x00000000      0x5a2 C:/Program Files (x86)/Atmel/Studio/7.0/Packs/atmel/ATmega_DFP/1.3.300/gcc/dev/atmega328p/avr5/crtatmega328p.o
 .debug_abbrev  0x000005a2      0x3de DFRobot_PH.o
 .debug_abbrev  0x00000980      0x625 main.o
 .debug_abbrev  0x00000fa5      0x34d OneWire.o
 .debug_abbrev  0x000012f2      0x4b7 C:\Users\David Waier\Desktop\lil_fish_tanks\LilFishTanks\LilFishTanks\ArduinoCore\Debug\libArduinoCore.a(HardwareSerial.o)
 .debug_abbrev  0x000017a9      0x3ce C:\Users\David Waier\Desktop\lil_fish_tanks\LilFishTanks\LilFishTanks\ArduinoCore\Debug\libArduinoCore.a(HardwareSerial0.o)
 .debug_abbrev  0x00001b77      0x12d C:\Users\David Waier\Desktop\lil_fish_tanks\LilFishTanks\LilFishTanks\ArduinoCore\Debug\libArduinoCore.a(main.o)
 .debug_abbrev  0x00001ca4      0x47a C:\Users\David Waier\Desktop\lil_fish_tanks\LilFishTanks\LilFishTanks\ArduinoCore\Debug\libArduinoCore.a(Print.o)
 .debug_abbrev  0x0000211e       0xfc C:\Users\David Waier\Desktop\lil_fish_tanks\LilFishTanks\LilFishTanks\ArduinoCore\Debug\libArduinoCore.a(WInterrupts.o)
 .debug_abbrev  0x0000221a      0x146 C:\Users\David Waier\Desktop\lil_fish_tanks\LilFishTanks\LilFishTanks\ArduinoCore\Debug\libArduinoCore.a(wiring.o)
 .debug_abbrev  0x00002360      0x16b C:\Users\David Waier\Desktop\lil_fish_tanks\LilFishTanks\LilFishTanks\ArduinoCore\Debug\libArduinoCore.a(wiring_analog.o)
 .debug_abbrev  0x000024cb      0x15b C:\Users\David Waier\Desktop\lil_fish_tanks\LilFishTanks\LilFishTanks\ArduinoCore\Debug\libArduinoCore.a(wiring_digital.o)
 .debug_abbrev  0x00002626      0x2d5 C:\Users\David Waier\Desktop\lil_fish_tanks\LilFishTanks\LilFishTanks\ArduinoCore\Debug\libArduinoCore.a(queue.o)
 .debug_abbrev  0x000028fb      0x35e C:\Users\David Waier\Desktop\lil_fish_tanks\LilFishTanks\LilFishTanks\ArduinoCore\Debug\libArduinoCore.a(tasks.o)
 .debug_abbrev  0x00002c59      0x2f8 C:\Users\David Waier\Desktop\lil_fish_tanks\LilFishTanks\LilFishTanks\ArduinoCore\Debug\libArduinoCore.a(timers.o)
 .debug_abbrev  0x00002f51      0x18d C:\Users\David Waier\Desktop\lil_fish_tanks\LilFishTanks\LilFishTanks\ArduinoCore\Debug\libArduinoCore.a(variantHooks.o)
 .debug_abbrev  0x000030de      0x39f C:\Users\David Waier\Desktop\lil_fish_tanks\LilFishTanks\LilFishTanks\ArduinoCore\Debug\libArduinoCore.a(MD_TCS230.o)
 .debug_abbrev  0x0000347d       0x2a C:\Users\David Waier\Desktop\lil_fish_tanks\LilFishTanks\LilFishTanks\ArduinoCore\Debug\libArduinoCore.a(hooks.o)
 .debug_abbrev  0x000034a7      0x115 C:\Users\David Waier\Desktop\lil_fish_tanks\LilFishTanks\LilFishTanks\ArduinoCore\Debug\libArduinoCore.a(heap_3.o)
 .debug_abbrev  0x000035bc       0xff C:\Users\David Waier\Desktop\lil_fish_tanks\LilFishTanks\LilFishTanks\ArduinoCore\Debug\libArduinoCore.a(list.o)
 .debug_abbrev  0x000036bb      0x158 C:\Users\David Waier\Desktop\lil_fish_tanks\LilFishTanks\LilFishTanks\ArduinoCore\Debug\libArduinoCore.a(port.o)
 .debug_abbrev  0x00003813      0x210 C:\Users\David Waier\Desktop\lil_fish_tanks\LilFishTanks\LilFishTanks\ArduinoCore\Debug\libArduinoCore.a(FreqCount.o)
 .debug_abbrev  0x00003a23       0x14 C:/Program Files (x86)/Atmel/Studio/7.0/Packs/atmel/ATmega_DFP/1.3.300/gcc/dev/atmega328p/avr5\libatmega328p.a(eerd_byte.o)
 .debug_abbrev  0x00003a37       0x14 C:/Program Files (x86)/Atmel/Studio/7.0/Packs/atmel/ATmega_DFP/1.3.300/gcc/dev/atmega328p/avr5\libatmega328p.a(eewr_byte.o)

.debug_line     0x00000000     0x66bc
 *(.debug_line .debug_line.* .debug_line_end)
 .debug_line    0x00000000      0x133 C:/Program Files (x86)/Atmel/Studio/7.0/Packs/atmel/ATmega_DFP/1.3.300/gcc/dev/atmega328p/avr5/crtatmega328p.o
 .debug_line    0x00000133      0x6e6 DFRobot_PH.o
 .debug_line    0x00000819      0x91a main.o
 .debug_line    0x00001133      0x6c8 OneWire.o
 .debug_line    0x000017fb      0x4c4 C:\Users\David Waier\Desktop\lil_fish_tanks\LilFishTanks\LilFishTanks\ArduinoCore\Debug\libArduinoCore.a(HardwareSerial.o)
 .debug_line    0x00001cbf      0x28c C:\Users\David Waier\Desktop\lil_fish_tanks\LilFishTanks\LilFishTanks\ArduinoCore\Debug\libArduinoCore.a(HardwareSerial0.o)
 .debug_line    0x00001f4b      0x165 C:\Users\David Waier\Desktop\lil_fish_tanks\LilFishTanks\LilFishTanks\ArduinoCore\Debug\libArduinoCore.a(main.o)
 .debug_line    0x000020b0      0x685 C:\Users\David Waier\Desktop\lil_fish_tanks\LilFishTanks\LilFishTanks\ArduinoCore\Debug\libArduinoCore.a(Print.o)
 .debug_line    0x00002735      0x1a0 C:\Users\David Waier\Desktop\lil_fish_tanks\LilFishTanks\LilFishTanks\ArduinoCore\Debug\libArduinoCore.a(WInterrupts.o)
 .debug_line    0x000028d5      0x299 C:\Users\David Waier\Desktop\lil_fish_tanks\LilFishTanks\LilFishTanks\ArduinoCore\Debug\libArduinoCore.a(wiring.o)
 .debug_line    0x00002b6e      0x20f C:\Users\David Waier\Desktop\lil_fish_tanks\LilFishTanks\LilFishTanks\ArduinoCore\Debug\libArduinoCore.a(wiring_analog.o)
 .debug_line    0x00002d7d      0x252 C:\Users\David Waier\Desktop\lil_fish_tanks\LilFishTanks\LilFishTanks\ArduinoCore\Debug\libArduinoCore.a(wiring_digital.o)
 .debug_line    0x00002fcf      0xb6a C:\Users\David Waier\Desktop\lil_fish_tanks\LilFishTanks\LilFishTanks\ArduinoCore\Debug\libArduinoCore.a(queue.o)
 .debug_line    0x00003b39     0x1256 C:\Users\David Waier\Desktop\lil_fish_tanks\LilFishTanks\LilFishTanks\ArduinoCore\Debug\libArduinoCore.a(tasks.o)
 .debug_line    0x00004d8f      0x538 C:\Users\David Waier\Desktop\lil_fish_tanks\LilFishTanks\LilFishTanks\ArduinoCore\Debug\libArduinoCore.a(timers.o)
 .debug_line    0x000052c7      0x246 C:\Users\David Waier\Desktop\lil_fish_tanks\LilFishTanks\LilFishTanks\ArduinoCore\Debug\libArduinoCore.a(variantHooks.o)
 .debug_line    0x0000550d      0x622 C:\Users\David Waier\Desktop\lil_fish_tanks\LilFishTanks\LilFishTanks\ArduinoCore\Debug\libArduinoCore.a(MD_TCS230.o)
 .debug_line    0x00005b2f       0x41 C:\Users\David Waier\Desktop\lil_fish_tanks\LilFishTanks\LilFishTanks\ArduinoCore\Debug\libArduinoCore.a(hooks.o)
 .debug_line    0x00005b70      0x1a3 C:\Users\David Waier\Desktop\lil_fish_tanks\LilFishTanks\LilFishTanks\ArduinoCore\Debug\libArduinoCore.a(heap_3.o)
 .debug_line    0x00005d13      0x208 C:\Users\David Waier\Desktop\lil_fish_tanks\LilFishTanks\LilFishTanks\ArduinoCore\Debug\libArduinoCore.a(list.o)
 .debug_line    0x00005f1b      0x328 C:\Users\David Waier\Desktop\lil_fish_tanks\LilFishTanks\LilFishTanks\ArduinoCore\Debug\libArduinoCore.a(port.o)
 .debug_line    0x00006243      0x361 C:\Users\David Waier\Desktop\lil_fish_tanks\LilFishTanks\LilFishTanks\ArduinoCore\Debug\libArduinoCore.a(FreqCount.o)
 .debug_line    0x000065a4       0x7a C:/Program Files (x86)/Atmel/Studio/7.0/Packs/atmel/ATmega_DFP/1.3.300/gcc/dev/atmega328p/avr5\libatmega328p.a(eerd_byte.o)
 .debug_line    0x0000661e       0x9e C:/Program Files (x86)/Atmel/Studio/7.0/Packs/atmel/ATmega_DFP/1.3.300/gcc/dev/atmega328p/avr5\libatmega328p.a(eewr_byte.o)

.debug_frame    0x00000000     0x1e40
 *(.debug_frame)
 .debug_frame   0x00000000      0x1d8 DFRobot_PH.o
 .debug_frame   0x000001d8      0x21c main.o
 .debug_frame   0x000003f4      0x258 OneWire.o
 .debug_frame   0x0000064c      0x110 C:\Users\David Waier\Desktop\lil_fish_tanks\LilFishTanks\LilFishTanks\ArduinoCore\Debug\libArduinoCore.a(HardwareSerial.o)
 .debug_frame   0x0000075c       0xe0 C:\Users\David Waier\Desktop\lil_fish_tanks\LilFishTanks\LilFishTanks\ArduinoCore\Debug\libArduinoCore.a(HardwareSerial0.o)
 .debug_frame   0x0000083c       0x54 C:\Users\David Waier\Desktop\lil_fish_tanks\LilFishTanks\LilFishTanks\ArduinoCore\Debug\libArduinoCore.a(main.o)
 .debug_frame   0x00000890      0x3ac C:\Users\David Waier\Desktop\lil_fish_tanks\LilFishTanks\LilFishTanks\ArduinoCore\Debug\libArduinoCore.a(Print.o)
 .debug_frame   0x00000c3c       0xf4 C:\Users\David Waier\Desktop\lil_fish_tanks\LilFishTanks\LilFishTanks\ArduinoCore\Debug\libArduinoCore.a(WInterrupts.o)
 .debug_frame   0x00000d30       0xc4 C:\Users\David Waier\Desktop\lil_fish_tanks\LilFishTanks\LilFishTanks\ArduinoCore\Debug\libArduinoCore.a(wiring.o)
 .debug_frame   0x00000df4       0x54 C:\Users\David Waier\Desktop\lil_fish_tanks\LilFishTanks\LilFishTanks\ArduinoCore\Debug\libArduinoCore.a(wiring_analog.o)
 .debug_frame   0x00000e48       0x7c C:\Users\David Waier\Desktop\lil_fish_tanks\LilFishTanks\LilFishTanks\ArduinoCore\Debug\libArduinoCore.a(wiring_digital.o)
 .debug_frame   0x00000ec4      0x368 C:\Users\David Waier\Desktop\lil_fish_tanks\LilFishTanks\LilFishTanks\ArduinoCore\Debug\libArduinoCore.a(queue.o)
 .debug_frame   0x0000122c      0x57c C:\Users\David Waier\Desktop\lil_fish_tanks\LilFishTanks\LilFishTanks\ArduinoCore\Debug\libArduinoCore.a(tasks.o)
 .debug_frame   0x000017a8      0x198 C:\Users\David Waier\Desktop\lil_fish_tanks\LilFishTanks\LilFishTanks\ArduinoCore\Debug\libArduinoCore.a(timers.o)
 .debug_frame   0x00001940       0x54 C:\Users\David Waier\Desktop\lil_fish_tanks\LilFishTanks\LilFishTanks\ArduinoCore\Debug\libArduinoCore.a(variantHooks.o)
 .debug_frame   0x00001994      0x28c C:\Users\David Waier\Desktop\lil_fish_tanks\LilFishTanks\LilFishTanks\ArduinoCore\Debug\libArduinoCore.a(MD_TCS230.o)
 .debug_frame   0x00001c20       0x24 C:\Users\David Waier\Desktop\lil_fish_tanks\LilFishTanks\LilFishTanks\ArduinoCore\Debug\libArduinoCore.a(hooks.o)
 .debug_frame   0x00001c44       0x4c C:\Users\David Waier\Desktop\lil_fish_tanks\LilFishTanks\LilFishTanks\ArduinoCore\Debug\libArduinoCore.a(heap_3.o)
 .debug_frame   0x00001c90       0x90 C:\Users\David Waier\Desktop\lil_fish_tanks\LilFishTanks\LilFishTanks\ArduinoCore\Debug\libArduinoCore.a(list.o)
 .debug_frame   0x00001d20       0x74 C:\Users\David Waier\Desktop\lil_fish_tanks\LilFishTanks\LilFishTanks\ArduinoCore\Debug\libArduinoCore.a(port.o)
 .debug_frame   0x00001d94       0xac C:\Users\David Waier\Desktop\lil_fish_tanks\LilFishTanks\LilFishTanks\ArduinoCore\Debug\libArduinoCore.a(FreqCount.o)

.debug_str      0x00000000     0x4ba0
 *(.debug_str)
 .debug_str     0x00000000      0x208 C:/Program Files (x86)/Atmel/Studio/7.0/Packs/atmel/ATmega_DFP/1.3.300/gcc/dev/atmega328p/avr5/crtatmega328p.o
 .debug_str     0x00000208      0x975 DFRobot_PH.o
                                0xa3c (size before relaxing)
 .debug_str     0x00000b7d      0xc1b main.o
                               0x14ed (size before relaxing)
 .debug_str     0x00001798      0x155 OneWire.o
                                0x685 (size before relaxing)
 .debug_str     0x000018ed     0x128c C:\Users\David Waier\Desktop\lil_fish_tanks\LilFishTanks\LilFishTanks\ArduinoCore\Debug\libArduinoCore.a(HardwareSerial.o)
                               0x1659 (size before relaxing)
 .debug_str     0x00002b79       0x86 C:\Users\David Waier\Desktop\lil_fish_tanks\LilFishTanks\LilFishTanks\ArduinoCore\Debug\libArduinoCore.a(HardwareSerial0.o)
                               0x144c (size before relaxing)
 .debug_str     0x00002bff       0x37 C:\Users\David Waier\Desktop\lil_fish_tanks\LilFishTanks\LilFishTanks\ArduinoCore\Debug\libArduinoCore.a(main.o)
                                0x2f8 (size before relaxing)
 .debug_str     0x00002c36      0x2ff C:\Users\David Waier\Desktop\lil_fish_tanks\LilFishTanks\LilFishTanks\ArduinoCore\Debug\libArduinoCore.a(Print.o)
                               0x1286 (size before relaxing)
 .debug_str     0x00002f35      0x146 C:\Users\David Waier\Desktop\lil_fish_tanks\LilFishTanks\LilFishTanks\ArduinoCore\Debug\libArduinoCore.a(WInterrupts.o)
                                0x27b (size before relaxing)
 .debug_str     0x0000307b       0x67 C:\Users\David Waier\Desktop\lil_fish_tanks\LilFishTanks\LilFishTanks\ArduinoCore\Debug\libArduinoCore.a(wiring.o)
                                0x28e (size before relaxing)
 .debug_str     0x000030e2       0x5b C:\Users\David Waier\Desktop\lil_fish_tanks\LilFishTanks\LilFishTanks\ArduinoCore\Debug\libArduinoCore.a(wiring_analog.o)
                                0x292 (size before relaxing)
 .debug_str     0x0000313d       0x63 C:\Users\David Waier\Desktop\lil_fish_tanks\LilFishTanks\LilFishTanks\ArduinoCore\Debug\libArduinoCore.a(wiring_digital.o)
                                0x2f3 (size before relaxing)
 .debug_str     0x000031a0      0x788 C:\Users\David Waier\Desktop\lil_fish_tanks\LilFishTanks\LilFishTanks\ArduinoCore\Debug\libArduinoCore.a(queue.o)
                                0x9b9 (size before relaxing)
 .debug_str     0x00003928      0x9b6 C:\Users\David Waier\Desktop\lil_fish_tanks\LilFishTanks\LilFishTanks\ArduinoCore\Debug\libArduinoCore.a(tasks.o)
                                0xedc (size before relaxing)
 .debug_str     0x000042de      0x419 C:\Users\David Waier\Desktop\lil_fish_tanks\LilFishTanks\LilFishTanks\ArduinoCore\Debug\libArduinoCore.a(timers.o)
                                0x865 (size before relaxing)
 .debug_str     0x000046f7       0x89 C:\Users\David Waier\Desktop\lil_fish_tanks\LilFishTanks\LilFishTanks\ArduinoCore\Debug\libArduinoCore.a(variantHooks.o)
                                0x394 (size before relaxing)
 .debug_str     0x00004780      0x11f C:\Users\David Waier\Desktop\lil_fish_tanks\LilFishTanks\LilFishTanks\ArduinoCore\Debug\libArduinoCore.a(MD_TCS230.o)
                                0x783 (size before relaxing)
 .debug_str     0x0000489f       0x1c C:\Users\David Waier\Desktop\lil_fish_tanks\LilFishTanks\LilFishTanks\ArduinoCore\Debug\libArduinoCore.a(hooks.o)
                                0x183 (size before relaxing)
 .debug_str     0x000048bb       0x3b C:\Users\David Waier\Desktop\lil_fish_tanks\LilFishTanks\LilFishTanks\ArduinoCore\Debug\libArduinoCore.a(heap_3.o)
                                0x245 (size before relaxing)
 .debug_str     0x000048f6       0x69 C:\Users\David Waier\Desktop\lil_fish_tanks\LilFishTanks\LilFishTanks\ArduinoCore\Debug\libArduinoCore.a(list.o)
                                0x310 (size before relaxing)
 .debug_str     0x0000495f       0x91 C:\Users\David Waier\Desktop\lil_fish_tanks\LilFishTanks\LilFishTanks\ArduinoCore\Debug\libArduinoCore.a(port.o)
                                0x2fc (size before relaxing)
 .debug_str     0x000049f0      0x1b0 C:\Users\David Waier\Desktop\lil_fish_tanks\LilFishTanks\LilFishTanks\ArduinoCore\Debug\libArduinoCore.a(FreqCount.o)
                                0x4c1 (size before relaxing)

.debug_loc      0x00000000     0xb50b
 *(.debug_loc)
 .debug_loc     0x00000000      0xc3f DFRobot_PH.o
 .debug_loc     0x00000c3f      0x78c main.o
 .debug_loc     0x000013cb     0x1112 OneWire.o
 .debug_loc     0x000024dd      0x4dc C:\Users\David Waier\Desktop\lil_fish_tanks\LilFishTanks\LilFishTanks\ArduinoCore\Debug\libArduinoCore.a(HardwareSerial.o)
 .debug_loc     0x000029b9      0x1b0 C:\Users\David Waier\Desktop\lil_fish_tanks\LilFishTanks\LilFishTanks\ArduinoCore\Debug\libArduinoCore.a(HardwareSerial0.o)
 .debug_loc     0x00002b69     0x1c87 C:\Users\David Waier\Desktop\lil_fish_tanks\LilFishTanks\LilFishTanks\ArduinoCore\Debug\libArduinoCore.a(Print.o)
 .debug_loc     0x000047f0      0x235 C:\Users\David Waier\Desktop\lil_fish_tanks\LilFishTanks\LilFishTanks\ArduinoCore\Debug\libArduinoCore.a(WInterrupts.o)
 .debug_loc     0x00004a25      0x28d C:\Users\David Waier\Desktop\lil_fish_tanks\LilFishTanks\LilFishTanks\ArduinoCore\Debug\libArduinoCore.a(wiring.o)
 .debug_loc     0x00004cb2       0xfe C:\Users\David Waier\Desktop\lil_fish_tanks\LilFishTanks\LilFishTanks\ArduinoCore\Debug\libArduinoCore.a(wiring_analog.o)
 .debug_loc     0x00004db0      0x5fc C:\Users\David Waier\Desktop\lil_fish_tanks\LilFishTanks\LilFishTanks\ArduinoCore\Debug\libArduinoCore.a(wiring_digital.o)
 .debug_loc     0x000053ac     0x1b17 C:\Users\David Waier\Desktop\lil_fish_tanks\LilFishTanks\LilFishTanks\ArduinoCore\Debug\libArduinoCore.a(queue.o)
 .debug_loc     0x00006ec3     0x24ae C:\Users\David Waier\Desktop\lil_fish_tanks\LilFishTanks\LilFishTanks\ArduinoCore\Debug\libArduinoCore.a(tasks.o)
 .debug_loc     0x00009371      0xadc C:\Users\David Waier\Desktop\lil_fish_tanks\LilFishTanks\LilFishTanks\ArduinoCore\Debug\libArduinoCore.a(timers.o)
 .debug_loc     0x00009e4d       0xb6 C:\Users\David Waier\Desktop\lil_fish_tanks\LilFishTanks\LilFishTanks\ArduinoCore\Debug\libArduinoCore.a(variantHooks.o)
 .debug_loc     0x00009f03      0xde2 C:\Users\David Waier\Desktop\lil_fish_tanks\LilFishTanks\LilFishTanks\ArduinoCore\Debug\libArduinoCore.a(MD_TCS230.o)
 .debug_loc     0x0000ace5      0x112 C:\Users\David Waier\Desktop\lil_fish_tanks\LilFishTanks\LilFishTanks\ArduinoCore\Debug\libArduinoCore.a(heap_3.o)
 .debug_loc     0x0000adf7      0x1d7 C:\Users\David Waier\Desktop\lil_fish_tanks\LilFishTanks\LilFishTanks\ArduinoCore\Debug\libArduinoCore.a(list.o)
 .debug_loc     0x0000afce      0x288 C:\Users\David Waier\Desktop\lil_fish_tanks\LilFishTanks\LilFishTanks\ArduinoCore\Debug\libArduinoCore.a(port.o)
 .debug_loc     0x0000b256      0x2b5 C:\Users\David Waier\Desktop\lil_fish_tanks\LilFishTanks\LilFishTanks\ArduinoCore\Debug\libArduinoCore.a(FreqCount.o)

.debug_macinfo
 *(.debug_macinfo)

.debug_weaknames
 *(.debug_weaknames)

.debug_funcnames
 *(.debug_funcnames)

.debug_typenames
 *(.debug_typenames)

.debug_varnames
 *(.debug_varnames)

.debug_pubtypes
 *(.debug_pubtypes)

.debug_ranges   0x00000000      0x910
 *(.debug_ranges)
 .debug_ranges  0x00000000       0x78 DFRobot_PH.o
 .debug_ranges  0x00000078       0xc8 main.o
 .debug_ranges  0x00000140       0x90 OneWire.o
 .debug_ranges  0x000001d0       0x58 C:\Users\David Waier\Desktop\lil_fish_tanks\LilFishTanks\LilFishTanks\ArduinoCore\Debug\libArduinoCore.a(HardwareSerial.o)
 .debug_ranges  0x00000228       0x38 C:\Users\David Waier\Desktop\lil_fish_tanks\LilFishTanks\LilFishTanks\ArduinoCore\Debug\libArduinoCore.a(HardwareSerial0.o)
 .debug_ranges  0x00000260       0x20 C:\Users\David Waier\Desktop\lil_fish_tanks\LilFishTanks\LilFishTanks\ArduinoCore\Debug\libArduinoCore.a(main.o)