Archive member included to satisfy reference by file (symbol)

c:/program files (x86)/atmel/studio/7.0/toolchain/avr8/avr8-gnu-toolchain/bin/../lib/gcc/avr/5.4.0/../../../../avr/lib/avr5\libm.a(addsf3.o)
                              DFRobot_PH.o (__subsf3)
c:/program files (x86)/atmel/studio/7.0/toolchain/avr8/avr8-gnu-toolchain/bin/../lib/gcc/avr/5.4.0/../../../../avr/lib/avr5\libm.a(addsf3x.o)
                              c:/program files (x86)/atmel/studio/7.0/toolchain/avr8/avr8-gnu-toolchain/bin/../lib/gcc/avr/5.4.0/../../../../avr/lib/avr5\libm.a(addsf3.o) (__addsf3x)
c:/program files (x86)/atmel/studio/7.0/toolchain/avr8/avr8-gnu-toolchain/bin/../lib/gcc/avr/5.4.0/../../../../avr/lib/avr5\libm.a(cmpsf2.o)
                              main.o (__eqsf2)
c:/program files (x86)/atmel/studio/7.0/toolchain/avr8/avr8-gnu-toolchain/bin/../lib/gcc/avr/5.4.0/../../../../avr/lib/avr5\libm.a(divsf3.o)
                              DFRobot_PH.o (__divsf3)
c:/program files (x86)/atmel/studio/7.0/toolchain/avr8/avr8-gnu-toolchain/bin/../lib/gcc/avr/5.4.0/../../../../avr/lib/avr5\libm.a(divsf3x.o)
                              c:/program files (x86)/atmel/studio/7.0/toolchain/avr8/avr8-gnu-toolchain/bin/../lib/gcc/avr/5.4.0/../../../../avr/lib/avr5\libm.a(divsf3.o) (__divsf3x)
c:/program files (x86)/atmel/studio/7.0/toolchain/avr8/avr8-gnu-toolchain/bin/../lib/gcc/avr/5.4.0/../../../../avr/lib/avr5\libm.a(fixsfsi.o)
                              main.o (__fixsfsi)
c:/program files (x86)/atmel/studio/7.0/toolchain/avr8/avr8-gnu-toolchain/bin/../lib/gcc/avr/5.4.0/../../../../avr/lib/avr5\libm.a(fixunssfsi.o)
                              c:/program files (x86)/atmel/studio/7.0/toolchain/avr8/avr8-gnu-toolchain/bin/../lib/gcc/avr/5.4.0/../../../../avr/lib/avr5\libm.a(fixsfsi.o) (__fixunssfsi)
c:/program files (x86)/atmel/studio/7.0/toolchain/avr8/avr8-gnu-toolchain/bin/../lib/gcc/avr/5.4.0/../../../../avr/lib/avr5\libm.a(floatsisf.o)
                              main.o (__floatsisf)
c:/program files (x86)/atmel/studio/7.0/toolchain/avr8/avr8-gnu-toolchain/bin/../lib/gcc/avr/5.4.0/../../../../avr/lib/avr5\libm.a(fp_cmp.o)
                              c:/program files (x86)/atmel/studio/7.0/toolchain/avr8/avr8-gnu-toolchain/bin/../lib/gcc/avr/5.4.0/../../../../avr/lib/avr5\libm.a(cmpsf2.o) (__fp_cmp)
c:/program files (x86)/atmel/studio/7.0/toolchain/avr8/avr8-gnu-toolchain/bin/../lib/gcc/avr/5.4.0/../../../../avr/lib/avr5\libm.a(fp_inf.o)
                              c:/program files (x86)/atmel/studio/7.0/toolchain/avr8/avr8-gnu-toolchain/bin/../lib/gcc/avr/5.4.0/../../../../avr/lib/avr5\libm.a(addsf3x.o) (__fp_inf)
c:/program files (x86)/atmel/studio/7.0/toolchain/avr8/avr8-gnu-toolchain/bin/../lib/gcc/avr/5.4.0/../../../../avr/lib/avr5\libm.a(fp_nan.o)
                              c:/program files (x86)/atmel/studio/7.0/toolchain/avr8/avr8-gnu-toolchain/bin/../lib/gcc/avr/5.4.0/../../../../avr/lib/avr5\libm.a(addsf3x.o) (__fp_nan)
c:/program files (x86)/atmel/studio/7.0/toolchain/avr8/avr8-gnu-toolchain/bin/../lib/gcc/avr/5.4.0/../../../../avr/lib/avr5\libm.a(fp_pscA.o)
                              c:/program files (x86)/atmel/studio/7.0/toolchain/avr8/avr8-gnu-toolchain/bin/../lib/gcc/avr/5.4.0/../../../../avr/lib/avr5\libm.a(addsf3x.o) (__fp_pscA)
c:/program files (x86)/atmel/studio/7.0/toolchain/avr8/avr8-gnu-toolchain/bin/../lib/gcc/avr/5.4.0/../../../../avr/lib/avr5\libm.a(fp_pscB.o)
                              c:/program files (x86)/atmel/studio/7.0/toolchain/avr8/avr8-gnu-toolchain/bin/../lib/gcc/avr/5.4.0/../../../../avr/lib/avr5\libm.a(addsf3x.o) (__fp_pscB)
c:/program files (x86)/atmel/studio/7.0/toolchain/avr8/avr8-gnu-toolchain/bin/../lib/gcc/avr/5.4.0/../../../../avr/lib/avr5\libm.a(fp_round.o)
                              c:/program files (x86)/atmel/studio/7.0/toolchain/avr8/avr8-gnu-toolchain/bin/../lib/gcc/avr/5.4.0/../../../../avr/lib/avr5\libm.a(addsf3.o) (__fp_round)
c:/program files (x86)/atmel/studio/7.0/toolchain/avr8/avr8-gnu-toolchain/bin/../lib/gcc/avr/5.4.0/../../../../avr/lib/avr5\libm.a(fp_split3.o)
                              c:/program files (x86)/atmel/studio/7.0/toolchain/avr8/avr8-gnu-toolchain/bin/../lib/gcc/avr/5.4.0/../../../../avr/lib/avr5\libm.a(addsf3x.o) (__fp_split3)
c:/program files (x86)/atmel/studio/7.0/toolchain/avr8/avr8-gnu-toolchain/bin/../lib/gcc/avr/5.4.0/../../../../avr/lib/avr5\libm.a(fp_zero.o)
                              c:/program files (x86)/atmel/studio/7.0/toolchain/avr8/avr8-gnu-toolchain/bin/../lib/gcc/avr/5.4.0/../../../../avr/lib/avr5\libm.a(addsf3x.o) (__fp_zero)
c:/program files (x86)/atmel/studio/7.0/toolchain/avr8/avr8-gnu-toolchain/bin/../lib/gcc/avr/5.4.0/../../../../avr/lib/avr5\libm.a(gesf2.o)
                              DFRobot_PH.o (__gtsf2)
c:/program files (x86)/atmel/studio/7.0/toolchain/avr8/avr8-gnu-toolchain/bin/../lib/gcc/avr/5.4.0/../../../../avr/lib/avr5\libm.a(mulsf3.o)
[...]
Memory Configuration

Name             Origin             Length             Attributes
text             0x00000000         0x00020000         xr
data             0x00800060         0x0000ffa0         rw !x
eeprom           0x00810000         0x00010000         rw !x
fuse             0x00820000         0x00000003         rw !x
lock             0x00830000         0x00000400         rw !x
signature        0x00840000         0x00000400         rw !x
user_signatures  0x00850000         0x00000400         rw !x
*default*        0x00000000         0xffffffff

Linker script and memory map

Address of section .data set to 0x800100
LOAD C:/Program Files (x86)/Atmel/Studio/7.0/Packs/atmel/ATmega_DFP/1.2.209/gcc/dev/atmega328p/avr5/crtatmega328p.o
LOAD DFRobot_PH.o
LOAD main.o
LOAD OneWire.o
LOAD phSensor.o
LOAD src/libraries/MD_TCS230/src/MD_TCS230.o
LOAD src/libraries/SoftwareSerial/src/SoftwareSerial.o
START GROUP
LOAD c:/program files (x86)/atmel/studio/7.0/toolchain/avr8/avr8-gnu-toolchain/bin/../lib/gcc/avr/5.4.0/../../../../avr/lib/avr5\libm.a
LOAD D:\Users\Celine\ONEDRI~1.EDU\DOCUME~1\Schule\UNIVER~1\EECS47~1\Project\LIL_FI~1\LILFIS~1\LILFIS~1\ARDUIN~1\Debug\libArduinoCore.a
END GROUP
LOAD c:/program files (x86)/atmel/studio/7.0/toolchain/avr8/avr8-gnu-toolchain/bin/../lib/gcc/avr/5.4.0/avr5\libgcc.a
LOAD c:/program files (x86)/atmel/studio/7.0/toolchain/avr8/avr8-gnu-toolchain/bin/../lib/gcc/avr/5.4.0/../../../../avr/lib/avr5\libm.a
START GROUP
LOAD c:/program files (x86)/atmel/studio/7.0/toolchain/avr8/avr8-gnu-toolchain/bin/../lib/gcc/avr/5.4.0/avr5\libgcc.a
LOAD c:/program files (x86)/atmel/studio/7.0/toolchain/avr8/avr8-gnu-toolchain/bin/../lib/gcc/avr/5.4.0/../../../../avr/lib/avr5\libm.a
LOAD c:/program files (x86)/atmel/studio/7.0/toolchain/avr8/avr8-gnu-toolchain/bin/../lib/gcc/avr/5.4.0/../../../../avr/lib/avr5\libc.a
LOAD C:/Program Files (x86)/Atmel/Studio/7.0/Packs/atmel/ATmega_DFP/1.2.209/gcc/dev/atmega328p/avr5\libatmega328p.a
END GROUP
                0x00000000                __TEXT_REGION_ORIGIN__ = DEFINED (__TEXT_REGION_ORIGIN__)?__TEXT_REGION_ORIGIN__:0x0
                0x00800060                __DATA_REGION_ORIGIN__ = DEFINED (__DATA_REGION_ORIGIN__)?__DATA_REGION_ORIGIN__:0x800060
                0x00020000                __TEXT_REGION_LENGTH__ = DEFINED (__TEXT_REGION_LENGTH__)?__TEXT_REGION_LENGTH__:0x20000
                0x0000ffa0                __DATA_REGION_LENGTH__ = DEFINED (__DATA_REGION_LENGTH__)?__DATA_REGION_LENGTH__:0xffa0
                0x00010000                __EEPROM_REGION_LENGTH__ = DEFINED (__EEPROM_REGION_LENGTH__)?__EEPROM_REGION_LENGTH__:0x10000
                [0x00000003]                __FUSE_REGION_LENGTH__ = DEFINED (__FUSE_REGION_LENGTH__)?__FUSE_REGION_LENGTH__:0x400
                0x00000400                __LOCK_REGION_LENGTH__ = DEFINED (__LOCK_REGION_LENGTH__)?__LOCK_REGION_LENGTH__:0x400
                0x00000400                __SIGNATURE_REGION_LENGTH__ = DEFINED (__SIGNATURE_REGION_LENGTH__)?__SIGNATURE_REGION_LENGTH__:0x400
                0x00000400                __USER_SIGNATURE_REGION_LENGTH__ = DEFINED (__USER_SIGNATURE_REGION_LENGTH__)?__USER_SIGNATURE_REGION_LENGTH__:0x400

.hash
 *(.hash)

.dynsym
 *(.dynsym)

.dynstr
 *(.dynstr)

.gnu.version
 *(.gnu.version)

.gnu.version_d
 *(.gnu.version_d)

.gnu.version_r
 *(.gnu.version_r)

.rel.init
 *(.rel.init)

.rela.init
 *(.rela.init)

.rel.text
 *(.rel.text)
 *(.rel.text.*)
 *(.rel.gnu.linkonce.t*)

.rela.text
 *(.rela.text)
 *(.rela.text.*)
 *(.rela.gnu.linkonce.t*)

.rel.fini
 *(.rel.fini)

.rela.fini
 *(.rela.fini)

.rel.rodata
 *(.rel.rodata)
 *(.rel.rodata.*)
 *(.rel.gnu.linkonce.r*)

.rela.rodata
 *(.rela.rodata)
 *(.rela.rodata.*)
 *(.rela.gnu.linkonce.r*)

.rel.data
 *(.rel.data)
 *(.rel.data.*)
 *(.rel.gnu.linkonce.d*)

.rela.data
 *(.rela.data)
 *(.rela.data.*)
 *(.rela.gnu.linkonce.d*)

.rel.ctors
 *(.rel.ctors)

.rela.ctors
 *(.rela.ctors)

.rel.dtors
 *(.rel.dtors)

.rela.dtors
 *(.rela.dtors)

.rel.got
 *(.rel.got)

.rela.got
 *(.rela.got)

.rel.bss
 *(.rel.bss)

.rela.bss
 *(.rela.bss)

.rel.plt
 *(.rel.plt)

.rela.plt
 *(.rela.plt)

.text           0x00000000     0x42aa
 *(.vectors)
 .vectors       0x00000000       0x68 C:/Program Files (x86)/Atmel/Studio/7.0/Packs/atmel/ATmega_DFP/1.2.209/gcc/dev/atmega328p/avr5/crtatmega328p.o
                0x00000000                __vector_default
                0x00000000                __vectors
 *(.vectors)
 *(.progmem.gcc*)
 .progmem.gcc_sw_table.prvTimerTask
                0x00000068       0x14 D:\Users\Celine\ONEDRI~1.EDU\DOCUME~1\Schule\UNIVER~1\EECS47~1\Project\LIL_FI~1\LILFIS~1\LILFIS~1\ARDUIN~1\Debug\libArduinoCore.a(timers.o)
                0x0000007c                . = ALIGN (0x2)
                0x0000007c                __trampolines_start = .
 *(.trampolines)
 .trampolines   0x0000007c        0x0 linker stubs
 *(.trampolines*)
                0x0000007c                __trampolines_end = .
 *libprintf_flt.a:*(.progmem.data)
 *libc.a:*(.progmem.data)
 *(.progmem*)
 .progmem.data._ZL15dscrc2x16_table
                0x0000007c       0x20 OneWire.o
 .progmem.data.digital_pin_to_timer_PGM
                0x0000009c       0x14 D:\Users\Celine\ONEDRI~1.EDU\DOCUME~1\Schule\UNIVER~1\EECS47~1\Project\LIL_FI~1\LILFIS~1\LILFIS~1\ARDUIN~1\Debug\libArduinoCore.a(wiring_digital.o)
                0x0000009c                digital_pin_to_timer_PGM
 .progmem.data.digital_pin_to_bit_mask_PGM
                0x000000b0       0x14 D:\Users\Celine\ONEDRI~1.EDU\DOCUME~1\Schule\UNIVER~1\EECS47~1\Project\LIL_FI~1\LILFIS~1\LILFIS~1\ARDUIN~1\Debug\libArduinoCore.a(wiring_digital.o)
                0x000000b0                digital_pin_to_bit_mask_PGM
 .progmem.data.digital_pin_to_port_PGM
                0x000000c4       0x14 D:\Users\Celine\ONEDRI~1.EDU\DOCUME~1\Schule\UNIVER~1\EECS47~1\Project\LIL_FI~1\LILFIS~1\LILFIS~1\ARDUIN~1\Debug\libArduinoCore.a(wiring_digital.o)
                0x000000c4                digital_pin_to_port_PGM
 .progmem.data.port_to_input_PGM
                0x000000d8        0xa D:\Users\Celine\ONEDRI~1.EDU\DOCUME~1\Schule\UNIVER~1\EECS47~1\Project\LIL_FI~1\LILFIS~1\LILFIS~1\ARDUIN~1\Debug\libArduinoCore.a(wiring_digital.o)
                0x000000d8                port_to_input_PGM
 .progmem.data.port_to_output_PGM
                0x000000e2        0xa D:\Users\Celine\ONEDRI~1.EDU\DOCUME~1\Schule\UNIVER~1\EECS47~1\Project\LIL_FI~1\LILFIS~1\LILFIS~1\ARDUIN~1\Debug\libArduinoCore.a(wiring_digital.o)
                0x000000e2                port_to_output_PGM
 .progmem.data.port_to_mode_PGM
                0x000000ec        0xa D:\Users\Celine\ONEDRI~1.EDU\DOCUME~1\Schule\UNIVER~1\EECS47~1\Project\LIL_FI~1\LILFIS~1\LILFIS~1\ARDUIN~1\Debug\libArduinoCore.a(wiring_digital.o)
                0x000000ec                port_to_mode_PGM
                0x000000f6                . = ALIGN (0x2)
 *(.jumptables)
 *(.jumptables*)
 *(.lowtext)
 *(.lowtext*)
                0x000000f6                __ctors_start = .
 *(.ctors)
 .ctors         0x000000f6        0x2 main.o
 .ctors         0x000000f8        0x2 phSensor.o
 .ctors         0x000000fa        0x2 D:\Users\Celine\ONEDRI~1.EDU\DOCUME~1\Schule\UNIVER~1\EECS47~1\Project\LIL_FI~1\LILFIS~1\LILFIS~1\ARDUIN~1\Debug\libArduinoCore.a(HardwareSerial0.o)
                0x000000fc                __ctors_end = .
                0x000000fc                __dtors_start = .
 *(.dtors)
 .dtors         0x000000fc        0x2 main.o
 .dtors         0x000000fe        0x2 phSensor.o
                0x00000100                __dtors_end = .
 SORT(*)(.ctors)
 SORT(*)(.dtors)
 *(.init0)
 .init0         0x00000100        0x0 C:/Program Files (x86)/Atmel/Studio/7.0/Packs/atmel/ATmega_DFP/1.2.209/gcc/dev/atmega328p/avr5/crtatmega328p.o
                0x00000100                __init
 *(.init0)
 *(.init1)
 *(.init1)
 *(.init2)
 .init2         0x00000100        0xc C:/Program Files (x86)/Atmel/Studio/7.0/Packs/atmel/ATmega_DFP/1.2.209/gcc/dev/atmega328p/avr5/crtatmega328p.o
 *(.init2)
 *(.init3)
 *(.init3)
 *(.init4)
 .init4         0x0000010c       0x16 c:/program files (x86)/atmel/studio/7.0/toolchain/avr8/avr8-gnu-toolchain/bin/../lib/gcc/avr/5.4.0/avr5\libgcc.a(_copy_data.o)
                0x0000010c                __do_copy_data
 .init4         0x00000122       0x10 c:/program files (x86)/atmel/studio/7.0/toolchain/avr8/avr8-gnu-toolchain/bin/../lib/gcc/avr/5.4.0/avr5\libgcc.a(_clear_bss.o)
                0x00000122                __do_clear_bss
 *(.init4)
 *(.init5)
 *(.init5)
 *(.init6)
 .init6         0x00000132       0x16 c:/program files (x86)/atmel/studio/7.0/toolchain/avr8/avr8-gnu-toolchain/bin/../lib/gcc/avr/5.4.0/avr5\libgcc.a(_ctors.o)
                0x00000132                __do_global_ctors
 *(.init6)
 *(.init7)
 *(.init7)
 *(.init8)
 *(.init8)
 *(.init9)
 .init9         0x00000148        0x8 C:/Program Files (x86)/Atmel/Studio/7.0/Packs/atmel/ATmega_DFP/1.2.209/gcc/dev/atmega328p/avr5/crtatmega328p.o
 *(.init9)
 *(.text)
 .text          0x00000150        0x4 C:/Program Files (x86)/Atmel/Studio/7.0/Packs/atmel/ATmega_DFP/1.2.209/gcc/dev/atmega328p/avr5/crtatmega328p.o
                0x00000150                __vector_22
                0x00000150                __vector_24
                0x00000150                __vector_12
                0x00000150                __bad_interrupt
                0x00000150                __vector_23
                0x00000150                __vector_25
                0x00000150                __vector_11
                0x00000150                __vector_13
                0x00000150                __vector_17
                0x00000150                __vector_9
                0x00000150                __vector_21
                0x00000150                __vector_15
                0x00000150                __vector_8
                0x00000150                __vector_14
                0x00000150                __vector_10
                0x00000150                __vector_20
                0x00000154                . = ALIGN (0x2)
 *(.text.*)
 .text._ZN11EEPROMClass4readEi.isra.0
                0x00000154        0x4 DFRobot_PH.o
 .text._ZN10DFRobot_PHC2Ev
                0x00000158       0x4c DFRobot_PH.o
                0x00000158                _ZN10DFRobot_PHC1Ev
                0x00000158                _ZN10DFRobot_PHC2Ev
 .text._ZN10DFRobot_PHD2Ev
                0x000001a4        0x2 DFRobot_PH.o
                0x000001a4                _ZN10DFRobot_PHD2Ev
                0x000001a4                _ZN10DFRobot_PHD1Ev
 .text._ZN10DFRobot_PH5beginEv
                0x000001a6      0x15e DFRobot_PH.o
                0x000001a6                _ZN10DFRobot_PH5beginEv
 .text._ZN5Print5writeEPKc
                0x00000304       0x2a main.o
                0x00000304                _ZN5Print5writeEPKc
 .text._Z11measureTempv
                0x0000032e      0x16c main.o
                0x0000032e                _Z11measureTempv
 .text._Z9addColorsv
                0x0000049a      0x29c main.o
                0x0000049a                _Z9addColorsv
 .text._Z6setLED8LEDColor
                0x00000736       0x48 main.o
                0x00000736                _Z6setLED8LEDColor
 .text._Z20TaskPHandTemperaturePv
                0x0000077e      0x13c main.o
                0x0000077e                _Z20TaskPHandTemperaturePv
 .text._Z8setupLEDv
                0x000008ba       0x34 main.o
                0x000008ba                _Z8setupLEDv
 .text.setup    0x000008ee       0xe8 main.o
                0x000008ee                setup
 .text.loop     0x000009d6        0x2 main.o
                0x000009d6                loop
 .text.startup._GLOBAL__sub_I_ds
                0x000009d8       0x26 main.o
 .text.exit._GLOBAL__sub_D_ds
                0x000009fe       0x10 main.o
 .text._Z8fromWifiv
                0x00000a0e      0x15e main.o
                0x00000a0e                _Z8fromWifiv
 .text._ZN7OneWire5resetEv
                0x00000b6c       0x7e OneWire.o
                0x00000b6c                _ZN7OneWire5resetEv
 .text._ZN7OneWire9write_bitEh
                0x00000bea       0x66 OneWire.o
                0x00000bea                _ZN7OneWire9write_bitEh
 .text._ZN7OneWire8read_bitEv
                0x00000c50       0x56 OneWire.o
                0x00000c50                _ZN7OneWire8read_bitEv
 .text._ZN7OneWire5writeEhh
                0x00000ca6       0x68 OneWire.o
                0x00000ca6                _ZN7OneWire5writeEhh
 .text._ZN7OneWire4readEv
                0x00000d0e       0x38 OneWire.o
                0x00000d0e                _ZN7OneWire4readEv
 .text._ZN7OneWire6selectEPKh
                0x00000d46       0x3e OneWire.o
                0x00000d46                _ZN7OneWire6selectEPKh
 .text._ZN7OneWire12reset_searchEv
                0x00000d84       0x18 OneWire.o
                0x00000d84                _ZN7OneWire12reset_searchEv
 .text._ZN7OneWire5beginEh
                0x00000d9c       0x46 OneWire.o
                0x00000d9c                _ZN7OneWire5beginEh
 .text._ZN7OneWire6searchEPhb
                0x00000de2      0x10e OneWire.o
                0x00000de2                _ZN7OneWire6searchEPhb
 .text._ZN7OneWire4crc8EPKhh
                0x00000ef0       0x30 OneWire.o
                0x00000ef0                _ZN7OneWire4crc8EPKhh
 .text._Z6phInitv
                0x00000f20        0x8 phSensor.o
                0x00000f20                _Z6phInitv
 .text._Z6calcPHv
                0x00000f28      0x128 phSensor.o
                0x00000f28                _Z6calcPHv
 .text.startup._GLOBAL__sub_I_ph
                0x00001050        0x8 phSensor.o
 .text.exit._GLOBAL__sub_D_ph
                0x00001058        0x8 phSensor.o
 .text._ZN9MD_TCS23010initialiseEv
                0x00001060       0x4e src/libraries/MD_TCS230/src/MD_TCS230.o
                0x00001060                _ZN9MD_TCS23010initialiseEv
 .text._ZN9MD_TCS230C2Ehhh
                0x000010ae       0x28 src/libraries/MD_TCS230/src/MD_TCS230.o
                0x000010ae                _ZN9MD_TCS230C1Ehhh
                0x000010ae                _ZN9MD_TCS230C2Ehhh
 .text._ZN9MD_TCS230D2Ev
                0x000010d6        0x2 src/libraries/MD_TCS230/src/MD_TCS230.o
                0x000010d6                _ZN9MD_TCS230D2Ev
                0x000010d6                _ZN9MD_TCS230D1Ev
 .text._ZN9MD_TCS23013setFrequency2Eh
                0x000010d8       0x4c src/libraries/MD_TCS230/src/MD_TCS230.o
                0x000010d8                _ZN9MD_TCS23013setFrequency2Eh
 .text._ZN9MD_TCS2309setEnableEb
                0x00001124       0x22 src/libraries/MD_TCS230/src/MD_TCS230.o
                0x00001124                _ZN9MD_TCS2309setEnableEb
 .text._ZN9MD_TCS2305beginEv
                0x00001146       0x56 src/libraries/MD_TCS230/src/MD_TCS230.o
                0x00001146                _ZN9MD_TCS2305beginEv
 .text._ZN5Print17availableForWriteEv
                0x0000119c        0x6 src/libraries/SoftwareSerial/src/SoftwareSerial.o
                0x0000119c                _ZN5Print17availableForWriteEv
 .text._ZN14SoftwareSerial4readEv
                0x000011a2       0x42 src/libraries/SoftwareSerial/src/SoftwareSerial.o
                0x000011a2                _ZN14SoftwareSerial4readEv
 .text._ZN14SoftwareSerial5writeEh
                0x000011e4       0xa0 src/libraries/SoftwareSerial/src/SoftwareSerial.o
                0x000011e4                _ZN14SoftwareSerial5writeEh
 .text._ZN14SoftwareSerial5flushEv
                0x00001284        0x2 src/libraries/SoftwareSerial/src/SoftwareSerial.o
                0x00001284                _ZN14SoftwareSerial5flushEv
 .text._ZN14SoftwareSerial4peekEv
                0x00001286       0x30 src/libraries/SoftwareSerial/src/SoftwareSerial.o
                0x00001286                _ZN14SoftwareSerial4peekEv
 .text._ZN14SoftwareSerial9availableEv
                0x000012b6       0x30 src/libraries/SoftwareSerial/src/SoftwareSerial.o
                0x000012b6                _ZN14SoftwareSerial9availableEv
 .text._ZN14SoftwareSerial13stopListeningEv
                0x000012e6       0x2c src/libraries/SoftwareSerial/src/SoftwareSerial.o
                0x000012e6                _ZN14SoftwareSerial13stopListeningEv
 .text._ZN14SoftwareSerial6listenEv
                0x00001312       0x52 src/libraries/SoftwareSerial/src/SoftwareSerial.o
                0x00001312                _ZN14SoftwareSerial6listenEv
 .text.__vector_3
                0x00001364       0xf4 src/libraries/SoftwareSerial/src/SoftwareSerial.o
                0x00001364                __vector_5
                0x00001364                __vector_4
                0x00001364                __vector_3
 .text._ZN14SoftwareSerialD2Ev
                0x00001458        0xe src/libraries/SoftwareSerial/src/SoftwareSerial.o
                0x00001458                _ZN14SoftwareSerialD1Ev
                0x00001458                _ZN14SoftwareSerialD2Ev
 .text._ZN14SoftwareSerial5setTXEh
                0x00001466       0x52 src/libraries/SoftwareSerial/src/SoftwareSerial.o
                0x00001466                _ZN14SoftwareSerial5setTXEh
 .text._ZN14SoftwareSerial5setRXEh
                0x000014b8       0x52 src/libraries/SoftwareSerial/src/SoftwareSerial.o
                0x000014b8                _ZN14SoftwareSerial5setRXEh
 .text._ZN14SoftwareSerialC2Ehhb
                0x0000150a       0x56 src/libraries/SoftwareSerial/src/SoftwareSerial.o
                0x0000150a                _ZN14SoftwareSerialC1Ehhb
                0x0000150a                _ZN14SoftwareSerialC2Ehhb
 .text._ZN14SoftwareSerial5beginEl
                0x00001560      0x11c src/libraries/SoftwareSerial/src/SoftwareSerial.o
                0x00001560                _ZN14SoftwareSerial5beginEl
 .text.avr-libc.fplib
                0x0000167c        0xe c:/program files (x86)/atmel/studio/7.0/toolchain/avr8/avr8-gnu-toolchain/bin/../lib/gcc/avr/5.4.0/../../../../avr/lib/avr5\libm.a(addsf3.o)
                0x0000167c                __subsf3
                0x0000167e                __addsf3
 .text.avr-libc.fplib
                0x0000168a       0xcc c:/program files (x86)/atmel/studio/7.0/toolchain/avr8/avr8-gnu-toolchain/bin/../lib/gcc/avr/5.4.0/../../../../avr/lib/avr5\libm.a(addsf3x.o)
                0x000016ac                __addsf3x
 .text.avr-libc.fplib
                0x00001756        0xa c:/program files (x86)/atmel/studio/7.0/toolchain/avr8/avr8-gnu-toolchain/bin/../lib/gcc/avr/5.4.0/../../../../avr/lib/avr5\libm.a(cmpsf2.o)
                0x00001756                __nesf2
                0x00001756                __eqsf2
                0x00001756                __cmpsf2
                0x00001756                __ltsf2
                0x00001756                __lesf2
 .text.avr-libc.fplib
                0x00001760        0x8 c:/program files (x86)/atmel/studio/7.0/toolchain/avr8/avr8-gnu-toolchain/bin/../lib/gcc/avr/5.4.0/../../../../avr/lib/avr5\libm.a(divsf3.o)
                0x00001760                __divsf3
 .text.avr-libc.fplib
                0x00001768       0xdc c:/program files (x86)/atmel/studio/7.0/toolchain/avr8/avr8-gnu-toolchain/bin/../lib/gcc/avr/5.4.0/../../../../avr/lib/avr5\libm.a(divsf3x.o)
                0x00001788                __divsf3x
                0x0000178e                __divsf3_pse
 .text.avr-libc.fplib
                0x00001844        0xe c:/program files (x86)/atmel/studio/7.0/toolchain/avr8/avr8-gnu-toolchain/bin/../lib/gcc/avr/5.4.0/../../../../avr/lib/avr5\libm.a(fixsfsi.o)
                0x00001844                __fixsfsi
 .text.avr-libc.fplib
                0x00001852       0x5e c:/program files (x86)/atmel/studio/7.0/toolchain/avr8/avr8-gnu-toolchain/bin/../lib/gcc/avr/5.4.0/../../../../avr/lib/avr5\libm.a(fixunssfsi.o)
                0x00001852                __fixunssfsi
 .text.avr-libc.fplib
                0x000018b0       0x7a c:/program files (x86)/atmel/studio/7.0/toolchain/avr8/avr8-gnu-toolchain/bin/../lib/gcc/avr/5.4.0/../../../../avr/lib/avr5\libm.a(floatsisf.o)
                0x000018b0                __floatunsisf
                0x000018b4                __floatsisf
 .text.avr-libc.fplib
                0x0000192a       0x48 c:/program files (x86)/atmel/studio/7.0/toolchain/avr8/avr8-gnu-toolchain/bin/../lib/gcc/avr/5.4.0/../../../../avr/lib/avr5\libm.a(fp_cmp.o)
                0x0000192a                __fp_cmp
 .text.avr-libc.fplib
                0x00001972        0xc c:/program files (x86)/atmel/studio/7.0/toolchain/avr8/avr8-gnu-toolchain/bin/../lib/gcc/avr/5.4.0/../../../../avr/lib/avr5\libm.a(fp_inf.o)
                0x00001972                __fp_inf
 .text.avr-libc.fplib
                0x0000197e        0x6 c:/program files (x86)/atmel/studio/7.0/toolchain/avr8/avr8-gnu-toolchain/bin/../lib/gcc/avr/5.4.0/../../../../avr/lib/avr5\libm.a(fp_nan.o)
                0x0000197e                __fp_nan
 .text.avr-libc.fplib
                0x00001984        0xe c:/program files (x86)/atmel/studio/7.0/toolchain/avr8/avr8-gnu-toolchain/bin/../lib/gcc/avr/5.4.0/../../../../avr/lib/avr5\libm.a(fp_pscA.o)
                0x00001984                __fp_pscA
 .text.avr-libc.fplib
                0x00001992        0xe c:/program files (x86)/atmel/studio/7.0/toolchain/avr8/avr8-gnu-toolchain/bin/../lib/gcc/avr/5.4.0/../../../../avr/lib/avr5\libm.a(fp_pscB.o)
                0x00001992                __fp_pscB
 .text.avr-libc.fplib
                0x000019a0       0x22 c:/program files (x86)/atmel/studio/7.0/toolchain/avr8/avr8-gnu-toolchain/bin/../lib/gcc/avr/5.4.0/../../../../avr/lib/avr5\libm.a(fp_round.o)
                0x000019a0                __fp_round
 .text.avr-libc.fplib
                0x000019c2       0x44 c:/program files (x86)/atmel/studio/7.0/toolchain/avr8/avr8-gnu-toolchain/bin/../lib/gcc/avr/5.4.0/../../../../avr/lib/avr5\libm.a(fp_split3.o)
                0x000019c2                __fp_split3
                0x000019d2                __fp_splitA
 .text.avr-libc.fplib
                0x00001a06        0xe c:/program files (x86)/atmel/studio/7.0/toolchain/avr8/avr8-gnu-toolchain/bin/../lib/gcc/avr/5.4.0/../../../../avr/lib/avr5\libm.a(fp_zero.o)
                0x00001a06                __fp_zero
                0x00001a08                __fp_szero
 .text.avr-libc.fplib
                0x00001a14        0xa c:/program files (x86)/atmel/studio/7.0/toolchain/avr8/avr8-gnu-toolchain/bin/../lib/gcc/avr/5.4.0/../../../../avr/lib/avr5\libm.a(gesf2.o)
                0x00001a14                __gesf2
                0x00001a14                __gtsf2
 .text.avr-libc.fplib
                0x00001a1e        0x8 c:/program files (x86)/atmel/studio/7.0/toolchain/avr8/avr8-gnu-toolchain/bin/../lib/gcc/avr/5.4.0/../../../../avr/lib/avr5\libm.a(mulsf3.o)
                0x00001a1e                __mulsf3
 .text.avr-libc.fplib
                0x00001a26       0xd2 c:/program files (x86)/atmel/studio/7.0/toolchain/avr8/avr8-gnu-toolchain/bin/../lib/gcc/avr/5.4.0/../../../../avr/lib/avr5\libm.a(mulsf3x.o)
                0x00001a44                __mulsf3x
                0x00001a4a                __mulsf3_pse
 .text._ZN14HardwareSerial9availableEv
                0x00001af8       0x18 D:\Users\Celine\ONEDRI~1.EDU\DOCUME~1\Schule\UNIVER~1\EECS47~1\Project\LIL_FI~1\LILFIS~1\LILFIS~1\ARDUIN~1\Debug\libArduinoCore.a(HardwareSerial.o)
                0x00001af8                _ZN14HardwareSerial9availableEv
 .text._ZN14HardwareSerial4peekEv
                0x00001b10       0x1c D:\Users\Celine\ONEDRI~1.EDU\DOCUME~1\Schule\UNIVER~1\EECS47~1\Project\LIL_FI~1\LILFIS~1\LILFIS~1\ARDUIN~1\Debug\libArduinoCore.a(HardwareSerial.o)
                0x00001b10                _ZN14HardwareSerial4peekEv
 .text._ZN14HardwareSerial4readEv
                0x00001b2c       0x28 D:\Users\Celine\ONEDRI~1.EDU\DOCUME~1\Schule\UNIVER~1\EECS47~1\Project\LIL_FI~1\LILFIS~1\LILFIS~1\ARDUIN~1\Debug\libArduinoCore.a(HardwareSerial.o)
                0x00001b2c                _ZN14HardwareSerial4readEv
 .text._ZN14HardwareSerial17availableForWriteEv
                0x00001b54       0x1e D:\Users\Celine\ONEDRI~1.EDU\DOCUME~1\Schule\UNIVER~1\EECS47~1\Project\LIL_FI~1\LILFIS~1\LILFIS~1\ARDUIN~1\Debug\libArduinoCore.a(HardwareSerial.o)
                0x00001b54                _ZN14HardwareSerial17availableForWriteEv
 .text._Z14serialEventRunv
                0x00001b72       0x1c D:\Users\Celine\ONEDRI~1.EDU\DOCUME~1\Schule\UNIVER~1\EECS47~1\Project\LIL_FI~1\LILFIS~1\LILFIS~1\ARDUIN~1\Debug\libArduinoCore.a(HardwareSerial.o)
                0x00001b72                _Z14serialEventRunv
 .text._ZN14HardwareSerial17_tx_udr_empty_irqEv
                0x00001b8e       0x44 D:\Users\Celine\ONEDRI~1.EDU\DOCUME~1\Schule\UNIVER~1\EECS47~1\Project\LIL_FI~1\LILFIS~1\LILFIS~1\ARDUIN~1\Debug\libArduinoCore.a(HardwareSerial.o)
                0x00001b8e                _ZN14HardwareSerial17_tx_udr_empty_irqEv
 .text._ZN14HardwareSerial5writeEh
                0x00001bd2       0x9a D:\Users\Celine\ONEDRI~1.EDU\DOCUME~1\Schule\UNIVER~1\EECS47~1\Project\LIL_FI~1\LILFIS~1\LILFIS~1\ARDUIN~1\Debug\libArduinoCore.a(HardwareSerial.o)
                0x00001bd2                _ZN14HardwareSerial5writeEh
 .text._ZN14HardwareSerial5flushEv
                0x00001c6c       0x44 D:\Users\Celine\ONEDRI~1.EDU\DOCUME~1\Schule\UNIVER~1\EECS47~1\Project\LIL_FI~1\LILFIS~1\LILFIS~1\ARDUIN~1\Debug\libArduinoCore.a(HardwareSerial.o)
                0x00001c6c                _ZN14HardwareSerial5flushEv
 .text.__vector_18
                0x00001cb0       0x64 D:\Users\Celine\ONEDRI~1.EDU\DOCUME~1\Schule\UNIVER~1\EECS47~1\Project\LIL_FI~1\LILFIS~1\LILFIS~1\ARDUIN~1\Debug\libArduinoCore.a(HardwareSerial0.o)
                0x00001cb0                __vector_18
 .text.__vector_19
                0x00001d14       0x4c D:\Users\Celine\ONEDRI~1.EDU\DOCUME~1\Schule\UNIVER~1\EECS47~1\Project\LIL_FI~1\LILFIS~1\LILFIS~1\ARDUIN~1\Debug\libArduinoCore.a(HardwareSerial0.o)
                0x00001d14                __vector_19
 .text._Z17Serial0_availablev
                0x00001d60       0x14 D:\Users\Celine\ONEDRI~1.EDU\DOCUME~1\Schule\UNIVER~1\EECS47~1\Project\LIL_FI~1\LILFIS~1\LILFIS~1\ARDUIN~1\Debug\libArduinoCore.a(HardwareSerial0.o)
                0x00001d60                _Z17Serial0_availablev
 .text.startup._GLOBAL__sub_I___vector_18
                0x00001d74       0x5a D:\Users\Celine\ONEDRI~1.EDU\DOCUME~1\Schule\UNIVER~1\EECS47~1\Project\LIL_FI~1\LILFIS~1\LILFIS~1\ARDUIN~1\Debug\libArduinoCore.a(HardwareSerial0.o)
 .text.startup.main
                0x00001dce       0x1e D:\Users\Celine\ONEDRI~1.EDU\DOCUME~1\Schule\UNIVER~1\EECS47~1\Project\LIL_FI~1\LILFIS~1\LILFIS~1\ARDUIN~1\Debug\libArduinoCore.a(main.o)
                0x00001dce                main
 .text._ZN5Print5writeEPKhj
                0x00001dec       0x54 D:\Users\Celine\ONEDRI~1.EDU\DOCUME~1\Schule\UNIVER~1\EECS47~1\Project\LIL_FI~1\LILFIS~1\LILFIS~1\ARDUIN~1\Debug\libArduinoCore.a(Print.o)
                0x00001dec                _ZN5Print5writeEPKhj
 .text._ZN5Print5printEPKc
                0x00001e40        0x4 D:\Users\Celine\ONEDRI~1.EDU\DOCUME~1\Schule\UNIVER~1\EECS47~1\Project\LIL_FI~1\LILFIS~1\LILFIS~1\ARDUIN~1\Debug\libArduinoCore.a(Print.o)
                0x00001e40                _ZN5Print5printEPKc
 .text._ZN5Print5printEc
                0x00001e44        0xe D:\Users\Celine\ONEDRI~1.EDU\DOCUME~1\Schule\UNIVER~1\EECS47~1\Project\LIL_FI~1\LILFIS~1\LILFIS~1\ARDUIN~1\Debug\libArduinoCore.a(Print.o)
                0x00001e44                _ZN5Print5printEc
 .text._ZN5Print7printlnEv
                0x00001e52        0x8 D:\Users\Celine\ONEDRI~1.EDU\DOCUME~1\Schule\UNIVER~1\EECS47~1\Project\LIL_FI~1\LILFIS~1\LILFIS~1\ARDUIN~1\Debug\libArduinoCore.a(Print.o)
                0x00001e52                _ZN5Print7printlnEv
 .text._ZN5Print7printlnEPKc
                0x00001e5a       0x24 D:\Users\Celine\ONEDRI~1.EDU\DOCUME~1\Schule\UNIVER~1\EECS47~1\Project\LIL_FI~1\LILFIS~1\LILFIS~1\ARDUIN~1\Debug\libArduinoCore.a(Print.o)
                0x00001e5a                _ZN5Print7printlnEPKc
 .text._ZN5Print11printNumberEmh
                0x00001e7e       0x92 D:\Users\Celine\ONEDRI~1.EDU\DOCUME~1\Schule\UNIVER~1\EECS47~1\Project\LIL_FI~1\LILFIS~1\LILFIS~1\ARDUIN~1\Debug\libArduinoCore.a(Print.o)
                0x00001e7e                _ZN5Print11printNumberEmh
 .text._ZN5Print5printEmi
                0x00001f10       0x1a D:\Users\Celine\ONEDRI~1.EDU\DOCUME~1\Schule\UNIVER~1\EECS47~1\Project\LIL_FI~1\LILFIS~1\LILFIS~1\ARDUIN~1\Debug\libArduinoCore.a(Print.o)
                0x00001f10                _ZN5Print5printEmi
 .text._ZN5Print5printEji
                0x00001f2a        0xc D:\Users\Celine\ONEDRI~1.EDU\DOCUME~1\Schule\UNIVER~1\EECS47~1\Project\LIL_FI~1\LILFIS~1\LILFIS~1\ARDUIN~1\Debug\libArduinoCore.a(Print.o)
                0x00001f2a                _ZN5Print5printEji
 .text._ZN5Print5printEli
                0x00001f36       0x90 D:\Users\Celine\ONEDRI~1.EDU\DOCUME~1\Schule\UNIVER~1\EECS47~1\Project\LIL_FI~1\LILFIS~1\LILFIS~1\ARDUIN~1\Debug\libArduinoCore.a(Print.o)
                0x00001f36                _ZN5Print5printEli
 .text._ZN5Print5printEii
                0x00001fc6        0xe D:\Users\Celine\ONEDRI~1.EDU\DOCUME~1\Schule\UNIVER~1\EECS47~1\Project\LIL_FI~1\LILFIS~1\LILFIS~1\ARDUIN~1\Debug\libArduinoCore.a(Print.o)
                0x00001fc6                _ZN5Print5printEii
 .text._ZN5Print10printFloatEdh
                0x00001fd4      0x1b6 D:\Users\Celine\ONEDRI~1.EDU\DOCUME~1\Schule\UNIVER~1\EECS47~1\Project\LIL_FI~1\LILFIS~1\LILFIS~1\ARDUIN~1\Debug\libArduinoCore.a(Print.o)
                0x00001fd4                _ZN5Print10printFloatEdh
 .text._ZN5Print5printEdi
                0x0000218a        0x4 D:\Users\Celine\ONEDRI~1.EDU\DOCUME~1\Schule\UNIVER~1\EECS47~1\Project\LIL_FI~1\LILFIS~1\LILFIS~1\ARDUIN~1\Debug\libArduinoCore.a(Print.o)
                0x0000218a                _ZN5Print5printEdi
 .text._ZN5Print7printlnEdi
                0x0000218e       0x24 D:\Users\Celine\ONEDRI~1.EDU\DOCUME~1\Schule\UNIVER~1\EECS47~1\Project\LIL_FI~1\LILFIS~1\LILFIS~1\ARDUIN~1\Debug\libArduinoCore.a(Print.o)
                0x0000218e                _ZN5Print7printlnEdi
 .text.nothing  0x000021b2        0x2 D:\Users\Celine\ONEDRI~1.EDU\DOCUME~1\Schule\UNIVER~1\EECS47~1\Project\LIL_FI~1\LILFIS~1\LILFIS~1\ARDUIN~1\Debug\libArduinoCore.a(WInterrupts.o)
 .text.attachInterrupt
                0x000021b4       0x40 D:\Users\Celine\ONEDRI~1.EDU\DOCUME~1\Schule\UNIVER~1\EECS47~1\Project\LIL_FI~1\LILFIS~1\LILFIS~1\ARDUIN~1\Debug\libArduinoCore.a(WInterrupts.o)
                0x000021b4                attachInterrupt
 .text.__vector_1
                0x000021f4       0x4e D:\Users\Celine\ONEDRI~1.EDU\DOCUME~1\Schule\UNIVER~1\EECS47~1\Project\LIL_FI~1\LILFIS~1\LILFIS~1\ARDUIN~1\Debug\libArduinoCore.a(WInterrupts.o)
                0x000021f4                __vector_1
 .text.__vector_2
                0x00002242       0x4e D:\Users\Celine\ONEDRI~1.EDU\DOCUME~1\Schule\UNIVER~1\EECS47~1\Project\LIL_FI~1\LILFIS~1\LILFIS~1\ARDUIN~1\Debug\libArduinoCore.a(WInterrupts.o)
                0x00002242                __vector_2
 .text.__vector_16
                0x00002290       0x94 D:\Users\Celine\ONEDRI~1.EDU\DOCUME~1\Schule\UNIVER~1\EECS47~1\Project\LIL_FI~1\LILFIS~1\LILFIS~1\ARDUIN~1\Debug\libArduinoCore.a(wiring.o)
                0x00002290                __vector_16
 .text.micros   0x00002324       0x4a D:\Users\Celine\ONEDRI~1.EDU\DOCUME~1\Schule\UNIVER~1\EECS47~1\Project\LIL_FI~1\LILFIS~1\LILFIS~1\ARDUIN~1\Debug\libArduinoCore.a(wiring.o)
                0x00002324                micros
 .text.delay    0x0000236e       0x78 D:\Users\Celine\ONEDRI~1.EDU\DOCUME~1\Schule\UNIVER~1\EECS47~1\Project\LIL_FI~1\LILFIS~1\LILFIS~1\ARDUIN~1\Debug\libArduinoCore.a(wiring.o)
                0x0000236e                delay
 .text.delayMicroseconds
                0x000023e6       0x16 D:\Users\Celine\ONEDRI~1.EDU\DOCUME~1\Schule\UNIVER~1\EECS47~1\Project\LIL_FI~1\LILFIS~1\LILFIS~1\ARDUIN~1\Debug\libArduinoCore.a(wiring.o)
                0x000023e6                delayMicroseconds
 .text.init     0x000023fc       0x76 D:\Users\Celine\ONEDRI~1.EDU\DOCUME~1\Schule\UNIVER~1\EECS47~1\Project\LIL_FI~1\LILFIS~1\LILFIS~1\ARDUIN~1\Debug\libArduinoCore.a(wiring.o)
                0x000023fc                init
 .text.analogRead
                0x00002472       0x3a D:\Users\Celine\ONEDRI~1.EDU\DOCUME~1\Schule\UNIVER~1\EECS47~1\Project\LIL_FI~1\LILFIS~1\LILFIS~1\ARDUIN~1\Debug\libArduinoCore.a(wiring_analog.o)
                0x00002472                analogRead
 .text.analogWrite
                0x000024ac       0xbe D:\Users\Celine\ONEDRI~1.EDU\DOCUME~1\Schule\UNIVER~1\EECS47~1\Project\LIL_FI~1\LILFIS~1\LILFIS~1\ARDUIN~1\Debug\libArduinoCore.a(wiring_analog.o)
                0x000024ac                analogWrite
 .text.turnOffPWM
                0x0000256a       0x52 D:\Users\Celine\ONEDRI~1.EDU\DOCUME~1\Schule\UNIVER~1\EECS47~1\Project\LIL_FI~1\LILFIS~1\LILFIS~1\ARDUIN~1\Debug\libArduinoCore.a(wiring_digital.o)
 .text.pinMode  0x000025bc       0x78 D:\Users\Celine\ONEDRI~1.EDU\DOCUME~1\Schule\UNIVER~1\EECS47~1\Project\LIL_FI~1\LILFIS~1\LILFIS~1\ARDUIN~1\Debug\libArduinoCore.a(wiring_digital.o)
                0x000025bc                pinMode
 .text.digitalWrite
                0x00002634       0x5e D:\Users\Celine\ONEDRI~1.EDU\DOCUME~1\Schule\UNIVER~1\EECS47~1\Project\LIL_FI~1\LILFIS~1\LILFIS~1\ARDUIN~1\Debug\libArduinoCore.a(wiring_digital.o)
                0x00002634                digitalWrite
 .text.hot.prvIsQueueEmpty
                0x00002692       0x16 D:\Users\Celine\ONEDRI~1.EDU\DOCUME~1\Schule\UNIVER~1\EECS47~1\Project\LIL_FI~1\LILFIS~1\LILFIS~1\ARDUIN~1\Debug\libArduinoCore.a(queue.o)
 .text.hot.prvCopyDataToQueue
                0x000026a8       0xa6 D:\Users\Celine\ONEDRI~1.EDU\DOCUME~1\Schule\UNIVER~1\EECS47~1\Project\LIL_FI~1\LILFIS~1\LILFIS~1\ARDUIN~1\Debug\libArduinoCore.a(queue.o)
 .text.hot.prvCopyDataFromQueue
                0x0000274e       0x34 D:\Users\Celine\ONEDRI~1.EDU\DOCUME~1\Schule\UNIVER~1\EECS47~1\Project\LIL_FI~1\LILFIS~1\LILFIS~1\ARDUIN~1\Debug\libArduinoCore.a(queue.o)
 .text.hot.prvUnlockQueue
                0x00002782       0x7c D:\Users\Celine\ONEDRI~1.EDU\DOCUME~1\Schule\UNIVER~1\EECS47~1\Project\LIL_FI~1\LILFIS~1\LILFIS~1\ARDUIN~1\Debug\libArduinoCore.a(queue.o)
 .text.hot.xQueueGenericReset
                0x000027fe       0x7e D:\Users\Celine\ONEDRI~1.EDU\DOCUME~1\Schule\UNIVER~1\EECS47~1\Project\LIL_FI~1\LILFIS~1\LILFIS~1\ARDUIN~1\Debug\libArduinoCore.a(queue.o)
                0x000027fe                xQueueGenericReset
 .text.hot.xQueueGenericCreate
                0x0000287c       0x50 D:\Users\Celine\ONEDRI~1.EDU\DOCUME~1\Schule\UNIVER~1\EECS47~1\Project\LIL_FI~1\LILFIS~1\LILFIS~1\ARDUIN~1\Debug\libArduinoCore.a(queue.o)
                0x0000287c                xQueueGenericCreate
 .text.hot.xQueueGenericSend
                0x000028cc      0x12c D:\Users\Celine\ONEDRI~1.EDU\DOCUME~1\Schule\UNIVER~1\EECS47~1\Project\LIL_FI~1\LILFIS~1\LILFIS~1\ARDUIN~1\Debug\libArduinoCore.a(queue.o)
                0x000028cc                xQueueGenericSend
 .text.hot.xQueueGenericSendFromISR
                0x000029f8       0x5e D:\Users\Celine\ONEDRI~1.EDU\DOCUME~1\Schule\UNIVER~1\EECS47~1\Project\LIL_FI~1\LILFIS~1\LILFIS~1\ARDUIN~1\Debug\libArduinoCore.a(queue.o)
                0x000029f8                xQueueGenericSendFromISR
 .text.hot.xQueueGiveFromISR
                0x00002a56       0x46 D:\Users\Celine\ONEDRI~1.EDU\DOCUME~1\Schule\UNIVER~1\EECS47~1\Project\LIL_FI~1\LILFIS~1\LILFIS~1\ARDUIN~1\Debug\libArduinoCore.a(queue.o)
                0x00002a56                xQueueGiveFromISR
 .text.hot.xQueueReceive
                0x00002a9c      0x124 D:\Users\Celine\ONEDRI~1.EDU\DOCUME~1\Schule\UNIVER~1\EECS47~1\Project\LIL_FI~1\LILFIS~1\LILFIS~1\ARDUIN~1\Debug\libArduinoCore.a(queue.o)
                0x00002a9c                xQueueReceive
 .text.hot.vQueueWaitForMessageRestricted
                0x00002bc0       0x38 D:\Users\Celine\ONEDRI~1.EDU\DOCUME~1\Schule\UNIVER~1\EECS47~1\Project\LIL_FI~1\LILFIS~1\LILFIS~1\ARDUIN~1\Debug\libArduinoCore.a(queue.o)
                0x00002bc0                vQueueWaitForMessageRestricted
 .text.prvResetNextTaskUnblockTime
                0x00002bf8       0x36 D:\Users\Celine\ONEDRI~1.EDU\DOCUME~1\Schule\UNIVER~1\EECS47~1\Project\LIL_FI~1\LILFIS~1\LILFIS~1\ARDUIN~1\Debug\libArduinoCore.a(tasks.o)
 .text.hot.prvAddCurrentTaskToDelayedList
                0x00002c2e       0xb8 D:\Users\Celine\ONEDRI~1.EDU\DOCUME~1\Schule\UNIVER~1\EECS47~1\Project\LIL_FI~1\LILFIS~1\LILFIS~1\ARDUIN~1\Debug\libArduinoCore.a(tasks.o)
 .text.prvIdleTask
                0x00002ce6       0x5c D:\Users\Celine\ONEDRI~1.EDU\DOCUME~1\Schule\UNIVER~1\EECS47~1\Project\LIL_FI~1\LILFIS~1\LILFIS~1\ARDUIN~1\Debug\libArduinoCore.a(tasks.o)
 .text.hot.xTaskCreate
                0x00002d42      0x218 D:\Users\Celine\ONEDRI~1.EDU\DOCUME~1\Schule\UNIVER~1\EECS47~1\Project\LIL_FI~1\LILFIS~1\LILFIS~1\ARDUIN~1\Debug\libArduinoCore.a(tasks.o)
                0x00002d42                xTaskCreate
 .text.hot.vTaskResume
                0x00002f5a       0x92 D:\Users\Celine\ONEDRI~1.EDU\DOCUME~1\Schule\UNIVER~1\EECS47~1\Project\LIL_FI~1\LILFIS~1\LILFIS~1\ARDUIN~1\Debug\libArduinoCore.a(tasks.o)
                0x00002f5a                vTaskResume
 .text.hot.vTaskStartScheduler
                0x00002fec       0x5c D:\Users\Celine\ONEDRI~1.EDU\DOCUME~1\Schule\UNIVER~1\EECS47~1\Project\LIL_FI~1\LILFIS~1\LILFIS~1\ARDUIN~1\Debug\libArduinoCore.a(tasks.o)
                0x00002fec                vTaskStartScheduler
 .text.hot.vTaskSuspendAll
                0x00003048        0xc D:\Users\Celine\ONEDRI~1.EDU\DOCUME~1\Schule\UNIVER~1\EECS47~1\Project\LIL_FI~1\LILFIS~1\LILFIS~1\ARDUIN~1\Debug\libArduinoCore.a(tasks.o)
                0x00003048                vTaskSuspendAll
 .text.hot.xTaskGetTickCount
                0x00003054       0x14 D:\Users\Celine\ONEDRI~1.EDU\DOCUME~1\Schule\UNIVER~1\EECS47~1\Project\LIL_FI~1\LILFIS~1\LILFIS~1\ARDUIN~1\Debug\libArduinoCore.a(tasks.o)
                0x00003054                xTaskGetTickCount
 .text.hot.xTaskIncrementTick
                0x00003068      0x158 D:\Users\Celine\ONEDRI~1.EDU\DOCUME~1\Schule\UNIVER~1\EECS47~1\Project\LIL_FI~1\LILFIS~1\LILFIS~1\ARDUIN~1\Debug\libArduinoCore.a(tasks.o)
                0x00003068                xTaskIncrementTick
 .text.hot.xTaskResumeAll
                0x000031c0       0xde D:\Users\Celine\ONEDRI~1.EDU\DOCUME~1\Schule\UNIVER~1\EECS47~1\Project\LIL_FI~1\LILFIS~1\LILFIS~1\ARDUIN~1\Debug\libArduinoCore.a(tasks.o)
                0x000031c0                xTaskResumeAll
 .text.hot.vTaskDelayUntil
                0x0000329e       0x70 D:\Users\Celine\ONEDRI~1.EDU\DOCUME~1\Schule\UNIVER~1\EECS47~1\Project\LIL_FI~1\LILFIS~1\LILFIS~1\ARDUIN~1\Debug\libArduinoCore.a(tasks.o)
                0x0000329e                vTaskDelayUntil
 .text.hot.vTaskSwitchContext
                0x0000330e       0xbc D:\Users\Celine\ONEDRI~1.EDU\DOCUME~1\Schule\UNIVER~1\EECS47~1\Project\LIL_FI~1\LILFIS~1\LILFIS~1\ARDUIN~1\Debug\libArduinoCore.a(tasks.o)
                0x0000330e                vTaskSwitchContext
 .text.hot.vTaskPlaceOnEventList
                0x000033ca       0x22 D:\Users\Celine\ONEDRI~1.EDU\DOCUME~1\Schule\UNIVER~1\EECS47~1\Project\LIL_FI~1\LILFIS~1\LILFIS~1\ARDUIN~1\Debug\libArduinoCore.a(tasks.o)
                0x000033ca                vTaskPlaceOnEventList
 .text.hot.vTaskPlaceOnEventListRestricted
                0x000033ec       0x30 D:\Users\Celine\ONEDRI~1.EDU\DOCUME~1\Schule\UNIVER~1\EECS47~1\Project\LIL_FI~1\LILFIS~1\LILFIS~1\ARDUIN~1\Debug\libArduinoCore.a(tasks.o)
                0x000033ec                vTaskPlaceOnEventListRestricted
 .text.hot.xTaskRemoveFromEventList
                0x0000341c       0x80 D:\Users\Celine\ONEDRI~1.EDU\DOCUME~1\Schule\UNIVER~1\EECS47~1\Project\LIL_FI~1\LILFIS~1\LILFIS~1\ARDUIN~1\Debug\libArduinoCore.a(tasks.o)
                0x0000341c                xTaskRemoveFromEventList
 .text.hot.vTaskInternalSetTimeOutState
                0x0000349c       0x16 D:\Users\Celine\ONEDRI~1.EDU\DOCUME~1\Schule\UNIVER~1\EECS47~1\Project\LIL_FI~1\LILFIS~1\LILFIS~1\ARDUIN~1\Debug\libArduinoCore.a(tasks.o)
                0x0000349c                vTaskInternalSetTimeOutState
 .text.hot.xTaskCheckForTimeOut
                0x000034b2       0x66 D:\Users\Celine\ONEDRI~1.EDU\DOCUME~1\Schule\UNIVER~1\EECS47~1\Project\LIL_FI~1\LILFIS~1\LILFIS~1\ARDUIN~1\Debug\libArduinoCore.a(tasks.o)
                0x000034b2                xTaskCheckForTimeOut
 .text.hot.vTaskMissedYield
                0x00003518        0x8 D:\Users\Celine\ONEDRI~1.EDU\DOCUME~1\Schule\UNIVER~1\EECS47~1\Project\LIL_FI~1\LILFIS~1\LILFIS~1\ARDUIN~1\Debug\libArduinoCore.a(tasks.o)
                0x00003518                vTaskMissedYield
 .text.hot.xTaskGetSchedulerState
                0x00003520       0x1c D:\Users\Celine\ONEDRI~1.EDU\DOCUME~1\Schule\UNIVER~1\EECS47~1\Project\LIL_FI~1\LILFIS~1\LILFIS~1\ARDUIN~1\Debug\libArduinoCore.a(tasks.o)
                0x00003520                xTaskGetSchedulerState
 .text.hot.xTaskPriorityDisinherit
                0x0000353c       0x74 D:\Users\Celine\ONEDRI~1.EDU\DOCUME~1\Schule\UNIVER~1\EECS47~1\Project\LIL_FI~1\LILFIS~1\LILFIS~1\ARDUIN~1\Debug\libArduinoCore.a(tasks.o)
                0x0000353c                xTaskPriorityDisinherit
 .text.hot.prvCheckForValidListAndQueue
                0x000035b0       0x52 D:\Users\Celine\ONEDRI~1.EDU\DOCUME~1\Schule\UNIVER~1\EECS47~1\Project\LIL_FI~1\LILFIS~1\LILFIS~1\ARDUIN~1\Debug\libArduinoCore.a(timers.o)
 .text.hot.prvInsertTimerInActiveList
                0x00003602       0x54 D:\Users\Celine\ONEDRI~1.EDU\DOCUME~1\Schule\UNIVER~1\EECS47~1\Project\LIL_FI~1\LILFIS~1\LILFIS~1\ARDUIN~1\Debug\libArduinoCore.a(timers.o)
 .text.hot.xTimerCreateTimerTask
                0x00003656       0x40 D:\Users\Celine\ONEDRI~1.EDU\DOCUME~1\Schule\UNIVER~1\EECS47~1\Project\LIL_FI~1\LILFIS~1\LILFIS~1\ARDUIN~1\Debug\libArduinoCore.a(timers.o)
                0x00003656                xTimerCreateTimerTask
 .text.hot.xTimerGenericCommand
                0x00003696       0x7e D:\Users\Celine\ONEDRI~1.EDU\DOCUME~1\Schule\UNIVER~1\EECS47~1\Project\LIL_FI~1\LILFIS~1\LILFIS~1\ARDUIN~1\Debug\libArduinoCore.a(timers.o)
                0x00003696                xTimerGenericCommand
 .text.hot.prvSwitchTimerLists
                0x00003714       0xa2 D:\Users\Celine\ONEDRI~1.EDU\DOCUME~1\Schule\UNIVER~1\EECS47~1\Project\LIL_FI~1\LILFIS~1\LILFIS~1\ARDUIN~1\Debug\libArduinoCore.a(timers.o)
 .text.hot.prvTimerTask
                0x000037b6      0x206 D:\Users\Celine\ONEDRI~1.EDU\DOCUME~1\Schule\UNIVER~1\EECS47~1\Project\LIL_FI~1\LILFIS~1\LILFIS~1\ARDUIN~1\Debug\libArduinoCore.a(timers.o)
 .text.initVariant
                0x000039bc        0xa D:\Users\Celine\ONEDRI~1.EDU\DOCUME~1\Schule\UNIVER~1\EECS47~1\Project\LIL_FI~1\LILFIS~1\LILFIS~1\ARDUIN~1\Debug\libArduinoCore.a(variantHooks.o)
                0x000039bc                initVariant
 .text.vApplicationIdleHook
                0x000039c6       0x12 D:\Users\Celine\ONEDRI~1.EDU\DOCUME~1\Schule\UNIVER~1\EECS47~1\Project\LIL_FI~1\LILFIS~1\LILFIS~1\ARDUIN~1\Debug\libArduinoCore.a(variantHooks.o)
                0x000039c6                vApplicationIdleHook
 .text.vApplicationMallocFailedHook
                0x000039d8       0x1a D:\Users\Celine\ONEDRI~1.EDU\DOCUME~1\Schule\UNIVER~1\EECS47~1\Project\LIL_FI~1\LILFIS~1\LILFIS~1\ARDUIN~1\Debug\libArduinoCore.a(variantHooks.o)
                0x000039d8                vApplicationMallocFailedHook
 .text.vApplicationStackOverflowHook
                0x000039f2       0x1a D:\Users\Celine\ONEDRI~1.EDU\DOCUME~1\Schule\UNIVER~1\EECS47~1\Project\LIL_FI~1\LILFIS~1\LILFIS~1\ARDUIN~1\Debug\libArduinoCore.a(variantHooks.o)
                0x000039f2                vApplicationStackOverflowHook
 .text.__vector_7
                0x00003a0c       0xec D:\Users\Celine\ONEDRI~1.EDU\DOCUME~1\Schule\UNIVER~1\EECS47~1\Project\LIL_FI~1\LILFIS~1\LILFIS~1\ARDUIN~1\Debug\libArduinoCore.a(FreqCount.o)
                0x00003a0c                __vector_7
 .text.__empty  0x00003af8        0x2 D:\Users\Celine\ONEDRI~1.EDU\DOCUME~1\Schule\UNIVER~1\EECS47~1\Project\LIL_FI~1\LILFIS~1\LILFIS~1\ARDUIN~1\Debug\libArduinoCore.a(hooks.o)
                0x00003af8                yield
 .text.hot.pvPortMalloc
                0x00003afa       0x26 D:\Users\Celine\ONEDRI~1.EDU\DOCUME~1\Schule\UNIVER~1\EECS47~1\Project\LIL_FI~1\LILFIS~1\LILFIS~1\ARDUIN~1\Debug\libArduinoCore.a(heap_3.o)
                0x00003afa                pvPortMalloc
 .text.hot.vPortFree
                0x00003b20       0x22 D:\Users\Celine\ONEDRI~1.EDU\DOCUME~1\Schule\UNIVER~1\EECS47~1\Project\LIL_FI~1\LILFIS~1\LILFIS~1\ARDUIN~1\Debug\libArduinoCore.a(heap_3.o)
                0x00003b20                vPortFree
 .text.hot.vListInitialise
                0x00003b42       0x1c D:\Users\Celine\ONEDRI~1.EDU\DOCUME~1\Schule\UNIVER~1\EECS47~1\Project\LIL_FI~1\LILFIS~1\LILFIS~1\ARDUIN~1\Debug\libArduinoCore.a(list.o)
                0x00003b42                vListInitialise
 .text.hot.vListInitialiseItem
                0x00003b5e        0x8 D:\Users\Celine\ONEDRI~1.EDU\DOCUME~1\Schule\UNIVER~1\EECS47~1\Project\LIL_FI~1\LILFIS~1\LILFIS~1\ARDUIN~1\Debug\libArduinoCore.a(list.o)
                0x00003b5e                vListInitialiseItem
 .text.hot.vListInsertEnd
                0x00003b66       0x42 D:\Users\Celine\ONEDRI~1.EDU\DOCUME~1\Schule\UNIVER~1\EECS47~1\Project\LIL_FI~1\LILFIS~1\LILFIS~1\ARDUIN~1\Debug\libArduinoCore.a(list.o)
                0x00003b66                vListInsertEnd
 .text.hot.vListInsert
                0x00003ba8       0x70 D:\Users\Celine\ONEDRI~1.EDU\DOCUME~1\Schule\UNIVER~1\EECS47~1\Project\LIL_FI~1\LILFIS~1\LILFIS~1\ARDUIN~1\Debug\libArduinoCore.a(list.o)
                0x00003ba8                vListInsert
 .text.hot.uxListRemove
                0x00003c18       0x48 D:\Users\Celine\ONEDRI~1.EDU\DOCUME~1\Schule\UNIVER~1\EECS47~1\Project\LIL_FI~1\LILFIS~1\LILFIS~1\ARDUIN~1\Debug\libArduinoCore.a(list.o)
                0x00003c18                uxListRemove
 .text.hot.pxPortInitialiseStack
                0x00003c60       0xd8 D:\Users\Celine\ONEDRI~1.EDU\DOCUME~1\Schule\UNIVER~1\EECS47~1\Project\LIL_FI~1\LILFIS~1\LILFIS~1\ARDUIN~1\Debug\libArduinoCore.a(port.o)
                0x00003c60                pxPortInitialiseStack
 .text.hot.xPortStartScheduler
                0x00003d38       0x70 D:\Users\Celine\ONEDRI~1.EDU\DOCUME~1\Schule\UNIVER~1\EECS47~1\Project\LIL_FI~1\LILFIS~1\LILFIS~1\ARDUIN~1\Debug\libArduinoCore.a(port.o)
                0x00003d38                xPortStartScheduler
 .text.hot.vPortYield
                0x00003da8       0xb2 D:\Users\Celine\ONEDRI~1.EDU\DOCUME~1\Schule\UNIVER~1\EECS47~1\Project\LIL_FI~1\LILFIS~1\LILFIS~1\ARDUIN~1\Debug\libArduinoCore.a(port.o)
                0x00003da8                vPortYield
 .text.hot.vPortYieldFromTick
                0x00003e5a       0xba D:\Users\Celine\ONEDRI~1.EDU\DOCUME~1\Schule\UNIVER~1\EECS47~1\Project\LIL_FI~1\LILFIS~1\LILFIS~1\ARDUIN~1\Debug\libArduinoCore.a(port.o)
                0x00003e5a                vPortYieldFromTick
 .text.hot.__vector_6
                0x00003f14        0x6 D:\Users\Celine\ONEDRI~1.EDU\DOCUME~1\Schule\UNIVER~1\EECS47~1\Project\LIL_FI~1\LILFIS~1\LILFIS~1\ARDUIN~1\Debug\libArduinoCore.a(port.o)
                0x00003f14                __vector_6
 .text.avr-libc.fplib
                0x00003f1a        0xa c:/program files (x86)/atmel/studio/7.0/toolchain/avr8/avr8-gnu-toolchain/bin/../lib/gcc/avr/5.4.0/../../../../avr/lib/avr5\libm.a(unordsf2.o)
                0x00003f1a                __unordsf2
 .text.libgcc.div
                0x00003f24       0x28 c:/program files (x86)/atmel/studio/7.0/toolchain/avr8/avr8-gnu-toolchain/bin/../lib/gcc/avr/5.4.0/avr5\libgcc.a(_divmodhi4.o)
                0x00003f24                _div
                0x00003f24                __divmodhi4
 .text.libgcc.div
                0x00003f4c       0x44 c:/program files (x86)/atmel/studio/7.0/toolchain/avr8/avr8-gnu-toolchain/bin/../lib/gcc/avr/5.4.0/avr5\libgcc.a(_udivmodsi4.o)
                0x00003f4c                __udivmodsi4
 .text.libgcc.div
                0x00003f90       0x2e c:/program files (x86)/atmel/studio/7.0/toolchain/avr8/avr8-gnu-toolchain/bin/../lib/gcc/avr/5.4.0/avr5\libgcc.a(_divmodsi4.o)
                0x00003f90                __divmodsi4
 .text.libgcc.div
                0x00003fbe       0x10 c:/program files (x86)/atmel/studio/7.0/toolchain/avr8/avr8-gnu-toolchain/bin/../lib/gcc/avr/5.4.0/avr5\libgcc.a(_negsi2.o)
                0x00003fbe                __negsi2
 .text.libgcc   0x00003fce        0xc c:/program files (x86)/atmel/studio/7.0/toolchain/avr8/avr8-gnu-toolchain/bin/../lib/gcc/avr/5.4.0/avr5\libgcc.a(_tablejump2.o)
                0x00003fce                __tablejump2__
 .text.libgcc.div
                0x00003fda       0x28 c:/program files (x86)/atmel/studio/7.0/toolchain/avr8/avr8-gnu-toolchain/bin/../lib/gcc/avr/5.4.0/avr5\libgcc.a(_udivmodhi4.o)
                0x00003fda                __udivmodhi4
 .text.avr-libc
                0x00004002      0x242 c:/program files (x86)/atmel/studio/7.0/toolchain/avr8/avr8-gnu-toolchain/bin/../lib/gcc/avr/5.4.0/../../../../avr/lib/avr5\libc.a(malloc.o)
                0x00004002                malloc
                0x00004132                free
 .text.avr-libc
                0x00004244       0x12 c:/program files (x86)/atmel/studio/7.0/toolchain/avr8/avr8-gnu-toolchain/bin/../lib/gcc/avr/5.4.0/../../../../avr/lib/avr5\libc.a(memcpy.o)
                0x00004244                memcpy
 .text.avr-libc
                0x00004256        0xe c:/program files (x86)/atmel/studio/7.0/toolchain/avr8/avr8-gnu-toolchain/bin/../lib/gcc/avr/5.4.0/../../../../avr/lib/avr5\libc.a(memset.o)
                0x00004256                memset
 .text.avr-libc
                0x00004264       0x10 C:/Program Files (x86)/Atmel/Studio/7.0/Packs/atmel/ATmega_DFP/1.2.209/gcc/dev/atmega328p/avr5\libatmega328p.a(eerd_byte.o)
                0x00004264                eeprom_read_byte
 .text.avr-libc
                0x00004274       0x1c C:/Program Files (x86)/Atmel/Studio/7.0/Packs/atmel/ATmega_DFP/1.2.209/gcc/dev/atmega328p/avr5\libatmega328p.a(eewr_byte.o)
                0x00004274                eeprom_write_byte
                0x00004276                eeprom_write_r18
                0x00004290                . = ALIGN (0x2)
 *(.fini9)
 .fini9         0x00004290        0x0 c:/program files (x86)/atmel/studio/7.0/toolchain/avr8/avr8-gnu-toolchain/bin/../lib/gcc/avr/5.4.0/avr5\libgcc.a(_exit.o)
                0x00004290                _exit
                0x00004290                exit
 *(.fini9)
 *(.fini8)
 *(.fini8)
 *(.fini7)
 *(.fini7)
 *(.fini6)
 .fini6         0x00004290       0x16 c:/program files (x86)/atmel/studio/7.0/toolchain/avr8/avr8-gnu-toolchain/bin/../lib/gcc/avr/5.4.0/avr5\libgcc.a(_dtors.o)
                0x00004290                __do_global_dtors
 *(.fini6)
 *(.fini5)
 *(.fini5)
 *(.fini4)
 *(.fini4)
 *(.fini3)
 *(.fini3)
 *(.fini2)
 *(.fini2)
 *(.fini1)
 *(.fini1)
 *(.fini0)
 .fini0         0x000042a6        0x4 c:/program files (x86)/atmel/studio/7.0/toolchain/avr8/avr8-gnu-toolchain/bin/../lib/gcc/avr/5.4.0/avr5\libgcc.a(_exit.o)
 *(.fini0)
                0x000042aa                _etext = .

.data           0x00800100      0x1da load address 0x000042aa
                0x00800100                PROVIDE (__data_start, .)
 *(.data)
 .data          0x00800100        0x6 c:/program files (x86)/atmel/studio/7.0/toolchain/avr8/avr8-gnu-toolchain/bin/../lib/gcc/avr/5.4.0/../../../../avr/lib/avr5\libc.a(malloc.o)
                0x00800100                __malloc_heap_end
                0x00800102                __malloc_heap_start
                0x00800104                __malloc_margin
 *(.data*)
 .data.colorToRead
                0x00800106        0x1 main.o
                0x00800106                colorToRead
 .data.Blue     0x00800107        0x6 main.o
                0x00800107                Blue
 .data.Green    0x0080010d        0x6 main.o
                0x0080010d                Green
 .data.Red      0x00800113        0x6 main.o
                0x00800113                Red
 .data.acidVoltage
                0x00800119        0x4 phSensor.o
                0x00800119                acidVoltage
 .data.neutralVoltage
                0x0080011d        0x4 phSensor.o
                0x0080011d                neutralVoltage
 .data.intFunc  0x00800121        0x4 D:\Users\Celine\ONEDRI~1.EDU\DOCUME~1\Schule\UNIVER~1\EECS47~1\Project\LIL_FI~1\LILFIS~1\LILFIS~1\ARDUIN~1\Debug\libArduinoCore.a(WInterrupts.o)
 .data.analog_reference
                0x00800125        0x1 D:\Users\Celine\ONEDRI~1.EDU\DOCUME~1\Schule\UNIVER~1\EECS47~1\Project\LIL_FI~1\LILFIS~1\LILFIS~1\ARDUIN~1\Debug\libArduinoCore.a(wiring_analog.o)
                0x00800125                analog_reference
 *(.gnu.linkonce.d*)
 *(.rodata)
 *(.rodata*)
 .rodata.str1.1
                0x00800126       0x34 DFRobot_PH.o
 .rodata.str1.1
                0x0080015a      0x10c main.o
                                0x110 (size before relaxing)
 .rodata.str1.1
                0x00800266       0x33 phSensor.o
 .rodata._ZTV14SoftwareSerial
                0x00800299       0x12 src/libraries/SoftwareSerial/src/SoftwareSerial.o
                0x00800299                _ZTV14SoftwareSerial
 .rodata._ZTV14HardwareSerial
                0x008002ab       0x12 D:\Users\Celine\ONEDRI~1.EDU\DOCUME~1\Schule\UNIVER~1\EECS47~1\Project\LIL_FI~1\LILFIS~1\LILFIS~1\ARDUIN~1\Debug\libArduinoCore.a(HardwareSerial.o)
                0x008002ab                _ZTV14HardwareSerial
 .rodata.str1.1
                0x008002bd        0xf D:\Users\Celine\ONEDRI~1.EDU\DOCUME~1\Schule\UNIVER~1\EECS47~1\Project\LIL_FI~1\LILFIS~1\LILFIS~1\ARDUIN~1\Debug\libArduinoCore.a(Print.o)
 .rodata.str1.1
                0x008002cc        0x5 D:\Users\Celine\ONEDRI~1.EDU\DOCUME~1\Schule\UNIVER~1\EECS47~1\Project\LIL_FI~1\LILFIS~1\LILFIS~1\ARDUIN~1\Debug\libArduinoCore.a(tasks.o)
 .rodata.str1.1
                0x008002d1        0x8 D:\Users\Celine\ONEDRI~1.EDU\DOCUME~1\Schule\UNIVER~1\EECS47~1\Project\LIL_FI~1\LILFIS~1\LILFIS~1\ARDUIN~1\Debug\libArduinoCore.a(timers.o)
 *(.gnu.linkonce.r*)
                0x008002da                . = ALIGN (0x2)
 *fill*         0x008002d9        0x1 
                0x008002da                _edata = .
                0x008002da                PROVIDE (__data_end, .)

.bss            0x008002da      0x2d2
                0x008002da                PROVIDE (__bss_start, .)
 *(.bss)
 *(.bss*)
 .bss._ZZ8fromWifivE24xHigherPriorityTaskWoken
                0x008002da        0x1 main.o
 .bss.serial    0x008002db       0x1f main.o
                0x008002db                serial
 .bss.xPHandTemperature
                0x008002fa        0x2 main.o
                0x008002fa                xPHandTemperature
 .bss.xColorSensor
                0x008002fc        0x2 main.o
                0x008002fc                xColorSensor
 .bss.xSerialSemaphoreColorSensor
                0x008002fe        0x2 main.o
                0x008002fe                xSerialSemaphoreColorSensor
 .bss.alreadyStarted
                0x00800300        0x1 main.o
                0x00800300                alreadyStarted
 .bss.nitriteValue
                0x00800301        0x2 main.o
                0x00800301                nitriteValue
 .bss.nitrateValue
                0x00800303        0x2 main.o
                0x00800303                nitrateValue
 .bss.ammoniaValue
                0x00800305        0x2 main.o
                0x00800305                ammoniaValue
 .bss.tempValue
                0x00800307        0x2 main.o
                0x00800307                tempValue
 .bss.phValue   0x00800309        0x4 main.o
                0x00800309                phValue
 .bss.Off       0x0080030d        0x6 main.o
                0x0080030d                Off
 .bss.CS        0x00800313       0x2f main.o
                0x00800313                CS
 .bss.Nitrate   0x00800342       0x46 main.o
                0x00800342                Nitrate
 .bss.Nitrite   0x00800388       0x46 main.o
                0x00800388                Nitrite
 .bss.Ammonia   0x008003ce       0x32 main.o
                0x008003ce                Ammonia
 .bss.ds        0x00800400        0xe main.o
                0x00800400                ds
 .bss.ph        0x0080040e       0x1f phSensor.o
                0x0080040e                ph
 .bss._ZN14SoftwareSerial20_receive_buffer_headE
                0x0080042d        0x1 src/libraries/SoftwareSerial/src/SoftwareSerial.o
                0x0080042d                _ZN14SoftwareSerial20_receive_buffer_headE
 .bss._ZN14SoftwareSerial20_receive_buffer_tailE
                0x0080042e        0x1 src/libraries/SoftwareSerial/src/SoftwareSerial.o
                0x0080042e                _ZN14SoftwareSerial20_receive_buffer_tailE
 .bss._ZN14SoftwareSerial15_receive_bufferE
                0x0080042f       0x40 src/libraries/SoftwareSerial/src/SoftwareSerial.o
                0x0080042f                _ZN14SoftwareSerial15_receive_bufferE
 .bss._ZN14SoftwareSerial13active_objectE
                0x0080046f        0x2 src/libraries/SoftwareSerial/src/SoftwareSerial.o
                0x0080046f                _ZN14SoftwareSerial13active_objectE
 .bss.Serial    0x00800471       0x9d D:\Users\Celine\ONEDRI~1.EDU\DOCUME~1\Schule\UNIVER~1\EECS47~1\Project\LIL_FI~1\LILFIS~1\LILFIS~1\ARDUIN~1\Debug\libArduinoCore.a(HardwareSerial0.o)
                0x00800471                Serial
 .bss.timer0_fract
                0x0080050e        0x1 D:\Users\Celine\ONEDRI~1.EDU\DOCUME~1\Schule\UNIVER~1\EECS47~1\Project\LIL_FI~1\LILFIS~1\LILFIS~1\ARDUIN~1\Debug\libArduinoCore.a(wiring.o)
 .bss.timer0_millis
                0x0080050f        0x4 D:\Users\Celine\ONEDRI~1.EDU\DOCUME~1\Schule\UNIVER~1\EECS47~1\Project\LIL_FI~1\LILFIS~1\LILFIS~1\ARDUIN~1\Debug\libArduinoCore.a(wiring.o)
                0x0080050f                timer0_millis
 .bss.timer0_overflow_count
                0x00800513        0x4 D:\Users\Celine\ONEDRI~1.EDU\DOCUME~1\Schule\UNIVER~1\EECS47~1\Project\LIL_FI~1\LILFIS~1\LILFIS~1\ARDUIN~1\Debug\libArduinoCore.a(wiring.o)
                0x00800513                timer0_overflow_count
 .bss.uxSchedulerSuspended
                0x00800517        0x1 D:\Users\Celine\ONEDRI~1.EDU\DOCUME~1\Schule\UNIVER~1\EECS47~1\Project\LIL_FI~1\LILFIS~1\LILFIS~1\ARDUIN~1\Debug\libArduinoCore.a(tasks.o)
 .bss.xIdleTaskHandle
                0x00800518        0x2 D:\Users\Celine\ONEDRI~1.EDU\DOCUME~1\Schule\UNIVER~1\EECS47~1\Project\LIL_FI~1\LILFIS~1\LILFIS~1\ARDUIN~1\Debug\libArduinoCore.a(tasks.o)
 .bss.xNextTaskUnblockTime
                0x0080051a        0x2 D:\Users\Celine\ONEDRI~1.EDU\DOCUME~1\Schule\UNIVER~1\EECS47~1\Project\LIL_FI~1\LILFIS~1\LILFIS~1\ARDUIN~1\Debug\libArduinoCore.a(tasks.o)
 .bss.uxTaskNumber
                0x0080051c        0x1 D:\Users\Celine\ONEDRI~1.EDU\DOCUME~1\Schule\UNIVER~1\EECS47~1\Project\LIL_FI~1\LILFIS~1\LILFIS~1\ARDUIN~1\Debug\libArduinoCore.a(tasks.o)
 .bss.xNumOfOverflows
                0x0080051d        0x1 D:\Users\Celine\ONEDRI~1.EDU\DOCUME~1\Schule\UNIVER~1\EECS47~1\Project\LIL_FI~1\LILFIS~1\LILFIS~1\ARDUIN~1\Debug\libArduinoCore.a(tasks.o)
 .bss.xYieldPending
                0x0080051e        0x1 D:\Users\Celine\ONEDRI~1.EDU\DOCUME~1\Schule\UNIVER~1\EECS47~1\Project\LIL_FI~1\LILFIS~1\LILFIS~1\ARDUIN~1\Debug\libArduinoCore.a(tasks.o)
 .bss.uxPendedTicks
                0x0080051f        0x1 D:\Users\Celine\ONEDRI~1.EDU\DOCUME~1\Schule\UNIVER~1\EECS47~1\Project\LIL_FI~1\LILFIS~1\LILFIS~1\ARDUIN~1\Debug\libArduinoCore.a(tasks.o)
 .bss.xSchedulerRunning
                0x00800520        0x1 D:\Users\Celine\ONEDRI~1.EDU\DOCUME~1\Schule\UNIVER~1\EECS47~1\Project\LIL_FI~1\LILFIS~1\LILFIS~1\ARDUIN~1\Debug\libArduinoCore.a(tasks.o)
 .bss.uxTopReadyPriority
                0x00800521        0x1 D:\Users\Celine\ONEDRI~1.EDU\DOCUME~1\Schule\UNIVER~1\EECS47~1\Project\LIL_FI~1\LILFIS~1\LILFIS~1\ARDUIN~1\Debug\libArduinoCore.a(tasks.o)
 .bss.xTickCount
                0x00800522        0x2 D:\Users\Celine\ONEDRI~1.EDU\DOCUME~1\Schule\UNIVER~1\EECS47~1\Project\LIL_FI~1\LILFIS~1\LILFIS~1\ARDUIN~1\Debug\libArduinoCore.a(tasks.o)
 .bss.uxCurrentNumberOfTasks
                0x00800524        0x1 D:\Users\Celine\ONEDRI~1.EDU\DOCUME~1\Schule\UNIVER~1\EECS47~1\Project\LIL_FI~1\LILFIS~1\LILFIS~1\ARDUIN~1\Debug\libArduinoCore.a(tasks.o)
 .bss.xSuspendedTaskList
                0x00800525        0x9 D:\Users\Celine\ONEDRI~1.EDU\DOCUME~1\Schule\UNIVER~1\EECS47~1\Project\LIL_FI~1\LILFIS~1\LILFIS~1\ARDUIN~1\Debug\libArduinoCore.a(tasks.o)
 .bss.uxDeletedTasksWaitingCleanUp
                0x0080052e        0x1 D:\Users\Celine\ONEDRI~1.EDU\DOCUME~1\Schule\UNIVER~1\EECS47~1\Project\LIL_FI~1\LILFIS~1\LILFIS~1\ARDUIN~1\Debug\libArduinoCore.a(tasks.o)
 .bss.xTasksWaitingTermination
                0x0080052f        0x9 D:\Users\Celine\ONEDRI~1.EDU\DOCUME~1\Schule\UNIVER~1\EECS47~1\Project\LIL_FI~1\LILFIS~1\LILFIS~1\ARDUIN~1\Debug\libArduinoCore.a(tasks.o)
 .bss.xPendingReadyList
                0x00800538        0x9 D:\Users\Celine\ONEDRI~1.EDU\DOCUME~1\Schule\UNIVER~1\EECS47~1\Project\LIL_FI~1\LILFIS~1\LILFIS~1\ARDUIN~1\Debug\libArduinoCore.a(tasks.o)
 .bss.pxOverflowDelayedTaskList
                0x00800541        0x2 D:\Users\Celine\ONEDRI~1.EDU\DOCUME~1\Schule\UNIVER~1\EECS47~1\Project\LIL_FI~1\LILFIS~1\LILFIS~1\ARDUIN~1\Debug\libArduinoCore.a(tasks.o)
 .bss.pxDelayedTaskList
                0x00800543        0x2 D:\Users\Celine\ONEDRI~1.EDU\DOCUME~1\Schule\UNIVER~1\EECS47~1\Project\LIL_FI~1\LILFIS~1\LILFIS~1\ARDUIN~1\Debug\libArduinoCore.a(tasks.o)
 .bss.xDelayedTaskList2
                0x00800545        0x9 D:\Users\Celine\ONEDRI~1.EDU\DOCUME~1\Schule\UNIVER~1\EECS47~1\Project\LIL_FI~1\LILFIS~1\LILFIS~1\ARDUIN~1\Debug\libArduinoCore.a(tasks.o)
 .bss.xDelayedTaskList1
                0x0080054e        0x9 D:\Users\Celine\ONEDRI~1.EDU\DOCUME~1\Schule\UNIVER~1\EECS47~1\Project\LIL_FI~1\LILFIS~1\LILFIS~1\ARDUIN~1\Debug\libArduinoCore.a(tasks.o)
 .bss.pxReadyTasksLists
                0x00800557       0x24 D:\Users\Celine\ONEDRI~1.EDU\DOCUME~1\Schule\UNIVER~1\EECS47~1\Project\LIL_FI~1\LILFIS~1\LILFIS~1\ARDUIN~1\Debug\libArduinoCore.a(tasks.o)
 .bss.pxCurrentTCB
                0x0080057b        0x2 D:\Users\Celine\ONEDRI~1.EDU\DOCUME~1\Schule\UNIVER~1\EECS47~1\Project\LIL_FI~1\LILFIS~1\LILFIS~1\ARDUIN~1\Debug\libArduinoCore.a(tasks.o)
                0x0080057b                pxCurrentTCB
 .bss.xLastTime.2412
                0x0080057d        0x2 D:\Users\Celine\ONEDRI~1.EDU\DOCUME~1\Schule\UNIVER~1\EECS47~1\Project\LIL_FI~1\LILFIS~1\LILFIS~1\ARDUIN~1\Debug\libArduinoCore.a(timers.o)
 .bss.xTimerTaskHandle
                0x0080057f        0x2 D:\Users\Celine\ONEDRI~1.EDU\DOCUME~1\Schule\UNIVER~1\EECS47~1\Project\LIL_FI~1\LILFIS~1\LILFIS~1\ARDUIN~1\Debug\libArduinoCore.a(timers.o)
 .bss.xTimerQueue
                0x00800581        0x2 D:\Users\Celine\ONEDRI~1.EDU\DOCUME~1\Schule\UNIVER~1\EECS47~1\Project\LIL_FI~1\LILFIS~1\LILFIS~1\ARDUIN~1\Debug\libArduinoCore.a(timers.o)
 .bss.pxOverflowTimerList
                0x00800583        0x2 D:\Users\Celine\ONEDRI~1.EDU\DOCUME~1\Schule\UNIVER~1\EECS47~1\Project\LIL_FI~1\LILFIS~1\LILFIS~1\ARDUIN~1\Debug\libArduinoCore.a(timers.o)
 .bss.pxCurrentTimerList
                0x00800585        0x2 D:\Users\Celine\ONEDRI~1.EDU\DOCUME~1\Schule\UNIVER~1\EECS47~1\Project\LIL_FI~1\LILFIS~1\LILFIS~1\ARDUIN~1\Debug\libArduinoCore.a(timers.o)
 .bss.xActiveTimerList2
                0x00800587        0x9 D:\Users\Celine\ONEDRI~1.EDU\DOCUME~1\Schule\UNIVER~1\EECS47~1\Project\LIL_FI~1\LILFIS~1\LILFIS~1\ARDUIN~1\Debug\libArduinoCore.a(timers.o)
 .bss.xActiveTimerList1
                0x00800590        0x9 D:\Users\Celine\ONEDRI~1.EDU\DOCUME~1\Schule\UNIVER~1\EECS47~1\Project\LIL_FI~1\LILFIS~1\LILFIS~1\ARDUIN~1\Debug\libArduinoCore.a(timers.o)
 .bss._ZL10gate_index
                0x00800599        0x2 D:\Users\Celine\ONEDRI~1.EDU\DOCUME~1\Schule\UNIVER~1\EECS47~1\Project\LIL_FI~1\LILFIS~1\LILFIS~1\ARDUIN~1\Debug\libArduinoCore.a(FreqCount.o)
 .bss._ZL11gate_length
                0x0080059b        0x2 D:\Users\Celine\ONEDRI~1.EDU\DOCUME~1\Schule\UNIVER~1\EECS47~1\Project\LIL_FI~1\LILFIS~1\LILFIS~1\ARDUIN~1\Debug\libArduinoCore.a(FreqCount.o)
 .bss._ZL11count_ready
                0x0080059d        0x1 D:\Users\Celine\ONEDRI~1.EDU\DOCUME~1\Schule\UNIVER~1\EECS47~1\Project\LIL_FI~1\LILFIS~1\LILFIS~1\ARDUIN~1\Debug\libArduinoCore.a(FreqCount.o)
 .bss._ZL12count_output
                0x0080059e        0x4 D:\Users\Celine\ONEDRI~1.EDU\DOCUME~1\Schule\UNIVER~1\EECS47~1\Project\LIL_FI~1\LILFIS~1\LILFIS~1\ARDUIN~1\Debug\libArduinoCore.a(FreqCount.o)
 .bss._ZL10count_prev
                0x008005a2        0x4 D:\Users\Celine\ONEDRI~1.EDU\DOCUME~1\Schule\UNIVER~1\EECS47~1\Project\LIL_FI~1\LILFIS~1\LILFIS~1\ARDUIN~1\Debug\libArduinoCore.a(FreqCount.o)
 .bss._ZL9count_msw
                0x008005a6        0x2 D:\Users\Celine\ONEDRI~1.EDU\DOCUME~1\Schule\UNIVER~1\EECS47~1\Project\LIL_FI~1\LILFIS~1\LILFIS~1\ARDUIN~1\Debug\libArduinoCore.a(FreqCount.o)
 *(COMMON)
 COMMON         0x008005a8        0x4 c:/program files (x86)/atmel/studio/7.0/toolchain/avr8/avr8-gnu-toolchain/bin/../lib/gcc/avr/5.4.0/../../../../avr/lib/avr5\libc.a(malloc.o)
                0x008005a8                __brkval
                0x008005aa                __flp
                0x008005ac                PROVIDE (__bss_end, .)
                0x000042aa                __data_load_start = LOADADDR (.data)
                0x00004484                __data_load_end = (__data_load_start + SIZEOF (.data))

.noinit         0x008005ac        0x0
                [!provide]                PROVIDE (__noinit_start, .)
 *(.noinit*)
                [!provide]                PROVIDE (__noinit_end, .)
                0x008005ac                _end = .
                0x008005ac                PROVIDE (__heap_start, .)

.eeprom         0x00810000        0x0
 *(.eeprom*)
                0x00810000                __eeprom_end = .

.fuse
 *(.fuse)
 *(.lfuse)
 *(.hfuse)
 *(.efuse)

.lock
 *(.lock*)

.signature
 *(.signature*)

.user_signatures
 *(.user_signatures*)

.stab
 *(.stab)

.stabstr
 *(.stabstr)

.stab.excl
 *(.stab.excl)

.stab.exclstr
 *(.stab.exclstr)

.stab.index
 *(.stab.index)

.stab.indexstr
 *(.stab.indexstr)

.comment        0x00000000       0x30
 *(.comment)
 .comment       0x00000000       0x30 DFRobot_PH.o
                                 0x31 (size before relaxing)
 .comment       0x00000030       0x31 main.o
 .comment       0x00000030       0x31 OneWire.o
 .comment       0x00000030       0x31 phSensor.o
 .comment       0x00000030       0x31 src/libraries/MD_TCS230/src/MD_TCS230.o
 .comment       0x00000030       0x31 src/libraries/SoftwareSerial/src/SoftwareSerial.o
 .comment       0x00000030       0x31 D:\Users\Celine\ONEDRI~1.EDU\DOCUME~1\Schule\UNIVER~1\EECS47~1\Project\LIL_FI~1\LILFIS~1\LILFIS~1\ARDUIN~1\Debug\libArduinoCore.a(HardwareSerial.o)
 .comment       0x00000030       0x31 D:\Users\Celine\ONEDRI~1.EDU\DOCUME~1\Schule\UNIVER~1\EECS47~1\Project\LIL_FI~1\LILFIS~1\LILFIS~1\ARDUIN~1\Debug\libArduinoCore.a(HardwareSerial0.o)
 .comment       0x00000030       0x31 D:\Users\Celine\ONEDRI~1.EDU\DOCUME~1\Schule\UNIVER~1\EECS47~1\Project\LIL_FI~1\LILFIS~1\LILFIS~1\ARDUIN~1\Debug\libArduinoCore.a(main.o)
 .comment       0x00000030       0x31 D:\Users\Celine\ONEDRI~1.EDU\DOCUME~1\Schule\UNIVER~1\EECS47~1\Project\LIL_FI~1\LILFIS~1\LILFIS~1\ARDUIN~1\Debug\libArduinoCore.a(Print.o)
 .comment       0x00000030       0x31 D:\Users\Celine\ONEDRI~1.EDU\DOCUME~1\Schule\UNIVER~1\EECS47~1\Project\LIL_FI~1\LILFIS~1\LILFIS~1\ARDUIN~1\Debug\libArduinoCore.a(WInterrupts.o)
 .comment       0x00000030       0x31 D:\Users\Celine\ONEDRI~1.EDU\DOCUME~1\Schule\UNIVER~1\EECS47~1\Project\LIL_FI~1\LILFIS~1\LILFIS~1\ARDUIN~1\Debug\libArduinoCore.a(wiring.o)
 .comment       0x00000030       0x31 D:\Users\Celine\ONEDRI~1.EDU\DOCUME~1\Schule\UNIVER~1\EECS47~1\Project\LIL_FI~1\LILFIS~1\LILFIS~1\ARDUIN~1\Debug\libArduinoCore.a(wiring_analog.o)
 .comment       0x00000030       0x31 D:\Users\Celine\ONEDRI~1.EDU\DOCUME~1\Schule\UNIVER~1\EECS47~1\Project\LIL_FI~1\LILFIS~1\LILFIS~1\ARDUIN~1\Debug\libArduinoCore.a(wiring_digital.o)
 .comment       0x00000030       0x31 D:\Users\Celine\ONEDRI~1.EDU\DOCUME~1\Schule\UNIVER~1\EECS47~1\Project\LIL_FI~1\LILFIS~1\LILFIS~1\ARDUIN~1\Debug\libArduinoCore.a(queue.o)
 .comment       0x00000030       0x31 D:\Users\Celine\ONEDRI~1.EDU\DOCUME~1\Schule\UNIVER~1\EECS47~1\Project\LIL_FI~1\LILFIS~1\LILFIS~1\ARDUIN~1\Debug\libArduinoCore.a(tasks.o)
 .comment       0x00000030       0x31 D:\Users\Celine\ONEDRI~1.EDU\DOCUME~1\Schule\UNIVER~1\EECS47~1\Project\LIL_FI~1\LILFIS~1\LILFIS~1\ARDUIN~1\Debug\libArduinoCore.a(timers.o)
 .comment       0x00000030       0x31 D:\Users\Celine\ONEDRI~1.EDU\DOCUME~1\Schule\UNIVER~1\EECS47~1\Project\LIL_FI~1\LILFIS~1\LILFIS~1\ARDUIN~1\Debug\libArduinoCore.a(variantHooks.o)
 .comment       0x00000030       0x31 D:\Users\Celine\ONEDRI~1.EDU\DOCUME~1\Schule\UNIVER~1\EECS47~1\Project\LIL_FI~1\LILFIS~1\LILFIS~1\ARDUIN~1\Debug\libArduinoCore.a(FreqCount.o)
 .comment       0x00000030       0x31 D:\Users\Celine\ONEDRI~1.EDU\DOCUME~1\Schule\UNIVER~1\EECS47~1\Project\LIL_FI~1\LILFIS~1\LILFIS~1\ARDUIN~1\Debug\libArduinoCore.a(hooks.o)
 .comment       0x00000030       0x31 D:\Users\Celine\ONEDRI~1.EDU\DOCUME~1\Schule\UNIVER~1\EECS47~1\Project\LIL_FI~1\LILFIS~1\LILFIS~1\ARDUIN~1\Debug\libArduinoCore.a(heap_3.o)
 .comment       0x00000030       0x31 D:\Users\Celine\ONEDRI~1.EDU\DOCUME~1\Schule\UNIVER~1\EECS47~1\Project\LIL_FI~1\LILFIS~1\LILFIS~1\ARDUIN~1\Debug\libArduinoCore.a(list.o)
 .comment       0x00000030       0x31 D:\Users\Celine\ONEDRI~1.EDU\DOCUME~1\Schule\UNIVER~1\EECS47~1\Project\LIL_FI~1\LILFIS~1\LILFIS~1\ARDUIN~1\Debug\libArduinoCore.a(port.o)
 .comment       0x00000030       0x31 c:/program files (x86)/atmel/studio/7.0/toolchain/avr8/avr8-gnu-toolchain/bin/../lib/gcc/avr/5.4.0/../../../../avr/lib/avr5\libc.a(malloc.o)

.note.gnu.avr.deviceinfo
                0x00000000       0x40
 .note.gnu.avr.deviceinfo
                0x00000000       0x40 C:/Program Files (x86)/Atmel/Studio/7.0/Packs/atmel/ATmega_DFP/1.2.209/gcc/dev/atmega328p/avr5/crtatmega328p.o

.note.gnu.build-id
 *(.note.gnu.build-id)

.debug
 *(.debug)

.line
 *(.line)

.debug_srcinfo
 *(.debug_srcinfo)

.debug_sfnames
 *(.debug_sfnames)

.debug_aranges  0x00000000      0xab0
 *(.debug_aranges)
 .debug_aranges
                0x00000000       0x70 DFRobot_PH.o
 .debug_aranges
                0x00000070       0x98 main.o
 .debug_aranges
                0x00000108       0xa0 OneWire.o
 .debug_aranges
                0x000001a8       0x50 phSensor.o
 .debug_aranges
                0x000001f8       0xc0 src/libraries/MD_TCS230/src/MD_TCS230.o
 .debug_aranges
                0x000002b8       0xa8 src/libraries/SoftwareSerial/src/SoftwareSerial.o
 .debug_aranges
                0x00000360       0x68 D:\Users\Celine\ONEDRI~1.EDU\DOCUME~1\Schule\UNIVER~1\EECS47~1\Project\LIL_FI~1\LILFIS~1\LILFIS~1\ARDUIN~1\Debug\libArduinoCore.a(HardwareSerial.o)
 .debug_aranges
                0x000003c8       0x48 D:\Users\Celine\ONEDRI~1.EDU\DOCUME~1\Schule\UNIVER~1\EECS47~1\Project\LIL_FI~1\LILFIS~1\LILFIS~1\ARDUIN~1\Debug\libArduinoCore.a(HardwareSerial0.o)
 .debug_aranges
                0x00000410       0x30 D:\Users\Celine\ONEDRI~1.EDU\DOCUME~1\Schule\UNIVER~1\EECS47~1\Project\LIL_FI~1\LILFIS~1\LILFIS~1\ARDUIN~1\Debug\libArduinoCore.a(main.o)
 .debug_aranges
                0x00000440      0x100 D:\Users\Celine\ONEDRI~1.EDU\DOCUME~1\Schule\UNIVER~1\EECS47~1\Project\LIL_FI~1\LILFIS~1\LILFIS~1\ARDUIN~1\Debug\libArduinoCore.a(Print.o)
 .debug_aranges
                0x00000540       0x40 D:\Users\Celine\ONEDRI~1.EDU\DOCUME~1\Schule\UNIVER~1\EECS47~1\Project\LIL_FI~1\LILFIS~1\LILFIS~1\ARDUIN~1\Debug\libArduinoCore.a(WInterrupts.o)
 .debug_aranges
                0x00000580       0x48 D:\Users\Celine\ONEDRI~1.EDU\DOCUME~1\Schule\UNIVER~1\EECS47~1\Project\LIL_FI~1\LILFIS~1\LILFIS~1\ARDUIN~1\Debug\libArduinoCore.a(wiring.o)
 .debug_aranges
                0x000005c8       0x30 D:\Users\Celine\ONEDRI~1.EDU\DOCUME~1\Schule\UNIVER~1\EECS47~1\Project\LIL_FI~1\LILFIS~1\LILFIS~1\ARDUIN~1\Debug\libArduinoCore.a(wiring_analog.o)
 .debug_aranges
                0x000005f8       0x38 D:\Users\Celine\ONEDRI~1.EDU\DOCUME~1\Schule\UNIVER~1\EECS47~1\Project\LIL_FI~1\LILFIS~1\LILFIS~1\ARDUIN~1\Debug\libArduinoCore.a(wiring_digital.o)
 .debug_aranges
                0x00000630       0xe0 D:\Users\Celine\ONEDRI~1.EDU\DOCUME~1\Schule\UNIVER~1\EECS47~1\Project\LIL_FI~1\LILFIS~1\LILFIS~1\ARDUIN~1\Debug\libArduinoCore.a(queue.o)
 .debug_aranges
                0x00000710      0x188 D:\Users\Celine\ONEDRI~1.EDU\DOCUME~1\Schule\UNIVER~1\EECS47~1\Project\LIL_FI~1\LILFIS~1\LILFIS~1\ARDUIN~1\Debug\libArduinoCore.a(tasks.o)
 .debug_aranges
                0x00000898       0x90 D:\Users\Celine\ONEDRI~1.EDU\DOCUME~1\Schule\UNIVER~1\EECS47~1\Project\LIL_FI~1\LILFIS~1\LILFIS~1\ARDUIN~1\Debug\libArduinoCore.a(timers.o)
 .debug_aranges
                0x00000928       0x38 D:\Users\Celine\ONEDRI~1.EDU\DOCUME~1\Schule\UNIVER~1\EECS47~1\Project\LIL_FI~1\LILFIS~1\LILFIS~1\ARDUIN~1\Debug\libArduinoCore.a(variantHooks.o)
 .debug_aranges
                0x00000960       0x40 D:\Users\Celine\ONEDRI~1.EDU\DOCUME~1\Schule\UNIVER~1\EECS47~1\Project\LIL_FI~1\LILFIS~1\LILFIS~1\ARDUIN~1\Debug\libArduinoCore.a(FreqCount.o)
 .debug_aranges
                0x000009a0       0x20 D:\Users\Celine\ONEDRI~1.EDU\DOCUME~1\Schule\UNIVER~1\EECS47~1\Project\LIL_FI~1\LILFIS~1\LILFIS~1\ARDUIN~1\Debug\libArduinoCore.a(hooks.o)
 .debug_aranges
                0x000009c0       0x28 D:\Users\Celine\ONEDRI~1.EDU\DOCUME~1\Schule\UNIVER~1\EECS47~1\Project\LIL_FI~1\LILFIS~1\LILFIS~1\ARDUIN~1\Debug\libArduinoCore.a(heap_3.o)
 .debug_aranges
                0x000009e8       0x40 D:\Users\Celine\ONEDRI~1.EDU\DOCUME~1\Schule\UNIVER~1\EECS47~1\Project\LIL_FI~1\LILFIS~1\LILFIS~1\ARDUIN~1\Debug\libArduinoCore.a(list.o)
 .debug_aranges
                0x00000a28       0x48 D:\Users\Celine\ONEDRI~1.EDU\DOCUME~1\Schule\UNIVER~1\EECS47~1\Project\LIL_FI~1\LILFIS~1\LILFIS~1\ARDUIN~1\Debug\libArduinoCore.a(port.o)
 .debug_aranges
                0x00000a70       0x20 C:/Program Files (x86)/Atmel/Studio/7.0/Packs/atmel/ATmega_DFP/1.2.209/gcc/dev/atmega328p/avr5\libatmega328p.a(eerd_byte.o)
 .debug_aranges
                0x00000a90       0x20 C:/Program Files (x86)/Atmel/Studio/7.0/Packs/atmel/ATmega_DFP/1.2.209/gcc/dev/atmega328p/avr5\libatmega328p.a(eewr_byte.o)

.debug_pubnames
 *(.debug_pubnames)

.debug_info     0x00000000    0x16500
 *(.debug_info .gnu.linkonce.wi.*)
 .debug_info    0x00000000      0x5f4 C:/Program Files (x86)/Atmel/Studio/7.0/Packs/atmel/ATmega_DFP/1.2.209/gcc/dev/atmega328p/avr5/crtatmega328p.o
 .debug_info    0x000005f4     0x158a DFRobot_PH.o
 .debug_info    0x00001b7e     0x268f main.o
 .debug_info    0x0000420d      0xf20 OneWire.o
 .debug_info    0x0000512d      0xd50 phSensor.o
 .debug_info    0x00005e7d     0x1018 src/libraries/MD_TCS230/src/MD_TCS230.o
 .debug_info    0x00006e95     0x28f2 src/libraries/SoftwareSerial/src/SoftwareSerial.o
 .debug_info    0x00009787     0x1f64 D:\Users\Celine\ONEDRI~1.EDU\DOCUME~1\Schule\UNIVER~1\EECS47~1\Project\LIL_FI~1\LILFIS~1\LILFIS~1\ARDUIN~1\Debug\libArduinoCore.a(HardwareSerial.o)
 .debug_info    0x0000b6eb     0x1b16 D:\Users\Celine\ONEDRI~1.EDU\DOCUME~1\Schule\UNIVER~1\EECS47~1\Project\LIL_FI~1\LILFIS~1\LILFIS~1\ARDUIN~1\Debug\libArduinoCore.a(HardwareSerial0.o)
 .debug_info    0x0000d201      0x237 D:\Users\Celine\ONEDRI~1.EDU\DOCUME~1\Schule\UNIVER~1\EECS47~1\Project\LIL_FI~1\LILFIS~1\LILFIS~1\ARDUIN~1\Debug\libArduinoCore.a(main.o)
 .debug_info    0x0000d438     0x28ff D:\Users\Celine\ONEDRI~1.EDU\DOCUME~1\Schule\UNIVER~1\EECS47~1\Project\LIL_FI~1\LILFIS~1\LILFIS~1\ARDUIN~1\Debug\libArduinoCore.a(Print.o)
 .debug_info    0x0000fd37      0x21c D:\Users\Celine\ONEDRI~1.EDU\DOCUME~1\Schule\UNIVER~1\EECS47~1\Project\LIL_FI~1\LILFIS~1\LILFIS~1\ARDUIN~1\Debug\libArduinoCore.a(WInterrupts.o)
 .debug_info    0x0000ff53      0x2cb D:\Users\Celine\ONEDRI~1.EDU\DOCUME~1\Schule\UNIVER~1\EECS47~1\Project\LIL_FI~1\LILFIS~1\LILFIS~1\ARDUIN~1\Debug\libArduinoCore.a(wiring.o)
 .debug_info    0x0001021e      0x26d D:\Users\Celine\ONEDRI~1.EDU\DOCUME~1\Schule\UNIVER~1\EECS47~1\Project\LIL_FI~1\LILFIS~1\LILFIS~1\ARDUIN~1\Debug\libArduinoCore.a(wiring_analog.o)
 .debug_info    0x0001048b      0x5fe D:\Users\Celine\ONEDRI~1.EDU\DOCUME~1\Schule\UNIVER~1\EECS47~1\Project\LIL_FI~1\LILFIS~1\LILFIS~1\ARDUIN~1\Debug\libArduinoCore.a(wiring_digital.o)
 .debug_info    0x00010a89     0x1820 D:\Users\Celine\ONEDRI~1.EDU\DOCUME~1\Schule\UNIVER~1\EECS47~1\Project\LIL_FI~1\LILFIS~1\LILFIS~1\ARDUIN~1\Debug\libArduinoCore.a(queue.o)
 .debug_info    0x000122a9     0x2102 D:\Users\Celine\ONEDRI~1.EDU\DOCUME~1\Schule\UNIVER~1\EECS47~1\Project\LIL_FI~1\LILFIS~1\LILFIS~1\ARDUIN~1\Debug\libArduinoCore.a(tasks.o)
 .debug_info    0x000143ab     0x1083 D:\Users\Celine\ONEDRI~1.EDU\DOCUME~1\Schule\UNIVER~1\EECS47~1\Project\LIL_FI~1\LILFIS~1\LILFIS~1\ARDUIN~1\Debug\libArduinoCore.a(timers.o)
 .debug_info    0x0001542e      0x330 D:\Users\Celine\ONEDRI~1.EDU\DOCUME~1\Schule\UNIVER~1\EECS47~1\Project\LIL_FI~1\LILFIS~1\LILFIS~1\ARDUIN~1\Debug\libArduinoCore.a(variantHooks.o)
 .debug_info    0x0001575e      0x4fa D:\Users\Celine\ONEDRI~1.EDU\DOCUME~1\Schule\UNIVER~1\EECS47~1\Project\LIL_FI~1\LILFIS~1\LILFIS~1\ARDUIN~1\Debug\libArduinoCore.a(FreqCount.o)
 .debug_info    0x00015c58       0x3e D:\Users\Celine\ONEDRI~1.EDU\DOCUME~1\Schule\UNIVER~1\EECS47~1\Project\LIL_FI~1\LILFIS~1\LILFIS~1\ARDUIN~1\Debug\libArduinoCore.a(hooks.o)
 .debug_info    0x00015c96      0x1a7 D:\Users\Celine\ONEDRI~1.EDU\DOCUME~1\Schule\UNIVER~1\EECS47~1\Project\LIL_FI~1\LILFIS~1\LILFIS~1\ARDUIN~1\Debug\libArduinoCore.a(heap_3.o)
 .debug_info    0x00015e3d      0x2e0 D:\Users\Celine\ONEDRI~1.EDU\DOCUME~1\Schule\UNIVER~1\EECS47~1\Project\LIL_FI~1\LILFIS~1\LILFIS~1\ARDUIN~1\Debug\libArduinoCore.a(list.o)
 .debug_info    0x0001611d      0x28b D:\Users\Celine\ONEDRI~1.EDU\DOCUME~1\Schule\UNIVER~1\EECS47~1\Project\LIL_FI~1\LILFIS~1\LILFIS~1\ARDUIN~1\Debug\libArduinoCore.a(port.o)
 .debug_info    0x000163a8       0xac C:/Program Files (x86)/Atmel/Studio/7.0/Packs/atmel/ATmega_DFP/1.2.209/gcc/dev/atmega328p/avr5\libatmega328p.a(eerd_byte.o)
 .debug_info    0x00016454       0xac C:/Program Files (x86)/Atmel/Studio/7.0/Packs/atmel/ATmega_DFP/1.2.209/gcc/dev/atmega328p/avr5\libatmega328p.a(eewr_byte.o)

.debug_abbrev   0x00000000     0x435a
 *(.debug_abbrev)
 .debug_abbrev  0x00000000      0x5a2 C:/Program Files (x86)/Atmel/Studio/7.0/Packs/atmel/ATmega_DFP/1.2.209/gcc/dev/atmega328p/avr5/crtatmega328p.o
 .debug_abbrev  0x000005a2      0x3de DFRobot_PH.o
 .debug_abbrev  0x00000980      0x5cf main.o
 .debug_abbrev  0x00000f4f      0x34d OneWire.o
 .debug_abbrev  0x0000129c      0x35a phSensor.o
 .debug_abbrev  0x000015f6      0x39f src/libraries/MD_TCS230/src/MD_TCS230.o
 .debug_abbrev  0x00001995      0x60b src/libraries/SoftwareSerial/src/SoftwareSerial.o
 .debug_abbrev  0x00001fa0      0x4b7 D:\Users\Celine\ONEDRI~1.EDU\DOCUME~1\Schule\UNIVER~1\EECS47~1\Project\LIL_FI~1\LILFIS~1\LILFIS~1\ARDUIN~1\Debug\libArduinoCore.a(HardwareSerial.o)
 .debug_abbrev  0x00002457      0x3ce D:\Users\Celine\ONEDRI~1.EDU\DOCUME~1\Schule\UNIVER~1\EECS47~1\Project\LIL_FI~1\LILFIS~1\LILFIS~1\ARDUIN~1\Debug\libArduinoCore.a(HardwareSerial0.o)
 .debug_abbrev  0x00002825      0x12d D:\Users\Celine\ONEDRI~1.EDU\DOCUME~1\Schule\UNIVER~1\EECS47~1\Project\LIL_FI~1\LILFIS~1\LILFIS~1\ARDUIN~1\Debug\libArduinoCore.a(main.o)
 .debug_abbrev  0x00002952      0x47a D:\Users\Celine\ONEDRI~1.EDU\DOCUME~1\Schule\UNIVER~1\EECS47~1\Project\LIL_FI~1\LILFIS~1\LILFIS~1\ARDUIN~1\Debug\libArduinoCore.a(Print.o)
 .debug_abbrev  0x00002dcc       0xfc D:\Users\Celine\ONEDRI~1.EDU\DOCUME~1\Schule\UNIVER~1\EECS47~1\Project\LIL_FI~1\LILFIS~1\LILFIS~1\ARDUIN~1\Debug\libArduinoCore.a(WInterrupts.o)
 .debug_abbrev  0x00002ec8      0x146 D:\Users\Celine\ONEDRI~1.EDU\DOCUME~1\Schule\UNIVER~1\EECS47~1\Project\LIL_FI~1\LILFIS~1\LILFIS~1\ARDUIN~1\Debug\libArduinoCore.a(wiring.o)
 .debug_abbrev  0x0000300e      0x16b D:\Users\Celine\ONEDRI~1.EDU\DOCUME~1\Schule\UNIVER~1\EECS47~1\Project\LIL_FI~1\LILFIS~1\LILFIS~1\ARDUIN~1\Debug\libArduinoCore.a(wiring_analog.o)
 .debug_abbrev  0x00003179      0x15b D:\Users\Celine\ONEDRI~1.EDU\DOCUME~1\Schule\UNIVER~1\EECS47~1\Project\LIL_FI~1\LILFIS~1\LILFIS~1\ARDUIN~1\Debug\libArduinoCore.a(wiring_digital.o)
 .debug_abbrev  0x000032d4      0x2d5 D:\Users\Celine\ONEDRI~1.EDU\DOCUME~1\Schule\UNIVER~1\EECS47~1\Project\LIL_FI~1\LILFIS~1\LILFIS~1\ARDUIN~1\Debug\libArduinoCore.a(queue.o)
 .debug_abbrev  0x000035a9      0x35e D:\Users\Celine\ONEDRI~1.EDU\DOCUME~1\Schule\UNIVER~1\EECS47~1\Project\LIL_FI~1\LILFIS~1\LILFIS~1\ARDUIN~1\Debug\libArduinoCore.a(tasks.o)
 .debug_abbrev  0x00003907      0x2f8 D:\Users\Celine\ONEDRI~1.EDU\DOCUME~1\Schule\UNIVER~1\EECS47~1\Project\LIL_FI~1\LILFIS~1\LILFIS~1\ARDUIN~1\Debug\libArduinoCore.a(timers.o)
 .debug_abbrev  0x00003bff      0x18d D:\Users\Celine\ONEDRI~1.EDU\DOCUME~1\Schule\UNIVER~1\EECS47~1\Project\LIL_FI~1\LILFIS~1\LILFIS~1\ARDUIN~1\Debug\libArduinoCore.a(variantHooks.o)
 .debug_abbrev  0x00003d8c      0x210 D:\Users\Celine\ONEDRI~1.EDU\DOCUME~1\Schule\UNIVER~1\EECS47~1\Project\LIL_FI~1\LILFIS~1\LILFIS~1\ARDUIN~1\Debug\libArduinoCore.a(FreqCount.o)
 .debug_abbrev  0x00003f9c       0x2a D:\Users\Celine\ONEDRI~1.EDU\DOCUME~1\Schule\UNIVER~1\EECS47~1\Project\LIL_FI~1\LILFIS~1\LILFIS~1\ARDUIN~1\Debug\libArduinoCore.a(hooks.o)
 .debug_abbrev  0x00003fc6      0x115 D:\Users\Celine\ONEDRI~1.EDU\DOCUME~1\Schule\UNIVER~1\EECS47~1\Project\LIL_FI~1\LILFIS~1\LILFIS~1\ARDUIN~1\Debug\libArduinoCore.a(heap_3.o)
 .debug_abbrev  0x000040db       0xff D:\Users\Celine\ONEDRI~1.EDU\DOCUME~1\Schule\UNIVER~1\EECS47~1\Project\LIL_FI~1\LILFIS~1\LILFIS~1\ARDUIN~1\Debug\libArduinoCore.a(list.o)
 .debug_abbrev  0x000041da      0x158 D:\Users\Celine\ONEDRI~1.EDU\DOCUME~1\Schule\UNIVER~1\EECS47~1\Project\LIL_FI~1\LILFIS~1\LILFIS~1\ARDUIN~1\Debug\libArduinoCore.a(port.o)
 .debug_abbrev  0x00004332       0x14 C:/Program Files (x86)/Atmel/Studio/7.0/Packs/atmel/ATmega_DFP/1.2.209/gcc/dev/atmega328p/avr5\libatmega328p.a(eerd_byte.o)
 .debug_abbrev  0x00004346       0x14 C:/Program Files (x86)/Atmel/Studio/7.0/Packs/atmel/ATmega_DFP/1.2.209/gcc/dev/atmega328p/avr5\libatmega328p.a(eewr_byte.o)

.debug_line     0x00000000     0x72e0
 *(.debug_line .debug_line.* .debug_line_end)
 .debug_line    0x00000000      0x133 C:/Program Files (x86)/Atmel/Studio/7.0/Packs/atmel/ATmega_DFP/1.2.209/gcc/dev/atmega328p/avr5/crtatmega328p.o
 .debug_line    0x00000133      0x6e6 DFRobot_PH.o
 .debug_line    0x00000819      0xa2f main.o
 .debug_line    0x00001248      0x6c8 OneWire.o
 .debug_line    0x00001910      0x2d2 phSensor.o
 .debug_line    0x00001be2      0x666 src/libraries/MD_TCS230/src/MD_TCS230.o
 .debug_line    0x00002248      0x7f9 src/libraries/SoftwareSerial/src/SoftwareSerial.o
 .debug_line    0x00002a41      0x4c4 D:\Users\Celine\ONEDRI~1.EDU\DOCUME~1\Schule\UNIVER~1\EECS47~1\Project\LIL_FI~1\LILFIS~1\LILFIS~1\ARDUIN~1\Debug\libArduinoCore.a(HardwareSerial.o)
 .debug_line    0x00002f05      0x28c D:\Users\Celine\ONEDRI~1.EDU\DOCUME~1\Schule\UNIVER~1\EECS47~1\Project\LIL_FI~1\LILFIS~1\LILFIS~1\ARDUIN~1\Debug\libArduinoCore.a(HardwareSerial0.o)
 .debug_line    0x00003191      0x165 D:\Users\Celine\ONEDRI~1.EDU\DOCUME~1\Schule\UNIVER~1\EECS47~1\Project\LIL_FI~1\LILFIS~1\LILFIS~1\ARDUIN~1\Debug\libArduinoCore.a(main.o)
 .debug_line    0x000032f6      0x685 D:\Users\Celine\ONEDRI~1.EDU\DOCUME~1\Schule\UNIVER~1\EECS47~1\Project\LIL_FI~1\LILFIS~1\LILFIS~1\ARDUIN~1\Debug\libArduinoCore.a(Print.o)
 .debug_line    0x0000397b      0x1a0 D:\Users\Celine\ONEDRI~1.EDU\DOCUME~1\Schule\UNIVER~1\EECS47~1\Project\LIL_FI~1\LILFIS~1\LILFIS~1\ARDUIN~1\Debug\libArduinoCore.a(WInterrupts.o)
 .debug_line    0x00003b1b      0x299 D:\Users\Celine\ONEDRI~1.EDU\DOCUME~1\Schule\UNIVER~1\EECS47~1\Project\LIL_FI~1\LILFIS~1\LILFIS~1\ARDUIN~1\Debug\libArduinoCore.a(wiring.o)
 .debug_line    0x00003db4      0x20f D:\Users\Celine\ONEDRI~1.EDU\DOCUME~1\Schule\UNIVER~1\EECS47~1\Project\LIL_FI~1\LILFIS~1\LILFIS~1\ARDUIN~1\Debug\libArduinoCore.a(wiring_analog.o)
 .debug_line    0x00003fc3      0x252 D:\Users\Celine\ONEDRI~1.EDU\DOCUME~1\Schule\UNIVER~1\EECS47~1\Project\LIL_FI~1\LILFIS~1\LILFIS~1\ARDUIN~1\Debug\libArduinoCore.a(wiring_digital.o)
 .debug_line    0x00004215      0xb6a D:\Users\Celine\ONEDRI~1.EDU\DOCUME~1\Schule\UNIVER~1\EECS47~1\Project\LIL_FI~1\LILFIS~1\LILFIS~1\ARDUIN~1\Debug\libArduinoCore.a(queue.o)
 .debug_line    0x00004d7f     0x1256 D:\Users\Celine\ONEDRI~1.EDU\DOCUME~1\Schule\UNIVER~1\EECS47~1\Project\LIL_FI~1\LILFIS~1\LILFIS~1\ARDUIN~1\Debug\libArduinoCore.a(tasks.o)
 .debug_line    0x00005fd5      0x538 D:\Users\Celine\ONEDRI~1.EDU\DOCUME~1\Schule\UNIVER~1\EECS47~1\Project\LIL_FI~1\LILFIS~1\LILFIS~1\ARDUIN~1\Debug\libArduinoCore.a(timers.o)
 .debug_line    0x0000650d      0x246 D:\Users\Celine\ONEDRI~1.EDU\DOCUME~1\Schule\UNIVER~1\EECS47~1\Project\LIL_FI~1\LILFIS~1\LILFIS~1\ARDUIN~1\Debug\libArduinoCore.a(variantHooks.o)
 .debug_line    0x00006753      0x361 D:\Users\Celine\ONEDRI~1.EDU\DOCUME~1\Schule\UNIVER~1\EECS47~1\Project\LIL_FI~1\LILFIS~1\LILFIS~1\ARDUIN~1\Debug\libArduinoCore.a(FreqCount.o)
 .debug_line    0x00006ab4       0x41 D:\Users\Celine\ONEDRI~1.EDU\DOCUME~1\Schule\UNIVER~1\EECS47~1\Project\LIL_FI~1\LILFIS~1\LILFIS~1\ARDUIN~1\Debug\libArduinoCore.a(hooks.o)
 .debug_line    0x00006af5      0x1a3 D:\Users\Celine\ONEDRI~1.EDU\DOCUME~1\Schule\UNIVER~1\EECS47~1\Project\LIL_FI~1\LILFIS~1\LILFIS~1\ARDUIN~1\Debug\libArduinoCore.a(heap_3.o)
 .debug_line    0x00006c98      0x208 D:\Users\Celine\ONEDRI~1.EDU\DOCUME~1\Schule\UNIVER~1\EECS47~1\Project\LIL_FI~1\LILFIS~1\LILFIS~1\ARDUIN~1\Debug\libArduinoCore.a(list.o)
 .debug_line    0x00006ea0      0x328 D:\Users\Celine\ONEDRI~1.EDU\DOCUME~1\Schule\UNIVER~1\EECS47~1\Project\LIL_FI~1\LILFIS~1\LILFIS~1\ARDUIN~1\Debug\libArduinoCore.a(port.o)
 .debug_line    0x000071c8       0x7a C:/Program Files (x86)/Atmel/Studio/7.0/Packs/atmel/ATmega_DFP/1.2.209/gcc/dev/atmega328p/avr5\libatmega328p.a(eerd_byte.o)
 .debug_line    0x00007242       0x9e C:/Program Files (x86)/Atmel/Studio/7.0/Packs/atmel/ATmega_DFP/1.2.209/gcc/dev/atmega328p/avr5\libatmega328p.a(eewr_byte.o)

.debug_frame    0x00000000     0x20b0
 *(.debug_frame)
 .debug_frame   0x00000000      0x1d8 DFRobot_PH.o
 .debug_frame   0x000001d8      0x1a8 main.o
 .debug_frame   0x00000380      0x258 OneWire.o
 .debug_frame   0x000005d8      0x110 phSensor.o
 .debug_frame   0x000006e8      0x28c src/libraries/MD_TCS230/src/MD_TCS230.o
 .debug_frame   0x00000974      0x1d4 src/libraries/SoftwareSerial/src/SoftwareSerial.o
 .debug_frame   0x00000b48      0x110 D:\Users\Celine\ONEDRI~1.EDU\DOCUME~1\Schule\UNIVER~1\EECS47~1\Project\LIL_FI~1\LILFIS~1\LILFIS~1\ARDUIN~1\Debug\libArduinoCore.a(HardwareSerial.o)
 .debug_frame   0x00000c58       0xe0 D:\Users\Celine\ONEDRI~1.EDU\DOCUME~1\Schule\UNIVER~1\EECS47~1\Project\LIL_FI~1\LILFIS~1\LILFIS~1\ARDUIN~1\Debug\libArduinoCore.a(HardwareSerial0.o)
 .debug_frame   0x00000d38       0x54 D:\Users\Celine\ONEDRI~1.EDU\DOCUME~1\Schule\UNIVER~1\EECS47~1\Project\LIL_FI~1\LILFIS~1\LILFIS~1\ARDUIN~1\Debug\libArduinoCore.a(main.o)
 .debug_frame   0x00000d8c      0x3ac D:\Users\Celine\ONEDRI~1.EDU\DOCUME~1\Schule\UNIVER~1\EECS47~1\Project\LIL_FI~1\LILFIS~1\LILFIS~1\ARDUIN~1\Debug\libArduinoCore.a(Print.o)
 .debug_frame   0x00001138       0xf4 D:\Users\Celine\ONEDRI~1.EDU\DOCUME~1\Schule\UNIVER~1\EECS47~1\Project\LIL_FI~1\LILFIS~1\LILFIS~1\ARDUIN~1\Debug\libArduinoCore.a(WInterrupts.o)
 .debug_frame   0x0000122c       0xc4 D:\Users\Celine\ONEDRI~1.EDU\DOCUME~1\Schule\UNIVER~1\EECS47~1\Project\LIL_FI~1\LILFIS~1\LILFIS~1\ARDUIN~1\Debug\libArduinoCore.a(wiring.o)
 .debug_frame   0x000012f0       0x54 D:\Users\Celine\ONEDRI~1.EDU\DOCUME~1\Schule\UNIVER~1\EECS47~1\Project\LIL_FI~1\LILFIS~1\LILFIS~1\ARDUIN~1\Debug\libArduinoCore.a(wiring_analog.o)
 .debug_frame   0x00001344       0x7c D:\Users\Celine\ONEDRI~1.EDU\DOCUME~1\Schule\UNIVER~1\EECS47~1\Project\LIL_FI~1\LILFIS~1\LILFIS~1\ARDUIN~1\Debug\libArduinoCore.a(wiring_digital.o)
 .debug_frame   0x000013c0      0x368 D:\Users\Celine\ONEDRI~1.EDU\DOCUME~1\Schule\UNIVER~1\EECS47~1\Project\LIL_FI~1\LILFIS~1\LILFIS~1\ARDUIN~1\Debug\libArduinoCore.a(queue.o)
 .debug_frame   0x00001728      0x57c D:\Users\Celine\ONEDRI~1.EDU\DOCUME~1\Schule\UNIVER~1\EECS47~1\Project\LIL_FI~1\LILFIS~1\LILFIS~1\ARDUIN~1\Debug\libArduinoCore.a(tasks.o)
 .debug_frame   0x00001ca4      0x198 D:\Users\Celine\ONEDRI~1.EDU\DOCUME~1\Schule\UNIVER~1\EECS47~1\Project\LIL_FI~1\LILFIS~1\LILFIS~1\ARDUIN~1\Debug\libArduinoCore.a(timers.o)
 .debug_frame   0x00001e3c       0x54 D:\Users\Celine\ONEDRI~1.EDU\DOCUME~1\Schule\UNIVER~1\EECS47~1\Project\LIL_FI~1\LILFIS~1\LILFIS~1\ARDUIN~1\Debug\libArduinoCore.a(variantHooks.o)
 .debug_frame   0x00001e90       0xac D:\Users\Celine\ONEDRI~1.EDU\DOCUME~1\Schule\UNIVER~1\EECS47~1\Project\LIL_FI~1\LILFIS~1\LILFIS~1\ARDUIN~1\Debug\libArduinoCore.a(FreqCount.o)
 .debug_frame   0x00001f3c       0x24 D:\Users\Celine\ONEDRI~1.EDU\DOCUME~1\Schule\UNIVER~1\EECS47~1\Project\LIL_FI~1\LILFIS~1\LILFIS~1\ARDUIN~1\Debug\libArduinoCore.a(hooks.o)
 .debug_frame   0x00001f60       0x4c D:\Users\Celine\ONEDRI~1.EDU\DOCUME~1\Schule\UNIVER~1\EECS47~1\Project\LIL_FI~1\LILFIS~1\LILFIS~1\ARDUIN~1\Debug\libArduinoCore.a(heap_3.o)
 .debug_frame   0x00001fac       0x90 D:\Users\Celine\ONEDRI~1.EDU\DOCUME~1\Schule\UNIVER~1\EECS47~1\Project\LIL_FI~1\LILFIS~1\LILFIS~1\ARDUIN~1\Debug\libArduinoCore.a(list.o)
 .debug_frame   0x0000203c       0x74 D:\Users\Celine\ONEDRI~1.EDU\DOCUME~1\Schule\UNIVER~1\EECS47~1\Project\LIL_FI~1\LILFIS~1\LILFIS~1\ARDUIN~1\Debug\libArduinoCore.a(port.o)

.debug_str      0x00000000     0x5104
 *(.debug_str)
 .debug_str     0x00000000      0x208 C:/Program Files (x86)/Atmel/Studio/7.0/Packs/atmel/ATmega_DFP/1.2.209/gcc/dev/atmega328p/avr5/crtatmega328p.o
 .debug_str     0x00000208      0x975 DFRobot_PH.o
                                0xa3c (size before relaxing)
 .debug_str     0x00000b7d      0xbe0 main.o
                               0x135e (size before relaxing)
 .debug_str     0x0000175d      0x155 OneWire.o
                                0x6c6 (size before relaxing)
 .debug_str     0x000018b2       0x8f phSensor.o
                                0x983 (size before relaxing)
 .debug_str     0x00001941      0x18d src/libraries/MD_TCS230/src/MD_TCS230.o
                                0x78c (size before relaxing)
 .debug_str     0x00001ace     0x14a6 src/libraries/SoftwareSerial/src/SoftwareSerial.o
                               0x197e (size before relaxing)
 .debug_str     0x00002f74      0x3f1 D:\Users\Celine\ONEDRI~1.EDU\DOCUME~1\Schule\UNIVER~1\EECS47~1\Project\LIL_FI~1\LILFIS~1\LILFIS~1\ARDUIN~1\Debug\libArduinoCore.a(HardwareSerial.o)
                               0x1612 (size before relaxing)
 .debug_str     0x00003365       0x47 D:\Users\Celine\ONEDRI~1.EDU\DOCUME~1\Schule\UNIVER~1\EECS47~1\Project\LIL_FI~1\LILFIS~1\LILFIS~1\ARDUIN~1\Debug\libArduinoCore.a(HardwareSerial0.o)
                               0x1405 (size before relaxing)
 .debug_str     0x000033ac       0x37 D:\Users\Celine\ONEDRI~1.EDU\DOCUME~1\Schule\UNIVER~1\EECS47~1\Project\LIL_FI~1\LILFIS~1\LILFIS~1\ARDUIN~1\Debug\libArduinoCore.a(main.o)
                                0x2b1 (size before relaxing)
 .debug_str     0x000033e3      0x272 D:\Users\Celine\ONEDRI~1.EDU\DOCUME~1\Schule\UNIVER~1\EECS47~1\Project\LIL_FI~1\LILFIS~1\LILFIS~1\ARDUIN~1\Debug\libArduinoCore.a(Print.o)
                               0x123f (size before relaxing)
 .debug_str     0x00003655      0x146 D:\Users\Celine\ONEDRI~1.EDU\DOCUME~1\Schule\UNIVER~1\EECS47~1\Project\LIL_FI~1\LILFIS~1\LILFIS~1\ARDUIN~1\Debug\libArduinoCore.a(WInterrupts.o)
                                0x234 (size before relaxing)
 .debug_str     0x0000379b       0x5f D:\Users\Celine\ONEDRI~1.EDU\DOCUME~1\Schule\UNIVER~1\EECS47~1\Project\LIL_FI~1\LILFIS~1\LILFIS~1\ARDUIN~1\Debug\libArduinoCore.a(wiring.o)
                                0x247 (size before relaxing)
 .debug_str     0x000037fa       0x5b D:\Users\Celine\ONEDRI~1.EDU\DOCUME~1\Schule\UNIVER~1\EECS47~1\Project\LIL_FI~1\LILFIS~1\LILFIS~1\ARDUIN~1\Debug\libArduinoCore.a(wiring_analog.o)
                                0x24b (size before relaxing)
 .debug_str     0x00003855       0x4b D:\Users\Celine\ONEDRI~1.EDU\DOCUME~1\Schule\UNIVER~1\EECS47~1\Project\LIL_FI~1\LILFIS~1\LILFIS~1\ARDUIN~1\Debug\libArduinoCore.a(wiring_digital.o)
                                0x2ac (size before relaxing)