Archive member included to satisfy reference by file (symbol)

c:/program files (x86)/atmel/studio/7.0/toolchain/avr8/avr8-gnu-toolchain/bin/../lib/gcc/avr/5.4.0/../../../../avr/lib/avr5\libm.a(addsf3.o)
                              DFRobot_PH.o (__subsf3)
c:/program files (x86)/atmel/studio/7.0/toolchain/avr8/avr8-gnu-toolchain/bin/../lib/gcc/avr/5.4.0/../../../../avr/lib/avr5\libm.a(addsf3x.o)
                              c:/program files (x86)/atmel/studio/7.0/toolchain/avr8/avr8-gnu-toolchain/bin/../lib/gcc/avr/5.4.0/../../../../avr/lib/avr5\libm.a(addsf3.o) (__addsf3x)
c:/program files (x86)/atmel/studio/7.0/toolchain/avr8/avr8-gnu-toolchain/bin/../lib/gcc/avr/5.4.0/../../../../avr/lib/avr5\libm.a(cmpsf2.o)
                              DFRobot_PH.o (__ltsf2)
c:/program files (x86)/atmel/studio/7.0/toolchain/avr8/avr8-gnu-toolchain/bin/../lib/gcc/avr/5.4.0/../../../../avr/lib/avr5\libm.a(divsf3.o)
                              DFRobot_PH.o (__divsf3)
c:/program files (x86)/atmel/studio/7.0/toolchain/avr8/avr8-gnu-toolchain/bin/../lib/gcc/avr/5.4.0/../../../../avr/lib/avr5\libm.a(divsf3x.o)
                              c:/program files (x86)/atmel/studio/7.0/toolchain/avr8/avr8-gnu-toolchain/bin/../lib/gcc/avr/5.4.0/../../../../avr/lib/avr5\libm.a(divsf3.o) (__divsf3x)
c:/program files (x86)/atmel/studio/7.0/toolchain/avr8/avr8-gnu-toolchain/bin/../lib/gcc/avr/5.4.0/../../../../avr/lib/avr5\libm.a(fixsfsi.o)
                              main.o (__fixsfsi)
c:/program files (x86)/atmel/studio/7.0/toolchain/avr8/avr8-gnu-toolchain/bin/../lib/gcc/avr/5.4.0/../../../../avr/lib/avr5\libm.a(fixunssfsi.o)
                              c:/program files (x86)/atmel/studio/7.0/toolchain/avr8/avr8-gnu-toolchain/bin/../lib/gcc/avr/5.4.0/../../../../avr/lib/avr5\libm.a(fixsfsi.o) (__fixunssfsi)
c:/program files (x86)/atmel/studio/7.0/toolchain/avr8/avr8-gnu-toolchain/bin/../lib/gcc/avr/5.4.0/../../../../avr/lib/avr5\libm.a(floatsisf.o)
                              main.o (__floatsisf)
c:/program files (x86)/atmel/studio/7.0/toolchain/avr8/avr8-gnu-toolchain/bin/../lib/gcc/avr/5.4.0/../../../../avr/lib/avr5\libm.a(fp_cmp.o)
                              c:/program files (x86)/atmel/studio/7.0/toolchain/avr8/avr8-gnu-toolchain/bin/../lib/gcc/avr/5.4.0/../../../../avr/lib/avr5\libm.a(cmpsf2.o) (__fp_cmp)
c:/program files (x86)/atmel/studio/7.0/toolchain/avr8/avr8-gnu-toolchain/bin/../lib/gcc/avr/5.4.0/../../../../avr/lib/avr5\libm.a(fp_inf.o)
                              c:/program files (x86)/atmel/studio/7.0/toolchain/avr8/avr8-gnu-toolchain/bin/../lib/gcc/avr/5.4.0/../../../../avr/lib/avr5\libm.a(addsf3x.o) (__fp_inf)
c:/program files (x86)/atmel/studio/7.0/toolchain/avr8/avr8-gnu-toolchain/bin/../lib/gcc/avr/5.4.0/../../../../avr/lib/avr5\libm.a(fp_nan.o)
                              c:/program files (x86)/atmel/studio/7.0/toolchain/avr8/avr8-gnu-toolchain/bin/../lib/gcc/avr/5.4.0/../../../../avr/lib/avr5\libm.a(addsf3x.o) (__fp_nan)
c:/program files (x86)/atmel/studio/7.0/toolchain/avr8/avr8-gnu-toolchain/bin/../lib/gcc/avr/5.4.0/../../../../avr/lib/avr5\libm.a(fp_pscA.o)
                              c:/program files (x86)/atmel/studio/7.0/toolchain/avr8/avr8-gnu-toolchain/bin/../lib/gcc/avr/5.4.0/../../../../avr/lib/avr5\libm.a(addsf3x.o) (__fp_pscA)
c:/program files (x86)/atmel/studio/7.0/toolchain/avr8/avr8-gnu-toolchain/bin/../lib/gcc/avr/5.4.0/../../../../avr/lib/avr5\libm.a(fp_pscB.o)
                              c:/program files (x86)/atmel/studio/7.0/toolchain/avr8/avr8-gnu-toolchain/bin/../lib/gcc/avr/5.4.0/../../../../avr/lib/avr5\libm.a(addsf3x.o) (__fp_pscB)
c:/program files (x86)/atmel/studio/7.0/toolchain/avr8/avr8-gnu-toolchain/bin/../lib/gcc/avr/5.4.0/../../../../avr/lib/avr5\libm.a(fp_round.o)
                              c:/program files (x86)/atmel/studio/7.0/toolchain/avr8/avr8-gnu-toolchain/bin/../lib/gcc/avr/5.4.0/../../../../avr/lib/avr5\libm.a(addsf3.o) (__fp_round)
c:/program files (x86)/atmel/studio/7.0/toolchain/avr8/avr8-gnu-toolchain/bin/../lib/gcc/avr/5.4.0/../../../../avr/lib/avr5\libm.a(fp_split3.o)
                              c:/program files (x86)/atmel/studio/7.0/toolchain/avr8/avr8-gnu-toolchain/bin/../lib/gcc/avr/5.4.0/../../../../avr/lib/avr5\libm.a(addsf3x.o) (__fp_split3)
c:/program files (x86)/atmel/studio/7.0/toolchain/avr8/avr8-gnu-toolchain/bin/../lib/gcc/avr/5.4.0/../../../../avr/lib/avr5\libm.a(fp_zero.o)
                              c:/program files (x86)/atmel/studio/7.0/toolchain/avr8/avr8-gnu-toolchain/bin/../lib/gcc/avr/5.4.0/../../../../avr/lib/avr5\libm.a(addsf3x.o) (__fp_zero)
c:/program files (x86)/atmel/studio/7.0/toolchain/avr8/avr8-gnu-toolchain/bin/../lib/gcc/avr/5.4.0/../../../../avr/lib/avr5\libm.a(gesf2.o)
                              DFRobot_PH.o (__gtsf2)
c:/program files (x86)/atmel/studio/7.0/toolchain/avr8/avr8-gnu-toolchain/bin/../lib/gcc/avr/5.4.0/../../../../avr/lib/avr5\libm.a(mulsf3.o)
[...]
Memory Configuration

Name             Origin             Length             Attributes
text             0x00000000         0x00020000         xr
data             0x00800060         0x0000ffa0         rw !x
eeprom           0x00810000         0x00010000         rw !x
fuse             0x00820000         0x00000003         rw !x
lock             0x00830000         0x00000400         rw !x
signature        0x00840000         0x00000400         rw !x
user_signatures  0x00850000         0x00000400         rw !x
*default*        0x00000000         0xffffffff

Linker script and memory map

Address of section .data set to 0x800100
LOAD C:/Program Files (x86)/Atmel/Studio/7.0/Packs/atmel/ATmega_DFP/1.2.209/gcc/dev/atmega328p/avr5/crtatmega328p.o
LOAD DFRobot_PH.o
LOAD main.o
LOAD OneWire.o
LOAD phSensor.o
START GROUP
LOAD c:/program files (x86)/atmel/studio/7.0/toolchain/avr8/avr8-gnu-toolchain/bin/../lib/gcc/avr/5.4.0/../../../../avr/lib/avr5\libm.a
LOAD C:\Users\waierdg\Desktop\lil_fish_tanks\LilFishTanks\LilFishTanks\ArduinoCore\Debug\libArduinoCore.a
END GROUP
LOAD c:/program files (x86)/atmel/studio/7.0/toolchain/avr8/avr8-gnu-toolchain/bin/../lib/gcc/avr/5.4.0/avr5\libgcc.a
LOAD c:/program files (x86)/atmel/studio/7.0/toolchain/avr8/avr8-gnu-toolchain/bin/../lib/gcc/avr/5.4.0/../../../../avr/lib/avr5\libm.a
START GROUP
LOAD c:/program files (x86)/atmel/studio/7.0/toolchain/avr8/avr8-gnu-toolchain/bin/../lib/gcc/avr/5.4.0/avr5\libgcc.a
LOAD c:/program files (x86)/atmel/studio/7.0/toolchain/avr8/avr8-gnu-toolchain/bin/../lib/gcc/avr/5.4.0/../../../../avr/lib/avr5\libm.a
LOAD c:/program files (x86)/atmel/studio/7.0/toolchain/avr8/avr8-gnu-toolchain/bin/../lib/gcc/avr/5.4.0/../../../../avr/lib/avr5\libc.a
LOAD C:/Program Files (x86)/Atmel/Studio/7.0/Packs/atmel/ATmega_DFP/1.2.209/gcc/dev/atmega328p/avr5\libatmega328p.a
END GROUP
                0x00020000                __TEXT_REGION_LENGTH__ = DEFINED (__TEXT_REGION_LENGTH__)?__TEXT_REGION_LENGTH__:0x20000
                0x0000ffa0                __DATA_REGION_LENGTH__ = DEFINED (__DATA_REGION_LENGTH__)?__DATA_REGION_LENGTH__:0xffa0
                0x00010000                __EEPROM_REGION_LENGTH__ = DEFINED (__EEPROM_REGION_LENGTH__)?__EEPROM_REGION_LENGTH__:0x10000
                [0x00000003]                __FUSE_REGION_LENGTH__ = DEFINED (__FUSE_REGION_LENGTH__)?__FUSE_REGION_LENGTH__:0x400
                0x00000400                __LOCK_REGION_LENGTH__ = DEFINED (__LOCK_REGION_LENGTH__)?__LOCK_REGION_LENGTH__:0x400
                0x00000400                __SIGNATURE_REGION_LENGTH__ = DEFINED (__SIGNATURE_REGION_LENGTH__)?__SIGNATURE_REGION_LENGTH__:0x400
                0x00000400                __USER_SIGNATURE_REGION_LENGTH__ = DEFINED (__USER_SIGNATURE_REGION_LENGTH__)?__USER_SIGNATURE_REGION_LENGTH__:0x400

.hash
 *(.hash)

.dynsym
 *(.dynsym)

.dynstr
 *(.dynstr)

.gnu.version
 *(.gnu.version)

.gnu.version_d
 *(.gnu.version_d)

.gnu.version_r
 *(.gnu.version_r)

.rel.init
 *(.rel.init)

.rela.init
 *(.rela.init)

.rel.text
 *(.rel.text)
 *(.rel.text.*)
 *(.rel.gnu.linkonce.t*)

.rela.text
 *(.rela.text)
 *(.rela.text.*)
 *(.rela.gnu.linkonce.t*)

.rel.fini
 *(.rel.fini)

.rela.fini
 *(.rela.fini)

.rel.rodata
 *(.rel.rodata)
 *(.rel.rodata.*)
 *(.rel.gnu.linkonce.r*)

.rela.rodata
 *(.rela.rodata)
 *(.rela.rodata.*)
 *(.rela.gnu.linkonce.r*)

.rel.data
 *(.rel.data)
 *(.rel.data.*)
 *(.rel.gnu.linkonce.d*)

.rela.data
 *(.rela.data)
 *(.rela.data.*)
 *(.rela.gnu.linkonce.d*)

.rel.ctors
 *(.rel.ctors)

.rela.ctors
 *(.rela.ctors)

.rel.dtors
 *(.rel.dtors)

.rela.dtors
 *(.rela.dtors)

.rel.got
 *(.rel.got)

.rela.got
 *(.rela.got)

.rel.bss
 *(.rel.bss)

.rela.bss
 *(.rela.bss)

.rel.plt
 *(.rel.plt)

.rela.plt
 *(.rela.plt)

.text           0x00000000     0x49da
 *(.vectors)
 .vectors       0x00000000       0x68 C:/Program Files (x86)/Atmel/Studio/7.0/Packs/atmel/ATmega_DFP/1.2.209/gcc/dev/atmega328p/avr5/crtatmega328p.o
                0x00000000                __vector_default
                0x00000000                __vectors
 *(.vectors)
 *(.progmem.gcc*)
 .progmem.gcc_sw_table.prvTimerTask
                0x00000068       0x14 C:\Users\waierdg\Desktop\lil_fish_tanks\LilFishTanks\LilFishTanks\ArduinoCore\Debug\libArduinoCore.a(timers.o)
                0x0000007c                . = ALIGN (0x2)
                0x0000007c                __trampolines_start = .
 *(.trampolines)
 .trampolines   0x0000007c        0x0 linker stubs
 *(.trampolines*)
                0x0000007c                __trampolines_end = .
 *libprintf_flt.a:*(.progmem.data)
 *libc.a:*(.progmem.data)
 *(.progmem*)
 .progmem.data._ZZ9SameColorvE3__c
                0x0000007c       0x16 main.o
 .progmem.data._ZL15dscrc2x16_table
                0x00000092       0x20 OneWire.o
 .progmem.data.digital_pin_to_timer_PGM
                0x000000b2       0x14 C:\Users\waierdg\Desktop\lil_fish_tanks\LilFishTanks\LilFishTanks\ArduinoCore\Debug\libArduinoCore.a(wiring_digital.o)
                0x000000b2                digital_pin_to_timer_PGM
 .progmem.data.digital_pin_to_bit_mask_PGM
                0x000000c6       0x14 C:\Users\waierdg\Desktop\lil_fish_tanks\LilFishTanks\LilFishTanks\ArduinoCore\Debug\libArduinoCore.a(wiring_digital.o)
                0x000000c6                digital_pin_to_bit_mask_PGM
 .progmem.data.digital_pin_to_port_PGM
                0x000000da       0x14 C:\Users\waierdg\Desktop\lil_fish_tanks\LilFishTanks\LilFishTanks\ArduinoCore\Debug\libArduinoCore.a(wiring_digital.o)
                0x000000da                digital_pin_to_port_PGM
 .progmem.data.port_to_input_PGM
                0x000000ee        0xa C:\Users\waierdg\Desktop\lil_fish_tanks\LilFishTanks\LilFishTanks\ArduinoCore\Debug\libArduinoCore.a(wiring_digital.o)
                0x000000ee                port_to_input_PGM
 .progmem.data.port_to_output_PGM
                0x000000f8        0xa C:\Users\waierdg\Desktop\lil_fish_tanks\LilFishTanks\LilFishTanks\ArduinoCore\Debug\libArduinoCore.a(wiring_digital.o)
                0x000000f8                port_to_output_PGM
 .progmem.data.port_to_mode_PGM
                0x00000102        0xa C:\Users\waierdg\Desktop\lil_fish_tanks\LilFishTanks\LilFishTanks\ArduinoCore\Debug\libArduinoCore.a(wiring_digital.o)
                0x00000102                port_to_mode_PGM
                0x0000010c                . = ALIGN (0x2)
 *(.jumptables)
 *(.jumptables*)
 *(.lowtext)
 *(.lowtext*)
                0x0000010c                __ctors_start = .
 *(.ctors)
 .ctors         0x0000010c        0x2 main.o
 .ctors         0x0000010e        0x2 phSensor.o
 .ctors         0x00000110        0x2 C:\Users\waierdg\Desktop\lil_fish_tanks\LilFishTanks\LilFishTanks\ArduinoCore\Debug\libArduinoCore.a(HardwareSerial0.o)
                0x00000112                __ctors_end = .
                0x00000112                __dtors_start = .
 *(.dtors)
 .dtors         0x00000112        0x2 main.o
 .dtors         0x00000114        0x2 phSensor.o
                0x00000116                __dtors_end = .
 SORT(*)(.ctors)
 SORT(*)(.dtors)
 *(.init0)
 .init0         0x00000116        0x0 C:/Program Files (x86)/Atmel/Studio/7.0/Packs/atmel/ATmega_DFP/1.2.209/gcc/dev/atmega328p/avr5/crtatmega328p.o
                0x00000116                __init
 *(.init0)
 *(.init1)
 *(.init1)
 *(.init2)
 .init2         0x00000116        0xc C:/Program Files (x86)/Atmel/Studio/7.0/Packs/atmel/ATmega_DFP/1.2.209/gcc/dev/atmega328p/avr5/crtatmega328p.o
 *(.init2)
 *(.init3)
 *(.init3)
 *(.init4)
 .init4         0x00000122       0x16 c:/program files (x86)/atmel/studio/7.0/toolchain/avr8/avr8-gnu-toolchain/bin/../lib/gcc/avr/5.4.0/avr5\libgcc.a(_copy_data.o)
                0x00000122                __do_copy_data
 .init4         0x00000138       0x10 c:/program files (x86)/atmel/studio/7.0/toolchain/avr8/avr8-gnu-toolchain/bin/../lib/gcc/avr/5.4.0/avr5\libgcc.a(_clear_bss.o)
                0x00000138                __do_clear_bss
 *(.init4)
 *(.init5)
 *(.init5)
 *(.init6)
 .init6         0x00000148       0x16 c:/program files (x86)/atmel/studio/7.0/toolchain/avr8/avr8-gnu-toolchain/bin/../lib/gcc/avr/5.4.0/avr5\libgcc.a(_ctors.o)
                0x00000148                __do_global_ctors
 *(.init6)
 *(.init7)
 *(.init7)
 *(.init8)
 *(.init8)
 *(.init9)
 .init9         0x0000015e        0x8 C:/Program Files (x86)/Atmel/Studio/7.0/Packs/atmel/ATmega_DFP/1.2.209/gcc/dev/atmega328p/avr5/crtatmega328p.o
 *(.init9)
 *(.text)
 .text          0x00000166        0x4 C:/Program Files (x86)/Atmel/Studio/7.0/Packs/atmel/ATmega_DFP/1.2.209/gcc/dev/atmega328p/avr5/crtatmega328p.o
                0x00000166                __vector_22
                0x00000166                __vector_24
                0x00000166                __vector_12
                0x00000166                __bad_interrupt
                0x00000166                __vector_3
                0x00000166                __vector_23
                0x00000166                __vector_25
                0x00000166                __vector_11
                0x00000166                __vector_13
                0x00000166                __vector_17
                0x00000166                __vector_5
                0x00000166                __vector_4
                0x00000166                __vector_9
                0x00000166                __vector_21
                0x00000166                __vector_15
                0x00000166                __vector_8
                0x00000166                __vector_14
                0x00000166                __vector_10
                0x00000166                __vector_20
                0x0000016a                . = ALIGN (0x2)
 *(.text.*)
 .text._ZN11EEPROMClass4readEi.isra.0
                0x0000016a        0x4 DFRobot_PH.o
 .text._ZN10DFRobot_PHC2Ev
                0x0000016e       0x4c DFRobot_PH.o
                0x0000016e                _ZN10DFRobot_PHC1Ev
                0x0000016e                _ZN10DFRobot_PHC2Ev
 .text._ZN10DFRobot_PHD2Ev
                0x000001ba        0x2 DFRobot_PH.o
                0x000001ba                _ZN10DFRobot_PHD2Ev
                0x000001ba                _ZN10DFRobot_PHD1Ev
 .text._ZN10DFRobot_PH5beginEv
                0x000001bc      0x15e DFRobot_PH.o
                0x000001bc                _ZN10DFRobot_PH5beginEv
 .text._ZN10DFRobot_PH6readPHEff
                0x0000031a      0x10c DFRobot_PH.o
                0x0000031a                _ZN10DFRobot_PH6readPHEff
 .text._Z8fromWifiv
                0x00000426        0xc main.o
                0x00000426                _Z8fromWifiv
 .text._ZN5Print5writeEPKc
                0x00000432       0x2a main.o
                0x00000432                _ZN5Print5writeEPKc
 .text._ZN14HardwareSerial5writeEl
                0x0000045c       0x10 main.o
                0x0000045c                _ZN14HardwareSerial5writeEl
 .text._Z11measureTempv
                0x0000046c      0x16c main.o
                0x0000046c                _Z11measureTempv
 .text._Z9addColorsv
                0x000005d8      0x27c main.o
                0x000005d8                _Z9addColorsv
 .text._Z9SameColorv
                0x00000854      0x13a main.o
                0x00000854                _Z9SameColorv
 .text._Z9FindMatchv
                0x0000098e      0x108 main.o
                0x0000098e                _Z9FindMatchv
 .text._Z9ScanColorv
                0x00000a96       0x2a main.o
                0x00000a96                _Z9ScanColorv
 .text._Z13findTestStripv
                0x00000ac0       0x78 main.o
                0x00000ac0                _Z13findTestStripv
 .text._Z6setLED8LEDColor
                0x00000b38       0x48 main.o
                0x00000b38                _Z6setLED8LEDColor
 .text._Z15TaskAmmoniaReadPv
                0x00000b80       0xfe main.o
                0x00000b80                _Z15TaskAmmoniaReadPv
 .text._Z22TaskNitriteNitrateReadPv
                0x00000c7e      0x152 main.o
                0x00000c7e                _Z22TaskNitriteNitrateReadPv
 .text._Z10TaskPHReadPv
                0x00000dd0       0xbc main.o
                0x00000dd0                _Z10TaskPHReadPv
 .text._Z19TaskTemperatureReadPv
                0x00000e8c       0x98 main.o
                0x00000e8c                _Z19TaskTemperatureReadPv
 .text._Z8setupLEDv
                0x00000f24       0x34 main.o
                0x00000f24                _Z8setupLEDv
 .text.setup    0x00000f58       0xe6 main.o
                0x00000f58                setup
 .text.loop     0x0000103e        0x2 main.o
                0x0000103e                loop
 .text.startup._GLOBAL__sub_I_ds
                0x00001040       0x18 main.o
 .text.exit._GLOBAL__sub_D_ds
                0x00001058        0x8 main.o
 .text._ZN7OneWire5resetEv
                0x00001060       0x7e OneWire.o
                0x00001060                _ZN7OneWire5resetEv
 .text._ZN7OneWire9write_bitEh
                0x000010de       0x66 OneWire.o
                0x000010de                _ZN7OneWire9write_bitEh
 .text._ZN7OneWire8read_bitEv
                0x00001144       0x56 OneWire.o
                0x00001144                _ZN7OneWire8read_bitEv
 .text._ZN7OneWire5writeEhh
                0x0000119a       0x68 OneWire.o
                0x0000119a                _ZN7OneWire5writeEhh
 .text._ZN7OneWire4readEv
                0x00001202       0x38 OneWire.o
                0x00001202                _ZN7OneWire4readEv
 .text._ZN7OneWire6selectEPKh
                0x0000123a       0x3e OneWire.o
                0x0000123a                _ZN7OneWire6selectEPKh
 .text._ZN7OneWire12reset_searchEv
                0x00001278       0x18 OneWire.o
                0x00001278                _ZN7OneWire12reset_searchEv
 .text._ZN7OneWire5beginEh
                0x00001290       0x46 OneWire.o
                0x00001290                _ZN7OneWire5beginEh
 .text._ZN7OneWire6searchEPhb
                0x000012d6      0x10e OneWire.o
                0x000012d6                _ZN7OneWire6searchEPhb
 .text._ZN7OneWire4crc8EPKhh
                0x000013e4       0x30 OneWire.o
                0x000013e4                _ZN7OneWire4crc8EPKhh
 .text._Z6phInitv
                0x00001414        0x8 phSensor.o
                0x00001414                _Z6phInitv
 .text._Z5getPHl
                0x0000141c       0x6e phSensor.o
                0x0000141c                _Z5getPHl
 .text.startup._GLOBAL__sub_I_ph
                0x0000148a        0x8 phSensor.o
 .text.exit._GLOBAL__sub_D_ph
                0x00001492        0x8 phSensor.o
 .text.avr-libc.fplib
                0x0000149a        0xe c:/program files (x86)/atmel/studio/7.0/toolchain/avr8/avr8-gnu-toolchain/bin/../lib/gcc/avr/5.4.0/../../../../avr/lib/avr5\libm.a(addsf3.o)
                0x0000149a                __subsf3
                0x0000149c                __addsf3
 .text.avr-libc.fplib
                0x000014a8       0xcc c:/program files (x86)/atmel/studio/7.0/toolchain/avr8/avr8-gnu-toolchain/bin/../lib/gcc/avr/5.4.0/../../../../avr/lib/avr5\libm.a(addsf3x.o)
                0x000014ca                __addsf3x
 .text.avr-libc.fplib
                0x00001574        0xa c:/program files (x86)/atmel/studio/7.0/toolchain/avr8/avr8-gnu-toolchain/bin/../lib/gcc/avr/5.4.0/../../../../avr/lib/avr5\libm.a(cmpsf2.o)
                0x00001574                __nesf2
                0x00001574                __eqsf2
                0x00001574                __cmpsf2
                0x00001574                __ltsf2
                0x00001574                __lesf2
 .text.avr-libc.fplib
                0x0000157e        0x8 c:/program files (x86)/atmel/studio/7.0/toolchain/avr8/avr8-gnu-toolchain/bin/../lib/gcc/avr/5.4.0/../../../../avr/lib/avr5\libm.a(divsf3.o)
                0x0000157e                __divsf3
 .text.avr-libc.fplib
                0x00001586       0xdc c:/program files (x86)/atmel/studio/7.0/toolchain/avr8/avr8-gnu-toolchain/bin/../lib/gcc/avr/5.4.0/../../../../avr/lib/avr5\libm.a(divsf3x.o)
                0x000015a6                __divsf3x
                0x000015ac                __divsf3_pse
 .text.avr-libc.fplib
                0x00001662        0xe c:/program files (x86)/atmel/studio/7.0/toolchain/avr8/avr8-gnu-toolchain/bin/../lib/gcc/avr/5.4.0/../../../../avr/lib/avr5\libm.a(fixsfsi.o)
                0x00001662                __fixsfsi
 .text.avr-libc.fplib
                0x00001670       0x5e c:/program files (x86)/atmel/studio/7.0/toolchain/avr8/avr8-gnu-toolchain/bin/../lib/gcc/avr/5.4.0/../../../../avr/lib/avr5\libm.a(fixunssfsi.o)
                0x00001670                __fixunssfsi
 .text.avr-libc.fplib
                0x000016ce       0x7a c:/program files (x86)/atmel/studio/7.0/toolchain/avr8/avr8-gnu-toolchain/bin/../lib/gcc/avr/5.4.0/../../../../avr/lib/avr5\libm.a(floatsisf.o)
                0x000016ce                __floatunsisf
                0x000016d2                __floatsisf
 .text.avr-libc.fplib
                0x00001748       0x48 c:/program files (x86)/atmel/studio/7.0/toolchain/avr8/avr8-gnu-toolchain/bin/../lib/gcc/avr/5.4.0/../../../../avr/lib/avr5\libm.a(fp_cmp.o)
                0x00001748                __fp_cmp
 .text.avr-libc.fplib
                0x00001790        0xc c:/program files (x86)/atmel/studio/7.0/toolchain/avr8/avr8-gnu-toolchain/bin/../lib/gcc/avr/5.4.0/../../../../avr/lib/avr5\libm.a(fp_inf.o)
                0x00001790                __fp_inf
 .text.avr-libc.fplib
                0x0000179c        0x6 c:/program files (x86)/atmel/studio/7.0/toolchain/avr8/avr8-gnu-toolchain/bin/../lib/gcc/avr/5.4.0/../../../../avr/lib/avr5\libm.a(fp_nan.o)
                0x0000179c                __fp_nan
 .text.avr-libc.fplib
                0x000017a2        0xe c:/program files (x86)/atmel/studio/7.0/toolchain/avr8/avr8-gnu-toolchain/bin/../lib/gcc/avr/5.4.0/../../../../avr/lib/avr5\libm.a(fp_pscA.o)
                0x000017a2                __fp_pscA
 .text.avr-libc.fplib
                0x000017b0        0xe c:/program files (x86)/atmel/studio/7.0/toolchain/avr8/avr8-gnu-toolchain/bin/../lib/gcc/avr/5.4.0/../../../../avr/lib/avr5\libm.a(fp_pscB.o)
                0x000017b0                __fp_pscB
 .text.avr-libc.fplib
                0x000017be       0x22 c:/program files (x86)/atmel/studio/7.0/toolchain/avr8/avr8-gnu-toolchain/bin/../lib/gcc/avr/5.4.0/../../../../avr/lib/avr5\libm.a(fp_round.o)
                0x000017be                __fp_round
 .text.avr-libc.fplib
                0x000017e0       0x44 c:/program files (x86)/atmel/studio/7.0/toolchain/avr8/avr8-gnu-toolchain/bin/../lib/gcc/avr/5.4.0/../../../../avr/lib/avr5\libm.a(fp_split3.o)
                0x000017e0                __fp_split3
                0x000017f0                __fp_splitA
 .text.avr-libc.fplib
                0x00001824        0xe c:/program files (x86)/atmel/studio/7.0/toolchain/avr8/avr8-gnu-toolchain/bin/../lib/gcc/avr/5.4.0/../../../../avr/lib/avr5\libm.a(fp_zero.o)
                0x00001824                __fp_zero
                0x00001826                __fp_szero
 .text.avr-libc.fplib
                0x00001832        0xa c:/program files (x86)/atmel/studio/7.0/toolchain/avr8/avr8-gnu-toolchain/bin/../lib/gcc/avr/5.4.0/../../../../avr/lib/avr5\libm.a(gesf2.o)
                0x00001832                __gesf2
                0x00001832                __gtsf2
 .text.avr-libc.fplib
                0x0000183c        0x8 c:/program files (x86)/atmel/studio/7.0/toolchain/avr8/avr8-gnu-toolchain/bin/../lib/gcc/avr/5.4.0/../../../../avr/lib/avr5\libm.a(mulsf3.o)
                0x0000183c                __mulsf3
 .text.avr-libc.fplib
                0x00001844       0xd2 c:/program files (x86)/atmel/studio/7.0/toolchain/avr8/avr8-gnu-toolchain/bin/../lib/gcc/avr/5.4.0/../../../../avr/lib/avr5\libm.a(mulsf3x.o)
                0x00001862                __mulsf3x
                0x00001868                __mulsf3_pse
 .text._ZN14HardwareSerial9availableEv
                0x00001916       0x18 C:\Users\waierdg\Desktop\lil_fish_tanks\LilFishTanks\LilFishTanks\ArduinoCore\Debug\libArduinoCore.a(HardwareSerial.o)
                0x00001916                _ZN14HardwareSerial9availableEv
 .text._ZN14HardwareSerial4peekEv
                0x0000192e       0x1c C:\Users\waierdg\Desktop\lil_fish_tanks\LilFishTanks\LilFishTanks\ArduinoCore\Debug\libArduinoCore.a(HardwareSerial.o)
                0x0000192e                _ZN14HardwareSerial4peekEv
 .text._ZN14HardwareSerial4readEv
                0x0000194a       0x28 C:\Users\waierdg\Desktop\lil_fish_tanks\LilFishTanks\LilFishTanks\ArduinoCore\Debug\libArduinoCore.a(HardwareSerial.o)
                0x0000194a                _ZN14HardwareSerial4readEv
 .text._ZN14HardwareSerial17availableForWriteEv
                0x00001972       0x1e C:\Users\waierdg\Desktop\lil_fish_tanks\LilFishTanks\LilFishTanks\ArduinoCore\Debug\libArduinoCore.a(HardwareSerial.o)
                0x00001972                _ZN14HardwareSerial17availableForWriteEv
 .text._Z14serialEventRunv
                0x00001990       0x1c C:\Users\waierdg\Desktop\lil_fish_tanks\LilFishTanks\LilFishTanks\ArduinoCore\Debug\libArduinoCore.a(HardwareSerial.o)
                0x00001990                _Z14serialEventRunv
 .text._ZN14HardwareSerial17_tx_udr_empty_irqEv
                0x000019ac       0x44 C:\Users\waierdg\Desktop\lil_fish_tanks\LilFishTanks\LilFishTanks\ArduinoCore\Debug\libArduinoCore.a(HardwareSerial.o)
                0x000019ac                _ZN14HardwareSerial17_tx_udr_empty_irqEv
 .text._ZN14HardwareSerial5writeEh
                0x000019f0       0x9a C:\Users\waierdg\Desktop\lil_fish_tanks\LilFishTanks\LilFishTanks\ArduinoCore\Debug\libArduinoCore.a(HardwareSerial.o)
                0x000019f0                _ZN14HardwareSerial5writeEh
 .text._ZN14HardwareSerial5flushEv
                0x00001a8a       0x44 C:\Users\waierdg\Desktop\lil_fish_tanks\LilFishTanks\LilFishTanks\ArduinoCore\Debug\libArduinoCore.a(HardwareSerial.o)
                0x00001a8a                _ZN14HardwareSerial5flushEv
 .text._ZN14HardwareSerial5beginEmh
                0x00001ace       0xca C:\Users\waierdg\Desktop\lil_fish_tanks\LilFishTanks\LilFishTanks\ArduinoCore\Debug\libArduinoCore.a(HardwareSerial.o)
                0x00001ace                _ZN14HardwareSerial5beginEmh
 .text.__vector_18
                0x00001b98       0x64 C:\Users\waierdg\Desktop\lil_fish_tanks\LilFishTanks\LilFishTanks\ArduinoCore\Debug\libArduinoCore.a(HardwareSerial0.o)
                0x00001b98                __vector_18
 .text.__vector_19
                0x00001bfc       0x4c C:\Users\waierdg\Desktop\lil_fish_tanks\LilFishTanks\LilFishTanks\ArduinoCore\Debug\libArduinoCore.a(HardwareSerial0.o)
                0x00001bfc                __vector_19
 .text._Z17Serial0_availablev
                0x00001c48       0x14 C:\Users\waierdg\Desktop\lil_fish_tanks\LilFishTanks\LilFishTanks\ArduinoCore\Debug\libArduinoCore.a(HardwareSerial0.o)
                0x00001c48                _Z17Serial0_availablev
 .text.startup._GLOBAL__sub_I___vector_18
                0x00001c5c       0x5a C:\Users\waierdg\Desktop\lil_fish_tanks\LilFishTanks\LilFishTanks\ArduinoCore\Debug\libArduinoCore.a(HardwareSerial0.o)
 .text.startup.main
                0x00001cb6       0x1e C:\Users\waierdg\Desktop\lil_fish_tanks\LilFishTanks\LilFishTanks\ArduinoCore\Debug\libArduinoCore.a(main.o)
                0x00001cb6                main
 .text._ZN5Print5writeEPKhj
                0x00001cd4       0x54 C:\Users\waierdg\Desktop\lil_fish_tanks\LilFishTanks\LilFishTanks\ArduinoCore\Debug\libArduinoCore.a(Print.o)
                0x00001cd4                _ZN5Print5writeEPKhj
 .text._ZN5Print5printEPK19__FlashStringHelper
                0x00001d28       0x48 C:\Users\waierdg\Desktop\lil_fish_tanks\LilFishTanks\LilFishTanks\ArduinoCore\Debug\libArduinoCore.a(Print.o)
                0x00001d28                _ZN5Print5printEPK19__FlashStringHelper
 .text._ZN5Print5printEPKc
                0x00001d70        0x4 C:\Users\waierdg\Desktop\lil_fish_tanks\LilFishTanks\LilFishTanks\ArduinoCore\Debug\libArduinoCore.a(Print.o)
                0x00001d70                _ZN5Print5printEPKc
 .text._ZN5Print5printEc
                0x00001d74        0xe C:\Users\waierdg\Desktop\lil_fish_tanks\LilFishTanks\LilFishTanks\ArduinoCore\Debug\libArduinoCore.a(Print.o)
                0x00001d74                _ZN5Print5printEc
 .text._ZN5Print7printlnEv
                0x00001d82        0x8 C:\Users\waierdg\Desktop\lil_fish_tanks\LilFishTanks\LilFishTanks\ArduinoCore\Debug\libArduinoCore.a(Print.o)
                0x00001d82                _ZN5Print7printlnEv
 .text._ZN5Print7printlnEPKc
                0x00001d8a       0x24 C:\Users\waierdg\Desktop\lil_fish_tanks\LilFishTanks\LilFishTanks\ArduinoCore\Debug\libArduinoCore.a(Print.o)
                0x00001d8a                _ZN5Print7printlnEPKc
 .text._ZN5Print11printNumberEmh
                0x00001dae       0x92 C:\Users\waierdg\Desktop\lil_fish_tanks\LilFishTanks\LilFishTanks\ArduinoCore\Debug\libArduinoCore.a(Print.o)
                0x00001dae                _ZN5Print11printNumberEmh
 .text._ZN5Print5printEmi
                0x00001e40       0x1a C:\Users\waierdg\Desktop\lil_fish_tanks\LilFishTanks\LilFishTanks\ArduinoCore\Debug\libArduinoCore.a(Print.o)
                0x00001e40                _ZN5Print5printEmi
 .text._ZN5Print5printEhi
                0x00001e5a        0xe C:\Users\waierdg\Desktop\lil_fish_tanks\LilFishTanks\LilFishTanks\ArduinoCore\Debug\libArduinoCore.a(Print.o)
                0x00001e5a                _ZN5Print5printEhi
 .text._ZN5Print5printEji
                0x00001e68        0xc C:\Users\waierdg\Desktop\lil_fish_tanks\LilFishTanks\LilFishTanks\ArduinoCore\Debug\libArduinoCore.a(Print.o)
                0x00001e68                _ZN5Print5printEji
 .text._ZN5Print5printEli
                0x00001e74       0x90 C:\Users\waierdg\Desktop\lil_fish_tanks\LilFishTanks\LilFishTanks\ArduinoCore\Debug\libArduinoCore.a(Print.o)
                0x00001e74                _ZN5Print5printEli
 .text._ZN5Print5printEii
                0x00001f04        0xe C:\Users\waierdg\Desktop\lil_fish_tanks\LilFishTanks\LilFishTanks\ArduinoCore\Debug\libArduinoCore.a(Print.o)
                0x00001f04                _ZN5Print5printEii
 .text._ZN5Print10printFloatEdh
                0x00001f12      0x1b6 C:\Users\waierdg\Desktop\lil_fish_tanks\LilFishTanks\LilFishTanks\ArduinoCore\Debug\libArduinoCore.a(Print.o)
                0x00001f12                _ZN5Print10printFloatEdh
 .text._ZN5Print7printlnEdi
                0x000020c8       0x24 C:\Users\waierdg\Desktop\lil_fish_tanks\LilFishTanks\LilFishTanks\ArduinoCore\Debug\libArduinoCore.a(Print.o)
                0x000020c8                _ZN5Print7printlnEdi
 .text.nothing  0x000020ec        0x2 C:\Users\waierdg\Desktop\lil_fish_tanks\LilFishTanks\LilFishTanks\ArduinoCore\Debug\libArduinoCore.a(WInterrupts.o)
 .text.attachInterrupt
                0x000020ee       0x40 C:\Users\waierdg\Desktop\lil_fish_tanks\LilFishTanks\LilFishTanks\ArduinoCore\Debug\libArduinoCore.a(WInterrupts.o)
                0x000020ee                attachInterrupt
 .text.__vector_1
                0x0000212e       0x4e C:\Users\waierdg\Desktop\lil_fish_tanks\LilFishTanks\LilFishTanks\ArduinoCore\Debug\libArduinoCore.a(WInterrupts.o)
                0x0000212e                __vector_1
 .text.__vector_2
                0x0000217c       0x4e C:\Users\waierdg\Desktop\lil_fish_tanks\LilFishTanks\LilFishTanks\ArduinoCore\Debug\libArduinoCore.a(WInterrupts.o)
                0x0000217c                __vector_2
 .text.__vector_16
                0x000021ca       0x94 C:\Users\waierdg\Desktop\lil_fish_tanks\LilFishTanks\LilFishTanks\ArduinoCore\Debug\libArduinoCore.a(wiring.o)
                0x000021ca                __vector_16
 .text.micros   0x0000225e       0x4a C:\Users\waierdg\Desktop\lil_fish_tanks\LilFishTanks\LilFishTanks\ArduinoCore\Debug\libArduinoCore.a(wiring.o)
                0x0000225e                micros
 .text.delay    0x000022a8       0x78 C:\Users\waierdg\Desktop\lil_fish_tanks\LilFishTanks\LilFishTanks\ArduinoCore\Debug\libArduinoCore.a(wiring.o)
                0x000022a8                delay
 .text.delayMicroseconds
                0x00002320       0x16 C:\Users\waierdg\Desktop\lil_fish_tanks\LilFishTanks\LilFishTanks\ArduinoCore\Debug\libArduinoCore.a(wiring.o)
                0x00002320                delayMicroseconds
 .text.init     0x00002336       0x76 C:\Users\waierdg\Desktop\lil_fish_tanks\LilFishTanks\LilFishTanks\ArduinoCore\Debug\libArduinoCore.a(wiring.o)
                0x00002336                init
 .text.analogRead
                0x000023ac       0x3a C:\Users\waierdg\Desktop\lil_fish_tanks\LilFishTanks\LilFishTanks\ArduinoCore\Debug\libArduinoCore.a(wiring_analog.o)
                0x000023ac                analogRead
 .text.analogWrite
                0x000023e6       0xbe C:\Users\waierdg\Desktop\lil_fish_tanks\LilFishTanks\LilFishTanks\ArduinoCore\Debug\libArduinoCore.a(wiring_analog.o)
                0x000023e6                analogWrite
 .text.turnOffPWM
                0x000024a4       0x52 C:\Users\waierdg\Desktop\lil_fish_tanks\LilFishTanks\LilFishTanks\ArduinoCore\Debug\libArduinoCore.a(wiring_digital.o)
 .text.pinMode  0x000024f6       0x78 C:\Users\waierdg\Desktop\lil_fish_tanks\LilFishTanks\LilFishTanks\ArduinoCore\Debug\libArduinoCore.a(wiring_digital.o)
                0x000024f6                pinMode
 .text.digitalWrite
                0x0000256e       0x5e C:\Users\waierdg\Desktop\lil_fish_tanks\LilFishTanks\LilFishTanks\ArduinoCore\Debug\libArduinoCore.a(wiring_digital.o)
                0x0000256e                digitalWrite
 .text.hot.prvIsQueueEmpty
                0x000025cc       0x16 C:\Users\waierdg\Desktop\lil_fish_tanks\LilFishTanks\LilFishTanks\ArduinoCore\Debug\libArduinoCore.a(queue.o)
 .text.hot.prvCopyDataToQueue
                0x000025e2       0xa6 C:\Users\waierdg\Desktop\lil_fish_tanks\LilFishTanks\LilFishTanks\ArduinoCore\Debug\libArduinoCore.a(queue.o)
 .text.hot.prvCopyDataFromQueue
                0x00002688       0x34 C:\Users\waierdg\Desktop\lil_fish_tanks\LilFishTanks\LilFishTanks\ArduinoCore\Debug\libArduinoCore.a(queue.o)
 .text.hot.prvUnlockQueue
                0x000026bc       0x7c C:\Users\waierdg\Desktop\lil_fish_tanks\LilFishTanks\LilFishTanks\ArduinoCore\Debug\libArduinoCore.a(queue.o)
 .text.hot.xQueueGenericReset
                0x00002738       0x7e C:\Users\waierdg\Desktop\lil_fish_tanks\LilFishTanks\LilFishTanks\ArduinoCore\Debug\libArduinoCore.a(queue.o)
                0x00002738                xQueueGenericReset
 .text.hot.xQueueGenericCreate
                0x000027b6       0x50 C:\Users\waierdg\Desktop\lil_fish_tanks\LilFishTanks\LilFishTanks\ArduinoCore\Debug\libArduinoCore.a(queue.o)
                0x000027b6                xQueueGenericCreate
 .text.hot.xQueueGenericSend
                0x00002806      0x12c C:\Users\waierdg\Desktop\lil_fish_tanks\LilFishTanks\LilFishTanks\ArduinoCore\Debug\libArduinoCore.a(queue.o)
                0x00002806                xQueueGenericSend
 .text.hot.xQueueGenericSendFromISR
                0x00002932       0x5e C:\Users\waierdg\Desktop\lil_fish_tanks\LilFishTanks\LilFishTanks\ArduinoCore\Debug\libArduinoCore.a(queue.o)
                0x00002932                xQueueGenericSendFromISR
 .text.hot.xQueueReceive
                0x00002990      0x124 C:\Users\waierdg\Desktop\lil_fish_tanks\LilFishTanks\LilFishTanks\ArduinoCore\Debug\libArduinoCore.a(queue.o)
                0x00002990                xQueueReceive
 .text.hot.xQueueSemaphoreTake
                0x00002ab4      0x184 C:\Users\waierdg\Desktop\lil_fish_tanks\LilFishTanks\LilFishTanks\ArduinoCore\Debug\libArduinoCore.a(queue.o)
                0x00002ab4                xQueueSemaphoreTake
 .text.hot.vQueueWaitForMessageRestricted
                0x00002c38       0x38 C:\Users\waierdg\Desktop\lil_fish_tanks\LilFishTanks\LilFishTanks\ArduinoCore\Debug\libArduinoCore.a(queue.o)
                0x00002c38                vQueueWaitForMessageRestricted
 .text.prvResetNextTaskUnblockTime
                0x00002c70       0x36 C:\Users\waierdg\Desktop\lil_fish_tanks\LilFishTanks\LilFishTanks\ArduinoCore\Debug\libArduinoCore.a(tasks.o)
 .text.hot.prvAddCurrentTaskToDelayedList
                0x00002ca6       0xb8 C:\Users\waierdg\Desktop\lil_fish_tanks\LilFishTanks\LilFishTanks\ArduinoCore\Debug\libArduinoCore.a(tasks.o)
 .text.prvIdleTask
                0x00002d5e       0x5c C:\Users\waierdg\Desktop\lil_fish_tanks\LilFishTanks\LilFishTanks\ArduinoCore\Debug\libArduinoCore.a(tasks.o)
 .text.hot.xTaskCreate
                0x00002dba      0x218 C:\Users\waierdg\Desktop\lil_fish_tanks\LilFishTanks\LilFishTanks\ArduinoCore\Debug\libArduinoCore.a(tasks.o)
                0x00002dba                xTaskCreate
 .text.hot.vTaskResume
                0x00002fd2       0x92 C:\Users\waierdg\Desktop\lil_fish_tanks\LilFishTanks\LilFishTanks\ArduinoCore\Debug\libArduinoCore.a(tasks.o)
                0x00002fd2                vTaskResume
 .text.hot.vTaskStartScheduler
                0x00003064       0x5c C:\Users\waierdg\Desktop\lil_fish_tanks\LilFishTanks\LilFishTanks\ArduinoCore\Debug\libArduinoCore.a(tasks.o)
                0x00003064                vTaskStartScheduler
 .text.hot.vTaskSuspendAll
                0x000030c0        0xc C:\Users\waierdg\Desktop\lil_fish_tanks\LilFishTanks\LilFishTanks\ArduinoCore\Debug\libArduinoCore.a(tasks.o)
                0x000030c0                vTaskSuspendAll
 .text.hot.xTaskGetTickCount
                0x000030cc       0x14 C:\Users\waierdg\Desktop\lil_fish_tanks\LilFishTanks\LilFishTanks\ArduinoCore\Debug\libArduinoCore.a(tasks.o)
                0x000030cc                xTaskGetTickCount
 .text.hot.xTaskIncrementTick
                0x000030e0      0x158 C:\Users\waierdg\Desktop\lil_fish_tanks\LilFishTanks\LilFishTanks\ArduinoCore\Debug\libArduinoCore.a(tasks.o)
                0x000030e0                xTaskIncrementTick
 .text.hot.xTaskResumeAll
                0x00003238       0xde C:\Users\waierdg\Desktop\lil_fish_tanks\LilFishTanks\LilFishTanks\ArduinoCore\Debug\libArduinoCore.a(tasks.o)
                0x00003238                xTaskResumeAll
 .text.hot.vTaskDelayUntil
                0x00003316       0x70 C:\Users\waierdg\Desktop\lil_fish_tanks\LilFishTanks\LilFishTanks\ArduinoCore\Debug\libArduinoCore.a(tasks.o)
                0x00003316                vTaskDelayUntil
 .text.hot.vTaskDelay
                0x00003386       0x2a C:\Users\waierdg\Desktop\lil_fish_tanks\LilFishTanks\LilFishTanks\ArduinoCore\Debug\libArduinoCore.a(tasks.o)
                0x00003386                vTaskDelay
 .text.hot.vTaskSwitchContext
                0x000033b0       0xbc C:\Users\waierdg\Desktop\lil_fish_tanks\LilFishTanks\LilFishTanks\ArduinoCore\Debug\libArduinoCore.a(tasks.o)
                0x000033b0                vTaskSwitchContext
 .text.hot.vTaskSuspend
                0x0000346c       0xac C:\Users\waierdg\Desktop\lil_fish_tanks\LilFishTanks\LilFishTanks\ArduinoCore\Debug\libArduinoCore.a(tasks.o)
                0x0000346c                vTaskSuspend
 .text.hot.vTaskPlaceOnEventList
                0x00003518       0x22 C:\Users\waierdg\Desktop\lil_fish_tanks\LilFishTanks\LilFishTanks\ArduinoCore\Debug\libArduinoCore.a(tasks.o)
                0x00003518                vTaskPlaceOnEventList
 .text.hot.vTaskPlaceOnEventListRestricted
                0x0000353a       0x30 C:\Users\waierdg\Desktop\lil_fish_tanks\LilFishTanks\LilFishTanks\ArduinoCore\Debug\libArduinoCore.a(tasks.o)
                0x0000353a                vTaskPlaceOnEventListRestricted
 .text.hot.xTaskRemoveFromEventList
                0x0000356a       0x80 C:\Users\waierdg\Desktop\lil_fish_tanks\LilFishTanks\LilFishTanks\ArduinoCore\Debug\libArduinoCore.a(tasks.o)
                0x0000356a                xTaskRemoveFromEventList
 .text.hot.vTaskInternalSetTimeOutState
                0x000035ea       0x16 C:\Users\waierdg\Desktop\lil_fish_tanks\LilFishTanks\LilFishTanks\ArduinoCore\Debug\libArduinoCore.a(tasks.o)
                0x000035ea                vTaskInternalSetTimeOutState
 .text.hot.xTaskCheckForTimeOut
                0x00003600       0x66 C:\Users\waierdg\Desktop\lil_fish_tanks\LilFishTanks\LilFishTanks\ArduinoCore\Debug\libArduinoCore.a(tasks.o)
                0x00003600                xTaskCheckForTimeOut
 .text.hot.vTaskMissedYield
                0x00003666        0x8 C:\Users\waierdg\Desktop\lil_fish_tanks\LilFishTanks\LilFishTanks\ArduinoCore\Debug\libArduinoCore.a(tasks.o)
                0x00003666                vTaskMissedYield
 .text.hot.xTaskGetSchedulerState
                0x0000366e       0x1c C:\Users\waierdg\Desktop\lil_fish_tanks\LilFishTanks\LilFishTanks\ArduinoCore\Debug\libArduinoCore.a(tasks.o)
                0x0000366e                xTaskGetSchedulerState
 .text.hot.xTaskPriorityInherit
                0x0000368a       0xc6 C:\Users\waierdg\Desktop\lil_fish_tanks\LilFishTanks\LilFishTanks\ArduinoCore\Debug\libArduinoCore.a(tasks.o)
                0x0000368a                xTaskPriorityInherit
 .text.hot.xTaskPriorityDisinherit
                0x00003750       0x74 C:\Users\waierdg\Desktop\lil_fish_tanks\LilFishTanks\LilFishTanks\ArduinoCore\Debug\libArduinoCore.a(tasks.o)
                0x00003750                xTaskPriorityDisinherit
 .text.hot.vTaskPriorityDisinheritAfterTimeout
                0x000037c4       0x8e C:\Users\waierdg\Desktop\lil_fish_tanks\LilFishTanks\LilFishTanks\ArduinoCore\Debug\libArduinoCore.a(tasks.o)
                0x000037c4                vTaskPriorityDisinheritAfterTimeout
 .text.hot.pvTaskIncrementMutexHeldCount
                0x00003852       0x24 C:\Users\waierdg\Desktop\lil_fish_tanks\LilFishTanks\LilFishTanks\ArduinoCore\Debug\libArduinoCore.a(tasks.o)
                0x00003852                pvTaskIncrementMutexHeldCount
 .text.hot.prvCheckForValidListAndQueue
                0x00003876       0x52 C:\Users\waierdg\Desktop\lil_fish_tanks\LilFishTanks\LilFishTanks\ArduinoCore\Debug\libArduinoCore.a(timers.o)
 .text.hot.prvInsertTimerInActiveList
                0x000038c8       0x54 C:\Users\waierdg\Desktop\lil_fish_tanks\LilFishTanks\LilFishTanks\ArduinoCore\Debug\libArduinoCore.a(timers.o)
 .text.hot.xTimerCreateTimerTask
                0x0000391c       0x40 C:\Users\waierdg\Desktop\lil_fish_tanks\LilFishTanks\LilFishTanks\ArduinoCore\Debug\libArduinoCore.a(timers.o)
                0x0000391c                xTimerCreateTimerTask
 .text.hot.xTimerGenericCommand
                0x0000395c       0x7e C:\Users\waierdg\Desktop\lil_fish_tanks\LilFishTanks\LilFishTanks\ArduinoCore\Debug\libArduinoCore.a(timers.o)
                0x0000395c                xTimerGenericCommand
 .text.hot.prvSwitchTimerLists
                0x000039da       0xa2 C:\Users\waierdg\Desktop\lil_fish_tanks\LilFishTanks\LilFishTanks\ArduinoCore\Debug\libArduinoCore.a(timers.o)
 .text.hot.prvTimerTask
                0x00003a7c      0x206 C:\Users\waierdg\Desktop\lil_fish_tanks\LilFishTanks\LilFishTanks\ArduinoCore\Debug\libArduinoCore.a(timers.o)
 .text.initVariant
                0x00003c82        0xa C:\Users\waierdg\Desktop\lil_fish_tanks\LilFishTanks\LilFishTanks\ArduinoCore\Debug\libArduinoCore.a(variantHooks.o)
                0x00003c82                initVariant
 .text.vApplicationIdleHook
                0x00003c8c       0x12 C:\Users\waierdg\Desktop\lil_fish_tanks\LilFishTanks\LilFishTanks\ArduinoCore\Debug\libArduinoCore.a(variantHooks.o)
                0x00003c8c                vApplicationIdleHook
 .text.vApplicationMallocFailedHook
                0x00003c9e       0x1a C:\Users\waierdg\Desktop\lil_fish_tanks\LilFishTanks\LilFishTanks\ArduinoCore\Debug\libArduinoCore.a(variantHooks.o)
                0x00003c9e                vApplicationMallocFailedHook
 .text.vApplicationStackOverflowHook
                0x00003cb8       0x1a C:\Users\waierdg\Desktop\lil_fish_tanks\LilFishTanks\LilFishTanks\ArduinoCore\Debug\libArduinoCore.a(variantHooks.o)
                0x00003cb8                vApplicationStackOverflowHook
 .text._ZN9MD_TCS23010initialiseEv
                0x00003cd2       0x4e C:\Users\waierdg\Desktop\lil_fish_tanks\LilFishTanks\LilFishTanks\ArduinoCore\Debug\libArduinoCore.a(MD_TCS230.o)
                0x00003cd2                _ZN9MD_TCS23010initialiseEv
 .text._ZN9MD_TCS230C2Ehhh
                0x00003d20       0x28 C:\Users\waierdg\Desktop\lil_fish_tanks\LilFishTanks\LilFishTanks\ArduinoCore\Debug\libArduinoCore.a(MD_TCS230.o)
                0x00003d20                _ZN9MD_TCS230C1Ehhh
                0x00003d20                _ZN9MD_TCS230C2Ehhh
 .text._ZN9MD_TCS230D2Ev
                0x00003d48        0x2 C:\Users\waierdg\Desktop\lil_fish_tanks\LilFishTanks\LilFishTanks\ArduinoCore\Debug\libArduinoCore.a(MD_TCS230.o)
                0x00003d48                _ZN9MD_TCS230D2Ev
                0x00003d48                _ZN9MD_TCS230D1Ev
 .text._ZN9MD_TCS2309setFilterEh
                0x00003d4a       0x4c C:\Users\waierdg\Desktop\lil_fish_tanks\LilFishTanks\LilFishTanks\ArduinoCore\Debug\libArduinoCore.a(MD_TCS230.o)
                0x00003d4a                _ZN9MD_TCS2309setFilterEh
 .text._ZN9MD_TCS23013setFrequency2Eh
                0x00003d96       0x4c C:\Users\waierdg\Desktop\lil_fish_tanks\LilFishTanks\LilFishTanks\ArduinoCore\Debug\libArduinoCore.a(MD_TCS230.o)
                0x00003d96                _ZN9MD_TCS23013setFrequency2Eh
 .text._ZN9MD_TCS2309setEnableEb
                0x00003de2       0x22 C:\Users\waierdg\Desktop\lil_fish_tanks\LilFishTanks\LilFishTanks\ArduinoCore\Debug\libArduinoCore.a(MD_TCS230.o)
                0x00003de2                _ZN9MD_TCS2309setEnableEb
 .text._ZN9MD_TCS2306getRGBEP9colorData
                0x00003e04       0x20 C:\Users\waierdg\Desktop\lil_fish_tanks\LilFishTanks\LilFishTanks\ArduinoCore\Debug\libArduinoCore.a(MD_TCS230.o)
                0x00003e04                _ZN9MD_TCS2306getRGBEP9colorData
 .text._ZN9MD_TCS23017RGBTransformationEv
                0x00003e24       0xb8 C:\Users\waierdg\Desktop\lil_fish_tanks\LilFishTanks\LilFishTanks\ArduinoCore\Debug\libArduinoCore.a(MD_TCS230.o)
                0x00003e24                _ZN9MD_TCS23017RGBTransformationEv
 .text._ZN9MD_TCS2307readFSMEh
                0x00003edc       0xbc C:\Users\waierdg\Desktop\lil_fish_tanks\LilFishTanks\LilFishTanks\ArduinoCore\Debug\libArduinoCore.a(MD_TCS230.o)
                0x00003edc                _ZN9MD_TCS2307readFSMEh
 .text._ZN9MD_TCS2304readEv
                0x00003f98       0x14 C:\Users\waierdg\Desktop\lil_fish_tanks\LilFishTanks\LilFishTanks\ArduinoCore\Debug\libArduinoCore.a(MD_TCS230.o)
                0x00003f98                _ZN9MD_TCS2304readEv
 .text._ZN9MD_TCS2309availableEv
                0x00003fac       0x1c C:\Users\waierdg\Desktop\lil_fish_tanks\LilFishTanks\LilFishTanks\ArduinoCore\Debug\libArduinoCore.a(MD_TCS230.o)
                0x00003fac                _ZN9MD_TCS2309availableEv
 .text.__empty  0x00003fc8        0x2 C:\Users\waierdg\Desktop\lil_fish_tanks\LilFishTanks\LilFishTanks\ArduinoCore\Debug\libArduinoCore.a(hooks.o)
                0x00003fc8                yield
 .text.hot.pvPortMalloc
                0x00003fca       0x26 C:\Users\waierdg\Desktop\lil_fish_tanks\LilFishTanks\LilFishTanks\ArduinoCore\Debug\libArduinoCore.a(heap_3.o)
                0x00003fca                pvPortMalloc
 .text.hot.vPortFree
                0x00003ff0       0x22 C:\Users\waierdg\Desktop\lil_fish_tanks\LilFishTanks\LilFishTanks\ArduinoCore\Debug\libArduinoCore.a(heap_3.o)
                0x00003ff0                vPortFree
 .text.hot.vListInitialise
                0x00004012       0x1c C:\Users\waierdg\Desktop\lil_fish_tanks\LilFishTanks\LilFishTanks\ArduinoCore\Debug\libArduinoCore.a(list.o)
                0x00004012                vListInitialise
 .text.hot.vListInitialiseItem
                0x0000402e        0x8 C:\Users\waierdg\Desktop\lil_fish_tanks\LilFishTanks\LilFishTanks\ArduinoCore\Debug\libArduinoCore.a(list.o)
                0x0000402e                vListInitialiseItem
 .text.hot.vListInsertEnd
                0x00004036       0x42 C:\Users\waierdg\Desktop\lil_fish_tanks\LilFishTanks\LilFishTanks\ArduinoCore\Debug\libArduinoCore.a(list.o)
                0x00004036                vListInsertEnd
 .text.hot.vListInsert
                0x00004078       0x70 C:\Users\waierdg\Desktop\lil_fish_tanks\LilFishTanks\LilFishTanks\ArduinoCore\Debug\libArduinoCore.a(list.o)
                0x00004078                vListInsert
 .text.hot.uxListRemove
                0x000040e8       0x48 C:\Users\waierdg\Desktop\lil_fish_tanks\LilFishTanks\LilFishTanks\ArduinoCore\Debug\libArduinoCore.a(list.o)
                0x000040e8                uxListRemove
 .text.hot.pxPortInitialiseStack
                0x00004130       0xd8 C:\Users\waierdg\Desktop\lil_fish_tanks\LilFishTanks\LilFishTanks\ArduinoCore\Debug\libArduinoCore.a(port.o)
                0x00004130                pxPortInitialiseStack
 .text.hot.xPortStartScheduler
                0x00004208       0x70 C:\Users\waierdg\Desktop\lil_fish_tanks\LilFishTanks\LilFishTanks\ArduinoCore\Debug\libArduinoCore.a(port.o)
                0x00004208                xPortStartScheduler
 .text.hot.vPortYield
                0x00004278       0xb2 C:\Users\waierdg\Desktop\lil_fish_tanks\LilFishTanks\LilFishTanks\ArduinoCore\Debug\libArduinoCore.a(port.o)
                0x00004278                vPortYield
 .text.hot.vPortYieldFromTick
                0x0000432a       0xba C:\Users\waierdg\Desktop\lil_fish_tanks\LilFishTanks\LilFishTanks\ArduinoCore\Debug\libArduinoCore.a(port.o)
                0x0000432a                vPortYieldFromTick
 .text.hot.__vector_6
                0x000043e4        0x6 C:\Users\waierdg\Desktop\lil_fish_tanks\LilFishTanks\LilFishTanks\ArduinoCore\Debug\libArduinoCore.a(port.o)
                0x000043e4                __vector_6
 .text._ZN14FreqCountClass5beginEj
                0x000043ea       0xf0 C:\Users\waierdg\Desktop\lil_fish_tanks\LilFishTanks\LilFishTanks\ArduinoCore\Debug\libArduinoCore.a(FreqCount.o)
                0x000043ea                _ZN14FreqCountClass5beginEj
 .text._ZN14FreqCountClass9availableEv
                0x000044da        0x6 C:\Users\waierdg\Desktop\lil_fish_tanks\LilFishTanks\LilFishTanks\ArduinoCore\Debug\libArduinoCore.a(FreqCount.o)
                0x000044da                _ZN14FreqCountClass9availableEv
 .text._ZN14FreqCountClass4readEv
                0x000044e0       0x1c C:\Users\waierdg\Desktop\lil_fish_tanks\LilFishTanks\LilFishTanks\ArduinoCore\Debug\libArduinoCore.a(FreqCount.o)
                0x000044e0                _ZN14FreqCountClass4readEv
 .text._ZN14FreqCountClass3endEv
                0x000044fc       0x2e C:\Users\waierdg\Desktop\lil_fish_tanks\LilFishTanks\LilFishTanks\ArduinoCore\Debug\libArduinoCore.a(FreqCount.o)
                0x000044fc                _ZN14FreqCountClass3endEv
 .text.__vector_7
                0x0000452a       0xec C:\Users\waierdg\Desktop\lil_fish_tanks\LilFishTanks\LilFishTanks\ArduinoCore\Debug\libArduinoCore.a(FreqCount.o)
                0x0000452a                __vector_7
 .text.avr-libc.fplib
                0x00004616        0xa c:/program files (x86)/atmel/studio/7.0/toolchain/avr8/avr8-gnu-toolchain/bin/../lib/gcc/avr/5.4.0/../../../../avr/lib/avr5\libm.a(unordsf2.o)
                0x00004616                __unordsf2
 .text.libgcc.div
                0x00004620       0x28 c:/program files (x86)/atmel/studio/7.0/toolchain/avr8/avr8-gnu-toolchain/bin/../lib/gcc/avr/5.4.0/avr5\libgcc.a(_divmodhi4.o)
                0x00004620                _div
                0x00004620                __divmodhi4
 .text.libgcc.div
                0x00004648       0x44 c:/program files (x86)/atmel/studio/7.0/toolchain/avr8/avr8-gnu-toolchain/bin/../lib/gcc/avr/5.4.0/avr5\libgcc.a(_udivmodsi4.o)
                0x00004648                __udivmodsi4
 .text.libgcc.div
                0x0000468c       0x2e c:/program files (x86)/atmel/studio/7.0/toolchain/avr8/avr8-gnu-toolchain/bin/../lib/gcc/avr/5.4.0/avr5\libgcc.a(_divmodsi4.o)
                0x0000468c                __divmodsi4
 .text.libgcc.div
                0x000046ba       0x10 c:/program files (x86)/atmel/studio/7.0/toolchain/avr8/avr8-gnu-toolchain/bin/../lib/gcc/avr/5.4.0/avr5\libgcc.a(_negsi2.o)
                0x000046ba                __negsi2
 .text.libgcc   0x000046ca        0xc c:/program files (x86)/atmel/studio/7.0/toolchain/avr8/avr8-gnu-toolchain/bin/../lib/gcc/avr/5.4.0/avr5\libgcc.a(_tablejump2.o)
                0x000046ca                __tablejump2__
 .text.libgcc.mul
                0x000046d6       0x16 c:/program files (x86)/atmel/studio/7.0/toolchain/avr8/avr8-gnu-toolchain/bin/../lib/gcc/avr/5.4.0/avr5\libgcc.a(_muluhisi3.o)
                0x000046d6                __muluhisi3
 .text.libgcc.div
                0x000046ec       0x28 c:/program files (x86)/atmel/studio/7.0/toolchain/avr8/avr8-gnu-toolchain/bin/../lib/gcc/avr/5.4.0/avr5\libgcc.a(_udivmodhi4.o)
                0x000046ec                __udivmodhi4
 .text.libgcc.mul
                0x00004714       0x1e c:/program files (x86)/atmel/studio/7.0/toolchain/avr8/avr8-gnu-toolchain/bin/../lib/gcc/avr/5.4.0/avr5\libgcc.a(_umulhisi3.o)
                0x00004714                __umulhisi3
 .text.avr-libc
                0x00004732      0x242 c:/program files (x86)/atmel/studio/7.0/toolchain/avr8/avr8-gnu-toolchain/bin/../lib/gcc/avr/5.4.0/../../../../avr/lib/avr5\libc.a(malloc.o)
                0x00004732                malloc
                0x00004862                free
 .text.avr-libc
                0x00004974       0x12 c:/program files (x86)/atmel/studio/7.0/toolchain/avr8/avr8-gnu-toolchain/bin/../lib/gcc/avr/5.4.0/../../../../avr/lib/avr5\libc.a(memcpy.o)
                0x00004974                memcpy
 .text.avr-libc
                0x00004986        0xe c:/program files (x86)/atmel/studio/7.0/toolchain/avr8/avr8-gnu-toolchain/bin/../lib/gcc/avr/5.4.0/../../../../avr/lib/avr5\libc.a(memset.o)
                0x00004986                memset
 .text.avr-libc
                0x00004994       0x10 C:/Program Files (x86)/Atmel/Studio/7.0/Packs/atmel/ATmega_DFP/1.2.209/gcc/dev/atmega328p/avr5\libatmega328p.a(eerd_byte.o)
                0x00004994                eeprom_read_byte
 .text.avr-libc
                0x000049a4       0x1c C:/Program Files (x86)/Atmel/Studio/7.0/Packs/atmel/ATmega_DFP/1.2.209/gcc/dev/atmega328p/avr5\libatmega328p.a(eewr_byte.o)
                0x000049a4                eeprom_write_byte
                0x000049a6                eeprom_write_r18
                0x000049c0                . = ALIGN (0x2)
 *(.fini9)
 .fini9         0x000049c0        0x0 c:/program files (x86)/atmel/studio/7.0/toolchain/avr8/avr8-gnu-toolchain/bin/../lib/gcc/avr/5.4.0/avr5\libgcc.a(_exit.o)
                0x000049c0                _exit
                0x000049c0                exit
 *(.fini9)
 *(.fini8)
 *(.fini8)
 *(.fini7)
 *(.fini7)
 *(.fini6)
 .fini6         0x000049c0       0x16 c:/program files (x86)/atmel/studio/7.0/toolchain/avr8/avr8-gnu-toolchain/bin/../lib/gcc/avr/5.4.0/avr5\libgcc.a(_dtors.o)
                0x000049c0                __do_global_dtors
 *(.fini6)
 *(.fini5)
 *(.fini5)
 *(.fini4)
 *(.fini4)
 *(.fini3)
 *(.fini3)
 *(.fini2)
 *(.fini2)
 *(.fini1)
 *(.fini1)
 *(.fini0)
 .fini0         0x000049d6        0x4 c:/program files (x86)/atmel/studio/7.0/toolchain/avr8/avr8-gnu-toolchain/bin/../lib/gcc/avr/5.4.0/avr5\libgcc.a(_exit.o)
 *(.fini0)
                0x000049da                _etext = .

.data           0x00800100      0x13c load address 0x000049da
                0x00800100                PROVIDE (__data_start, .)
 *(.data)
 .data          0x00800100        0x6 c:/program files (x86)/atmel/studio/7.0/toolchain/avr8/avr8-gnu-toolchain/bin/../lib/gcc/avr/5.4.0/../../../../avr/lib/avr5\libc.a(malloc.o)
                0x00800100                __malloc_heap_end
                0x00800102                __malloc_heap_start
                0x00800104                __malloc_margin
 *(.data*)
 .data.Blue     0x00800106        0x6 main.o
                0x00800106                Blue
 .data.Green    0x0080010c        0x6 main.o
                0x0080010c                Green
 .data.Red      0x00800112        0x6 main.o
                0x00800112                Red
 .data.WhiteTestStrip
                0x00800118        0xa main.o
                0x00800118                WhiteTestStrip
 .data.EmptyTestBox
                0x00800122        0xa main.o
                0x00800122                EmptyTestBox
 .data.intFunc  0x0080012c        0x4 C:\Users\waierdg\Desktop\lil_fish_tanks\LilFishTanks\LilFishTanks\ArduinoCore\Debug\libArduinoCore.a(WInterrupts.o)
 .data.analog_reference
                0x00800130        0x1 C:\Users\waierdg\Desktop\lil_fish_tanks\LilFishTanks\LilFishTanks\ArduinoCore\Debug\libArduinoCore.a(wiring_analog.o)
                0x00800130                analog_reference
 *(.gnu.linkonce.d*)
 *(.rodata)
 *(.rodata*)
 .rodata.str1.1
                0x00800131       0x34 DFRobot_PH.o
 .rodata.str1.1
                0x00800165       0xa6 main.o
                                 0xaa (size before relaxing)
 .rodata._ZTV14HardwareSerial
                0x0080020b       0x12 C:\Users\waierdg\Desktop\lil_fish_tanks\LilFishTanks\LilFishTanks\ArduinoCore\Debug\libArduinoCore.a(HardwareSerial.o)
                0x0080020b                _ZTV14HardwareSerial
 .rodata.str1.1
                0x0080021d        0xf C:\Users\waierdg\Desktop\lil_fish_tanks\LilFishTanks\LilFishTanks\ArduinoCore\Debug\libArduinoCore.a(Print.o)
 .rodata.str1.1
                0x0080022c        0x5 C:\Users\waierdg\Desktop\lil_fish_tanks\LilFishTanks\LilFishTanks\ArduinoCore\Debug\libArduinoCore.a(tasks.o)
 .rodata.str1.1
                0x00800231        0x8 C:\Users\waierdg\Desktop\lil_fish_tanks\LilFishTanks\LilFishTanks\ArduinoCore\Debug\libArduinoCore.a(timers.o)
 .rodata._ZZN9MD_TCS2307readFSMEhE3seq
                0x00800239        0x3 C:\Users\waierdg\Desktop\lil_fish_tanks\LilFishTanks\LilFishTanks\ArduinoCore\Debug\libArduinoCore.a(MD_TCS230.o)
 *(.gnu.linkonce.r*)
                0x0080023c                . = ALIGN (0x2)
                0x0080023c                _edata = .
                0x0080023c                PROVIDE (__data_end, .)

.bss            0x0080023c      0x279
                0x0080023c                PROVIDE (__bss_start, .)
 *(.bss)
 *(.bss*)
 .bss.xTemperature
                0x0080023c        0x2 main.o
                0x0080023c                xTemperature
 .bss.xPH       0x0080023e        0x2 main.o
                0x0080023e                xPH
 .bss.xNitriteNitrate
                0x00800240        0x2 main.o
                0x00800240                xNitriteNitrate
 .bss.xAmmonia  0x00800242        0x2 main.o
                0x00800242                xAmmonia
 .bss.xSerialSemaphoreColorSensor
                0x00800244        0x2 main.o
                0x00800244                xSerialSemaphoreColorSensor
 .bss.Off       0x00800246        0x6 main.o
                0x00800246                Off
 .bss.CS        0x0080024c       0x2f main.o
                0x0080024c                CS
 .bss.c         0x0080027b        0xa main.o
                0x0080027b                c
 .bss.rgb       0x00800285        0x3 main.o
                0x00800285                rgb
 .bss.Nitrate   0x00800288       0x46 main.o
                0x00800288                Nitrate
 .bss.Nitrite   0x008002ce       0x46 main.o
                0x008002ce                Nitrite
 .bss.Ammonia   0x00800314       0x32 main.o
                0x00800314                Ammonia
 .bss.typeToRead
                0x00800346        0x1 main.o
                0x00800346                typeToRead
 .bss.ds        0x00800347        0xe main.o
                0x00800347                ds
 .bss.ph        0x00800355       0x1f phSensor.o
                0x00800355                ph
 .bss.Serial    0x00800374       0x9d C:\Users\waierdg\Desktop\lil_fish_tanks\LilFishTanks\LilFishTanks\ArduinoCore\Debug\libArduinoCore.a(HardwareSerial0.o)
                0x00800374                Serial
 .bss.timer0_fract
                0x00800411        0x1 C:\Users\waierdg\Desktop\lil_fish_tanks\LilFishTanks\LilFishTanks\ArduinoCore\Debug\libArduinoCore.a(wiring.o)
 .bss.timer0_millis
                0x00800412        0x4 C:\Users\waierdg\Desktop\lil_fish_tanks\LilFishTanks\LilFishTanks\ArduinoCore\Debug\libArduinoCore.a(wiring.o)
                0x00800412                timer0_millis
 .bss.timer0_overflow_count
                0x00800416        0x4 C:\Users\waierdg\Desktop\lil_fish_tanks\LilFishTanks\LilFishTanks\ArduinoCore\Debug\libArduinoCore.a(wiring.o)
                0x00800416                timer0_overflow_count
 .bss.uxSchedulerSuspended
                0x0080041a        0x1 C:\Users\waierdg\Desktop\lil_fish_tanks\LilFishTanks\LilFishTanks\ArduinoCore\Debug\libArduinoCore.a(tasks.o)
 .bss.xIdleTaskHandle
                0x0080041b        0x2 C:\Users\waierdg\Desktop\lil_fish_tanks\LilFishTanks\LilFishTanks\ArduinoCore\Debug\libArduinoCore.a(tasks.o)
 .bss.xNextTaskUnblockTime
                0x0080041d        0x2 C:\Users\waierdg\Desktop\lil_fish_tanks\LilFishTanks\LilFishTanks\ArduinoCore\Debug\libArduinoCore.a(tasks.o)
 .bss.uxTaskNumber
                0x0080041f        0x1 C:\Users\waierdg\Desktop\lil_fish_tanks\LilFishTanks\LilFishTanks\ArduinoCore\Debug\libArduinoCore.a(tasks.o)
 .bss.xNumOfOverflows
                0x00800420        0x1 C:\Users\waierdg\Desktop\lil_fish_tanks\LilFishTanks\LilFishTanks\ArduinoCore\Debug\libArduinoCore.a(tasks.o)
 .bss.xYieldPending
                0x00800421        0x1 C:\Users\waierdg\Desktop\lil_fish_tanks\LilFishTanks\LilFishTanks\ArduinoCore\Debug\libArduinoCore.a(tasks.o)
 .bss.uxPendedTicks
                0x00800422        0x1 C:\Users\waierdg\Desktop\lil_fish_tanks\LilFishTanks\LilFishTanks\ArduinoCore\Debug\libArduinoCore.a(tasks.o)
 .bss.xSchedulerRunning
                0x00800423        0x1 C:\Users\waierdg\Desktop\lil_fish_tanks\LilFishTanks\LilFishTanks\ArduinoCore\Debug\libArduinoCore.a(tasks.o)
 .bss.uxTopReadyPriority
                0x00800424        0x1 C:\Users\waierdg\Desktop\lil_fish_tanks\LilFishTanks\LilFishTanks\ArduinoCore\Debug\libArduinoCore.a(tasks.o)
 .bss.xTickCount
                0x00800425        0x2 C:\Users\waierdg\Desktop\lil_fish_tanks\LilFishTanks\LilFishTanks\ArduinoCore\Debug\libArduinoCore.a(tasks.o)
 .bss.uxCurrentNumberOfTasks
                0x00800427        0x1 C:\Users\waierdg\Desktop\lil_fish_tanks\LilFishTanks\LilFishTanks\ArduinoCore\Debug\libArduinoCore.a(tasks.o)
 .bss.xSuspendedTaskList
                0x00800428        0x9 C:\Users\waierdg\Desktop\lil_fish_tanks\LilFishTanks\LilFishTanks\ArduinoCore\Debug\libArduinoCore.a(tasks.o)
 .bss.uxDeletedTasksWaitingCleanUp
                0x00800431        0x1 C:\Users\waierdg\Desktop\lil_fish_tanks\LilFishTanks\LilFishTanks\ArduinoCore\Debug\libArduinoCore.a(tasks.o)
 .bss.xTasksWaitingTermination
                0x00800432        0x9 C:\Users\waierdg\Desktop\lil_fish_tanks\LilFishTanks\LilFishTanks\ArduinoCore\Debug\libArduinoCore.a(tasks.o)
 .bss.xPendingReadyList
                0x0080043b        0x9 C:\Users\waierdg\Desktop\lil_fish_tanks\LilFishTanks\LilFishTanks\ArduinoCore\Debug\libArduinoCore.a(tasks.o)
 .bss.pxOverflowDelayedTaskList
                0x00800444        0x2 C:\Users\waierdg\Desktop\lil_fish_tanks\LilFishTanks\LilFishTanks\ArduinoCore\Debug\libArduinoCore.a(tasks.o)
 .bss.pxDelayedTaskList
                0x00800446        0x2 C:\Users\waierdg\Desktop\lil_fish_tanks\LilFishTanks\LilFishTanks\ArduinoCore\Debug\libArduinoCore.a(tasks.o)
 .bss.xDelayedTaskList2
                0x00800448        0x9 C:\Users\waierdg\Desktop\lil_fish_tanks\LilFishTanks\LilFishTanks\ArduinoCore\Debug\libArduinoCore.a(tasks.o)
 .bss.xDelayedTaskList1
                0x00800451        0x9 C:\Users\waierdg\Desktop\lil_fish_tanks\LilFishTanks\LilFishTanks\ArduinoCore\Debug\libArduinoCore.a(tasks.o)
 .bss.pxReadyTasksLists
                0x0080045a       0x24 C:\Users\waierdg\Desktop\lil_fish_tanks\LilFishTanks\LilFishTanks\ArduinoCore\Debug\libArduinoCore.a(tasks.o)
 .bss.pxCurrentTCB
                0x0080047e        0x2 C:\Users\waierdg\Desktop\lil_fish_tanks\LilFishTanks\LilFishTanks\ArduinoCore\Debug\libArduinoCore.a(tasks.o)
                0x0080047e                pxCurrentTCB
 .bss.xLastTime.2412
                0x00800480        0x2 C:\Users\waierdg\Desktop\lil_fish_tanks\LilFishTanks\LilFishTanks\ArduinoCore\Debug\libArduinoCore.a(timers.o)
 .bss.xTimerTaskHandle
                0x00800482        0x2 C:\Users\waierdg\Desktop\lil_fish_tanks\LilFishTanks\LilFishTanks\ArduinoCore\Debug\libArduinoCore.a(timers.o)
 .bss.xTimerQueue
                0x00800484        0x2 C:\Users\waierdg\Desktop\lil_fish_tanks\LilFishTanks\LilFishTanks\ArduinoCore\Debug\libArduinoCore.a(timers.o)
 .bss.pxOverflowTimerList
                0x00800486        0x2 C:\Users\waierdg\Desktop\lil_fish_tanks\LilFishTanks\LilFishTanks\ArduinoCore\Debug\libArduinoCore.a(timers.o)
 .bss.pxCurrentTimerList
                0x00800488        0x2 C:\Users\waierdg\Desktop\lil_fish_tanks\LilFishTanks\LilFishTanks\ArduinoCore\Debug\libArduinoCore.a(timers.o)
 .bss.xActiveTimerList2
                0x0080048a        0x9 C:\Users\waierdg\Desktop\lil_fish_tanks\LilFishTanks\LilFishTanks\ArduinoCore\Debug\libArduinoCore.a(timers.o)
 .bss.xActiveTimerList1
                0x00800493        0x9 C:\Users\waierdg\Desktop\lil_fish_tanks\LilFishTanks\LilFishTanks\ArduinoCore\Debug\libArduinoCore.a(timers.o)
 .bss._ZZN9MD_TCS2307readFSMEhE7currCol
                0x0080049c        0x1 C:\Users\waierdg\Desktop\lil_fish_tanks\LilFishTanks\LilFishTanks\ArduinoCore\Debug\libArduinoCore.a(MD_TCS230.o)
 .bss._ZL10gate_index
                0x0080049d        0x2 C:\Users\waierdg\Desktop\lil_fish_tanks\LilFishTanks\LilFishTanks\ArduinoCore\Debug\libArduinoCore.a(FreqCount.o)
 .bss._ZL11gate_length
                0x0080049f        0x2 C:\Users\waierdg\Desktop\lil_fish_tanks\LilFishTanks\LilFishTanks\ArduinoCore\Debug\libArduinoCore.a(FreqCount.o)
 .bss._ZL11count_ready
                0x008004a1        0x1 C:\Users\waierdg\Desktop\lil_fish_tanks\LilFishTanks\LilFishTanks\ArduinoCore\Debug\libArduinoCore.a(FreqCount.o)
 .bss._ZL12count_output
                0x008004a2        0x4 C:\Users\waierdg\Desktop\lil_fish_tanks\LilFishTanks\LilFishTanks\ArduinoCore\Debug\libArduinoCore.a(FreqCount.o)
 .bss._ZL10count_prev
                0x008004a6        0x4 C:\Users\waierdg\Desktop\lil_fish_tanks\LilFishTanks\LilFishTanks\ArduinoCore\Debug\libArduinoCore.a(FreqCount.o)
 .bss._ZL9count_msw
                0x008004aa        0x2 C:\Users\waierdg\Desktop\lil_fish_tanks\LilFishTanks\LilFishTanks\ArduinoCore\Debug\libArduinoCore.a(FreqCount.o)
 .bss._ZL11startTCCR2B
                0x008004ac        0x1 C:\Users\waierdg\Desktop\lil_fish_tanks\LilFishTanks\LilFishTanks\ArduinoCore\Debug\libArduinoCore.a(FreqCount.o)
 .bss._ZL10saveTCCR2B
                0x008004ad        0x1 C:\Users\waierdg\Desktop\lil_fish_tanks\LilFishTanks\LilFishTanks\ArduinoCore\Debug\libArduinoCore.a(FreqCount.o)
 .bss._ZL10saveTCCR2A
                0x008004ae        0x1 C:\Users\waierdg\Desktop\lil_fish_tanks\LilFishTanks\LilFishTanks\ArduinoCore\Debug\libArduinoCore.a(FreqCount.o)
 .bss._ZL10saveTCCR1B
                0x008004af        0x1 C:\Users\waierdg\Desktop\lil_fish_tanks\LilFishTanks\LilFishTanks\ArduinoCore\Debug\libArduinoCore.a(FreqCount.o)
 .bss._ZL10saveTCCR1A
                0x008004b0        0x1 C:\Users\waierdg\Desktop\lil_fish_tanks\LilFishTanks\LilFishTanks\ArduinoCore\Debug\libArduinoCore.a(FreqCount.o)
 *(COMMON)
 COMMON         0x008004b1        0x4 c:/program files (x86)/atmel/studio/7.0/toolchain/avr8/avr8-gnu-toolchain/bin/../lib/gcc/avr/5.4.0/../../../../avr/lib/avr5\libc.a(malloc.o)
                0x008004b1                __brkval
                0x008004b3                __flp
                0x008004b5                PROVIDE (__bss_end, .)
                0x000049da                __data_load_start = LOADADDR (.data)
                0x00004b16                __data_load_end = (__data_load_start + SIZEOF (.data))

.noinit         0x008004b5        0x0
                [!provide]                PROVIDE (__noinit_start, .)
 *(.noinit*)
                [!provide]                PROVIDE (__noinit_end, .)
                0x008004b5                _end = .
                0x008004b5                PROVIDE (__heap_start, .)

.eeprom         0x00810000        0x0
 *(.eeprom*)
                0x00810000                __eeprom_end = .

.fuse
 *(.fuse)
 *(.lfuse)
 *(.hfuse)
 *(.efuse)

.lock
 *(.lock*)

.signature
 *(.signature*)

.user_signatures
 *(.user_signatures*)

.stab
 *(.stab)

.stabstr
 *(.stabstr)

.stab.excl
 *(.stab.excl)

.stab.exclstr
 *(.stab.exclstr)

.stab.index
 *(.stab.index)

.stab.indexstr
 *(.stab.indexstr)

.comment        0x00000000       0x60
 *(.comment)
 .comment       0x00000000       0x30 DFRobot_PH.o
                                 0x31 (size before relaxing)
 .comment       0x00000030       0x31 main.o
 .comment       0x00000030       0x31 OneWire.o
 .comment       0x00000030       0x31 phSensor.o
 .comment       0x00000030       0x31 C:\Users\waierdg\Desktop\lil_fish_tanks\LilFishTanks\LilFishTanks\ArduinoCore\Debug\libArduinoCore.a(HardwareSerial.o)
 .comment       0x00000030       0x31 C:\Users\waierdg\Desktop\lil_fish_tanks\LilFishTanks\LilFishTanks\ArduinoCore\Debug\libArduinoCore.a(HardwareSerial0.o)
 .comment       0x00000030       0x31 C:\Users\waierdg\Desktop\lil_fish_tanks\LilFishTanks\LilFishTanks\ArduinoCore\Debug\libArduinoCore.a(main.o)
 .comment       0x00000030       0x31 C:\Users\waierdg\Desktop\lil_fish_tanks\LilFishTanks\LilFishTanks\ArduinoCore\Debug\libArduinoCore.a(Print.o)
 .comment       0x00000030       0x31 C:\Users\waierdg\Desktop\lil_fish_tanks\LilFishTanks\LilFishTanks\ArduinoCore\Debug\libArduinoCore.a(WInterrupts.o)
 .comment       0x00000030       0x31 C:\Users\waierdg\Desktop\lil_fish_tanks\LilFishTanks\LilFishTanks\ArduinoCore\Debug\libArduinoCore.a(wiring.o)
 .comment       0x00000030       0x31 C:\Users\waierdg\Desktop\lil_fish_tanks\LilFishTanks\LilFishTanks\ArduinoCore\Debug\libArduinoCore.a(wiring_analog.o)
 .comment       0x00000030       0x31 C:\Users\waierdg\Desktop\lil_fish_tanks\LilFishTanks\LilFishTanks\ArduinoCore\Debug\libArduinoCore.a(wiring_digital.o)
 .comment       0x00000030       0x31 C:\Users\waierdg\Desktop\lil_fish_tanks\LilFishTanks\LilFishTanks\ArduinoCore\Debug\libArduinoCore.a(queue.o)
 .comment       0x00000030       0x31 C:\Users\waierdg\Desktop\lil_fish_tanks\LilFishTanks\LilFishTanks\ArduinoCore\Debug\libArduinoCore.a(tasks.o)
 .comment       0x00000030       0x31 C:\Users\waierdg\Desktop\lil_fish_tanks\LilFishTanks\LilFishTanks\ArduinoCore\Debug\libArduinoCore.a(timers.o)
 .comment       0x00000030       0x31 C:\Users\waierdg\Desktop\lil_fish_tanks\LilFishTanks\LilFishTanks\ArduinoCore\Debug\libArduinoCore.a(variantHooks.o)
 .comment       0x00000030       0x31 C:\Users\waierdg\Desktop\lil_fish_tanks\LilFishTanks\LilFishTanks\ArduinoCore\Debug\libArduinoCore.a(MD_TCS230.o)
 .comment       0x00000030       0x30 C:\Users\waierdg\Desktop\lil_fish_tanks\LilFishTanks\LilFishTanks\ArduinoCore\Debug\libArduinoCore.a(hooks.o)
                                 0x31 (size before relaxing)
 .comment       0x00000060       0x31 C:\Users\waierdg\Desktop\lil_fish_tanks\LilFishTanks\LilFishTanks\ArduinoCore\Debug\libArduinoCore.a(heap_3.o)
 .comment       0x00000060       0x31 C:\Users\waierdg\Desktop\lil_fish_tanks\LilFishTanks\LilFishTanks\ArduinoCore\Debug\libArduinoCore.a(list.o)
 .comment       0x00000060       0x31 C:\Users\waierdg\Desktop\lil_fish_tanks\LilFishTanks\LilFishTanks\ArduinoCore\Debug\libArduinoCore.a(port.o)
 .comment       0x00000060       0x31 C:\Users\waierdg\Desktop\lil_fish_tanks\LilFishTanks\LilFishTanks\ArduinoCore\Debug\libArduinoCore.a(FreqCount.o)
 .comment       0x00000060       0x31 c:/program files (x86)/atmel/studio/7.0/toolchain/avr8/avr8-gnu-toolchain/bin/../lib/gcc/avr/5.4.0/../../../../avr/lib/avr5\libc.a(malloc.o)

.note.gnu.avr.deviceinfo
                0x00000000       0x40
 .note.gnu.avr.deviceinfo
                0x00000000       0x40 C:/Program Files (x86)/Atmel/Studio/7.0/Packs/atmel/ATmega_DFP/1.2.209/gcc/dev/atmega328p/avr5/crtatmega328p.o

.note.gnu.build-id
 *(.note.gnu.build-id)

.debug
 *(.debug)

.line
 *(.line)

.debug_srcinfo
 *(.debug_srcinfo)

.debug_sfnames
 *(.debug_sfnames)

.debug_aranges  0x00000000      0xa10
 *(.debug_aranges)
 .debug_aranges
                0x00000000       0x70 DFRobot_PH.o
 .debug_aranges
                0x00000070       0xb0 main.o
 .debug_aranges
                0x00000120       0xa0 OneWire.o
 .debug_aranges
                0x000001c0       0x40 phSensor.o
 .debug_aranges
                0x00000200       0x68 C:\Users\waierdg\Desktop\lil_fish_tanks\LilFishTanks\LilFishTanks\ArduinoCore\Debug\libArduinoCore.a(HardwareSerial.o)
 .debug_aranges
                0x00000268       0x48 C:\Users\waierdg\Desktop\lil_fish_tanks\LilFishTanks\LilFishTanks\ArduinoCore\Debug\libArduinoCore.a(HardwareSerial0.o)
 .debug_aranges
                0x000002b0       0x30 C:\Users\waierdg\Desktop\lil_fish_tanks\LilFishTanks\LilFishTanks\ArduinoCore\Debug\libArduinoCore.a(main.o)
 .debug_aranges
                0x000002e0      0x100 C:\Users\waierdg\Desktop\lil_fish_tanks\LilFishTanks\LilFishTanks\ArduinoCore\Debug\libArduinoCore.a(Print.o)
 .debug_aranges
                0x000003e0       0x40 C:\Users\waierdg\Desktop\lil_fish_tanks\LilFishTanks\LilFishTanks\ArduinoCore\Debug\libArduinoCore.a(WInterrupts.o)
 .debug_aranges
                0x00000420       0x48 C:\Users\waierdg\Desktop\lil_fish_tanks\LilFishTanks\LilFishTanks\ArduinoCore\Debug\libArduinoCore.a(wiring.o)
 .debug_aranges
                0x00000468       0x30 C:\Users\waierdg\Desktop\lil_fish_tanks\LilFishTanks\LilFishTanks\ArduinoCore\Debug\libArduinoCore.a(wiring_analog.o)
 .debug_aranges
                0x00000498       0x38 C:\Users\waierdg\Desktop\lil_fish_tanks\LilFishTanks\LilFishTanks\ArduinoCore\Debug\libArduinoCore.a(wiring_digital.o)
 .debug_aranges
                0x000004d0       0xe0 C:\Users\waierdg\Desktop\lil_fish_tanks\LilFishTanks\LilFishTanks\ArduinoCore\Debug\libArduinoCore.a(queue.o)
 .debug_aranges
                0x000005b0      0x188 C:\Users\waierdg\Desktop\lil_fish_tanks\LilFishTanks\LilFishTanks\ArduinoCore\Debug\libArduinoCore.a(tasks.o)
 .debug_aranges
                0x00000738       0x90 C:\Users\waierdg\Desktop\lil_fish_tanks\LilFishTanks\LilFishTanks\ArduinoCore\Debug\libArduinoCore.a(timers.o)
 .debug_aranges
                0x000007c8       0x38 C:\Users\waierdg\Desktop\lil_fish_tanks\LilFishTanks\LilFishTanks\ArduinoCore\Debug\libArduinoCore.a(variantHooks.o)
 .debug_aranges
                0x00000800       0xc0 C:\Users\waierdg\Desktop\lil_fish_tanks\LilFishTanks\LilFishTanks\ArduinoCore\Debug\libArduinoCore.a(MD_TCS230.o)
 .debug_aranges
                0x000008c0       0x20 C:\Users\waierdg\Desktop\lil_fish_tanks\LilFishTanks\LilFishTanks\ArduinoCore\Debug\libArduinoCore.a(hooks.o)
 .debug_aranges
                0x000008e0       0x28 C:\Users\waierdg\Desktop\lil_fish_tanks\LilFishTanks\LilFishTanks\ArduinoCore\Debug\libArduinoCore.a(heap_3.o)
 .debug_aranges
                0x00000908       0x40 C:\Users\waierdg\Desktop\lil_fish_tanks\LilFishTanks\LilFishTanks\ArduinoCore\Debug\libArduinoCore.a(list.o)
 .debug_aranges
                0x00000948       0x48 C:\Users\waierdg\Desktop\lil_fish_tanks\LilFishTanks\LilFishTanks\ArduinoCore\Debug\libArduinoCore.a(port.o)
 .debug_aranges
                0x00000990       0x40 C:\Users\waierdg\Desktop\lil_fish_tanks\LilFishTanks\LilFishTanks\ArduinoCore\Debug\libArduinoCore.a(FreqCount.o)
 .debug_aranges
                0x000009d0       0x20 C:/Program Files (x86)/Atmel/Studio/7.0/Packs/atmel/ATmega_DFP/1.2.209/gcc/dev/atmega328p/avr5\libatmega328p.a(eerd_byte.o)
 .debug_aranges
                0x000009f0       0x20 C:/Program Files (x86)/Atmel/Studio/7.0/Packs/atmel/ATmega_DFP/1.2.209/gcc/dev/atmega328p/avr5\libatmega328p.a(eewr_byte.o)

.debug_pubnames
 *(.debug_pubnames)

.debug_info     0x00000000    0x139e9
 *(.debug_info .gnu.linkonce.wi.*)
 .debug_info    0x00000000      0x5f4 C:/Program Files (x86)/Atmel/Studio/7.0/Packs/atmel/ATmega_DFP/1.2.209/gcc/dev/atmega328p/avr5/crtatmega328p.o
 .debug_info    0x000005f4     0x158a DFRobot_PH.o
 .debug_info    0x00001b7e     0x2691 main.o
 .debug_info    0x0000420f      0xf20 OneWire.o
 .debug_info    0x0000512f      0xb29 phSensor.o
 .debug_info    0x00005c58     0x1f64 C:\Users\waierdg\Desktop\lil_fish_tanks\LilFishTanks\LilFishTanks\ArduinoCore\Debug\libArduinoCore.a(HardwareSerial.o)
 .debug_info    0x00007bbc     0x1b16 C:\Users\waierdg\Desktop\lil_fish_tanks\LilFishTanks\LilFishTanks\ArduinoCore\Debug\libArduinoCore.a(HardwareSerial0.o)
 .debug_info    0x000096d2      0x237 C:\Users\waierdg\Desktop\lil_fish_tanks\LilFishTanks\LilFishTanks\ArduinoCore\Debug\libArduinoCore.a(main.o)
 .debug_info    0x00009909     0x28ff C:\Users\waierdg\Desktop\lil_fish_tanks\LilFishTanks\LilFishTanks\ArduinoCore\Debug\libArduinoCore.a(Print.o)
 .debug_info    0x0000c208      0x21c C:\Users\waierdg\Desktop\lil_fish_tanks\LilFishTanks\LilFishTanks\ArduinoCore\Debug\libArduinoCore.a(WInterrupts.o)
 .debug_info    0x0000c424      0x2cb C:\Users\waierdg\Desktop\lil_fish_tanks\LilFishTanks\LilFishTanks\ArduinoCore\Debug\libArduinoCore.a(wiring.o)
 .debug_info    0x0000c6ef      0x26d C:\Users\waierdg\Desktop\lil_fish_tanks\LilFishTanks\LilFishTanks\ArduinoCore\Debug\libArduinoCore.a(wiring_analog.o)
 .debug_info    0x0000c95c      0x5fe C:\Users\waierdg\Desktop\lil_fish_tanks\LilFishTanks\LilFishTanks\ArduinoCore\Debug\libArduinoCore.a(wiring_digital.o)
 .debug_info    0x0000cf5a     0x1820 C:\Users\waierdg\Desktop\lil_fish_tanks\LilFishTanks\LilFishTanks\ArduinoCore\Debug\libArduinoCore.a(queue.o)
 .debug_info    0x0000e77a     0x2102 C:\Users\waierdg\Desktop\lil_fish_tanks\LilFishTanks\LilFishTanks\ArduinoCore\Debug\libArduinoCore.a(tasks.o)
 .debug_info    0x0001087c     0x1083 C:\Users\waierdg\Desktop\lil_fish_tanks\LilFishTanks\LilFishTanks\ArduinoCore\Debug\libArduinoCore.a(timers.o)
 .debug_info    0x000118ff      0x330 C:\Users\waierdg\Desktop\lil_fish_tanks\LilFishTanks\LilFishTanks\ArduinoCore\Debug\libArduinoCore.a(variantHooks.o)
 .debug_info    0x00011c2f     0x1018 C:\Users\waierdg\Desktop\lil_fish_tanks\LilFishTanks\LilFishTanks\ArduinoCore\Debug\libArduinoCore.a(MD_TCS230.o)
 .debug_info    0x00012c47       0x3e C:\Users\waierdg\Desktop\lil_fish_tanks\LilFishTanks\LilFishTanks\ArduinoCore\Debug\libArduinoCore.a(hooks.o)
 .debug_info    0x00012c85      0x1a7 C:\Users\waierdg\Desktop\lil_fish_tanks\LilFishTanks\LilFishTanks\ArduinoCore\Debug\libArduinoCore.a(heap_3.o)
 .debug_info    0x00012e2c      0x2e0 C:\Users\waierdg\Desktop\lil_fish_tanks\LilFishTanks\LilFishTanks\ArduinoCore\Debug\libArduinoCore.a(list.o)
 .debug_info    0x0001310c      0x28b C:\Users\waierdg\Desktop\lil_fish_tanks\LilFishTanks\LilFishTanks\ArduinoCore\Debug\libArduinoCore.a(port.o)
 .debug_info    0x00013397      0x4fa C:\Users\waierdg\Desktop\lil_fish_tanks\LilFishTanks\LilFishTanks\ArduinoCore\Debug\libArduinoCore.a(FreqCount.o)
 .debug_info    0x00013891       0xac C:/Program Files (x86)/Atmel/Studio/7.0/Packs/atmel/ATmega_DFP/1.2.209/gcc/dev/atmega328p/avr5\libatmega328p.a(eerd_byte.o)
 .debug_info    0x0001393d       0xac C:/Program Files (x86)/Atmel/Studio/7.0/Packs/atmel/ATmega_DFP/1.2.209/gcc/dev/atmega328p/avr5\libatmega328p.a(eewr_byte.o)

.debug_abbrev   0x00000000     0x3cc1
 *(.debug_abbrev)
 .debug_abbrev  0x00000000      0x5a2 C:/Program Files (x86)/Atmel/Studio/7.0/Packs/atmel/ATmega_DFP/1.2.209/gcc/dev/atmega328p/avr5/crtatmega328p.o
 .debug_abbrev  0x000005a2      0x3de DFRobot_PH.o
 .debug_abbrev  0x00000980      0x5be main.o
 .debug_abbrev  0x00000f3e      0x34d OneWire.o
 .debug_abbrev  0x0000128b      0x2dd phSensor.o
 .debug_abbrev  0x00001568      0x4b7 C:\Users\waierdg\Desktop\lil_fish_tanks\LilFishTanks\LilFishTanks\ArduinoCore\Debug\libArduinoCore.a(HardwareSerial.o)
 .debug_abbrev  0x00001a1f      0x3ce C:\Users\waierdg\Desktop\lil_fish_tanks\LilFishTanks\LilFishTanks\ArduinoCore\Debug\libArduinoCore.a(HardwareSerial0.o)
 .debug_abbrev  0x00001ded      0x12d C:\Users\waierdg\Desktop\lil_fish_tanks\LilFishTanks\LilFishTanks\ArduinoCore\Debug\libArduinoCore.a(main.o)
 .debug_abbrev  0x00001f1a      0x47a C:\Users\waierdg\Desktop\lil_fish_tanks\LilFishTanks\LilFishTanks\ArduinoCore\Debug\libArduinoCore.a(Print.o)
 .debug_abbrev  0x00002394       0xfc C:\Users\waierdg\Desktop\lil_fish_tanks\LilFishTanks\LilFishTanks\ArduinoCore\Debug\libArduinoCore.a(WInterrupts.o)
 .debug_abbrev  0x00002490      0x146 C:\Users\waierdg\Desktop\lil_fish_tanks\LilFishTanks\LilFishTanks\ArduinoCore\Debug\libArduinoCore.a(wiring.o)
 .debug_abbrev  0x000025d6      0x16b C:\Users\waierdg\Desktop\lil_fish_tanks\LilFishTanks\LilFishTanks\ArduinoCore\Debug\libArduinoCore.a(wiring_analog.o)
 .debug_abbrev  0x00002741      0x15b C:\Users\waierdg\Desktop\lil_fish_tanks\LilFishTanks\LilFishTanks\ArduinoCore\Debug\libArduinoCore.a(wiring_digital.o)
 .debug_abbrev  0x0000289c      0x2d5 C:\Users\waierdg\Desktop\lil_fish_tanks\LilFishTanks\LilFishTanks\ArduinoCore\Debug\libArduinoCore.a(queue.o)
 .debug_abbrev  0x00002b71      0x35e C:\Users\waierdg\Desktop\lil_fish_tanks\LilFishTanks\LilFishTanks\ArduinoCore\Debug\libArduinoCore.a(tasks.o)
 .debug_abbrev  0x00002ecf      0x2f8 C:\Users\waierdg\Desktop\lil_fish_tanks\LilFishTanks\LilFishTanks\ArduinoCore\Debug\libArduinoCore.a(timers.o)
 .debug_abbrev  0x000031c7      0x18d C:\Users\waierdg\Desktop\lil_fish_tanks\LilFishTanks\LilFishTanks\ArduinoCore\Debug\libArduinoCore.a(variantHooks.o)
 .debug_abbrev  0x00003354      0x39f C:\Users\waierdg\Desktop\lil_fish_tanks\LilFishTanks\LilFishTanks\ArduinoCore\Debug\libArduinoCore.a(MD_TCS230.o)
 .debug_abbrev  0x000036f3       0x2a C:\Users\waierdg\Desktop\lil_fish_tanks\LilFishTanks\LilFishTanks\ArduinoCore\Debug\libArduinoCore.a(hooks.o)
 .debug_abbrev  0x0000371d      0x115 C:\Users\waierdg\Desktop\lil_fish_tanks\LilFishTanks\LilFishTanks\ArduinoCore\Debug\libArduinoCore.a(heap_3.o)
 .debug_abbrev  0x00003832       0xff C:\Users\waierdg\Desktop\lil_fish_tanks\LilFishTanks\LilFishTanks\ArduinoCore\Debug\libArduinoCore.a(list.o)
 .debug_abbrev  0x00003931      0x158 C:\Users\waierdg\Desktop\lil_fish_tanks\LilFishTanks\LilFishTanks\ArduinoCore\Debug\libArduinoCore.a(port.o)
 .debug_abbrev  0x00003a89      0x210 C:\Users\waierdg\Desktop\lil_fish_tanks\LilFishTanks\LilFishTanks\ArduinoCore\Debug\libArduinoCore.a(FreqCount.o)
 .debug_abbrev  0x00003c99       0x14 C:/Program Files (x86)/Atmel/Studio/7.0/Packs/atmel/ATmega_DFP/1.2.209/gcc/dev/atmega328p/avr5\libatmega328p.a(eerd_byte.o)
 .debug_abbrev  0x00003cad       0x14 C:/Program Files (x86)/Atmel/Studio/7.0/Packs/atmel/ATmega_DFP/1.2.209/gcc/dev/atmega328p/avr5\libatmega328p.a(eewr_byte.o)

.debug_line     0x00000000     0x6909
 *(.debug_line .debug_line.* .debug_line_end)
 .debug_line    0x00000000      0x133 C:/Program Files (x86)/Atmel/Studio/7.0/Packs/atmel/ATmega_DFP/1.2.209/gcc/dev/atmega328p/avr5/crtatmega328p.o
 .debug_line    0x00000133      0x6e6 DFRobot_PH.o
 .debug_line    0x00000819      0x9a0 main.o
 .debug_line    0x000011b9      0x6c8 OneWire.o
 .debug_line    0x00001881      0x1c7 phSensor.o
 .debug_line    0x00001a48      0x4c4 C:\Users\waierdg\Desktop\lil_fish_tanks\LilFishTanks\LilFishTanks\ArduinoCore\Debug\libArduinoCore.a(HardwareSerial.o)
 .debug_line    0x00001f0c      0x28c C:\Users\waierdg\Desktop\lil_fish_tanks\LilFishTanks\LilFishTanks\ArduinoCore\Debug\libArduinoCore.a(HardwareSerial0.o)
 .debug_line    0x00002198      0x165 C:\Users\waierdg\Desktop\lil_fish_tanks\LilFishTanks\LilFishTanks\ArduinoCore\Debug\libArduinoCore.a(main.o)
 .debug_line    0x000022fd      0x685 C:\Users\waierdg\Desktop\lil_fish_tanks\LilFishTanks\LilFishTanks\ArduinoCore\Debug\libArduinoCore.a(Print.o)
 .debug_line    0x00002982      0x1a0 C:\Users\waierdg\Desktop\lil_fish_tanks\LilFishTanks\LilFishTanks\ArduinoCore\Debug\libArduinoCore.a(WInterrupts.o)
 .debug_line    0x00002b22      0x299 C:\Users\waierdg\Desktop\lil_fish_tanks\LilFishTanks\LilFishTanks\ArduinoCore\Debug\libArduinoCore.a(wiring.o)
 .debug_line    0x00002dbb      0x20f C:\Users\waierdg\Desktop\lil_fish_tanks\LilFishTanks\LilFishTanks\ArduinoCore\Debug\libArduinoCore.a(wiring_analog.o)
 .debug_line    0x00002fca      0x252 C:\Users\waierdg\Desktop\lil_fish_tanks\LilFishTanks\LilFishTanks\ArduinoCore\Debug\libArduinoCore.a(wiring_digital.o)
 .debug_line    0x0000321c      0xb6a C:\Users\waierdg\Desktop\lil_fish_tanks\LilFishTanks\LilFishTanks\ArduinoCore\Debug\libArduinoCore.a(queue.o)
 .debug_line    0x00003d86     0x1256 C:\Users\waierdg\Desktop\lil_fish_tanks\LilFishTanks\LilFishTanks\ArduinoCore\Debug\libArduinoCore.a(tasks.o)
 .debug_line    0x00004fdc      0x538 C:\Users\waierdg\Desktop\lil_fish_tanks\LilFishTanks\LilFishTanks\ArduinoCore\Debug\libArduinoCore.a(timers.o)
 .debug_line    0x00005514      0x246 C:\Users\waierdg\Desktop\lil_fish_tanks\LilFishTanks\LilFishTanks\ArduinoCore\Debug\libArduinoCore.a(variantHooks.o)
 .debug_line    0x0000575a      0x622 C:\Users\waierdg\Desktop\lil_fish_tanks\LilFishTanks\LilFishTanks\ArduinoCore\Debug\libArduinoCore.a(MD_TCS230.o)
 .debug_line    0x00005d7c       0x41 C:\Users\waierdg\Desktop\lil_fish_tanks\LilFishTanks\LilFishTanks\ArduinoCore\Debug\libArduinoCore.a(hooks.o)
 .debug_line    0x00005dbd      0x1a3 C:\Users\waierdg\Desktop\lil_fish_tanks\LilFishTanks\LilFishTanks\ArduinoCore\Debug\libArduinoCore.a(heap_3.o)
 .debug_line    0x00005f60      0x208 C:\Users\waierdg\Desktop\lil_fish_tanks\LilFishTanks\LilFishTanks\ArduinoCore\Debug\libArduinoCore.a(list.o)
 .debug_line    0x00006168      0x328 C:\Users\waierdg\Desktop\lil_fish_tanks\LilFishTanks\LilFishTanks\ArduinoCore\Debug\libArduinoCore.a(port.o)
 .debug_line    0x00006490      0x361 C:\Users\waierdg\Desktop\lil_fish_tanks\LilFishTanks\LilFishTanks\ArduinoCore\Debug\libArduinoCore.a(FreqCount.o)
 .debug_line    0x000067f1       0x7a C:/Program Files (x86)/Atmel/Studio/7.0/Packs/atmel/ATmega_DFP/1.2.209/gcc/dev/atmega328p/avr5\libatmega328p.a(eerd_byte.o)
 .debug_line    0x0000686b       0x9e C:/Program Files (x86)/Atmel/Studio/7.0/Packs/atmel/ATmega_DFP/1.2.209/gcc/dev/atmega328p/avr5\libatmega328p.a(eewr_byte.o)

.debug_frame    0x00000000     0x1ec8
 *(.debug_frame)
 .debug_frame   0x00000000      0x1d8 DFRobot_PH.o
 .debug_frame   0x000001d8      0x1f0 main.o
 .debug_frame   0x000003c8      0x258 OneWire.o
 .debug_frame   0x00000620       0xb4 phSensor.o
 .debug_frame   0x000006d4      0x110 C:\Users\waierdg\Desktop\lil_fish_tanks\LilFishTanks\LilFishTanks\ArduinoCore\Debug\libArduinoCore.a(HardwareSerial.o)
 .debug_frame   0x000007e4       0xe0 C:\Users\waierdg\Desktop\lil_fish_tanks\LilFishTanks\LilFishTanks\ArduinoCore\Debug\libArduinoCore.a(HardwareSerial0.o)
 .debug_frame   0x000008c4       0x54 C:\Users\waierdg\Desktop\lil_fish_tanks\LilFishTanks\LilFishTanks\ArduinoCore\Debug\libArduinoCore.a(main.o)
 .debug_frame   0x00000918      0x3ac C:\Users\waierdg\Desktop\lil_fish_tanks\LilFishTanks\LilFishTanks\ArduinoCore\Debug\libArduinoCore.a(Print.o)
 .debug_frame   0x00000cc4       0xf4 C:\Users\waierdg\Desktop\lil_fish_tanks\LilFishTanks\LilFishTanks\ArduinoCore\Debug\libArduinoCore.a(WInterrupts.o)
 .debug_frame   0x00000db8       0xc4 C:\Users\waierdg\Desktop\lil_fish_tanks\LilFishTanks\LilFishTanks\ArduinoCore\Debug\libArduinoCore.a(wiring.o)
 .debug_frame   0x00000e7c       0x54 C:\Users\waierdg\Desktop\lil_fish_tanks\LilFishTanks\LilFishTanks\ArduinoCore\Debug\libArduinoCore.a(wiring_analog.o)
 .debug_frame   0x00000ed0       0x7c C:\Users\waierdg\Desktop\lil_fish_tanks\LilFishTanks\LilFishTanks\ArduinoCore\Debug\libArduinoCore.a(wiring_digital.o)
 .debug_frame   0x00000f4c      0x368 C:\Users\waierdg\Desktop\lil_fish_tanks\LilFishTanks\LilFishTanks\ArduinoCore\Debug\libArduinoCore.a(queue.o)
 .debug_frame   0x000012b4      0x57c C:\Users\waierdg\Desktop\lil_fish_tanks\LilFishTanks\LilFishTanks\ArduinoCore\Debug\libArduinoCore.a(tasks.o)
 .debug_frame   0x00001830      0x198 C:\Users\waierdg\Desktop\lil_fish_tanks\LilFishTanks\LilFishTanks\ArduinoCore\Debug\libArduinoCore.a(timers.o)
 .debug_frame   0x000019c8       0x54 C:\Users\waierdg\Desktop\lil_fish_tanks\LilFishTanks\LilFishTanks\ArduinoCore\Debug\libArduinoCore.a(variantHooks.o)
 .debug_frame   0x00001a1c      0x28c C:\Users\waierdg\Desktop\lil_fish_tanks\LilFishTanks\LilFishTanks\ArduinoCore\Debug\libArduinoCore.a(MD_TCS230.o)
 .debug_frame   0x00001ca8       0x24 C:\Users\waierdg\Desktop\lil_fish_tanks\LilFishTanks\LilFishTanks\ArduinoCore\Debug\libArduinoCore.a(hooks.o)
 .debug_frame   0x00001ccc       0x4c C:\Users\waierdg\Desktop\lil_fish_tanks\LilFishTanks\LilFishTanks\ArduinoCore\Debug\libArduinoCore.a(heap_3.o)
 .debug_frame   0x00001d18       0x90 C:\Users\waierdg\Desktop\lil_fish_tanks\LilFishTanks\LilFishTanks\ArduinoCore\Debug\libArduinoCore.a(list.o)
 .debug_frame   0x00001da8       0x74 C:\Users\waierdg\Desktop\lil_fish_tanks\LilFishTanks\LilFishTanks\ArduinoCore\Debug\libArduinoCore.a(port.o)
 .debug_frame   0x00001e1c       0xac C:\Users\waierdg\Desktop\lil_fish_tanks\LilFishTanks\LilFishTanks\ArduinoCore\Debug\libArduinoCore.a(FreqCount.o)

.debug_str      0x00000000     0x4b27
 *(.debug_str)
 .debug_str     0x00000000      0x208 C:/Program Files (x86)/Atmel/Studio/7.0/Packs/atmel/ATmega_DFP/1.2.209/gcc/dev/atmega328p/avr5/crtatmega328p.o
 .debug_str     0x00000208      0x930 DFRobot_PH.o
                                0x9f7 (size before relaxing)
 .debug_str     0x00000b38      0xb8b main.o
                               0x12a6 (size before relaxing)
 .debug_str     0x000016c3      0x155 OneWire.o
                                0x681 (size before relaxing)
 .debug_str     0x00001818       0x6c phSensor.o
                                0x897 (size before relaxing)
 .debug_str     0x00001884     0x1263 C:\Users\waierdg\Desktop\lil_fish_tanks\LilFishTanks\LilFishTanks\ArduinoCore\Debug\libArduinoCore.a(HardwareSerial.o)
                               0x1614 (size before relaxing)
 .debug_str     0x00002ae7       0x86 C:\Users\waierdg\Desktop\lil_fish_tanks\LilFishTanks\LilFishTanks\ArduinoCore\Debug\libArduinoCore.a(HardwareSerial0.o)
                               0x1407 (size before relaxing)
 .debug_str     0x00002b6d       0x37 C:\Users\waierdg\Desktop\lil_fish_tanks\LilFishTanks\LilFishTanks\ArduinoCore\Debug\libArduinoCore.a(main.o)
                                0x2b3 (size before relaxing)
 .debug_str     0x00002ba4      0x2eb C:\Users\waierdg\Desktop\lil_fish_tanks\LilFishTanks\LilFishTanks\ArduinoCore\Debug\libArduinoCore.a(Print.o)
                               0x1241 (size before relaxing)
 .debug_str     0x00002e8f      0x146 C:\Users\waierdg\Desktop\lil_fish_tanks\LilFishTanks\LilFishTanks\ArduinoCore\Debug\libArduinoCore.a(WInterrupts.o)
                                0x236 (size before relaxing)
 .debug_str     0x00002fd5       0x67 C:\Users\waierdg\Desktop\lil_fish_tanks\LilFishTanks\LilFishTanks\ArduinoCore\Debug\libArduinoCore.a(wiring.o)
                                0x249 (size before relaxing)
 .debug_str     0x0000303c       0x5b C:\Users\waierdg\Desktop\lil_fish_tanks\LilFishTanks\LilFishTanks\ArduinoCore\Debug\libArduinoCore.a(wiring_analog.o)
                                0x24d (size before relaxing)
 .debug_str     0x00003097       0x63 C:\Users\waierdg\Desktop\lil_fish_tanks\LilFishTanks\LilFishTanks\ArduinoCore\Debug\libArduinoCore.a(wiring_digital.o)
                                0x2ae (size before relaxing)
 .debug_str     0x000030fa      0x730 C:\Users\waierdg\Desktop\lil_fish_tanks\LilFishTanks\LilFishTanks\ArduinoCore\Debug\libArduinoCore.a(queue.o)
                                0x9b5 (size before relaxing)
 .debug_str     0x0000382a      0x9a2 C:\Users\waierdg\Desktop\lil_fish_tanks\LilFishTanks\LilFishTanks\ArduinoCore\Debug\libArduinoCore.a(tasks.o)
                                0xed8 (size before relaxing)
 .debug_str     0x000041cc      0x419 C:\Users\waierdg\Desktop\lil_fish_tanks\LilFishTanks\LilFishTanks\ArduinoCore\Debug\libArduinoCore.a(timers.o)
                                0x861 (size before relaxing)
 .debug_str     0x000045e5       0x89 C:\Users\waierdg\Desktop\lil_fish_tanks\LilFishTanks\LilFishTanks\ArduinoCore\Debug\libArduinoCore.a(variantHooks.o)
                                0x390 (size before relaxing)
 .debug_str     0x0000466e      0x11f C:\Users\waierdg\Desktop\lil_fish_tanks\LilFishTanks\LilFishTanks\ArduinoCore\Debug\libArduinoCore.a(MD_TCS230.o)
                                0x77f (size before relaxing)
 .debug_str     0x0000478d       0xb5 C:\Users\waierdg\Desktop\lil_fish_tanks\LilFishTanks\LilFishTanks\ArduinoCore\Debug\libArduinoCore.a(hooks.o)
                                0x183 (size before relaxing)
 .debug_str     0x00004842       0x3b C:\Users\waierdg\Desktop\lil_fish_tanks\LilFishTanks\LilFishTanks\ArduinoCore\Debug\libArduinoCore.a(heap_3.o)
                                0x241 (size before relaxing)
 .debug_str     0x0000487d       0x69 C:\Users\waierdg\Desktop\lil_fish_tanks\LilFishTanks\LilFishTanks\ArduinoCore\Debug\libArduinoCore.a(list.o)
                                0x30c (size before relaxing)
 .debug_str     0x000048e6       0x91 C:\Users\waierdg\Desktop\lil_fish_tanks\LilFishTanks\LilFishTanks\ArduinoCore\Debug\libArduinoCore.a(port.o)
                                0x2f8 (size before relaxing)
 .debug_str     0x00004977      0x1b0 C:\Users\waierdg\Desktop\lil_fish_tanks\LilFishTanks\LilFishTanks\ArduinoCore\Debug\libArduinoCore.a(FreqCount.o)
                                0x4bd (size before relaxing)

.debug_loc      0x00000000     0xb7b7
 *(.debug_loc)
 .debug_loc     0x00000000      0xc3f DFRobot_PH.o
 .debug_loc     0x00000c3f      0x826 main.o
 .debug_loc     0x00001465     0x1112 OneWire.o
 .debug_loc     0x00002577      0x212 phSensor.o
 .debug_loc     0x00002789      0x4dc C:\Users\waierdg\Desktop\lil_fish_tanks\LilFishTanks\LilFishTanks\ArduinoCore\Debug\libArduinoCore.a(HardwareSerial.o)
 .debug_loc     0x00002c65      0x1b0 C:\Users\waierdg\Desktop\lil_fish_tanks\LilFishTanks\LilFishTanks\ArduinoCore\Debug\libArduinoCore.a(HardwareSerial0.o)
 .debug_loc     0x00002e15     0x1c87 C:\Users\waierdg\Desktop\lil_fish_tanks\LilFishTanks\LilFishTanks\ArduinoCore\Debug\libArduinoCore.a(Print.o)
 .debug_loc     0x00004a9c      0x235 C:\Users\waierdg\Desktop\lil_fish_tanks\LilFishTanks\LilFishTanks\ArduinoCore\Debug\libArduinoCore.a(WInterrupts.o)
 .debug_loc     0x00004cd1      0x28d C:\Users\waierdg\Desktop\lil_fish_tanks\LilFishTanks\LilFishTanks\ArduinoCore\Debug\libArduinoCore.a(wiring.o)
 .debug_loc     0x00004f5e       0xfe C:\Users\waierdg\Desktop\lil_fish_tanks\LilFishTanks\LilFishTanks\ArduinoCore\Debug\libArduinoCore.a(wiring_analog.o)
 .debug_loc     0x0000505c      0x5fc C:\Users\waierdg\Desktop\lil_fish_tanks\LilFishTanks\LilFishTanks\ArduinoCore\Debug\libArduinoCore.a(wiring_digital.o)
 .debug_loc     0x00005658     0x1b17 C:\Users\waierdg\Desktop\lil_fish_tanks\LilFishTanks\LilFishTanks\ArduinoCore\Debug\libArduinoCore.a(queue.o)
 .debug_loc     0x0000716f     0x24ae C:\Users\waierdg\Desktop\lil_fish_tanks\LilFishTanks\LilFishTanks\ArduinoCore\Debug\libArduinoCore.a(tasks.o)
 .debug_loc     0x0000961d      0xadc C:\Users\waierdg\Desktop\lil_fish_tanks\LilFishTanks\LilFishTanks\ArduinoCore\Debug\libArduinoCore.a(timers.o)
 .debug_loc     0x0000a0f9       0xb6 C:\Users\waierdg\Desktop\lil_fish_tanks\LilFishTanks\LilFishTanks\ArduinoCore\Debug\libArduinoCore.a(variantHooks.o)
 .debug_loc     0x0000a1af      0xde2 C:\Users\waierdg\Desktop\lil_fish_tanks\LilFishTanks\LilFishTanks\ArduinoCore\Debug\libArduinoCore.a(MD_TCS230.o)
 .debug_loc     0x0000af91      0x112 C:\Users\waierdg\Desktop\lil_fish_tanks\LilFishTanks\LilFishTanks\ArduinoCore\Debug\libArduinoCore.a(heap_3.o)
 .debug_loc     0x0000b0a3      0x1d7 C:\Users\waierdg\Desktop\lil_fish_tanks\LilFishTanks\LilFishTanks\ArduinoCore\Debug\libArduinoCore.a(list.o)
 .debug_loc     0x0000b27a      0x288 C:\Users\waierdg\Desktop\lil_fish_tanks\LilFishTanks\LilFishTanks\ArduinoCore\Debug\libArduinoCore.a(port.o)
 .debug_loc     0x0000b502      0x2b5 C:\Users\waierdg\Desktop\lil_fish_tanks\LilFishTanks\LilFishTanks\ArduinoCore\Debug\libArduinoCore.a(FreqCount.o)

.debug_macinfo
 *(.debug_macinfo)

.debug_weaknames
 *(.debug_weaknames)

.debug_funcnames
 *(.debug_funcnames)

.debug_typenames
 *(.debug_typenames)

.debug_varnames
 *(.debug_varnames)

.debug_pubtypes
 *(.debug_pubtypes)

.debug_ranges   0x00000000      0x930
 *(.debug_ranges)
 .debug_ranges  0x00000000       0x78 DFRobot_PH.o
 .debug_ranges  0x00000078       0xb8 main.o
 .debug_ranges  0x00000130       0x90 OneWire.o
 .debug_ranges  0x000001c0       0x30 phSensor.o
 .debug_ranges  0x000001f0       0x58 C:\Users\waierdg\Desktop\lil_fish_tanks\LilFishTanks\LilFishTanks\ArduinoCore\Debug\libArduinoCore.a(HardwareSerial.o)
 .debug_ranges  0x00000248       0x38 C:\Users\waierdg\Desktop\lil_fish_tanks\LilFishTanks\LilFishTanks\ArduinoCore\Debug\libArduinoCore.a(HardwareSerial0.o)
 .debug_ranges  0x00000280       0x20 C:\Users\waierdg\Desktop\lil_fish_tanks\LilFishTanks\LilFishTanks\ArduinoCore\Debug\libArduinoCore.a(main.o)
 .debug_ranges  0x000002a0      0x120 C:\Users\waierdg\Desktop\lil_fish_tanks\LilFishTanks\LilFishTanks\ArduinoCore\Debug\libArduinoCore.a(Print.o)
 .debug_ranges  0x000003c0       0x30 C:\Users\waierdg\Desktop\lil_fish_tanks\LilFishTanks\LilFishTanks\ArduinoCore\Debug\libArduinoCore.a(WInterrupts.o)
 .debug_ranges  0x000003f0       0x38 C:\Users\waierdg\Desktop\lil_fish_tanks\LilFishTanks\LilFishTanks\ArduinoCore\Debug\libArduinoCore.a(wiring.o)
 .debug_ranges  0x00000428       0x20 C:\Users\waierdg\Desktop\lil_fish_tanks\LilFishTanks\LilFishTanks\ArduinoCore\Debug\libArduinoCore.a(wiring_analog.o)