Archive member included to satisfy reference by file (symbol)

c:/program files (x86)/atmel/studio/7.0/toolchain/avr8/avr8-gnu-toolchain/bin/../lib/gcc/avr/5.4.0/../../../../avr/lib/avr5\libm.a(addsf3.o)
                              DFRobot_PH.o (__subsf3)
c:/program files (x86)/atmel/studio/7.0/toolchain/avr8/avr8-gnu-toolchain/bin/../lib/gcc/avr/5.4.0/../../../../avr/lib/avr5\libm.a(addsf3x.o)
                              c:/program files (x86)/atmel/studio/7.0/toolchain/avr8/avr8-gnu-toolchain/bin/../lib/gcc/avr/5.4.0/../../../../avr/lib/avr5\libm.a(addsf3.o) (__addsf3x)
c:/program files (x86)/atmel/studio/7.0/toolchain/avr8/avr8-gnu-toolchain/bin/../lib/gcc/avr/5.4.0/../../../../avr/lib/avr5\libm.a(cmpsf2.o)
                              color_sensor.o (__eqsf2)
c:/program files (x86)/atmel/studio/7.0/toolchain/avr8/avr8-gnu-toolchain/bin/../lib/gcc/avr/5.4.0/../../../../avr/lib/avr5\libm.a(divsf3.o)
                              DFRobot_PH.o (__divsf3)
c:/program files (x86)/atmel/studio/7.0/toolchain/avr8/avr8-gnu-toolchain/bin/../lib/gcc/avr/5.4.0/../../../../avr/lib/avr5\libm.a(divsf3x.o)
                              c:/program files (x86)/atmel/studio/7.0/toolchain/avr8/avr8-gnu-toolchain/bin/../lib/gcc/avr/5.4.0/../../../../avr/lib/avr5\libm.a(divsf3.o) (__divsf3x)
c:/program files (x86)/atmel/studio/7.0/toolchain/avr8/avr8-gnu-toolchain/bin/../lib/gcc/avr/5.4.0/../../../../avr/lib/avr5\libm.a(fixsfsi.o)
                              color_sensor.o (__fixsfsi)
c:/program files (x86)/atmel/studio/7.0/toolchain/avr8/avr8-gnu-toolchain/bin/../lib/gcc/avr/5.4.0/../../../../avr/lib/avr5\libm.a(fixunssfsi.o)
                              c:/program files (x86)/atmel/studio/7.0/toolchain/avr8/avr8-gnu-toolchain/bin/../lib/gcc/avr/5.4.0/../../../../avr/lib/avr5\libm.a(fixsfsi.o) (__fixunssfsi)
c:/program files (x86)/atmel/studio/7.0/toolchain/avr8/avr8-gnu-toolchain/bin/../lib/gcc/avr/5.4.0/../../../../avr/lib/avr5\libm.a(floatsisf.o)
                              tempSensor.o (__floatsisf)
c:/program files (x86)/atmel/studio/7.0/toolchain/avr8/avr8-gnu-toolchain/bin/../lib/gcc/avr/5.4.0/../../../../avr/lib/avr5\libm.a(fp_cmp.o)
                              c:/program files (x86)/atmel/studio/7.0/toolchain/avr8/avr8-gnu-toolchain/bin/../lib/gcc/avr/5.4.0/../../../../avr/lib/avr5\libm.a(cmpsf2.o) (__fp_cmp)
c:/program files (x86)/atmel/studio/7.0/toolchain/avr8/avr8-gnu-toolchain/bin/../lib/gcc/avr/5.4.0/../../../../avr/lib/avr5\libm.a(fp_inf.o)
                              c:/program files (x86)/atmel/studio/7.0/toolchain/avr8/avr8-gnu-toolchain/bin/../lib/gcc/avr/5.4.0/../../../../avr/lib/avr5\libm.a(addsf3x.o) (__fp_inf)
c:/program files (x86)/atmel/studio/7.0/toolchain/avr8/avr8-gnu-toolchain/bin/../lib/gcc/avr/5.4.0/../../../../avr/lib/avr5\libm.a(fp_nan.o)
                              c:/program files (x86)/atmel/studio/7.0/toolchain/avr8/avr8-gnu-toolchain/bin/../lib/gcc/avr/5.4.0/../../../../avr/lib/avr5\libm.a(addsf3x.o) (__fp_nan)
c:/program files (x86)/atmel/studio/7.0/toolchain/avr8/avr8-gnu-toolchain/bin/../lib/gcc/avr/5.4.0/../../../../avr/lib/avr5\libm.a(fp_pscA.o)
                              c:/program files (x86)/atmel/studio/7.0/toolchain/avr8/avr8-gnu-toolchain/bin/../lib/gcc/avr/5.4.0/../../../../avr/lib/avr5\libm.a(addsf3x.o) (__fp_pscA)
c:/program files (x86)/atmel/studio/7.0/toolchain/avr8/avr8-gnu-toolchain/bin/../lib/gcc/avr/5.4.0/../../../../avr/lib/avr5\libm.a(fp_pscB.o)
                              c:/program files (x86)/atmel/studio/7.0/toolchain/avr8/avr8-gnu-toolchain/bin/../lib/gcc/avr/5.4.0/../../../../avr/lib/avr5\libm.a(addsf3x.o) (__fp_pscB)
c:/program files (x86)/atmel/studio/7.0/toolchain/avr8/avr8-gnu-toolchain/bin/../lib/gcc/avr/5.4.0/../../../../avr/lib/avr5\libm.a(fp_round.o)
                              c:/program files (x86)/atmel/studio/7.0/toolchain/avr8/avr8-gnu-toolchain/bin/../lib/gcc/avr/5.4.0/../../../../avr/lib/avr5\libm.a(addsf3.o) (__fp_round)
c:/program files (x86)/atmel/studio/7.0/toolchain/avr8/avr8-gnu-toolchain/bin/../lib/gcc/avr/5.4.0/../../../../avr/lib/avr5\libm.a(fp_split3.o)
                              c:/program files (x86)/atmel/studio/7.0/toolchain/avr8/avr8-gnu-toolchain/bin/../lib/gcc/avr/5.4.0/../../../../avr/lib/avr5\libm.a(addsf3x.o) (__fp_split3)
c:/program files (x86)/atmel/studio/7.0/toolchain/avr8/avr8-gnu-toolchain/bin/../lib/gcc/avr/5.4.0/../../../../avr/lib/avr5\libm.a(fp_zero.o)
                              c:/program files (x86)/atmel/studio/7.0/toolchain/avr8/avr8-gnu-toolchain/bin/../lib/gcc/avr/5.4.0/../../../../avr/lib/avr5\libm.a(addsf3x.o) (__fp_zero)
c:/program files (x86)/atmel/studio/7.0/toolchain/avr8/avr8-gnu-toolchain/bin/../lib/gcc/avr/5.4.0/../../../../avr/lib/avr5\libm.a(gesf2.o)
                              DFRobot_PH.o (__gtsf2)
[...]
Memory Configuration

Name             Origin             Length             Attributes
text             0x00000000         0x00020000         xr
data             0x00800060         0x0000ffa0         rw !x
eeprom           0x00810000         0x00010000         rw !x
fuse             0x00820000         0x00000003         rw !x
lock             0x00830000         0x00000400         rw !x
signature        0x00840000         0x00000400         rw !x
user_signatures  0x00850000         0x00000400         rw !x
*default*        0x00000000         0xffffffff

Linker script and memory map

Address of section .data set to 0x800100
LOAD C:/Program Files (x86)/Atmel/Studio/7.0/Packs/atmel/ATmega_DFP/1.2.209/gcc/dev/atmega328p/avr5/crtatmega328p.o
LOAD color_sensor.o
LOAD tempSensor.o
LOAD DFRobot_PH.o
LOAD main.o
LOAD OneWire.o
LOAD phSensor.o
LOAD src/libraries/FreeRTOS/src/croutine.o
LOAD src/libraries/FreeRTOS/src/event_groups.o
LOAD src/libraries/FreeRTOS/src/heap_3.o
LOAD src/libraries/FreeRTOS/src/list.o
LOAD src/libraries/FreeRTOS/src/port.o
LOAD src/libraries/FreeRTOS/src/queue.o
LOAD src/libraries/FreeRTOS/src/stream_buffer.o
LOAD src/libraries/FreeRTOS/src/tasks.o
LOAD src/libraries/FreeRTOS/src/timers.o
LOAD src/libraries/FreeRTOS/src/variantHooks.o
LOAD src/libraries/MD_TCS230/src/MD_TCS230.o
LOAD src/libraries/SoftwareSerial/src/SoftwareSerial.o
START GROUP
LOAD c:/program files (x86)/atmel/studio/7.0/toolchain/avr8/avr8-gnu-toolchain/bin/../lib/gcc/avr/5.4.0/../../../../avr/lib/avr5\libm.a
LOAD D:\Users\Celine\ONEDRI~1.EDU\DOCUME~1\Schule\UNIVER~1\EECS47~1\Project\LIL_FI~1\LILFIS~1\LILFIS~1\ARDUIN~1\Debug\libArduinoCore.a
END GROUP
LOAD c:/program files (x86)/atmel/studio/7.0/toolchain/avr8/avr8-gnu-toolchain/bin/../lib/gcc/avr/5.4.0/avr5\libgcc.a
LOAD c:/program files (x86)/atmel/studio/7.0/toolchain/avr8/avr8-gnu-toolchain/bin/../lib/gcc/avr/5.4.0/../../../../avr/lib/avr5\libm.a
START GROUP
LOAD c:/program files (x86)/atmel/studio/7.0/toolchain/avr8/avr8-gnu-toolchain/bin/../lib/gcc/avr/5.4.0/avr5\libgcc.a
LOAD c:/program files (x86)/atmel/studio/7.0/toolchain/avr8/avr8-gnu-toolchain/bin/../lib/gcc/avr/5.4.0/../../../../avr/lib/avr5\libm.a
LOAD c:/program files (x86)/atmel/studio/7.0/toolchain/avr8/avr8-gnu-toolchain/bin/../lib/gcc/avr/5.4.0/../../../../avr/lib/avr5\libc.a
LOAD C:/Program Files (x86)/Atmel/Studio/7.0/Packs/atmel/ATmega_DFP/1.2.209/gcc/dev/atmega328p/avr5\libatmega328p.a
END GROUP
                0x00000000                __TEXT_REGION_ORIGIN__ = DEFINED (__TEXT_REGION_ORIGIN__)?__TEXT_REGION_ORIGIN__:0x0
                0x00800060                __DATA_REGION_ORIGIN__ = DEFINED (__DATA_REGION_ORIGIN__)?__DATA_REGION_ORIGIN__:0x800060
                0x00020000                __TEXT_REGION_LENGTH__ = DEFINED (__TEXT_REGION_LENGTH__)?__TEXT_REGION_LENGTH__:0x20000
                0x0000ffa0                __DATA_REGION_LENGTH__ = DEFINED (__DATA_REGION_LENGTH__)?__DATA_REGION_LENGTH__:0xffa0
                0x00010000                __EEPROM_REGION_LENGTH__ = DEFINED (__EEPROM_REGION_LENGTH__)?__EEPROM_REGION_LENGTH__:0x10000
                [0x00000003]                __FUSE_REGION_LENGTH__ = DEFINED (__FUSE_REGION_LENGTH__)?__FUSE_REGION_LENGTH__:0x400
                0x00000400                __LOCK_REGION_LENGTH__ = DEFINED (__LOCK_REGION_LENGTH__)?__LOCK_REGION_LENGTH__:0x400
                0x00000400                __SIGNATURE_REGION_LENGTH__ = DEFINED (__SIGNATURE_REGION_LENGTH__)?__SIGNATURE_REGION_LENGTH__:0x400
                0x00000400                __USER_SIGNATURE_REGION_LENGTH__ = DEFINED (__USER_SIGNATURE_REGION_LENGTH__)?__USER_SIGNATURE_REGION_LENGTH__:0x400

.hash
 *(.hash)

.dynsym
 *(.dynsym)

.dynstr
 *(.dynstr)

.gnu.version
 *(.gnu.version)

.gnu.version_d
 *(.gnu.version_d)

.gnu.version_r
 *(.gnu.version_r)

.rel.init
 *(.rel.init)

.rela.init
 *(.rela.init)

.rel.text
 *(.rel.text)
 *(.rel.text.*)
 *(.rel.gnu.linkonce.t*)

.rela.text
 *(.rela.text)
 *(.rela.text.*)
 *(.rela.gnu.linkonce.t*)

.rel.fini
 *(.rel.fini)

.rela.fini
 *(.rela.fini)

.rel.rodata
 *(.rel.rodata)
 *(.rel.rodata.*)
 *(.rel.gnu.linkonce.r*)

.rela.rodata
 *(.rela.rodata)
 *(.rela.rodata.*)
 *(.rela.gnu.linkonce.r*)

.rel.data
 *(.rel.data)
 *(.rel.data.*)
 *(.rel.gnu.linkonce.d*)

.rela.data
 *(.rela.data)
 *(.rela.data.*)
 *(.rela.gnu.linkonce.d*)

.rel.ctors
 *(.rel.ctors)

.rela.ctors
 *(.rela.ctors)

.rel.dtors
 *(.rel.dtors)

.rela.dtors
 *(.rela.dtors)

.rel.got
 *(.rel.got)

.rela.got
 *(.rela.got)

.rel.bss
 *(.rel.bss)

.rela.bss
 *(.rela.bss)

.rel.plt
 *(.rel.plt)

.rela.plt
 *(.rela.plt)

.text           0x00000000     0x4ae0
 *(.vectors)
 .vectors       0x00000000       0x68 C:/Program Files (x86)/Atmel/Studio/7.0/Packs/atmel/ATmega_DFP/1.2.209/gcc/dev/atmega328p/avr5/crtatmega328p.o
                0x00000000                __vector_default
                0x00000000                __vectors
 *(.vectors)
 *(.progmem.gcc*)
 .progmem.gcc_sw_table.prvTimerTask
                0x00000068       0x14 src/libraries/FreeRTOS/src/timers.o
                0x0000007c                . = ALIGN (0x2)
                0x0000007c                __trampolines_start = .
 *(.trampolines)
 .trampolines   0x0000007c        0x0 linker stubs
 *(.trampolines*)
                0x0000007c                __trampolines_end = .
 *libprintf_flt.a:*(.progmem.data)
 *libc.a:*(.progmem.data)
 *(.progmem*)
 .progmem.data._ZZ9SameColorvE3__c
                0x0000007c       0x16 color_sensor.o
 .progmem.data._ZL15dscrc2x16_table
                0x00000092       0x20 OneWire.o
 .progmem.data.digital_pin_to_timer_PGM
                0x000000b2       0x14 D:\Users\Celine\ONEDRI~1.EDU\DOCUME~1\Schule\UNIVER~1\EECS47~1\Project\LIL_FI~1\LILFIS~1\LILFIS~1\ARDUIN~1\Debug\libArduinoCore.a(wiring_digital.o)
                0x000000b2                digital_pin_to_timer_PGM
 .progmem.data.digital_pin_to_bit_mask_PGM
                0x000000c6       0x14 D:\Users\Celine\ONEDRI~1.EDU\DOCUME~1\Schule\UNIVER~1\EECS47~1\Project\LIL_FI~1\LILFIS~1\LILFIS~1\ARDUIN~1\Debug\libArduinoCore.a(wiring_digital.o)
                0x000000c6                digital_pin_to_bit_mask_PGM
 .progmem.data.digital_pin_to_port_PGM
                0x000000da       0x14 D:\Users\Celine\ONEDRI~1.EDU\DOCUME~1\Schule\UNIVER~1\EECS47~1\Project\LIL_FI~1\LILFIS~1\LILFIS~1\ARDUIN~1\Debug\libArduinoCore.a(wiring_digital.o)
                0x000000da                digital_pin_to_port_PGM
 .progmem.data.port_to_input_PGM
                0x000000ee        0xa D:\Users\Celine\ONEDRI~1.EDU\DOCUME~1\Schule\UNIVER~1\EECS47~1\Project\LIL_FI~1\LILFIS~1\LILFIS~1\ARDUIN~1\Debug\libArduinoCore.a(wiring_digital.o)
                0x000000ee                port_to_input_PGM
 .progmem.data.port_to_output_PGM
                0x000000f8        0xa D:\Users\Celine\ONEDRI~1.EDU\DOCUME~1\Schule\UNIVER~1\EECS47~1\Project\LIL_FI~1\LILFIS~1\LILFIS~1\ARDUIN~1\Debug\libArduinoCore.a(wiring_digital.o)
                0x000000f8                port_to_output_PGM
 .progmem.data.port_to_mode_PGM
                0x00000102        0xa D:\Users\Celine\ONEDRI~1.EDU\DOCUME~1\Schule\UNIVER~1\EECS47~1\Project\LIL_FI~1\LILFIS~1\LILFIS~1\ARDUIN~1\Debug\libArduinoCore.a(wiring_digital.o)
                0x00000102                port_to_mode_PGM
                0x0000010c                . = ALIGN (0x2)
 *(.jumptables)
 *(.jumptables*)
 *(.lowtext)
 *(.lowtext*)
                0x0000010c                __ctors_start = .
 *(.ctors)
 .ctors         0x0000010c        0x2 color_sensor.o
 .ctors         0x0000010e        0x2 tempSensor.o
 .ctors         0x00000110        0x2 main.o
 .ctors         0x00000112        0x2 D:\Users\Celine\ONEDRI~1.EDU\DOCUME~1\Schule\UNIVER~1\EECS47~1\Project\LIL_FI~1\LILFIS~1\LILFIS~1\ARDUIN~1\Debug\libArduinoCore.a(HardwareSerial0.o)
                0x00000114                __ctors_end = .
                0x00000114                __dtors_start = .
 *(.dtors)
 .dtors         0x00000114        0x2 color_sensor.o
 .dtors         0x00000116        0x2 main.o
                0x00000118                __dtors_end = .
 SORT(*)(.ctors)
 SORT(*)(.dtors)
 *(.init0)
 .init0         0x00000118        0x0 C:/Program Files (x86)/Atmel/Studio/7.0/Packs/atmel/ATmega_DFP/1.2.209/gcc/dev/atmega328p/avr5/crtatmega328p.o
                0x00000118                __init
 *(.init0)
 *(.init1)
 *(.init1)
 *(.init2)
 .init2         0x00000118        0xc C:/Program Files (x86)/Atmel/Studio/7.0/Packs/atmel/ATmega_DFP/1.2.209/gcc/dev/atmega328p/avr5/crtatmega328p.o
 *(.init2)
 *(.init3)
 *(.init3)
 *(.init4)
 .init4         0x00000124       0x16 c:/program files (x86)/atmel/studio/7.0/toolchain/avr8/avr8-gnu-toolchain/bin/../lib/gcc/avr/5.4.0/avr5\libgcc.a(_copy_data.o)
                0x00000124                __do_copy_data
 .init4         0x0000013a       0x10 c:/program files (x86)/atmel/studio/7.0/toolchain/avr8/avr8-gnu-toolchain/bin/../lib/gcc/avr/5.4.0/avr5\libgcc.a(_clear_bss.o)
                0x0000013a                __do_clear_bss
 *(.init4)
 *(.init5)
 *(.init5)
 *(.init6)
 .init6         0x0000014a       0x16 c:/program files (x86)/atmel/studio/7.0/toolchain/avr8/avr8-gnu-toolchain/bin/../lib/gcc/avr/5.4.0/avr5\libgcc.a(_ctors.o)
                0x0000014a                __do_global_ctors
 *(.init6)
 *(.init7)
 *(.init7)
 *(.init8)
 *(.init8)
 *(.init9)
 .init9         0x00000160        0x8 C:/Program Files (x86)/Atmel/Studio/7.0/Packs/atmel/ATmega_DFP/1.2.209/gcc/dev/atmega328p/avr5/crtatmega328p.o
 *(.init9)
 *(.text)
 .text          0x00000168        0x4 C:/Program Files (x86)/Atmel/Studio/7.0/Packs/atmel/ATmega_DFP/1.2.209/gcc/dev/atmega328p/avr5/crtatmega328p.o
                0x00000168                __vector_22
                0x00000168                __vector_24
                0x00000168                __vector_12
                0x00000168                __bad_interrupt
                0x00000168                __vector_23
                0x00000168                __vector_25
                0x00000168                __vector_11
                0x00000168                __vector_13
                0x00000168                __vector_17
                0x00000168                __vector_9
                0x00000168                __vector_21
                0x00000168                __vector_15
                0x00000168                __vector_8
                0x00000168                __vector_14
                0x00000168                __vector_10
                0x00000168                __vector_20
                0x0000016c                . = ALIGN (0x2)
 *(.text.*)
 .text._Z7setupCSv
                0x0000016c      0x3ca color_sensor.o
                0x0000016c                _Z7setupCSv
 .text._Z9SameColorv
                0x00000536      0x12e color_sensor.o
                0x00000536                _Z9SameColorv
 .text._Z9FindMatchv
                0x00000664       0xfc color_sensor.o
                0x00000664                _Z9FindMatchv
 .text._Z9ScanColor8ReadType
                0x00000760       0x82 color_sensor.o
                0x00000760                _Z9ScanColor8ReadType
 .text._Z13findTestStrip8ReadType
                0x000007e2       0x90 color_sensor.o
                0x000007e2                _Z13findTestStrip8ReadType
 .text.startup._GLOBAL__sub_I_Ammonia
                0x00000872        0xe color_sensor.o
 .text.exit._GLOBAL__sub_D_Ammonia
                0x00000880        0x8 color_sensor.o
 .text._Z11measureTempv
                0x00000888      0x11a tempSensor.o
                0x00000888                _Z11measureTempv
 .text.startup._GLOBAL__sub_I_ds
                0x000009a2        0xa tempSensor.o
 .text._Z20TaskPHandTemperaturePv
                0x000009ac       0x8a main.o
                0x000009ac                _Z20TaskPHandTemperaturePv
 .text._ZN5Print5writeEPKc
                0x00000a36       0x2a main.o
                0x00000a36                _ZN5Print5writeEPKc
 .text._Z6setLED8LEDColor
                0x00000a60       0x48 main.o
                0x00000a60                _Z6setLED8LEDColor
 .text._Z15TaskColorSensorPv
                0x00000aa8      0x16c main.o
                0x00000aa8                _Z15TaskColorSensorPv
 .text._Z8setupLEDv
                0x00000c14       0x34 main.o
                0x00000c14                _Z8setupLEDv
 .text.setup    0x00000c48       0xec main.o
                0x00000c48                setup
 .text.loop     0x00000d34        0x2 main.o
                0x00000d34                loop
 .text.startup._GLOBAL__sub_I_Red
                0x00000d36        0xe main.o
 .text.exit._GLOBAL__sub_D_Red
                0x00000d44        0x8 main.o
 .text._Z8fromWifiv
                0x00000d4c      0x1b6 main.o
                0x00000d4c                _Z8fromWifiv
 .text._ZN7OneWire5resetEv
                0x00000f02       0x7e OneWire.o
                0x00000f02                _ZN7OneWire5resetEv
 .text._ZN7OneWire9write_bitEh
                0x00000f80       0x66 OneWire.o
                0x00000f80                _ZN7OneWire9write_bitEh
 .text._ZN7OneWire8read_bitEv
                0x00000fe6       0x56 OneWire.o
                0x00000fe6                _ZN7OneWire8read_bitEv
 .text._ZN7OneWire5writeEhh
                0x0000103c       0x68 OneWire.o
                0x0000103c                _ZN7OneWire5writeEhh
 .text._ZN7OneWire4readEv
                0x000010a4       0x38 OneWire.o
                0x000010a4                _ZN7OneWire4readEv
 .text._ZN7OneWire6selectEPKh
                0x000010dc       0x3e OneWire.o
                0x000010dc                _ZN7OneWire6selectEPKh
 .text._ZN7OneWire12reset_searchEv
                0x0000111a       0x18 OneWire.o
                0x0000111a                _ZN7OneWire12reset_searchEv
 .text._ZN7OneWire5beginEh
                0x00001132       0x46 OneWire.o
                0x00001132                _ZN7OneWire5beginEh
 .text._ZN7OneWire6searchEPhb
                0x00001178      0x10e OneWire.o
                0x00001178                _ZN7OneWire6searchEPhb
 .text._ZN7OneWire4crc8EPKhh
                0x00001286       0x30 OneWire.o
                0x00001286                _ZN7OneWire4crc8EPKhh
 .text._Z6calcPHv
                0x000012b6       0xae phSensor.o
                0x000012b6                _Z6calcPHv
 .text.hot.pvPortMalloc
                0x00001364       0x26 src/libraries/FreeRTOS/src/heap_3.o
                0x00001364                pvPortMalloc
 .text.hot.vPortFree
                0x0000138a       0x22 src/libraries/FreeRTOS/src/heap_3.o
                0x0000138a                vPortFree
 .text.hot.vListInitialise
                0x000013ac       0x1c src/libraries/FreeRTOS/src/list.o
                0x000013ac                vListInitialise
 .text.hot.vListInitialiseItem
                0x000013c8        0x8 src/libraries/FreeRTOS/src/list.o
                0x000013c8                vListInitialiseItem
 .text.hot.vListInsertEnd
                0x000013d0       0x42 src/libraries/FreeRTOS/src/list.o
                0x000013d0                vListInsertEnd
 .text.hot.vListInsert
                0x00001412       0x70 src/libraries/FreeRTOS/src/list.o
                0x00001412                vListInsert
 .text.hot.uxListRemove
                0x00001482       0x48 src/libraries/FreeRTOS/src/list.o
                0x00001482                uxListRemove
 .text.hot.pxPortInitialiseStack
                0x000014ca       0xd8 src/libraries/FreeRTOS/src/port.o
                0x000014ca                pxPortInitialiseStack
 .text.hot.xPortStartScheduler
                0x000015a2       0x70 src/libraries/FreeRTOS/src/port.o
                0x000015a2                xPortStartScheduler
 .text.hot.vPortYield
                0x00001612       0xb2 src/libraries/FreeRTOS/src/port.o
                0x00001612                vPortYield
 .text.hot.vPortYieldFromTick
                0x000016c4       0xba src/libraries/FreeRTOS/src/port.o
                0x000016c4                vPortYieldFromTick
 .text.hot.__vector_6
                0x0000177e        0x6 src/libraries/FreeRTOS/src/port.o
                0x0000177e                __vector_6
 .text.hot.prvIsQueueEmpty
                0x00001784       0x16 src/libraries/FreeRTOS/src/queue.o
 .text.hot.prvCopyDataToQueue
                0x0000179a       0xa6 src/libraries/FreeRTOS/src/queue.o
 .text.hot.prvCopyDataFromQueue
                0x00001840       0x34 src/libraries/FreeRTOS/src/queue.o
 .text.hot.prvUnlockQueue
                0x00001874       0x7c src/libraries/FreeRTOS/src/queue.o
 .text.hot.xQueueGenericReset
                0x000018f0       0x7e src/libraries/FreeRTOS/src/queue.o
                0x000018f0                xQueueGenericReset
 .text.hot.xQueueGenericCreate
                0x0000196e       0x50 src/libraries/FreeRTOS/src/queue.o
                0x0000196e                xQueueGenericCreate
 .text.hot.xQueueGenericSend
                0x000019be      0x12c src/libraries/FreeRTOS/src/queue.o
                0x000019be                xQueueGenericSend
 .text.hot.xQueueGenericSendFromISR
                0x00001aea       0x5e src/libraries/FreeRTOS/src/queue.o
                0x00001aea                xQueueGenericSendFromISR
 .text.hot.xQueueGiveFromISR
                0x00001b48       0x46 src/libraries/FreeRTOS/src/queue.o
                0x00001b48                xQueueGiveFromISR
 .text.hot.xQueueReceive
                0x00001b8e      0x124 src/libraries/FreeRTOS/src/queue.o
                0x00001b8e                xQueueReceive
 .text.hot.xQueueSemaphoreTake
                0x00001cb2      0x184 src/libraries/FreeRTOS/src/queue.o
                0x00001cb2                xQueueSemaphoreTake
 .text.hot.vQueueWaitForMessageRestricted
                0x00001e36       0x38 src/libraries/FreeRTOS/src/queue.o
                0x00001e36                vQueueWaitForMessageRestricted
 .text.prvResetNextTaskUnblockTime
                0x00001e6e       0x36 src/libraries/FreeRTOS/src/tasks.o
 .text.hot.prvAddCurrentTaskToDelayedList
                0x00001ea4       0xb8 src/libraries/FreeRTOS/src/tasks.o
 .text.prvIdleTask
                0x00001f5c       0x5c src/libraries/FreeRTOS/src/tasks.o
 .text.hot.xTaskCreate
                0x00001fb8      0x218 src/libraries/FreeRTOS/src/tasks.o
                0x00001fb8                xTaskCreate
 .text.hot.vTaskStartScheduler
                0x000021d0       0x5c src/libraries/FreeRTOS/src/tasks.o
                0x000021d0                vTaskStartScheduler
 .text.hot.vTaskSuspendAll
                0x0000222c        0xc src/libraries/FreeRTOS/src/tasks.o
                0x0000222c                vTaskSuspendAll
 .text.hot.xTaskGetTickCount
                0x00002238       0x14 src/libraries/FreeRTOS/src/tasks.o
                0x00002238                xTaskGetTickCount
 .text.hot.xTaskIncrementTick
                0x0000224c      0x158 src/libraries/FreeRTOS/src/tasks.o
                0x0000224c                xTaskIncrementTick
 .text.hot.xTaskResumeAll
                0x000023a4       0xde src/libraries/FreeRTOS/src/tasks.o
                0x000023a4                xTaskResumeAll
 .text.hot.vTaskDelayUntil
                0x00002482       0x70 src/libraries/FreeRTOS/src/tasks.o
                0x00002482                vTaskDelayUntil
 .text.hot.vTaskDelay
                0x000024f2       0x2a src/libraries/FreeRTOS/src/tasks.o
                0x000024f2                vTaskDelay
 .text.hot.vTaskSwitchContext
                0x0000251c       0xbc src/libraries/FreeRTOS/src/tasks.o
                0x0000251c                vTaskSwitchContext
 .text.hot.vTaskPlaceOnEventList
                0x000025d8       0x22 src/libraries/FreeRTOS/src/tasks.o
                0x000025d8                vTaskPlaceOnEventList
 .text.hot.vTaskPlaceOnEventListRestricted
                0x000025fa       0x30 src/libraries/FreeRTOS/src/tasks.o
                0x000025fa                vTaskPlaceOnEventListRestricted
 .text.hot.xTaskRemoveFromEventList
                0x0000262a       0x80 src/libraries/FreeRTOS/src/tasks.o
                0x0000262a                xTaskRemoveFromEventList
 .text.hot.vTaskInternalSetTimeOutState
                0x000026aa       0x16 src/libraries/FreeRTOS/src/tasks.o
                0x000026aa                vTaskInternalSetTimeOutState
 .text.hot.xTaskCheckForTimeOut
                0x000026c0       0x66 src/libraries/FreeRTOS/src/tasks.o
                0x000026c0                xTaskCheckForTimeOut
 .text.hot.vTaskMissedYield
                0x00002726        0x8 src/libraries/FreeRTOS/src/tasks.o
                0x00002726                vTaskMissedYield
 .text.hot.xTaskGetSchedulerState
                0x0000272e       0x1c src/libraries/FreeRTOS/src/tasks.o
                0x0000272e                xTaskGetSchedulerState
 .text.hot.xTaskPriorityInherit
                0x0000274a       0xc6 src/libraries/FreeRTOS/src/tasks.o
                0x0000274a                xTaskPriorityInherit
 .text.hot.xTaskPriorityDisinherit
                0x00002810       0x74 src/libraries/FreeRTOS/src/tasks.o
                0x00002810                xTaskPriorityDisinherit
 .text.hot.vTaskPriorityDisinheritAfterTimeout
                0x00002884       0x8e src/libraries/FreeRTOS/src/tasks.o
                0x00002884                vTaskPriorityDisinheritAfterTimeout
 .text.hot.pvTaskIncrementMutexHeldCount
                0x00002912       0x24 src/libraries/FreeRTOS/src/tasks.o
                0x00002912                pvTaskIncrementMutexHeldCount
 .text.hot.prvCheckForValidListAndQueue
                0x00002936       0x52 src/libraries/FreeRTOS/src/timers.o
 .text.hot.prvInsertTimerInActiveList
                0x00002988       0x54 src/libraries/FreeRTOS/src/timers.o
 .text.hot.xTimerCreateTimerTask
                0x000029dc       0x40 src/libraries/FreeRTOS/src/timers.o
                0x000029dc                xTimerCreateTimerTask
 .text.hot.xTimerGenericCommand
                0x00002a1c       0x7e src/libraries/FreeRTOS/src/timers.o
                0x00002a1c                xTimerGenericCommand
 .text.hot.prvSwitchTimerLists
                0x00002a9a       0xa2 src/libraries/FreeRTOS/src/timers.o
 .text.hot.prvTimerTask
                0x00002b3c      0x206 src/libraries/FreeRTOS/src/timers.o
 .text.initVariant
                0x00002d42        0xa src/libraries/FreeRTOS/src/variantHooks.o
                0x00002d42                initVariant
 .text.vApplicationIdleHook
                0x00002d4c       0x12 src/libraries/FreeRTOS/src/variantHooks.o
                0x00002d4c                vApplicationIdleHook
 .text.vApplicationMallocFailedHook
                0x00002d5e       0x1a src/libraries/FreeRTOS/src/variantHooks.o
                0x00002d5e                vApplicationMallocFailedHook
 .text.vApplicationStackOverflowHook
                0x00002d78       0x1a src/libraries/FreeRTOS/src/variantHooks.o
                0x00002d78                vApplicationStackOverflowHook
 .text._ZN9MD_TCS23010initialiseEv
                0x00002d92       0x4e src/libraries/MD_TCS230/src/MD_TCS230.o
                0x00002d92                _ZN9MD_TCS23010initialiseEv
 .text._ZN9MD_TCS230C2Ehhh
                0x00002de0       0x28 src/libraries/MD_TCS230/src/MD_TCS230.o
                0x00002de0                _ZN9MD_TCS230C1Ehhh
                0x00002de0                _ZN9MD_TCS230C2Ehhh
 .text._ZN9MD_TCS230D2Ev
                0x00002e08        0x2 src/libraries/MD_TCS230/src/MD_TCS230.o
                0x00002e08                _ZN9MD_TCS230D2Ev
                0x00002e08                _ZN9MD_TCS230D1Ev
 .text._ZN9MD_TCS2309setFilterEh
                0x00002e0a       0x4c src/libraries/MD_TCS230/src/MD_TCS230.o
                0x00002e0a                _ZN9MD_TCS2309setFilterEh
 .text._ZN9MD_TCS23013setFrequency2Eh
                0x00002e56       0x4c src/libraries/MD_TCS230/src/MD_TCS230.o
                0x00002e56                _ZN9MD_TCS23013setFrequency2Eh
 .text._ZN9MD_TCS2309setEnableEb
                0x00002ea2       0x22 src/libraries/MD_TCS230/src/MD_TCS230.o
                0x00002ea2                _ZN9MD_TCS2309setEnableEb
 .text._ZN9MD_TCS2305beginEv
                0x00002ec4       0x56 src/libraries/MD_TCS230/src/MD_TCS230.o
                0x00002ec4                _ZN9MD_TCS2305beginEv
 .text._ZN9MD_TCS2306getRGBEP9colorData
                0x00002f1a       0x20 src/libraries/MD_TCS230/src/MD_TCS230.o
                0x00002f1a                _ZN9MD_TCS2306getRGBEP9colorData
 .text._ZN9MD_TCS23017RGBTransformationEv
                0x00002f3a       0xb8 src/libraries/MD_TCS230/src/MD_TCS230.o
                0x00002f3a                _ZN9MD_TCS23017RGBTransformationEv
 .text._ZN9MD_TCS2307readFSMEh
                0x00002ff2       0xbc src/libraries/MD_TCS230/src/MD_TCS230.o
                0x00002ff2                _ZN9MD_TCS2307readFSMEh
 .text._ZN9MD_TCS2304readEv
                0x000030ae       0x14 src/libraries/MD_TCS230/src/MD_TCS230.o
                0x000030ae                _ZN9MD_TCS2304readEv
 .text._ZN9MD_TCS2309availableEv
                0x000030c2       0x1c src/libraries/MD_TCS230/src/MD_TCS230.o
                0x000030c2                _ZN9MD_TCS2309availableEv
 .text._ZN5Print17availableForWriteEv
                0x000030de        0x6 src/libraries/SoftwareSerial/src/SoftwareSerial.o
                0x000030de                _ZN5Print17availableForWriteEv
 .text._ZN14SoftwareSerial4readEv
                0x000030e4       0x42 src/libraries/SoftwareSerial/src/SoftwareSerial.o
                0x000030e4                _ZN14SoftwareSerial4readEv
 .text._ZN14SoftwareSerial5writeEh
                0x00003126       0xa0 src/libraries/SoftwareSerial/src/SoftwareSerial.o
                0x00003126                _ZN14SoftwareSerial5writeEh
 .text._ZN14SoftwareSerial5flushEv
                0x000031c6        0x2 src/libraries/SoftwareSerial/src/SoftwareSerial.o
                0x000031c6                _ZN14SoftwareSerial5flushEv
 .text._ZN14SoftwareSerial4peekEv
                0x000031c8       0x30 src/libraries/SoftwareSerial/src/SoftwareSerial.o
                0x000031c8                _ZN14SoftwareSerial4peekEv
 .text._ZN14SoftwareSerial9availableEv
                0x000031f8       0x30 src/libraries/SoftwareSerial/src/SoftwareSerial.o
                0x000031f8                _ZN14SoftwareSerial9availableEv
 .text._ZN14SoftwareSerial13stopListeningEv
                0x00003228       0x2c src/libraries/SoftwareSerial/src/SoftwareSerial.o
                0x00003228                _ZN14SoftwareSerial13stopListeningEv
 .text._ZN14SoftwareSerial6listenEv
                0x00003254       0x52 src/libraries/SoftwareSerial/src/SoftwareSerial.o
                0x00003254                _ZN14SoftwareSerial6listenEv
 .text.__vector_3
                0x000032a6       0xf4 src/libraries/SoftwareSerial/src/SoftwareSerial.o
                0x000032a6                __vector_5
                0x000032a6                __vector_4
                0x000032a6                __vector_3
 .text._ZN14SoftwareSerialD2Ev
                0x0000339a        0xe src/libraries/SoftwareSerial/src/SoftwareSerial.o
                0x0000339a                _ZN14SoftwareSerialD1Ev
                0x0000339a                _ZN14SoftwareSerialD2Ev
 .text._ZN14SoftwareSerial5setTXEh
                0x000033a8       0x52 src/libraries/SoftwareSerial/src/SoftwareSerial.o
                0x000033a8                _ZN14SoftwareSerial5setTXEh
 .text._ZN14SoftwareSerial5setRXEh
                0x000033fa       0x52 src/libraries/SoftwareSerial/src/SoftwareSerial.o
                0x000033fa                _ZN14SoftwareSerial5setRXEh
 .text._ZN14SoftwareSerialC2Ehhb
                0x0000344c       0x56 src/libraries/SoftwareSerial/src/SoftwareSerial.o
                0x0000344c                _ZN14SoftwareSerialC1Ehhb
                0x0000344c                _ZN14SoftwareSerialC2Ehhb
 .text._ZN14SoftwareSerial5beginEl
                0x000034a2      0x11c src/libraries/SoftwareSerial/src/SoftwareSerial.o
                0x000034a2                _ZN14SoftwareSerial5beginEl
 .text.avr-libc.fplib
                0x000035be        0xe c:/program files (x86)/atmel/studio/7.0/toolchain/avr8/avr8-gnu-toolchain/bin/../lib/gcc/avr/5.4.0/../../../../avr/lib/avr5\libm.a(addsf3.o)
                0x000035be                __subsf3
                0x000035c0                __addsf3
 .text.avr-libc.fplib
                0x000035cc       0xcc c:/program files (x86)/atmel/studio/7.0/toolchain/avr8/avr8-gnu-toolchain/bin/../lib/gcc/avr/5.4.0/../../../../avr/lib/avr5\libm.a(addsf3x.o)
                0x000035ee                __addsf3x
 .text.avr-libc.fplib
                0x00003698        0xa c:/program files (x86)/atmel/studio/7.0/toolchain/avr8/avr8-gnu-toolchain/bin/../lib/gcc/avr/5.4.0/../../../../avr/lib/avr5\libm.a(cmpsf2.o)
                0x00003698                __nesf2
                0x00003698                __eqsf2
                0x00003698                __cmpsf2
                0x00003698                __ltsf2
                0x00003698                __lesf2
 .text.avr-libc.fplib
                0x000036a2        0x8 c:/program files (x86)/atmel/studio/7.0/toolchain/avr8/avr8-gnu-toolchain/bin/../lib/gcc/avr/5.4.0/../../../../avr/lib/avr5\libm.a(divsf3.o)
                0x000036a2                __divsf3
 .text.avr-libc.fplib
                0x000036aa       0xdc c:/program files (x86)/atmel/studio/7.0/toolchain/avr8/avr8-gnu-toolchain/bin/../lib/gcc/avr/5.4.0/../../../../avr/lib/avr5\libm.a(divsf3x.o)
                0x000036ca                __divsf3x
                0x000036d0                __divsf3_pse
 .text.avr-libc.fplib
                0x00003786        0xe c:/program files (x86)/atmel/studio/7.0/toolchain/avr8/avr8-gnu-toolchain/bin/../lib/gcc/avr/5.4.0/../../../../avr/lib/avr5\libm.a(fixsfsi.o)
                0x00003786                __fixsfsi
 .text.avr-libc.fplib
                0x00003794       0x5e c:/program files (x86)/atmel/studio/7.0/toolchain/avr8/avr8-gnu-toolchain/bin/../lib/gcc/avr/5.4.0/../../../../avr/lib/avr5\libm.a(fixunssfsi.o)
                0x00003794                __fixunssfsi
 .text.avr-libc.fplib
                0x000037f2       0x7a c:/program files (x86)/atmel/studio/7.0/toolchain/avr8/avr8-gnu-toolchain/bin/../lib/gcc/avr/5.4.0/../../../../avr/lib/avr5\libm.a(floatsisf.o)
                0x000037f2                __floatunsisf
                0x000037f6                __floatsisf
 .text.avr-libc.fplib
                0x0000386c       0x48 c:/program files (x86)/atmel/studio/7.0/toolchain/avr8/avr8-gnu-toolchain/bin/../lib/gcc/avr/5.4.0/../../../../avr/lib/avr5\libm.a(fp_cmp.o)
                0x0000386c                __fp_cmp
 .text.avr-libc.fplib
                0x000038b4        0xc c:/program files (x86)/atmel/studio/7.0/toolchain/avr8/avr8-gnu-toolchain/bin/../lib/gcc/avr/5.4.0/../../../../avr/lib/avr5\libm.a(fp_inf.o)
                0x000038b4                __fp_inf
 .text.avr-libc.fplib
                0x000038c0        0x6 c:/program files (x86)/atmel/studio/7.0/toolchain/avr8/avr8-gnu-toolchain/bin/../lib/gcc/avr/5.4.0/../../../../avr/lib/avr5\libm.a(fp_nan.o)
                0x000038c0                __fp_nan
 .text.avr-libc.fplib
                0x000038c6        0xe c:/program files (x86)/atmel/studio/7.0/toolchain/avr8/avr8-gnu-toolchain/bin/../lib/gcc/avr/5.4.0/../../../../avr/lib/avr5\libm.a(fp_pscA.o)
                0x000038c6                __fp_pscA
 .text.avr-libc.fplib
                0x000038d4        0xe c:/program files (x86)/atmel/studio/7.0/toolchain/avr8/avr8-gnu-toolchain/bin/../lib/gcc/avr/5.4.0/../../../../avr/lib/avr5\libm.a(fp_pscB.o)
                0x000038d4                __fp_pscB
 .text.avr-libc.fplib
                0x000038e2       0x22 c:/program files (x86)/atmel/studio/7.0/toolchain/avr8/avr8-gnu-toolchain/bin/../lib/gcc/avr/5.4.0/../../../../avr/lib/avr5\libm.a(fp_round.o)
                0x000038e2                __fp_round
 .text.avr-libc.fplib
                0x00003904       0x44 c:/program files (x86)/atmel/studio/7.0/toolchain/avr8/avr8-gnu-toolchain/bin/../lib/gcc/avr/5.4.0/../../../../avr/lib/avr5\libm.a(fp_split3.o)
                0x00003904                __fp_split3
                0x00003914                __fp_splitA
 .text.avr-libc.fplib
                0x00003948        0xe c:/program files (x86)/atmel/studio/7.0/toolchain/avr8/avr8-gnu-toolchain/bin/../lib/gcc/avr/5.4.0/../../../../avr/lib/avr5\libm.a(fp_zero.o)
                0x00003948                __fp_zero
                0x0000394a                __fp_szero
 .text.avr-libc.fplib
                0x00003956        0x8 c:/program files (x86)/atmel/studio/7.0/toolchain/avr8/avr8-gnu-toolchain/bin/../lib/gcc/avr/5.4.0/../../../../avr/lib/avr5\libm.a(mulsf3.o)
                0x00003956                __mulsf3
 .text.avr-libc.fplib
                0x0000395e       0xd2 c:/program files (x86)/atmel/studio/7.0/toolchain/avr8/avr8-gnu-toolchain/bin/../lib/gcc/avr/5.4.0/../../../../avr/lib/avr5\libm.a(mulsf3x.o)
                0x0000397c                __mulsf3x
                0x00003982                __mulsf3_pse
 .text._ZN14HardwareSerial9availableEv
                0x00003a30       0x18 D:\Users\Celine\ONEDRI~1.EDU\DOCUME~1\Schule\UNIVER~1\EECS47~1\Project\LIL_FI~1\LILFIS~1\LILFIS~1\ARDUIN~1\Debug\libArduinoCore.a(HardwareSerial.o)
                0x00003a30                _ZN14HardwareSerial9availableEv
 .text._ZN14HardwareSerial4peekEv
                0x00003a48       0x1c D:\Users\Celine\ONEDRI~1.EDU\DOCUME~1\Schule\UNIVER~1\EECS47~1\Project\LIL_FI~1\LILFIS~1\LILFIS~1\ARDUIN~1\Debug\libArduinoCore.a(HardwareSerial.o)
                0x00003a48                _ZN14HardwareSerial4peekEv
 .text._ZN14HardwareSerial4readEv
                0x00003a64       0x28 D:\Users\Celine\ONEDRI~1.EDU\DOCUME~1\Schule\UNIVER~1\EECS47~1\Project\LIL_FI~1\LILFIS~1\LILFIS~1\ARDUIN~1\Debug\libArduinoCore.a(HardwareSerial.o)
                0x00003a64                _ZN14HardwareSerial4readEv
 .text._ZN14HardwareSerial17availableForWriteEv
                0x00003a8c       0x1e D:\Users\Celine\ONEDRI~1.EDU\DOCUME~1\Schule\UNIVER~1\EECS47~1\Project\LIL_FI~1\LILFIS~1\LILFIS~1\ARDUIN~1\Debug\libArduinoCore.a(HardwareSerial.o)
                0x00003a8c                _ZN14HardwareSerial17availableForWriteEv
 .text._Z14serialEventRunv
                0x00003aaa       0x1c D:\Users\Celine\ONEDRI~1.EDU\DOCUME~1\Schule\UNIVER~1\EECS47~1\Project\LIL_FI~1\LILFIS~1\LILFIS~1\ARDUIN~1\Debug\libArduinoCore.a(HardwareSerial.o)
                0x00003aaa                _Z14serialEventRunv
 .text._ZN14HardwareSerial17_tx_udr_empty_irqEv
                0x00003ac6       0x44 D:\Users\Celine\ONEDRI~1.EDU\DOCUME~1\Schule\UNIVER~1\EECS47~1\Project\LIL_FI~1\LILFIS~1\LILFIS~1\ARDUIN~1\Debug\libArduinoCore.a(HardwareSerial.o)
                0x00003ac6                _ZN14HardwareSerial17_tx_udr_empty_irqEv
 .text._ZN14HardwareSerial5writeEh
                0x00003b0a       0x9a D:\Users\Celine\ONEDRI~1.EDU\DOCUME~1\Schule\UNIVER~1\EECS47~1\Project\LIL_FI~1\LILFIS~1\LILFIS~1\ARDUIN~1\Debug\libArduinoCore.a(HardwareSerial.o)
                0x00003b0a                _ZN14HardwareSerial5writeEh
 .text._ZN14HardwareSerial5flushEv
                0x00003ba4       0x44 D:\Users\Celine\ONEDRI~1.EDU\DOCUME~1\Schule\UNIVER~1\EECS47~1\Project\LIL_FI~1\LILFIS~1\LILFIS~1\ARDUIN~1\Debug\libArduinoCore.a(HardwareSerial.o)
                0x00003ba4                _ZN14HardwareSerial5flushEv
 .text._ZN14HardwareSerial5beginEmh
                0x00003be8       0xca D:\Users\Celine\ONEDRI~1.EDU\DOCUME~1\Schule\UNIVER~1\EECS47~1\Project\LIL_FI~1\LILFIS~1\LILFIS~1\ARDUIN~1\Debug\libArduinoCore.a(HardwareSerial.o)
                0x00003be8                _ZN14HardwareSerial5beginEmh
 .text.__vector_18
                0x00003cb2       0x64 D:\Users\Celine\ONEDRI~1.EDU\DOCUME~1\Schule\UNIVER~1\EECS47~1\Project\LIL_FI~1\LILFIS~1\LILFIS~1\ARDUIN~1\Debug\libArduinoCore.a(HardwareSerial0.o)
                0x00003cb2                __vector_18
 .text.__vector_19
                0x00003d16       0x4c D:\Users\Celine\ONEDRI~1.EDU\DOCUME~1\Schule\UNIVER~1\EECS47~1\Project\LIL_FI~1\LILFIS~1\LILFIS~1\ARDUIN~1\Debug\libArduinoCore.a(HardwareSerial0.o)
                0x00003d16                __vector_19
 .text._Z17Serial0_availablev
                0x00003d62       0x14 D:\Users\Celine\ONEDRI~1.EDU\DOCUME~1\Schule\UNIVER~1\EECS47~1\Project\LIL_FI~1\LILFIS~1\LILFIS~1\ARDUIN~1\Debug\libArduinoCore.a(HardwareSerial0.o)
                0x00003d62                _Z17Serial0_availablev
 .text.startup._GLOBAL__sub_I___vector_18
                0x00003d76       0x5a D:\Users\Celine\ONEDRI~1.EDU\DOCUME~1\Schule\UNIVER~1\EECS47~1\Project\LIL_FI~1\LILFIS~1\LILFIS~1\ARDUIN~1\Debug\libArduinoCore.a(HardwareSerial0.o)
 .text.startup.main
                0x00003dd0       0x1e D:\Users\Celine\ONEDRI~1.EDU\DOCUME~1\Schule\UNIVER~1\EECS47~1\Project\LIL_FI~1\LILFIS~1\LILFIS~1\ARDUIN~1\Debug\libArduinoCore.a(main.o)
                0x00003dd0                main
 .text._ZN5Print5writeEPKhj
                0x00003dee       0x54 D:\Users\Celine\ONEDRI~1.EDU\DOCUME~1\Schule\UNIVER~1\EECS47~1\Project\LIL_FI~1\LILFIS~1\LILFIS~1\ARDUIN~1\Debug\libArduinoCore.a(Print.o)
                0x00003dee                _ZN5Print5writeEPKhj
 .text._ZN5Print5printEPK19__FlashStringHelper
                0x00003e42       0x48 D:\Users\Celine\ONEDRI~1.EDU\DOCUME~1\Schule\UNIVER~1\EECS47~1\Project\LIL_FI~1\LILFIS~1\LILFIS~1\ARDUIN~1\Debug\libArduinoCore.a(Print.o)
                0x00003e42                _ZN5Print5printEPK19__FlashStringHelper
 .text._ZN5Print5printEPKc
                0x00003e8a        0x4 D:\Users\Celine\ONEDRI~1.EDU\DOCUME~1\Schule\UNIVER~1\EECS47~1\Project\LIL_FI~1\LILFIS~1\LILFIS~1\ARDUIN~1\Debug\libArduinoCore.a(Print.o)
                0x00003e8a                _ZN5Print5printEPKc
 .text._ZN5Print5printEc
                0x00003e8e        0xe D:\Users\Celine\ONEDRI~1.EDU\DOCUME~1\Schule\UNIVER~1\EECS47~1\Project\LIL_FI~1\LILFIS~1\LILFIS~1\ARDUIN~1\Debug\libArduinoCore.a(Print.o)
                0x00003e8e                _ZN5Print5printEc
 .text._ZN5Print7printlnEv
                0x00003e9c        0x8 D:\Users\Celine\ONEDRI~1.EDU\DOCUME~1\Schule\UNIVER~1\EECS47~1\Project\LIL_FI~1\LILFIS~1\LILFIS~1\ARDUIN~1\Debug\libArduinoCore.a(Print.o)
                0x00003e9c                _ZN5Print7printlnEv
 .text._ZN5Print7printlnEPKc
                0x00003ea4       0x24 D:\Users\Celine\ONEDRI~1.EDU\DOCUME~1\Schule\UNIVER~1\EECS47~1\Project\LIL_FI~1\LILFIS~1\LILFIS~1\ARDUIN~1\Debug\libArduinoCore.a(Print.o)
                0x00003ea4                _ZN5Print7printlnEPKc
 .text._ZN5Print11printNumberEmh
                0x00003ec8       0x92 D:\Users\Celine\ONEDRI~1.EDU\DOCUME~1\Schule\UNIVER~1\EECS47~1\Project\LIL_FI~1\LILFIS~1\LILFIS~1\ARDUIN~1\Debug\libArduinoCore.a(Print.o)
                0x00003ec8                _ZN5Print11printNumberEmh
 .text._ZN5Print5printEmi
                0x00003f5a       0x1a D:\Users\Celine\ONEDRI~1.EDU\DOCUME~1\Schule\UNIVER~1\EECS47~1\Project\LIL_FI~1\LILFIS~1\LILFIS~1\ARDUIN~1\Debug\libArduinoCore.a(Print.o)
                0x00003f5a                _ZN5Print5printEmi
 .text._ZN5Print5printEhi
                0x00003f74        0xe D:\Users\Celine\ONEDRI~1.EDU\DOCUME~1\Schule\UNIVER~1\EECS47~1\Project\LIL_FI~1\LILFIS~1\LILFIS~1\ARDUIN~1\Debug\libArduinoCore.a(Print.o)
                0x00003f74                _ZN5Print5printEhi
 .text._ZN5Print7printlnEhi
                0x00003f82       0x24 D:\Users\Celine\ONEDRI~1.EDU\DOCUME~1\Schule\UNIVER~1\EECS47~1\Project\LIL_FI~1\LILFIS~1\LILFIS~1\ARDUIN~1\Debug\libArduinoCore.a(Print.o)
                0x00003f82                _ZN5Print7printlnEhi
 .text._ZN5Print5printEli
                0x00003fa6       0x90 D:\Users\Celine\ONEDRI~1.EDU\DOCUME~1\Schule\UNIVER~1\EECS47~1\Project\LIL_FI~1\LILFIS~1\LILFIS~1\ARDUIN~1\Debug\libArduinoCore.a(Print.o)
                0x00003fa6                _ZN5Print5printEli
 .text._ZN5Print5printEii
                0x00004036        0xe D:\Users\Celine\ONEDRI~1.EDU\DOCUME~1\Schule\UNIVER~1\EECS47~1\Project\LIL_FI~1\LILFIS~1\LILFIS~1\ARDUIN~1\Debug\libArduinoCore.a(Print.o)
                0x00004036                _ZN5Print5printEii
 .text.nothing  0x00004044        0x2 D:\Users\Celine\ONEDRI~1.EDU\DOCUME~1\Schule\UNIVER~1\EECS47~1\Project\LIL_FI~1\LILFIS~1\LILFIS~1\ARDUIN~1\Debug\libArduinoCore.a(WInterrupts.o)
 .text.attachInterrupt
                0x00004046       0x40 D:\Users\Celine\ONEDRI~1.EDU\DOCUME~1\Schule\UNIVER~1\EECS47~1\Project\LIL_FI~1\LILFIS~1\LILFIS~1\ARDUIN~1\Debug\libArduinoCore.a(WInterrupts.o)
                0x00004046                attachInterrupt
 .text.__vector_1
                0x00004086       0x4e D:\Users\Celine\ONEDRI~1.EDU\DOCUME~1\Schule\UNIVER~1\EECS47~1\Project\LIL_FI~1\LILFIS~1\LILFIS~1\ARDUIN~1\Debug\libArduinoCore.a(WInterrupts.o)
                0x00004086                __vector_1
 .text.__vector_2
                0x000040d4       0x4e D:\Users\Celine\ONEDRI~1.EDU\DOCUME~1\Schule\UNIVER~1\EECS47~1\Project\LIL_FI~1\LILFIS~1\LILFIS~1\ARDUIN~1\Debug\libArduinoCore.a(WInterrupts.o)
                0x000040d4                __vector_2
 .text.__vector_16
                0x00004122       0x94 D:\Users\Celine\ONEDRI~1.EDU\DOCUME~1\Schule\UNIVER~1\EECS47~1\Project\LIL_FI~1\LILFIS~1\LILFIS~1\ARDUIN~1\Debug\libArduinoCore.a(wiring.o)
                0x00004122                __vector_16
 .text.micros   0x000041b6       0x4a D:\Users\Celine\ONEDRI~1.EDU\DOCUME~1\Schule\UNIVER~1\EECS47~1\Project\LIL_FI~1\LILFIS~1\LILFIS~1\ARDUIN~1\Debug\libArduinoCore.a(wiring.o)
                0x000041b6                micros
 .text.delay    0x00004200       0x78 D:\Users\Celine\ONEDRI~1.EDU\DOCUME~1\Schule\UNIVER~1\EECS47~1\Project\LIL_FI~1\LILFIS~1\LILFIS~1\ARDUIN~1\Debug\libArduinoCore.a(wiring.o)
                0x00004200                delay
 .text.delayMicroseconds
                0x00004278       0x16 D:\Users\Celine\ONEDRI~1.EDU\DOCUME~1\Schule\UNIVER~1\EECS47~1\Project\LIL_FI~1\LILFIS~1\LILFIS~1\ARDUIN~1\Debug\libArduinoCore.a(wiring.o)
                0x00004278                delayMicroseconds
 .text.init     0x0000428e       0x76 D:\Users\Celine\ONEDRI~1.EDU\DOCUME~1\Schule\UNIVER~1\EECS47~1\Project\LIL_FI~1\LILFIS~1\LILFIS~1\ARDUIN~1\Debug\libArduinoCore.a(wiring.o)
                0x0000428e                init
 .text.analogRead
                0x00004304       0x3a D:\Users\Celine\ONEDRI~1.EDU\DOCUME~1\Schule\UNIVER~1\EECS47~1\Project\LIL_FI~1\LILFIS~1\LILFIS~1\ARDUIN~1\Debug\libArduinoCore.a(wiring_analog.o)
                0x00004304                analogRead
 .text.analogWrite
                0x0000433e       0xbe D:\Users\Celine\ONEDRI~1.EDU\DOCUME~1\Schule\UNIVER~1\EECS47~1\Project\LIL_FI~1\LILFIS~1\LILFIS~1\ARDUIN~1\Debug\libArduinoCore.a(wiring_analog.o)
                0x0000433e                analogWrite
 .text.turnOffPWM
                0x000043fc       0x52 D:\Users\Celine\ONEDRI~1.EDU\DOCUME~1\Schule\UNIVER~1\EECS47~1\Project\LIL_FI~1\LILFIS~1\LILFIS~1\ARDUIN~1\Debug\libArduinoCore.a(wiring_digital.o)
 .text.pinMode  0x0000444e       0x78 D:\Users\Celine\ONEDRI~1.EDU\DOCUME~1\Schule\UNIVER~1\EECS47~1\Project\LIL_FI~1\LILFIS~1\LILFIS~1\ARDUIN~1\Debug\libArduinoCore.a(wiring_digital.o)
                0x0000444e                pinMode
 .text.digitalWrite
                0x000044c6       0x5e D:\Users\Celine\ONEDRI~1.EDU\DOCUME~1\Schule\UNIVER~1\EECS47~1\Project\LIL_FI~1\LILFIS~1\LILFIS~1\ARDUIN~1\Debug\libArduinoCore.a(wiring_digital.o)
                0x000044c6                digitalWrite
 .text._ZN14FreqCountClass5beginEj
                0x00004524       0xf0 D:\Users\Celine\ONEDRI~1.EDU\DOCUME~1\Schule\UNIVER~1\EECS47~1\Project\LIL_FI~1\LILFIS~1\LILFIS~1\ARDUIN~1\Debug\libArduinoCore.a(FreqCount.o)
                0x00004524                _ZN14FreqCountClass5beginEj
 .text._ZN14FreqCountClass9availableEv
                0x00004614        0x6 D:\Users\Celine\ONEDRI~1.EDU\DOCUME~1\Schule\UNIVER~1\EECS47~1\Project\LIL_FI~1\LILFIS~1\LILFIS~1\ARDUIN~1\Debug\libArduinoCore.a(FreqCount.o)
                0x00004614                _ZN14FreqCountClass9availableEv
 .text._ZN14FreqCountClass4readEv
                0x0000461a       0x1c D:\Users\Celine\ONEDRI~1.EDU\DOCUME~1\Schule\UNIVER~1\EECS47~1\Project\LIL_FI~1\LILFIS~1\LILFIS~1\ARDUIN~1\Debug\libArduinoCore.a(FreqCount.o)
                0x0000461a                _ZN14FreqCountClass4readEv
 .text._ZN14FreqCountClass3endEv
                0x00004636       0x2e D:\Users\Celine\ONEDRI~1.EDU\DOCUME~1\Schule\UNIVER~1\EECS47~1\Project\LIL_FI~1\LILFIS~1\LILFIS~1\ARDUIN~1\Debug\libArduinoCore.a(FreqCount.o)
                0x00004636                _ZN14FreqCountClass3endEv
 .text.__vector_7
                0x00004664       0xec D:\Users\Celine\ONEDRI~1.EDU\DOCUME~1\Schule\UNIVER~1\EECS47~1\Project\LIL_FI~1\LILFIS~1\LILFIS~1\ARDUIN~1\Debug\libArduinoCore.a(FreqCount.o)
                0x00004664                __vector_7
 .text.__empty  0x00004750        0x2 D:\Users\Celine\ONEDRI~1.EDU\DOCUME~1\Schule\UNIVER~1\EECS47~1\Project\LIL_FI~1\LILFIS~1\LILFIS~1\ARDUIN~1\Debug\libArduinoCore.a(hooks.o)
                0x00004750                yield
 .text.libgcc.div
                0x00004752       0x28 c:/program files (x86)/atmel/studio/7.0/toolchain/avr8/avr8-gnu-toolchain/bin/../lib/gcc/avr/5.4.0/avr5\libgcc.a(_divmodhi4.o)
                0x00004752                _div
                0x00004752                __divmodhi4
 .text.libgcc.div
                0x0000477a       0x44 c:/program files (x86)/atmel/studio/7.0/toolchain/avr8/avr8-gnu-toolchain/bin/../lib/gcc/avr/5.4.0/avr5\libgcc.a(_udivmodsi4.o)
                0x0000477a                __udivmodsi4
 .text.libgcc.div
                0x000047be       0x2e c:/program files (x86)/atmel/studio/7.0/toolchain/avr8/avr8-gnu-toolchain/bin/../lib/gcc/avr/5.4.0/avr5\libgcc.a(_divmodsi4.o)
                0x000047be                __divmodsi4
 .text.libgcc.div
                0x000047ec       0x10 c:/program files (x86)/atmel/studio/7.0/toolchain/avr8/avr8-gnu-toolchain/bin/../lib/gcc/avr/5.4.0/avr5\libgcc.a(_negsi2.o)
                0x000047ec                __negsi2
 .text.libgcc   0x000047fc        0xc c:/program files (x86)/atmel/studio/7.0/toolchain/avr8/avr8-gnu-toolchain/bin/../lib/gcc/avr/5.4.0/avr5\libgcc.a(_tablejump2.o)
                0x000047fc                __tablejump2__
 .text.libgcc.mul
                0x00004808       0x16 c:/program files (x86)/atmel/studio/7.0/toolchain/avr8/avr8-gnu-toolchain/bin/../lib/gcc/avr/5.4.0/avr5\libgcc.a(_muluhisi3.o)
                0x00004808                __muluhisi3
 .text.libgcc.div
                0x0000481e       0x28 c:/program files (x86)/atmel/studio/7.0/toolchain/avr8/avr8-gnu-toolchain/bin/../lib/gcc/avr/5.4.0/avr5\libgcc.a(_udivmodhi4.o)
                0x0000481e                __udivmodhi4
 .text.libgcc.mul
                0x00004846       0x1e c:/program files (x86)/atmel/studio/7.0/toolchain/avr8/avr8-gnu-toolchain/bin/../lib/gcc/avr/5.4.0/avr5\libgcc.a(_umulhisi3.o)
                0x00004846                __umulhisi3
 .text.avr-libc
                0x00004864      0x242 c:/program files (x86)/atmel/studio/7.0/toolchain/avr8/avr8-gnu-toolchain/bin/../lib/gcc/avr/5.4.0/../../../../avr/lib/avr5\libc.a(malloc.o)
                0x00004864                malloc
                0x00004994                free
 .text.avr-libc
                0x00004aa6       0x12 c:/program files (x86)/atmel/studio/7.0/toolchain/avr8/avr8-gnu-toolchain/bin/../lib/gcc/avr/5.4.0/../../../../avr/lib/avr5\libc.a(memcpy.o)
                0x00004aa6                memcpy
 .text.avr-libc
                0x00004ab8        0xe c:/program files (x86)/atmel/studio/7.0/toolchain/avr8/avr8-gnu-toolchain/bin/../lib/gcc/avr/5.4.0/../../../../avr/lib/avr5\libc.a(memset.o)
                0x00004ab8                memset
                0x00004ac6                . = ALIGN (0x2)
 *(.fini9)
 .fini9         0x00004ac6        0x0 c:/program files (x86)/atmel/studio/7.0/toolchain/avr8/avr8-gnu-toolchain/bin/../lib/gcc/avr/5.4.0/avr5\libgcc.a(_exit.o)
                0x00004ac6                _exit
                0x00004ac6                exit
 *(.fini9)
 *(.fini8)
 *(.fini8)
 *(.fini7)
 *(.fini7)
 *(.fini6)
 .fini6         0x00004ac6       0x16 c:/program files (x86)/atmel/studio/7.0/toolchain/avr8/avr8-gnu-toolchain/bin/../lib/gcc/avr/5.4.0/avr5\libgcc.a(_dtors.o)
                0x00004ac6                __do_global_dtors
 *(.fini6)
 *(.fini5)
 *(.fini5)
 *(.fini4)
 *(.fini4)
 *(.fini3)
 *(.fini3)
 *(.fini2)
 *(.fini2)
 *(.fini1)
 *(.fini1)
 *(.fini0)
 .fini0         0x00004adc        0x4 c:/program files (x86)/atmel/studio/7.0/toolchain/avr8/avr8-gnu-toolchain/bin/../lib/gcc/avr/5.4.0/avr5\libgcc.a(_exit.o)
 *(.fini0)
                0x00004ae0                _etext = .

.data           0x00800100      0x194 load address 0x00004ae0
                0x00800100                PROVIDE (__data_start, .)
 *(.data)
 .data          0x00800100        0x6 c:/program files (x86)/atmel/studio/7.0/toolchain/avr8/avr8-gnu-toolchain/bin/../lib/gcc/avr/5.4.0/../../../../avr/lib/avr5\libc.a(malloc.o)
                0x00800100                __malloc_heap_end
                0x00800102                __malloc_heap_start
                0x00800104                __malloc_margin
 *(.data*)
 .data.WhiteTestStrip
                0x00800106        0xa color_sensor.o
                0x00800106                WhiteTestStrip
 .data.EmptyTestBox
                0x00800110        0xa color_sensor.o
                0x00800110                EmptyTestBox
 .data.colorToRead
                0x0080011a        0x1 main.o
                0x0080011a                colorToRead
 .data.tempThreshold
                0x0080011b        0x2 main.o
                0x0080011b                tempThreshold
 .data.nitriteValue
                0x0080011d        0x2 main.o
                0x0080011d                nitriteValue
 .data.nitrateValue
                0x0080011f        0x2 main.o
                0x0080011f                nitrateValue
 .data.ammoniaValue
                0x00800121        0x2 main.o
                0x00800121                ammoniaValue
 .data.Blue     0x00800123        0x6 main.o
                0x00800123                Blue
 .data.Green    0x00800129        0x6 main.o
                0x00800129                Green
 .data.Red      0x0080012f        0x6 main.o
                0x0080012f                Red
 .data.acidVoltage
                0x00800135        0x4 phSensor.o
                0x00800135                acidVoltage
 .data.neutralVoltage
                0x00800139        0x4 phSensor.o
                0x00800139                neutralVoltage
 .data.intFunc  0x0080013d        0x4 D:\Users\Celine\ONEDRI~1.EDU\DOCUME~1\Schule\UNIVER~1\EECS47~1\Project\LIL_FI~1\LILFIS~1\LILFIS~1\ARDUIN~1\Debug\libArduinoCore.a(WInterrupts.o)
 .data.analog_reference
                0x00800141        0x1 D:\Users\Celine\ONEDRI~1.EDU\DOCUME~1\Schule\UNIVER~1\EECS47~1\Project\LIL_FI~1\LILFIS~1\LILFIS~1\ARDUIN~1\Debug\libArduinoCore.a(wiring_analog.o)
                0x00800141                analog_reference
 *(.gnu.linkonce.d*)
 *(.rodata)
 .rodata        0x00800142       0x66 color_sensor.o
 *(.rodata*)
 .rodata.str1.1
                0x008001a8       0x12 color_sensor.o
                                 0x14 (size before relaxing)
 .rodata.str1.1
                0x008001ba       0x97 main.o
 .rodata.str1.1
                0x00800251        0x5 src/libraries/FreeRTOS/src/tasks.o
 .rodata.str1.1
                0x00800256        0x8 src/libraries/FreeRTOS/src/timers.o
 .rodata._ZZN9MD_TCS2307readFSMEhE3seq
                0x0080025e        0x3 src/libraries/MD_TCS230/src/MD_TCS230.o
 .rodata._ZTV14SoftwareSerial
                0x00800261       0x12 src/libraries/SoftwareSerial/src/SoftwareSerial.o
                0x00800261                _ZTV14SoftwareSerial
 .rodata._ZTV14HardwareSerial
                0x00800273       0x12 D:\Users\Celine\ONEDRI~1.EDU\DOCUME~1\Schule\UNIVER~1\EECS47~1\Project\LIL_FI~1\LILFIS~1\LILFIS~1\ARDUIN~1\Debug\libArduinoCore.a(HardwareSerial.o)
                0x00800273                _ZTV14HardwareSerial
 .rodata.str1.1
                0x00800285        0xf D:\Users\Celine\ONEDRI~1.EDU\DOCUME~1\Schule\UNIVER~1\EECS47~1\Project\LIL_FI~1\LILFIS~1\LILFIS~1\ARDUIN~1\Debug\libArduinoCore.a(Print.o)
 *(.gnu.linkonce.r*)
                0x00800294                . = ALIGN (0x2)
                0x00800294                _edata = .
                0x00800294                PROVIDE (__data_end, .)

.bss            0x00800294      0x2c3
                0x00800294                PROVIDE (__bss_start, .)
 *(.bss)
 *(.bss*)
 .bss.CS        0x00800294       0x2f color_sensor.o
                0x00800294                CS
 .bss.typeToRead
                0x008002c3        0x1 color_sensor.o
                0x008002c3                typeToRead
 .bss.blueScanned
                0x008002c4        0x1 color_sensor.o
                0x008002c4                blueScanned
 .bss.redScanned
                0x008002c5        0x1 color_sensor.o
                0x008002c5                redScanned
 .bss.greenScanned
                0x008002c6        0x1 color_sensor.o
                0x008002c6                greenScanned
 .bss.c         0x008002c7        0xa color_sensor.o
                0x008002c7                c
 .bss.rgb       0x008002d1        0x3 color_sensor.o
                0x008002d1                rgb
 .bss.Nitrate   0x008002d4       0x46 color_sensor.o
                0x008002d4                Nitrate
 .bss.Nitrite   0x0080031a       0x46 color_sensor.o
                0x0080031a                Nitrite
 .bss.Ammonia   0x00800360       0x32 color_sensor.o
                0x00800360                Ammonia
 .bss.ds        0x00800392        0xe tempSensor.o
                0x00800392                ds
 .bss._ZZ8fromWifivE24xHigherPriorityTaskWoken
                0x008003a0        0x1 main.o
 .bss.serial    0x008003a1       0x1f main.o
                0x008003a1                serial
 .bss.xPHandTemperature
                0x008003c0        0x2 main.o
                0x008003c0                xPHandTemperature
 .bss.xColorSensor
                0x008003c2        0x2 main.o
                0x008003c2                xColorSensor
 .bss.xSerialSemaphoreColorSensor
                0x008003c4        0x2 main.o
                0x008003c4                xSerialSemaphoreColorSensor
 .bss.tempValue
                0x008003c6        0x2 main.o
                0x008003c6                tempValue
 .bss.phValue   0x008003c8        0x4 main.o
                0x008003c8                phValue
 .bss.Off       0x008003cc        0x6 main.o
                0x008003cc                Off
 .bss.uxSchedulerSuspended
                0x008003d2        0x1 src/libraries/FreeRTOS/src/tasks.o
 .bss.xIdleTaskHandle
                0x008003d3        0x2 src/libraries/FreeRTOS/src/tasks.o
 .bss.xNextTaskUnblockTime
                0x008003d5        0x2 src/libraries/FreeRTOS/src/tasks.o
 .bss.uxTaskNumber
                0x008003d7        0x1 src/libraries/FreeRTOS/src/tasks.o
 .bss.xNumOfOverflows
                0x008003d8        0x1 src/libraries/FreeRTOS/src/tasks.o
 .bss.xYieldPending
                0x008003d9        0x1 src/libraries/FreeRTOS/src/tasks.o
 .bss.uxPendedTicks
                0x008003da        0x1 src/libraries/FreeRTOS/src/tasks.o
 .bss.xSchedulerRunning
                0x008003db        0x1 src/libraries/FreeRTOS/src/tasks.o
 .bss.uxTopReadyPriority
                0x008003dc        0x1 src/libraries/FreeRTOS/src/tasks.o
 .bss.xTickCount
                0x008003dd        0x2 src/libraries/FreeRTOS/src/tasks.o
 .bss.uxCurrentNumberOfTasks
                0x008003df        0x1 src/libraries/FreeRTOS/src/tasks.o
 .bss.xSuspendedTaskList
                0x008003e0        0x9 src/libraries/FreeRTOS/src/tasks.o
 .bss.uxDeletedTasksWaitingCleanUp
                0x008003e9        0x1 src/libraries/FreeRTOS/src/tasks.o
 .bss.xTasksWaitingTermination
                0x008003ea        0x9 src/libraries/FreeRTOS/src/tasks.o
 .bss.xPendingReadyList
                0x008003f3        0x9 src/libraries/FreeRTOS/src/tasks.o
 .bss.pxOverflowDelayedTaskList
                0x008003fc        0x2 src/libraries/FreeRTOS/src/tasks.o
 .bss.pxDelayedTaskList
                0x008003fe        0x2 src/libraries/FreeRTOS/src/tasks.o
 .bss.xDelayedTaskList2
                0x00800400        0x9 src/libraries/FreeRTOS/src/tasks.o
 .bss.xDelayedTaskList1
                0x00800409        0x9 src/libraries/FreeRTOS/src/tasks.o
 .bss.pxReadyTasksLists
                0x00800412       0x24 src/libraries/FreeRTOS/src/tasks.o
 .bss.pxCurrentTCB
                0x00800436        0x2 src/libraries/FreeRTOS/src/tasks.o
                0x00800436                pxCurrentTCB
 .bss.xLastTime.2412
                0x00800438        0x2 src/libraries/FreeRTOS/src/timers.o
 .bss.xTimerTaskHandle
                0x0080043a        0x2 src/libraries/FreeRTOS/src/timers.o
 .bss.xTimerQueue
                0x0080043c        0x2 src/libraries/FreeRTOS/src/timers.o
 .bss.pxOverflowTimerList
                0x0080043e        0x2 src/libraries/FreeRTOS/src/timers.o
 .bss.pxCurrentTimerList
                0x00800440        0x2 src/libraries/FreeRTOS/src/timers.o
 .bss.xActiveTimerList2
                0x00800442        0x9 src/libraries/FreeRTOS/src/timers.o
 .bss.xActiveTimerList1
                0x0080044b        0x9 src/libraries/FreeRTOS/src/timers.o
 .bss._ZZN9MD_TCS2307readFSMEhE7currCol
                0x00800454        0x1 src/libraries/MD_TCS230/src/MD_TCS230.o
 .bss._ZN14SoftwareSerial20_receive_buffer_headE
                0x00800455        0x1 src/libraries/SoftwareSerial/src/SoftwareSerial.o
                0x00800455                _ZN14SoftwareSerial20_receive_buffer_headE
 .bss._ZN14SoftwareSerial20_receive_buffer_tailE
                0x00800456        0x1 src/libraries/SoftwareSerial/src/SoftwareSerial.o
                0x00800456                _ZN14SoftwareSerial20_receive_buffer_tailE
 .bss._ZN14SoftwareSerial15_receive_bufferE
                0x00800457       0x40 src/libraries/SoftwareSerial/src/SoftwareSerial.o
                0x00800457                _ZN14SoftwareSerial15_receive_bufferE
 .bss._ZN14SoftwareSerial13active_objectE
                0x00800497        0x2 src/libraries/SoftwareSerial/src/SoftwareSerial.o
                0x00800497                _ZN14SoftwareSerial13active_objectE
 .bss.Serial    0x00800499       0x9d D:\Users\Celine\ONEDRI~1.EDU\DOCUME~1\Schule\UNIVER~1\EECS47~1\Project\LIL_FI~1\LILFIS~1\LILFIS~1\ARDUIN~1\Debug\libArduinoCore.a(HardwareSerial0.o)
                0x00800499                Serial
 .bss.timer0_fract
                0x00800536        0x1 D:\Users\Celine\ONEDRI~1.EDU\DOCUME~1\Schule\UNIVER~1\EECS47~1\Project\LIL_FI~1\LILFIS~1\LILFIS~1\ARDUIN~1\Debug\libArduinoCore.a(wiring.o)
 .bss.timer0_millis
                0x00800537        0x4 D:\Users\Celine\ONEDRI~1.EDU\DOCUME~1\Schule\UNIVER~1\EECS47~1\Project\LIL_FI~1\LILFIS~1\LILFIS~1\ARDUIN~1\Debug\libArduinoCore.a(wiring.o)
                0x00800537                timer0_millis
 .bss.timer0_overflow_count
                0x0080053b        0x4 D:\Users\Celine\ONEDRI~1.EDU\DOCUME~1\Schule\UNIVER~1\EECS47~1\Project\LIL_FI~1\LILFIS~1\LILFIS~1\ARDUIN~1\Debug\libArduinoCore.a(wiring.o)
                0x0080053b                timer0_overflow_count
 .bss._ZL10gate_index
                0x0080053f        0x2 D:\Users\Celine\ONEDRI~1.EDU\DOCUME~1\Schule\UNIVER~1\EECS47~1\Project\LIL_FI~1\LILFIS~1\LILFIS~1\ARDUIN~1\Debug\libArduinoCore.a(FreqCount.o)
 .bss._ZL11gate_length
                0x00800541        0x2 D:\Users\Celine\ONEDRI~1.EDU\DOCUME~1\Schule\UNIVER~1\EECS47~1\Project\LIL_FI~1\LILFIS~1\LILFIS~1\ARDUIN~1\Debug\libArduinoCore.a(FreqCount.o)
 .bss._ZL11count_ready
                0x00800543        0x1 D:\Users\Celine\ONEDRI~1.EDU\DOCUME~1\Schule\UNIVER~1\EECS47~1\Project\LIL_FI~1\LILFIS~1\LILFIS~1\ARDUIN~1\Debug\libArduinoCore.a(FreqCount.o)
 .bss._ZL12count_output
                0x00800544        0x4 D:\Users\Celine\ONEDRI~1.EDU\DOCUME~1\Schule\UNIVER~1\EECS47~1\Project\LIL_FI~1\LILFIS~1\LILFIS~1\ARDUIN~1\Debug\libArduinoCore.a(FreqCount.o)
 .bss._ZL10count_prev
                0x00800548        0x4 D:\Users\Celine\ONEDRI~1.EDU\DOCUME~1\Schule\UNIVER~1\EECS47~1\Project\LIL_FI~1\LILFIS~1\LILFIS~1\ARDUIN~1\Debug\libArduinoCore.a(FreqCount.o)
 .bss._ZL9count_msw
                0x0080054c        0x2 D:\Users\Celine\ONEDRI~1.EDU\DOCUME~1\Schule\UNIVER~1\EECS47~1\Project\LIL_FI~1\LILFIS~1\LILFIS~1\ARDUIN~1\Debug\libArduinoCore.a(FreqCount.o)
 .bss._ZL11startTCCR2B
                0x0080054e        0x1 D:\Users\Celine\ONEDRI~1.EDU\DOCUME~1\Schule\UNIVER~1\EECS47~1\Project\LIL_FI~1\LILFIS~1\LILFIS~1\ARDUIN~1\Debug\libArduinoCore.a(FreqCount.o)
 .bss._ZL10saveTCCR2B
                0x0080054f        0x1 D:\Users\Celine\ONEDRI~1.EDU\DOCUME~1\Schule\UNIVER~1\EECS47~1\Project\LIL_FI~1\LILFIS~1\LILFIS~1\ARDUIN~1\Debug\libArduinoCore.a(FreqCount.o)
 .bss._ZL10saveTCCR2A
                0x00800550        0x1 D:\Users\Celine\ONEDRI~1.EDU\DOCUME~1\Schule\UNIVER~1\EECS47~1\Project\LIL_FI~1\LILFIS~1\LILFIS~1\ARDUIN~1\Debug\libArduinoCore.a(FreqCount.o)
 .bss._ZL10saveTCCR1B
                0x00800551        0x1 D:\Users\Celine\ONEDRI~1.EDU\DOCUME~1\Schule\UNIVER~1\EECS47~1\Project\LIL_FI~1\LILFIS~1\LILFIS~1\ARDUIN~1\Debug\libArduinoCore.a(FreqCount.o)
 .bss._ZL10saveTCCR1A
                0x00800552        0x1 D:\Users\Celine\ONEDRI~1.EDU\DOCUME~1\Schule\UNIVER~1\EECS47~1\Project\LIL_FI~1\LILFIS~1\LILFIS~1\ARDUIN~1\Debug\libArduinoCore.a(FreqCount.o)
 *(COMMON)
 COMMON         0x00800553        0x4 c:/program files (x86)/atmel/studio/7.0/toolchain/avr8/avr8-gnu-toolchain/bin/../lib/gcc/avr/5.4.0/../../../../avr/lib/avr5\libc.a(malloc.o)
                0x00800553                __brkval
                0x00800555                __flp
                0x00800557                PROVIDE (__bss_end, .)
                0x00004ae0                __data_load_start = LOADADDR (.data)
                0x00004c74                __data_load_end = (__data_load_start + SIZEOF (.data))

.noinit         0x00800557        0x0
                [!provide]                PROVIDE (__noinit_start, .)
 *(.noinit*)
                [!provide]                PROVIDE (__noinit_end, .)
                0x00800557                _end = .
                0x00800557                PROVIDE (__heap_start, .)

.eeprom         0x00810000        0x0
 *(.eeprom*)
                0x00810000                __eeprom_end = .

.fuse
 *(.fuse)
 *(.lfuse)
 *(.hfuse)
 *(.efuse)

.lock
 *(.lock*)

.signature
 *(.signature*)

.user_signatures
 *(.user_signatures*)

.stab
 *(.stab)

.stabstr
 *(.stabstr)

.stab.excl
 *(.stab.excl)

.stab.exclstr
 *(.stab.exclstr)

.stab.index
 *(.stab.index)

.stab.indexstr
 *(.stab.indexstr)

.comment        0x00000000       0x30
 *(.comment)
 .comment       0x00000000       0x30 color_sensor.o
                                 0x31 (size before relaxing)
 .comment       0x00000030       0x31 tempSensor.o
 .comment       0x00000030       0x31 main.o
 .comment       0x00000030       0x31 OneWire.o
 .comment       0x00000030       0x31 phSensor.o
 .comment       0x00000030       0x31 src/libraries/FreeRTOS/src/heap_3.o
 .comment       0x00000030       0x31 src/libraries/FreeRTOS/src/list.o
 .comment       0x00000030       0x31 src/libraries/FreeRTOS/src/port.o
 .comment       0x00000030       0x31 src/libraries/FreeRTOS/src/queue.o
 .comment       0x00000030       0x31 src/libraries/FreeRTOS/src/tasks.o
 .comment       0x00000030       0x31 src/libraries/FreeRTOS/src/timers.o
 .comment       0x00000030       0x31 src/libraries/FreeRTOS/src/variantHooks.o
 .comment       0x00000030       0x31 src/libraries/MD_TCS230/src/MD_TCS230.o
 .comment       0x00000030       0x31 src/libraries/SoftwareSerial/src/SoftwareSerial.o
 .comment       0x00000030       0x31 D:\Users\Celine\ONEDRI~1.EDU\DOCUME~1\Schule\UNIVER~1\EECS47~1\Project\LIL_FI~1\LILFIS~1\LILFIS~1\ARDUIN~1\Debug\libArduinoCore.a(HardwareSerial.o)
 .comment       0x00000030       0x31 D:\Users\Celine\ONEDRI~1.EDU\DOCUME~1\Schule\UNIVER~1\EECS47~1\Project\LIL_FI~1\LILFIS~1\LILFIS~1\ARDUIN~1\Debug\libArduinoCore.a(HardwareSerial0.o)
 .comment       0x00000030       0x31 D:\Users\Celine\ONEDRI~1.EDU\DOCUME~1\Schule\UNIVER~1\EECS47~1\Project\LIL_FI~1\LILFIS~1\LILFIS~1\ARDUIN~1\Debug\libArduinoCore.a(main.o)
 .comment       0x00000030       0x31 D:\Users\Celine\ONEDRI~1.EDU\DOCUME~1\Schule\UNIVER~1\EECS47~1\Project\LIL_FI~1\LILFIS~1\LILFIS~1\ARDUIN~1\Debug\libArduinoCore.a(Print.o)
 .comment       0x00000030       0x31 D:\Users\Celine\ONEDRI~1.EDU\DOCUME~1\Schule\UNIVER~1\EECS47~1\Project\LIL_FI~1\LILFIS~1\LILFIS~1\ARDUIN~1\Debug\libArduinoCore.a(WInterrupts.o)
 .comment       0x00000030       0x31 D:\Users\Celine\ONEDRI~1.EDU\DOCUME~1\Schule\UNIVER~1\EECS47~1\Project\LIL_FI~1\LILFIS~1\LILFIS~1\ARDUIN~1\Debug\libArduinoCore.a(wiring.o)
 .comment       0x00000030       0x31 D:\Users\Celine\ONEDRI~1.EDU\DOCUME~1\Schule\UNIVER~1\EECS47~1\Project\LIL_FI~1\LILFIS~1\LILFIS~1\ARDUIN~1\Debug\libArduinoCore.a(wiring_analog.o)
 .comment       0x00000030       0x31 D:\Users\Celine\ONEDRI~1.EDU\DOCUME~1\Schule\UNIVER~1\EECS47~1\Project\LIL_FI~1\LILFIS~1\LILFIS~1\ARDUIN~1\Debug\libArduinoCore.a(wiring_digital.o)
 .comment       0x00000030       0x31 D:\Users\Celine\ONEDRI~1.EDU\DOCUME~1\Schule\UNIVER~1\EECS47~1\Project\LIL_FI~1\LILFIS~1\LILFIS~1\ARDUIN~1\Debug\libArduinoCore.a(FreqCount.o)
 .comment       0x00000030       0x31 D:\Users\Celine\ONEDRI~1.EDU\DOCUME~1\Schule\UNIVER~1\EECS47~1\Project\LIL_FI~1\LILFIS~1\LILFIS~1\ARDUIN~1\Debug\libArduinoCore.a(hooks.o)
 .comment       0x00000030       0x31 c:/program files (x86)/atmel/studio/7.0/toolchain/avr8/avr8-gnu-toolchain/bin/../lib/gcc/avr/5.4.0/../../../../avr/lib/avr5\libc.a(malloc.o)

.note.gnu.avr.deviceinfo
                0x00000000       0x40
 .note.gnu.avr.deviceinfo
                0x00000000       0x40 C:/Program Files (x86)/Atmel/Studio/7.0/Packs/atmel/ATmega_DFP/1.2.209/gcc/dev/atmega328p/avr5/crtatmega328p.o

.note.gnu.build-id
 *(.note.gnu.build-id)

.debug
 *(.debug)

.line
 *(.line)

.debug_srcinfo
 *(.debug_srcinfo)

.debug_sfnames
 *(.debug_sfnames)

.debug_aranges  0x00000000      0xa18
 *(.debug_aranges)
 .debug_aranges
                0x00000000       0x50 color_sensor.o
 .debug_aranges
                0x00000050       0x28 tempSensor.o
 .debug_aranges
                0x00000078       0x68 main.o
 .debug_aranges
                0x000000e0       0xa0 OneWire.o
 .debug_aranges
                0x00000180       0x20 phSensor.o
 .debug_aranges
                0x000001a0       0x28 src/libraries/FreeRTOS/src/heap_3.o
 .debug_aranges
                0x000001c8       0x40 src/libraries/FreeRTOS/src/list.o
 .debug_aranges
                0x00000208       0x48 src/libraries/FreeRTOS/src/port.o
 .debug_aranges
                0x00000250       0xe0 src/libraries/FreeRTOS/src/queue.o
 .debug_aranges
                0x00000330      0x188 src/libraries/FreeRTOS/src/tasks.o
 .debug_aranges
                0x000004b8       0x90 src/libraries/FreeRTOS/src/timers.o
 .debug_aranges
                0x00000548       0x38 src/libraries/FreeRTOS/src/variantHooks.o
 .debug_aranges
                0x00000580       0xc0 src/libraries/MD_TCS230/src/MD_TCS230.o
 .debug_aranges
                0x00000640       0xa8 src/libraries/SoftwareSerial/src/SoftwareSerial.o
 .debug_aranges
                0x000006e8       0x68 D:\Users\Celine\ONEDRI~1.EDU\DOCUME~1\Schule\UNIVER~1\EECS47~1\Project\LIL_FI~1\LILFIS~1\LILFIS~1\ARDUIN~1\Debug\libArduinoCore.a(HardwareSerial.o)
 .debug_aranges
                0x00000750       0x48 D:\Users\Celine\ONEDRI~1.EDU\DOCUME~1\Schule\UNIVER~1\EECS47~1\Project\LIL_FI~1\LILFIS~1\LILFIS~1\ARDUIN~1\Debug\libArduinoCore.a(HardwareSerial0.o)
 .debug_aranges
                0x00000798       0x30 D:\Users\Celine\ONEDRI~1.EDU\DOCUME~1\Schule\UNIVER~1\EECS47~1\Project\LIL_FI~1\LILFIS~1\LILFIS~1\ARDUIN~1\Debug\libArduinoCore.a(main.o)
 .debug_aranges
                0x000007c8      0x100 D:\Users\Celine\ONEDRI~1.EDU\DOCUME~1\Schule\UNIVER~1\EECS47~1\Project\LIL_FI~1\LILFIS~1\LILFIS~1\ARDUIN~1\Debug\libArduinoCore.a(Print.o)
 .debug_aranges
                0x000008c8       0x40 D:\Users\Celine\ONEDRI~1.EDU\DOCUME~1\Schule\UNIVER~1\EECS47~1\Project\LIL_FI~1\LILFIS~1\LILFIS~1\ARDUIN~1\Debug\libArduinoCore.a(WInterrupts.o)
 .debug_aranges
                0x00000908       0x48 D:\Users\Celine\ONEDRI~1.EDU\DOCUME~1\Schule\UNIVER~1\EECS47~1\Project\LIL_FI~1\LILFIS~1\LILFIS~1\ARDUIN~1\Debug\libArduinoCore.a(wiring.o)
 .debug_aranges
                0x00000950       0x30 D:\Users\Celine\ONEDRI~1.EDU\DOCUME~1\Schule\UNIVER~1\EECS47~1\Project\LIL_FI~1\LILFIS~1\LILFIS~1\ARDUIN~1\Debug\libArduinoCore.a(wiring_analog.o)
 .debug_aranges
                0x00000980       0x38 D:\Users\Celine\ONEDRI~1.EDU\DOCUME~1\Schule\UNIVER~1\EECS47~1\Project\LIL_FI~1\LILFIS~1\LILFIS~1\ARDUIN~1\Debug\libArduinoCore.a(wiring_digital.o)
 .debug_aranges
                0x000009b8       0x40 D:\Users\Celine\ONEDRI~1.EDU\DOCUME~1\Schule\UNIVER~1\EECS47~1\Project\LIL_FI~1\LILFIS~1\LILFIS~1\ARDUIN~1\Debug\libArduinoCore.a(FreqCount.o)
 .debug_aranges
                0x000009f8       0x20 D:\Users\Celine\ONEDRI~1.EDU\DOCUME~1\Schule\UNIVER~1\EECS47~1\Project\LIL_FI~1\LILFIS~1\LILFIS~1\ARDUIN~1\Debug\libArduinoCore.a(hooks.o)

.debug_pubnames
 *(.debug_pubnames)

.debug_info     0x00000000    0x14241
 *(.debug_info .gnu.linkonce.wi.*)
 .debug_info    0x00000000      0x5f4 C:/Program Files (x86)/Atmel/Studio/7.0/Packs/atmel/ATmega_DFP/1.2.209/gcc/dev/atmega328p/avr5/crtatmega328p.o
 .debug_info    0x000005f4      0xd87 color_sensor.o
 .debug_info    0x0000137b      0x7a6 tempSensor.o
 .debug_info    0x00001b21     0x10e3 main.o
 .debug_info    0x00002c04      0xf20 OneWire.o
 .debug_info    0x00003b24      0x1f2 phSensor.o
 .debug_info    0x00003d16      0x1a7 src/libraries/FreeRTOS/src/heap_3.o
 .debug_info    0x00003ebd      0x2e0 src/libraries/FreeRTOS/src/list.o
 .debug_info    0x0000419d      0x28b src/libraries/FreeRTOS/src/port.o
 .debug_info    0x00004428     0x1820 src/libraries/FreeRTOS/src/queue.o
 .debug_info    0x00005c48     0x2102 src/libraries/FreeRTOS/src/tasks.o
 .debug_info    0x00007d4a     0x1083 src/libraries/FreeRTOS/src/timers.o
 .debug_info    0x00008dcd      0x330 src/libraries/FreeRTOS/src/variantHooks.o
 .debug_info    0x000090fd     0x1018 src/libraries/MD_TCS230/src/MD_TCS230.o
 .debug_info    0x0000a115     0x28f2 src/libraries/SoftwareSerial/src/SoftwareSerial.o
 .debug_info    0x0000ca07     0x1f64 D:\Users\Celine\ONEDRI~1.EDU\DOCUME~1\Schule\UNIVER~1\EECS47~1\Project\LIL_FI~1\LILFIS~1\LILFIS~1\ARDUIN~1\Debug\libArduinoCore.a(HardwareSerial.o)
 .debug_info    0x0000e96b     0x1b16 D:\Users\Celine\ONEDRI~1.EDU\DOCUME~1\Schule\UNIVER~1\EECS47~1\Project\LIL_FI~1\LILFIS~1\LILFIS~1\ARDUIN~1\Debug\libArduinoCore.a(HardwareSerial0.o)
 .debug_info    0x00010481      0x237 D:\Users\Celine\ONEDRI~1.EDU\DOCUME~1\Schule\UNIVER~1\EECS47~1\Project\LIL_FI~1\LILFIS~1\LILFIS~1\ARDUIN~1\Debug\libArduinoCore.a(main.o)
 .debug_info    0x000106b8     0x28ff D:\Users\Celine\ONEDRI~1.EDU\DOCUME~1\Schule\UNIVER~1\EECS47~1\Project\LIL_FI~1\LILFIS~1\LILFIS~1\ARDUIN~1\Debug\libArduinoCore.a(Print.o)
 .debug_info    0x00012fb7      0x21c D:\Users\Celine\ONEDRI~1.EDU\DOCUME~1\Schule\UNIVER~1\EECS47~1\Project\LIL_FI~1\LILFIS~1\LILFIS~1\ARDUIN~1\Debug\libArduinoCore.a(WInterrupts.o)
 .debug_info    0x000131d3      0x2cb D:\Users\Celine\ONEDRI~1.EDU\DOCUME~1\Schule\UNIVER~1\EECS47~1\Project\LIL_FI~1\LILFIS~1\LILFIS~1\ARDUIN~1\Debug\libArduinoCore.a(wiring.o)
 .debug_info    0x0001349e      0x26d D:\Users\Celine\ONEDRI~1.EDU\DOCUME~1\Schule\UNIVER~1\EECS47~1\Project\LIL_FI~1\LILFIS~1\LILFIS~1\ARDUIN~1\Debug\libArduinoCore.a(wiring_analog.o)
 .debug_info    0x0001370b      0x5fe D:\Users\Celine\ONEDRI~1.EDU\DOCUME~1\Schule\UNIVER~1\EECS47~1\Project\LIL_FI~1\LILFIS~1\LILFIS~1\ARDUIN~1\Debug\libArduinoCore.a(wiring_digital.o)
 .debug_info    0x00013d09      0x4fa D:\Users\Celine\ONEDRI~1.EDU\DOCUME~1\Schule\UNIVER~1\EECS47~1\Project\LIL_FI~1\LILFIS~1\LILFIS~1\ARDUIN~1\Debug\libArduinoCore.a(FreqCount.o)
 .debug_info    0x00014203       0x3e D:\Users\Celine\ONEDRI~1.EDU\DOCUME~1\Schule\UNIVER~1\EECS47~1\Project\LIL_FI~1\LILFIS~1\LILFIS~1\ARDUIN~1\Debug\libArduinoCore.a(hooks.o)

.debug_abbrev   0x00000000     0x4091
 *(.debug_abbrev)
 .debug_abbrev  0x00000000      0x5a2 C:/Program Files (x86)/Atmel/Studio/7.0/Packs/atmel/ATmega_DFP/1.2.209/gcc/dev/atmega328p/avr5/crtatmega328p.o
 .debug_abbrev  0x000005a2      0x393 color_sensor.o
 .debug_abbrev  0x00000935      0x245 tempSensor.o
 .debug_abbrev  0x00000b7a      0x3a9 main.o
 .debug_abbrev  0x00000f23      0x34d OneWire.o
 .debug_abbrev  0x00001270       0xe5 phSensor.o
 .debug_abbrev  0x00001355      0x115 src/libraries/FreeRTOS/src/heap_3.o
 .debug_abbrev  0x0000146a       0xff src/libraries/FreeRTOS/src/list.o
 .debug_abbrev  0x00001569      0x158 src/libraries/FreeRTOS/src/port.o
 .debug_abbrev  0x000016c1      0x2d5 src/libraries/FreeRTOS/src/queue.o
 .debug_abbrev  0x00001996      0x35e src/libraries/FreeRTOS/src/tasks.o
 .debug_abbrev  0x00001cf4      0x2f8 src/libraries/FreeRTOS/src/timers.o
 .debug_abbrev  0x00001fec      0x18d src/libraries/FreeRTOS/src/variantHooks.o
 .debug_abbrev  0x00002179      0x39f src/libraries/MD_TCS230/src/MD_TCS230.o
 .debug_abbrev  0x00002518      0x60b src/libraries/SoftwareSerial/src/SoftwareSerial.o
 .debug_abbrev  0x00002b23      0x4b7 D:\Users\Celine\ONEDRI~1.EDU\DOCUME~1\Schule\UNIVER~1\EECS47~1\Project\LIL_FI~1\LILFIS~1\LILFIS~1\ARDUIN~1\Debug\libArduinoCore.a(HardwareSerial.o)
 .debug_abbrev  0x00002fda      0x3ce D:\Users\Celine\ONEDRI~1.EDU\DOCUME~1\Schule\UNIVER~1\EECS47~1\Project\LIL_FI~1\LILFIS~1\LILFIS~1\ARDUIN~1\Debug\libArduinoCore.a(HardwareSerial0.o)
 .debug_abbrev  0x000033a8      0x12d D:\Users\Celine\ONEDRI~1.EDU\DOCUME~1\Schule\UNIVER~1\EECS47~1\Project\LIL_FI~1\LILFIS~1\LILFIS~1\ARDUIN~1\Debug\libArduinoCore.a(main.o)
 .debug_abbrev  0x000034d5      0x47a D:\Users\Celine\ONEDRI~1.EDU\DOCUME~1\Schule\UNIVER~1\EECS47~1\Project\LIL_FI~1\LILFIS~1\LILFIS~1\ARDUIN~1\Debug\libArduinoCore.a(Print.o)
 .debug_abbrev  0x0000394f       0xfc D:\Users\Celine\ONEDRI~1.EDU\DOCUME~1\Schule\UNIVER~1\EECS47~1\Project\LIL_FI~1\LILFIS~1\LILFIS~1\ARDUIN~1\Debug\libArduinoCore.a(WInterrupts.o)
 .debug_abbrev  0x00003a4b      0x146 D:\Users\Celine\ONEDRI~1.EDU\DOCUME~1\Schule\UNIVER~1\EECS47~1\Project\LIL_FI~1\LILFIS~1\LILFIS~1\ARDUIN~1\Debug\libArduinoCore.a(wiring.o)
 .debug_abbrev  0x00003b91      0x16b D:\Users\Celine\ONEDRI~1.EDU\DOCUME~1\Schule\UNIVER~1\EECS47~1\Project\LIL_FI~1\LILFIS~1\LILFIS~1\ARDUIN~1\Debug\libArduinoCore.a(wiring_analog.o)
 .debug_abbrev  0x00003cfc      0x15b D:\Users\Celine\ONEDRI~1.EDU\DOCUME~1\Schule\UNIVER~1\EECS47~1\Project\LIL_FI~1\LILFIS~1\LILFIS~1\ARDUIN~1\Debug\libArduinoCore.a(wiring_digital.o)
 .debug_abbrev  0x00003e57      0x210 D:\Users\Celine\ONEDRI~1.EDU\DOCUME~1\Schule\UNIVER~1\EECS47~1\Project\LIL_FI~1\LILFIS~1\LILFIS~1\ARDUIN~1\Debug\libArduinoCore.a(FreqCount.o)
 .debug_abbrev  0x00004067       0x2a D:\Users\Celine\ONEDRI~1.EDU\DOCUME~1\Schule\UNIVER~1\EECS47~1\Project\LIL_FI~1\LILFIS~1\LILFIS~1\ARDUIN~1\Debug\libArduinoCore.a(hooks.o)

.debug_line     0x00000000     0x6c73
 *(.debug_line .debug_line.* .debug_line_end)
 .debug_line    0x00000000      0x133 C:/Program Files (x86)/Atmel/Studio/7.0/Packs/atmel/ATmega_DFP/1.2.209/gcc/dev/atmega328p/avr5/crtatmega328p.o
 .debug_line    0x00000133      0x4fd color_sensor.o
 .debug_line    0x00000630      0x1ee tempSensor.o
 .debug_line    0x0000081e      0x5cc main.o
 .debug_line    0x00000dea      0x6c8 OneWire.o
 .debug_line    0x000014b2      0x12f phSensor.o
 .debug_line    0x000015e1      0x1b7 src/libraries/FreeRTOS/src/heap_3.o
 .debug_line    0x00001798      0x21c src/libraries/FreeRTOS/src/list.o
 .debug_line    0x000019b4      0x33c src/libraries/FreeRTOS/src/port.o
 .debug_line    0x00001cf0      0xb7e src/libraries/FreeRTOS/src/queue.o
 .debug_line    0x0000286e     0x126a src/libraries/FreeRTOS/src/tasks.o
 .debug_line    0x00003ad8      0x54c src/libraries/FreeRTOS/src/timers.o
 .debug_line    0x00004024      0x27a src/libraries/FreeRTOS/src/variantHooks.o
 .debug_line    0x0000429e      0x666 src/libraries/MD_TCS230/src/MD_TCS230.o
 .debug_line    0x00004904      0x7f9 src/libraries/SoftwareSerial/src/SoftwareSerial.o
 .debug_line    0x000050fd      0x4c4 D:\Users\Celine\ONEDRI~1.EDU\DOCUME~1\Schule\UNIVER~1\EECS47~1\Project\LIL_FI~1\LILFIS~1\LILFIS~1\ARDUIN~1\Debug\libArduinoCore.a(HardwareSerial.o)
 .debug_line    0x000055c1      0x28c D:\Users\Celine\ONEDRI~1.EDU\DOCUME~1\Schule\UNIVER~1\EECS47~1\Project\LIL_FI~1\LILFIS~1\LILFIS~1\ARDUIN~1\Debug\libArduinoCore.a(HardwareSerial0.o)
 .debug_line    0x0000584d      0x165 D:\Users\Celine\ONEDRI~1.EDU\DOCUME~1\Schule\UNIVER~1\EECS47~1\Project\LIL_FI~1\LILFIS~1\LILFIS~1\ARDUIN~1\Debug\libArduinoCore.a(main.o)
 .debug_line    0x000059b2      0x685 D:\Users\Celine\ONEDRI~1.EDU\DOCUME~1\Schule\UNIVER~1\EECS47~1\Project\LIL_FI~1\LILFIS~1\LILFIS~1\ARDUIN~1\Debug\libArduinoCore.a(Print.o)
 .debug_line    0x00006037      0x1a0 D:\Users\Celine\ONEDRI~1.EDU\DOCUME~1\Schule\UNIVER~1\EECS47~1\Project\LIL_FI~1\LILFIS~1\LILFIS~1\ARDUIN~1\Debug\libArduinoCore.a(WInterrupts.o)
 .debug_line    0x000061d7      0x299 D:\Users\Celine\ONEDRI~1.EDU\DOCUME~1\Schule\UNIVER~1\EECS47~1\Project\LIL_FI~1\LILFIS~1\LILFIS~1\ARDUIN~1\Debug\libArduinoCore.a(wiring.o)
 .debug_line    0x00006470      0x20f D:\Users\Celine\ONEDRI~1.EDU\DOCUME~1\Schule\UNIVER~1\EECS47~1\Project\LIL_FI~1\LILFIS~1\LILFIS~1\ARDUIN~1\Debug\libArduinoCore.a(wiring_analog.o)
 .debug_line    0x0000667f      0x252 D:\Users\Celine\ONEDRI~1.EDU\DOCUME~1\Schule\UNIVER~1\EECS47~1\Project\LIL_FI~1\LILFIS~1\LILFIS~1\ARDUIN~1\Debug\libArduinoCore.a(wiring_digital.o)
 .debug_line    0x000068d1      0x361 D:\Users\Celine\ONEDRI~1.EDU\DOCUME~1\Schule\UNIVER~1\EECS47~1\Project\LIL_FI~1\LILFIS~1\LILFIS~1\ARDUIN~1\Debug\libArduinoCore.a(FreqCount.o)
 .debug_line    0x00006c32       0x41 D:\Users\Celine\ONEDRI~1.EDU\DOCUME~1\Schule\UNIVER~1\EECS47~1\Project\LIL_FI~1\LILFIS~1\LILFIS~1\ARDUIN~1\Debug\libArduinoCore.a(hooks.o)

.debug_frame    0x00000000     0x1e78
 *(.debug_frame)
 .debug_frame   0x00000000       0xbc color_sensor.o
 .debug_frame   0x000000bc       0x58 tempSensor.o
 .debug_frame   0x00000114       0xec main.o
 .debug_frame   0x00000200      0x258 OneWire.o
 .debug_frame   0x00000458       0x58 phSensor.o
 .debug_frame   0x000004b0       0x4c src/libraries/FreeRTOS/src/heap_3.o
 .debug_frame   0x000004fc       0x90 src/libraries/FreeRTOS/src/list.o
 .debug_frame   0x0000058c       0x74 src/libraries/FreeRTOS/src/port.o
 .debug_frame   0x00000600      0x368 src/libraries/FreeRTOS/src/queue.o
 .debug_frame   0x00000968      0x57c src/libraries/FreeRTOS/src/tasks.o
 .debug_frame   0x00000ee4      0x198 src/libraries/FreeRTOS/src/timers.o
 .debug_frame   0x0000107c       0x54 src/libraries/FreeRTOS/src/variantHooks.o
 .debug_frame   0x000010d0      0x28c src/libraries/MD_TCS230/src/MD_TCS230.o
 .debug_frame   0x0000135c      0x1d4 src/libraries/SoftwareSerial/src/SoftwareSerial.o
 .debug_frame   0x00001530      0x110 D:\Users\Celine\ONEDRI~1.EDU\DOCUME~1\Schule\UNIVER~1\EECS47~1\Project\LIL_FI~1\LILFIS~1\LILFIS~1\ARDUIN~1\Debug\libArduinoCore.a(HardwareSerial.o)
 .debug_frame   0x00001640       0xe0 D:\Users\Celine\ONEDRI~1.EDU\DOCUME~1\Schule\UNIVER~1\EECS47~1\Project\LIL_FI~1\LILFIS~1\LILFIS~1\ARDUIN~1\Debug\libArduinoCore.a(HardwareSerial0.o)
 .debug_frame   0x00001720       0x54 D:\Users\Celine\ONEDRI~1.EDU\DOCUME~1\Schule\UNIVER~1\EECS47~1\Project\LIL_FI~1\LILFIS~1\LILFIS~1\ARDUIN~1\Debug\libArduinoCore.a(main.o)
 .debug_frame   0x00001774      0x3ac D:\Users\Celine\ONEDRI~1.EDU\DOCUME~1\Schule\UNIVER~1\EECS47~1\Project\LIL_FI~1\LILFIS~1\LILFIS~1\ARDUIN~1\Debug\libArduinoCore.a(Print.o)
 .debug_frame   0x00001b20       0xf4 D:\Users\Celine\ONEDRI~1.EDU\DOCUME~1\Schule\UNIVER~1\EECS47~1\Project\LIL_FI~1\LILFIS~1\LILFIS~1\ARDUIN~1\Debug\libArduinoCore.a(WInterrupts.o)
 .debug_frame   0x00001c14       0xc4 D:\Users\Celine\ONEDRI~1.EDU\DOCUME~1\Schule\UNIVER~1\EECS47~1\Project\LIL_FI~1\LILFIS~1\LILFIS~1\ARDUIN~1\Debug\libArduinoCore.a(wiring.o)
 .debug_frame   0x00001cd8       0x54 D:\Users\Celine\ONEDRI~1.EDU\DOCUME~1\Schule\UNIVER~1\EECS47~1\Project\LIL_FI~1\LILFIS~1\LILFIS~1\ARDUIN~1\Debug\libArduinoCore.a(wiring_analog.o)
 .debug_frame   0x00001d2c       0x7c D:\Users\Celine\ONEDRI~1.EDU\DOCUME~1\Schule\UNIVER~1\EECS47~1\Project\LIL_FI~1\LILFIS~1\LILFIS~1\ARDUIN~1\Debug\libArduinoCore.a(wiring_digital.o)
 .debug_frame   0x00001da8       0xac D:\Users\Celine\ONEDRI~1.EDU\DOCUME~1\Schule\UNIVER~1\EECS47~1\Project\LIL_FI~1\LILFIS~1\LILFIS~1\ARDUIN~1\Debug\libArduinoCore.a(FreqCount.o)
 .debug_frame   0x00001e54       0x24 D:\Users\Celine\ONEDRI~1.EDU\DOCUME~1\Schule\UNIVER~1\EECS47~1\Project\LIL_FI~1\LILFIS~1\LILFIS~1\ARDUIN~1\Debug\libArduinoCore.a(hooks.o)

.debug_str      0x00000000     0x4b59
 *(.debug_str)
 .debug_str     0x00000000      0x208 C:/Program Files (x86)/Atmel/Studio/7.0/Packs/atmel/ATmega_DFP/1.2.209/gcc/dev/atmega328p/avr5/crtatmega328p.o
 .debug_str     0x00000208      0x864 color_sensor.o
                                0x947 (size before relaxing)
 .debug_str     0x00000a6c      0x2db tempSensor.o
                                0x5f8 (size before relaxing)
 .debug_str     0x00000d47      0x402 main.o
                                0x8f9 (size before relaxing)
 .debug_str     0x00001149      0x155 OneWire.o
                                0x6c6 (size before relaxing)
 .debug_str     0x0000129e       0x50 phSensor.o
                                0x2fb (size before relaxing)
 .debug_str     0x000012ee      0x169 src/libraries/FreeRTOS/src/heap_3.o
                                0x295 (size before relaxing)
 .debug_str     0x00001457      0x142 src/libraries/FreeRTOS/src/list.o
                                0x360 (size before relaxing)
 .debug_str     0x00001599      0x12a src/libraries/FreeRTOS/src/port.o
                                0x34c (size before relaxing)
 .debug_str     0x000016c3      0x628 src/libraries/FreeRTOS/src/queue.o
                                0xa09 (size before relaxing)
 .debug_str     0x00001ceb      0x8f9 src/libraries/FreeRTOS/src/tasks.o
                                0xf2c (size before relaxing)
 .debug_str     0x000025e4      0x414 src/libraries/FreeRTOS/src/timers.o
                                0x8b5 (size before relaxing)
 .debug_str     0x000029f8       0x93 src/libraries/FreeRTOS/src/variantHooks.o
                                0x3e4 (size before relaxing)
 .debug_str     0x00002a8b      0x12d src/libraries/MD_TCS230/src/MD_TCS230.o
                                0x7d3 (size before relaxing)
 .debug_str     0x00002bb8     0x14ed src/libraries/SoftwareSerial/src/SoftwareSerial.o
                               0x197e (size before relaxing)
 .debug_str     0x000040a5      0x412 D:\Users\Celine\ONEDRI~1.EDU\DOCUME~1\Schule\UNIVER~1\EECS47~1\Project\LIL_FI~1\LILFIS~1\LILFIS~1\ARDUIN~1\Debug\libArduinoCore.a(HardwareSerial.o)
                               0x1659 (size before relaxing)
 .debug_str     0x000044b7       0x47 D:\Users\Celine\ONEDRI~1.EDU\DOCUME~1\Schule\UNIVER~1\EECS47~1\Project\LIL_FI~1\LILFIS~1\LILFIS~1\ARDUIN~1\Debug\libArduinoCore.a(HardwareSerial0.o)
                               0x144c (size before relaxing)
 .debug_str     0x000044fe       0x37 D:\Users\Celine\ONEDRI~1.EDU\DOCUME~1\Schule\UNIVER~1\EECS47~1\Project\LIL_FI~1\LILFIS~1\LILFIS~1\ARDUIN~1\Debug\libArduinoCore.a(main.o)
                                0x2f8 (size before relaxing)
 .debug_str     0x00004535      0x2db D:\Users\Celine\ONEDRI~1.EDU\DOCUME~1\Schule\UNIVER~1\EECS47~1\Project\LIL_FI~1\LILFIS~1\LILFIS~1\ARDUIN~1\Debug\libArduinoCore.a(Print.o)
                               0x1286 (size before relaxing)
 .debug_str     0x00004810       0x78 D:\Users\Celine\ONEDRI~1.EDU\DOCUME~1\Schule\UNIVER~1\EECS47~1\Project\LIL_FI~1\LILFIS~1\LILFIS~1\ARDUIN~1\Debug\libArduinoCore.a(WInterrupts.o)
                                0x27b (size before relaxing)
 .debug_str     0x00004888       0x5f D:\Users\Celine\ONEDRI~1.EDU\DOCUME~1\Schule\UNIVER~1\EECS47~1\Project\LIL_FI~1\LILFIS~1\LILFIS~1\ARDUIN~1\Debug\libArduinoCore.a(wiring.o)
                                0x28e (size before relaxing)
 .debug_str     0x000048e7       0x5b D:\Users\Celine\ONEDRI~1.EDU\DOCUME~1\Schule\UNIVER~1\EECS47~1\Project\LIL_FI~1\LILFIS~1\LILFIS~1\ARDUIN~1\Debug\libArduinoCore.a(wiring_analog.o)
                                0x292 (size before relaxing)
 .debug_str     0x00004942       0x4b D:\Users\Celine\ONEDRI~1.EDU\DOCUME~1\Schule\UNIVER~1\EECS47~1\Project\LIL_FI~1\LILFIS~1\LILFIS~1\ARDUIN~1\Debug\libArduinoCore.a(wiring_digital.o)
                                0x2f3 (size before relaxing)
 .debug_str     0x0000498d      0x1b0 D:\Users\Celine\ONEDRI~1.EDU\DOCUME~1\Schule\UNIVER~1\EECS47~1\Project\LIL_FI~1\LILFIS~1\LILFIS~1\ARDUIN~1\Debug\libArduinoCore.a(FreqCount.o)
                                0x502 (size before relaxing)
 .debug_str     0x00004b3d       0x1c D:\Users\Celine\ONEDRI~1.EDU\DOCUME~1\Schule\UNIVER~1\EECS47~1\Project\LIL_FI~1\LILFIS~1\LILFIS~1\ARDUIN~1\Debug\libArduinoCore.a(hooks.o)
                                0x183 (size before relaxing)

.debug_loc      0x00000000     0xb58a
 *(.debug_loc)
 .debug_loc     0x00000000      0x35b color_sensor.o
 .debug_loc     0x0000035b      0x14c tempSensor.o
 .debug_loc     0x000004a7      0x20c main.o
 .debug_loc     0x000006b3     0x1112 OneWire.o
 .debug_loc     0x000017c5      0x101 phSensor.o
 .debug_loc     0x000018c6      0x112 src/libraries/FreeRTOS/src/heap_3.o
 .debug_loc     0x000019d8      0x1d7 src/libraries/FreeRTOS/src/list.o
 .debug_loc     0x00001baf      0x288 src/libraries/FreeRTOS/src/port.o
 .debug_loc     0x00001e37     0x1b17 src/libraries/FreeRTOS/src/queue.o
 .debug_loc     0x0000394e     0x24ae src/libraries/FreeRTOS/src/tasks.o
 .debug_loc     0x00005dfc      0xadc src/libraries/FreeRTOS/src/timers.o
 .debug_loc     0x000068d8       0xb6 src/libraries/FreeRTOS/src/variantHooks.o
 .debug_loc     0x0000698e      0xde2 src/libraries/MD_TCS230/src/MD_TCS230.o
 .debug_loc     0x00007770      0xc96 src/libraries/SoftwareSerial/src/SoftwareSerial.o
 .debug_loc     0x00008406      0x4dc D:\Users\Celine\ONEDRI~1.EDU\DOCUME~1\Schule\UNIVER~1\EECS47~1\Project\LIL_FI~1\LILFIS~1\LILFIS~1\ARDUIN~1\Debug\libArduinoCore.a(HardwareSerial.o)
 .debug_loc     0x000088e2      0x1b0 D:\Users\Celine\ONEDRI~1.EDU\DOCUME~1\Schule\UNIVER~1\EECS47~1\Project\LIL_FI~1\LILFIS~1\LILFIS~1\ARDUIN~1\Debug\libArduinoCore.a(HardwareSerial0.o)
 .debug_loc     0x00008a92     0x1c87 D:\Users\Celine\ONEDRI~1.EDU\DOCUME~1\Schule\UNIVER~1\EECS47~1\Project\LIL_FI~1\LILFIS~1\LILFIS~1\ARDUIN~1\Debug\libArduinoCore.a(Print.o)
 .debug_loc     0x0000a719      0x235 D:\Users\Celine\ONEDRI~1.EDU\DOCUME~1\Schule\UNIVER~1\EECS47~1\Project\LIL_FI~1\LILFIS~1\LILFIS~1\ARDUIN~1\Debug\libArduinoCore.a(WInterrupts.o)
 .debug_loc     0x0000a94e      0x28d D:\Users\Celine\ONEDRI~1.EDU\DOCUME~1\Schule\UNIVER~1\EECS47~1\Project\LIL_FI~1\LILFIS~1\LILFIS~1\ARDUIN~1\Debug\libArduinoCore.a(wiring.o)
 .debug_loc     0x0000abdb       0xfe D:\Users\Celine\ONEDRI~1.EDU\DOCUME~1\Schule\UNIVER~1\EECS47~1\Project\LIL_FI~1\LILFIS~1\LILFIS~1\ARDUIN~1\Debug\libArduinoCore.a(wiring_analog.o)
 .debug_loc     0x0000acd9      0x5fc D:\Users\Celine\ONEDRI~1.EDU\DOCUME~1\Schule\UNIVER~1\EECS47~1\Project\LIL_FI~1\LILFIS~1\LILFIS~1\ARDUIN~1\Debug\libArduinoCore.a(wiring_digital.o)
 .debug_loc     0x0000b2d5      0x2b5 D:\Users\Celine\ONEDRI~1.EDU\DOCUME~1\Schule\UNIVER~1\EECS47~1\Project\LIL_FI~1\LILFIS~1\LILFIS~1\ARDUIN~1\Debug\libArduinoCore.a(FreqCount.o)

.debug_macinfo
 *(.debug_macinfo)

.debug_weaknames
 *(.debug_weaknames)

.debug_funcnames
 *(.debug_funcnames)

.debug_typenames
 *(.debug_typenames)

.debug_varnames
 *(.debug_varnames)

.debug_pubtypes
 *(.debug_pubtypes)

.debug_ranges   0x00000000      0x970
 *(.debug_ranges)
 .debug_ranges  0x00000000       0x40 color_sensor.o
 .debug_ranges  0x00000040       0x18 tempSensor.o
 .debug_ranges  0x00000058       0x58 main.o
 .debug_ranges  0x000000b0       0x90 OneWire.o
 .debug_ranges  0x00000140       0x10 phSensor.o
 .debug_ranges  0x00000150       0x18 src/libraries/FreeRTOS/src/heap_3.o
 .debug_ranges  0x00000168       0x30 src/libraries/FreeRTOS/src/list.o
 .debug_ranges  0x00000198       0x38 src/libraries/FreeRTOS/src/port.o
 .debug_ranges  0x000001d0       0xd0 src/libraries/FreeRTOS/src/queue.o
 .debug_ranges  0x000002a0      0x1d8 src/libraries/FreeRTOS/src/tasks.o
 .debug_ranges  0x00000478       0x80 src/libraries/FreeRTOS/src/timers.o
 .debug_ranges  0x000004f8       0x28 src/libraries/FreeRTOS/src/variantHooks.o
 .debug_ranges  0x00000520       0xb0 src/libraries/MD_TCS230/src/MD_TCS230.o
 .debug_ranges  0x000005d0       0xe0 src/libraries/SoftwareSerial/src/SoftwareSerial.o
 .debug_ranges  0x000006b0       0x58 D:\Users\Celine\ONEDRI~1.EDU\DOCUME~1\Schule\UNIVER~1\EECS47~1\Project\LIL_FI~1\LILFIS~1\LILFIS~1\ARDUIN~1\Debug\libArduinoCore.a(HardwareSerial.o)
 .debug_ranges  0x00000708       0x38 D:\Users\Celine\ONEDRI~1.EDU\DOCUME~1\Schule\UNIVER~1\EECS47~1\Project\LIL_FI~1\LILFIS~1\LILFIS~1\ARDUIN~1\Debug\libArduinoCore.a(HardwareSerial0.o)
 .debug_ranges  0x00000740       0x20 D:\Users\Celine\ONEDRI~1.EDU\DOCUME~1\Schule\UNIVER~1\EECS47~1\Project\LIL_FI~1\LILFIS~1\LILFIS~1\ARDUIN~1\Debug\libArduinoCore.a(main.o)
 .debug_ranges  0x00000760      0x120 D:\Users\Celine\ONEDRI~1.EDU\DOCUME~1\Schule\UNIVER~1\EECS47~1\Project\LIL_FI~1\LILFIS~1\LILFIS~1\ARDUIN~1\Debug\libArduinoCore.a(Print.o)
 .debug_ranges  0x00000880       0x30 D:\Users\Celine\ONEDRI~1.EDU\DOCUME~1\Schule\UNIVER~1\EECS47~1\Project\LIL_FI~1\LILFIS~1\LILFIS~1\ARDUIN~1\Debug\libArduinoCore.a(WInterrupts.o)
 .debug_ranges  0x000008b0       0x38 D:\Users\Celine\ONEDRI~1.EDU\DOCUME~1\Schule\UNIVER~1\EECS47~1\Project\LIL_FI~1\LILFIS~1\LILFIS~1\ARDUIN~1\Debug\libArduinoCore.a(wiring.o)
 .debug_ranges  0x000008e8       0x20 D:\Users\Celine\ONEDRI~1.EDU\DOCUME~1\Schule\UNIVER~1\EECS47~1\Project\LIL_FI~1\LILFIS~1\LILFIS~1\ARDUIN~1\Debug\libArduinoCore.a(wiring_analog.o)
 .debug_ranges  0x00000908       0x28 D:\Users\Celine\ONEDRI~1.EDU\DOCUME~1\Schule\UNIVER~1\EECS47~1\Project\LIL_FI~1\LILFIS~1\LILFIS~1\ARDUIN~1\Debug\libArduinoCore.a(wiring_digital.o)
 .debug_ranges  0x00000930       0x30 D:\Users\Celine\ONEDRI~1.EDU\DOCUME~1\Schule\UNIVER~1\EECS47~1\Project\LIL_FI~1\LILFIS~1\LILFIS~1\ARDUIN~1\Debug\libArduinoCore.a(FreqCount.o)
 .debug_ranges  0x00000960       0x10 D:\Users\Celine\ONEDRI~1.EDU\DOCUME~1\Schule\UNIVER~1\EECS47~1\Project\LIL_FI~1\LILFIS~1\LILFIS~1\ARDUIN~1\Debug\libArduinoCore.a(hooks.o)

.debug_macro
 *(.debug_macro)
OUTPUT(lil_fish_tanks_arduino.elf elf32-avr)
LOAD linker stubs