Archive member included to satisfy reference by file (symbol)

c:/program files (x86)/atmel/studio/7.0/toolchain/avr8/avr8-gnu-toolchain/bin/../lib/gcc/avr/5.4.0/../../../../avr/lib/avr5\libm.a(addsf3.o)
                              DFRobot_PH.o (__subsf3)
c:/program files (x86)/atmel/studio/7.0/toolchain/avr8/avr8-gnu-toolchain/bin/../lib/gcc/avr/5.4.0/../../../../avr/lib/avr5\libm.a(addsf3x.o)
                              c:/program files (x86)/atmel/studio/7.0/toolchain/avr8/avr8-gnu-toolchain/bin/../lib/gcc/avr/5.4.0/../../../../avr/lib/avr5\libm.a(addsf3.o) (__addsf3x)
c:/program files (x86)/atmel/studio/7.0/toolchain/avr8/avr8-gnu-toolchain/bin/../lib/gcc/avr/5.4.0/../../../../avr/lib/avr5\libm.a(cmpsf2.o)
                              main.o (__eqsf2)
c:/program files (x86)/atmel/studio/7.0/toolchain/avr8/avr8-gnu-toolchain/bin/../lib/gcc/avr/5.4.0/../../../../avr/lib/avr5\libm.a(divsf3.o)
                              DFRobot_PH.o (__divsf3)
c:/program files (x86)/atmel/studio/7.0/toolchain/avr8/avr8-gnu-toolchain/bin/../lib/gcc/avr/5.4.0/../../../../avr/lib/avr5\libm.a(divsf3x.o)
                              c:/program files (x86)/atmel/studio/7.0/toolchain/avr8/avr8-gnu-toolchain/bin/../lib/gcc/avr/5.4.0/../../../../avr/lib/avr5\libm.a(divsf3.o) (__divsf3x)
c:/program files (x86)/atmel/studio/7.0/toolchain/avr8/avr8-gnu-toolchain/bin/../lib/gcc/avr/5.4.0/../../../../avr/lib/avr5\libm.a(fixsfsi.o)
                              main.o (__fixsfsi)
c:/program files (x86)/atmel/studio/7.0/toolchain/avr8/avr8-gnu-toolchain/bin/../lib/gcc/avr/5.4.0/../../../../avr/lib/avr5\libm.a(fixunssfsi.o)
                              c:/program files (x86)/atmel/studio/7.0/toolchain/avr8/avr8-gnu-toolchain/bin/../lib/gcc/avr/5.4.0/../../../../avr/lib/avr5\libm.a(fixsfsi.o) (__fixunssfsi)
c:/program files (x86)/atmel/studio/7.0/toolchain/avr8/avr8-gnu-toolchain/bin/../lib/gcc/avr/5.4.0/../../../../avr/lib/avr5\libm.a(floatsisf.o)
                              main.o (__floatsisf)
c:/program files (x86)/atmel/studio/7.0/toolchain/avr8/avr8-gnu-toolchain/bin/../lib/gcc/avr/5.4.0/../../../../avr/lib/avr5\libm.a(fp_cmp.o)
                              c:/program files (x86)/atmel/studio/7.0/toolchain/avr8/avr8-gnu-toolchain/bin/../lib/gcc/avr/5.4.0/../../../../avr/lib/avr5\libm.a(cmpsf2.o) (__fp_cmp)
c:/program files (x86)/atmel/studio/7.0/toolchain/avr8/avr8-gnu-toolchain/bin/../lib/gcc/avr/5.4.0/../../../../avr/lib/avr5\libm.a(fp_inf.o)
                              c:/program files (x86)/atmel/studio/7.0/toolchain/avr8/avr8-gnu-toolchain/bin/../lib/gcc/avr/5.4.0/../../../../avr/lib/avr5\libm.a(addsf3x.o) (__fp_inf)
c:/program files (x86)/atmel/studio/7.0/toolchain/avr8/avr8-gnu-toolchain/bin/../lib/gcc/avr/5.4.0/../../../../avr/lib/avr5\libm.a(fp_nan.o)
                              c:/program files (x86)/atmel/studio/7.0/toolchain/avr8/avr8-gnu-toolchain/bin/../lib/gcc/avr/5.4.0/../../../../avr/lib/avr5\libm.a(addsf3x.o) (__fp_nan)
c:/program files (x86)/atmel/studio/7.0/toolchain/avr8/avr8-gnu-toolchain/bin/../lib/gcc/avr/5.4.0/../../../../avr/lib/avr5\libm.a(fp_pscA.o)
                              c:/program files (x86)/atmel/studio/7.0/toolchain/avr8/avr8-gnu-toolchain/bin/../lib/gcc/avr/5.4.0/../../../../avr/lib/avr5\libm.a(addsf3x.o) (__fp_pscA)
c:/program files (x86)/atmel/studio/7.0/toolchain/avr8/avr8-gnu-toolchain/bin/../lib/gcc/avr/5.4.0/../../../../avr/lib/avr5\libm.a(fp_pscB.o)
                              c:/program files (x86)/atmel/studio/7.0/toolchain/avr8/avr8-gnu-toolchain/bin/../lib/gcc/avr/5.4.0/../../../../avr/lib/avr5\libm.a(addsf3x.o) (__fp_pscB)
c:/program files (x86)/atmel/studio/7.0/toolchain/avr8/avr8-gnu-toolchain/bin/../lib/gcc/avr/5.4.0/../../../../avr/lib/avr5\libm.a(fp_round.o)
                              c:/program files (x86)/atmel/studio/7.0/toolchain/avr8/avr8-gnu-toolchain/bin/../lib/gcc/avr/5.4.0/../../../../avr/lib/avr5\libm.a(addsf3.o) (__fp_round)
c:/program files (x86)/atmel/studio/7.0/toolchain/avr8/avr8-gnu-toolchain/bin/../lib/gcc/avr/5.4.0/../../../../avr/lib/avr5\libm.a(fp_split3.o)
                              c:/program files (x86)/atmel/studio/7.0/toolchain/avr8/avr8-gnu-toolchain/bin/../lib/gcc/avr/5.4.0/../../../../avr/lib/avr5\libm.a(addsf3x.o) (__fp_split3)
c:/program files (x86)/atmel/studio/7.0/toolchain/avr8/avr8-gnu-toolchain/bin/../lib/gcc/avr/5.4.0/../../../../avr/lib/avr5\libm.a(fp_zero.o)
                              c:/program files (x86)/atmel/studio/7.0/toolchain/avr8/avr8-gnu-toolchain/bin/../lib/gcc/avr/5.4.0/../../../../avr/lib/avr5\libm.a(addsf3x.o) (__fp_zero)
c:/program files (x86)/atmel/studio/7.0/toolchain/avr8/avr8-gnu-toolchain/bin/../lib/gcc/avr/5.4.0/../../../../avr/lib/avr5\libm.a(gesf2.o)
                              DFRobot_PH.o (__gtsf2)
c:/program files (x86)/atmel/studio/7.0/toolchain/avr8/avr8-gnu-toolchain/bin/../lib/gcc/avr/5.4.0/../../../../avr/lib/avr5\libm.a(mulsf3.o)
[...]
Memory Configuration

Name             Origin             Length             Attributes
text             0x00000000         0x00020000         xr
data             0x00800060         0x0000ffa0         rw !x
eeprom           0x00810000         0x00010000         rw !x
fuse             0x00820000         0x00000003         rw !x
lock             0x00830000         0x00000400         rw !x
signature        0x00840000         0x00000400         rw !x
user_signatures  0x00850000         0x00000400         rw !x
*default*        0x00000000         0xffffffff

Linker script and memory map

Address of section .data set to 0x800100
LOAD C:/Program Files (x86)/Atmel/Studio/7.0/Packs/atmel/ATmega_DFP/1.2.209/gcc/dev/atmega328p/avr5/crtatmega328p.o
LOAD DFRobot_PH.o
LOAD main.o
LOAD OneWire.o
LOAD phSensor.o
LOAD src/libraries/FreeRTOS/src/croutine.o
LOAD src/libraries/FreeRTOS/src/event_groups.o
LOAD src/libraries/FreeRTOS/src/heap_3.o
LOAD src/libraries/FreeRTOS/src/list.o
LOAD src/libraries/FreeRTOS/src/port.o
LOAD src/libraries/FreeRTOS/src/queue.o
LOAD src/libraries/FreeRTOS/src/stream_buffer.o
LOAD src/libraries/FreeRTOS/src/tasks.o
LOAD src/libraries/FreeRTOS/src/timers.o
LOAD src/libraries/FreeRTOS/src/variantHooks.o
LOAD src/libraries/MD_TCS230/src/MD_TCS230.o
LOAD src/libraries/SoftwareSerial/src/SoftwareSerial.o
START GROUP
LOAD c:/program files (x86)/atmel/studio/7.0/toolchain/avr8/avr8-gnu-toolchain/bin/../lib/gcc/avr/5.4.0/../../../../avr/lib/avr5\libm.a
LOAD C:\Users\David Waier\Desktop\lil_fish_tanks\LilFishTanks\LilFishTanks\ArduinoCore\Debug\libArduinoCore.a
END GROUP
LOAD c:/program files (x86)/atmel/studio/7.0/toolchain/avr8/avr8-gnu-toolchain/bin/../lib/gcc/avr/5.4.0/avr5\libgcc.a
LOAD c:/program files (x86)/atmel/studio/7.0/toolchain/avr8/avr8-gnu-toolchain/bin/../lib/gcc/avr/5.4.0/../../../../avr/lib/avr5\libm.a
START GROUP
LOAD c:/program files (x86)/atmel/studio/7.0/toolchain/avr8/avr8-gnu-toolchain/bin/../lib/gcc/avr/5.4.0/avr5\libgcc.a
LOAD c:/program files (x86)/atmel/studio/7.0/toolchain/avr8/avr8-gnu-toolchain/bin/../lib/gcc/avr/5.4.0/../../../../avr/lib/avr5\libm.a
LOAD c:/program files (x86)/atmel/studio/7.0/toolchain/avr8/avr8-gnu-toolchain/bin/../lib/gcc/avr/5.4.0/../../../../avr/lib/avr5\libc.a
LOAD C:/Program Files (x86)/Atmel/Studio/7.0/Packs/atmel/ATmega_DFP/1.2.209/gcc/dev/atmega328p/avr5\libatmega328p.a
END GROUP
                0x00000000                __TEXT_REGION_ORIGIN__ = DEFINED (__TEXT_REGION_ORIGIN__)?__TEXT_REGION_ORIGIN__:0x0
                0x00800060                __DATA_REGION_ORIGIN__ = DEFINED (__DATA_REGION_ORIGIN__)?__DATA_REGION_ORIGIN__:0x800060
                0x00020000                __TEXT_REGION_LENGTH__ = DEFINED (__TEXT_REGION_LENGTH__)?__TEXT_REGION_LENGTH__:0x20000
                0x0000ffa0                __DATA_REGION_LENGTH__ = DEFINED (__DATA_REGION_LENGTH__)?__DATA_REGION_LENGTH__:0xffa0
                0x00010000                __EEPROM_REGION_LENGTH__ = DEFINED (__EEPROM_REGION_LENGTH__)?__EEPROM_REGION_LENGTH__:0x10000
                [0x00000003]                __FUSE_REGION_LENGTH__ = DEFINED (__FUSE_REGION_LENGTH__)?__FUSE_REGION_LENGTH__:0x400
                0x00000400                __LOCK_REGION_LENGTH__ = DEFINED (__LOCK_REGION_LENGTH__)?__LOCK_REGION_LENGTH__:0x400
                0x00000400                __SIGNATURE_REGION_LENGTH__ = DEFINED (__SIGNATURE_REGION_LENGTH__)?__SIGNATURE_REGION_LENGTH__:0x400
                0x00000400                __USER_SIGNATURE_REGION_LENGTH__ = DEFINED (__USER_SIGNATURE_REGION_LENGTH__)?__USER_SIGNATURE_REGION_LENGTH__:0x400

.hash
 *(.hash)

.dynsym
 *(.dynsym)

.dynstr
 *(.dynstr)

.gnu.version
 *(.gnu.version)

.gnu.version_d
 *(.gnu.version_d)

.gnu.version_r
 *(.gnu.version_r)

.rel.init
 *(.rel.init)

.rela.init
 *(.rela.init)

.rel.text
 *(.rel.text)
 *(.rel.text.*)
 *(.rel.gnu.linkonce.t*)

.rela.text
 *(.rela.text)
 *(.rela.text.*)
 *(.rela.gnu.linkonce.t*)

.rel.fini
 *(.rel.fini)

.rela.fini
 *(.rela.fini)

.rel.rodata
 *(.rel.rodata)
 *(.rel.rodata.*)
 *(.rel.gnu.linkonce.r*)

.rela.rodata
 *(.rela.rodata)
 *(.rela.rodata.*)
 *(.rela.gnu.linkonce.r*)

.rel.data
 *(.rel.data)
 *(.rel.data.*)
 *(.rel.gnu.linkonce.d*)

.rela.data
 *(.rela.data)
 *(.rela.data.*)
 *(.rela.gnu.linkonce.d*)

.rel.ctors
 *(.rel.ctors)

.rela.ctors
 *(.rela.ctors)

.rel.dtors
 *(.rel.dtors)

.rela.dtors
 *(.rela.dtors)

.rel.got
 *(.rel.got)

.rela.got
 *(.rela.got)

.rel.bss
 *(.rel.bss)

.rela.bss
 *(.rela.bss)

.rel.plt
 *(.rel.plt)

.rela.plt
 *(.rela.plt)

.text           0x00000000     0x4af0
 *(.vectors)
 .vectors       0x00000000       0x68 C:/Program Files (x86)/Atmel/Studio/7.0/Packs/atmel/ATmega_DFP/1.2.209/gcc/dev/atmega328p/avr5/crtatmega328p.o
                0x00000000                __vector_default
                0x00000000                __vectors
 *(.vectors)
 *(.progmem.gcc*)
 .progmem.gcc_sw_table.prvTimerTask
                0x00000068       0x14 src/libraries/FreeRTOS/src/timers.o
                0x0000007c                . = ALIGN (0x2)
                0x0000007c                __trampolines_start = .
 *(.trampolines)
 .trampolines   0x0000007c        0x0 linker stubs
 *(.trampolines*)
                0x0000007c                __trampolines_end = .
 *libprintf_flt.a:*(.progmem.data)
 *libc.a:*(.progmem.data)
 *(.progmem*)
 .progmem.data._ZZ9SameColorvE3__c
                0x0000007c       0x16 main.o
 .progmem.data._ZL15dscrc2x16_table
                0x00000092       0x20 OneWire.o
 .progmem.data.digital_pin_to_timer_PGM
                0x000000b2       0x14 C:\Users\David Waier\Desktop\lil_fish_tanks\LilFishTanks\LilFishTanks\ArduinoCore\Debug\libArduinoCore.a(wiring_digital.o)
                0x000000b2                digital_pin_to_timer_PGM
 .progmem.data.digital_pin_to_bit_mask_PGM
                0x000000c6       0x14 C:\Users\David Waier\Desktop\lil_fish_tanks\LilFishTanks\LilFishTanks\ArduinoCore\Debug\libArduinoCore.a(wiring_digital.o)
                0x000000c6                digital_pin_to_bit_mask_PGM
 .progmem.data.digital_pin_to_port_PGM
                0x000000da       0x14 C:\Users\David Waier\Desktop\lil_fish_tanks\LilFishTanks\LilFishTanks\ArduinoCore\Debug\libArduinoCore.a(wiring_digital.o)
                0x000000da                digital_pin_to_port_PGM
 .progmem.data.port_to_input_PGM
                0x000000ee        0xa C:\Users\David Waier\Desktop\lil_fish_tanks\LilFishTanks\LilFishTanks\ArduinoCore\Debug\libArduinoCore.a(wiring_digital.o)
                0x000000ee                port_to_input_PGM
 .progmem.data.port_to_output_PGM
                0x000000f8        0xa C:\Users\David Waier\Desktop\lil_fish_tanks\LilFishTanks\LilFishTanks\ArduinoCore\Debug\libArduinoCore.a(wiring_digital.o)
                0x000000f8                port_to_output_PGM
 .progmem.data.port_to_mode_PGM
                0x00000102        0xa C:\Users\David Waier\Desktop\lil_fish_tanks\LilFishTanks\LilFishTanks\ArduinoCore\Debug\libArduinoCore.a(wiring_digital.o)
                0x00000102                port_to_mode_PGM
                0x0000010c                . = ALIGN (0x2)
 *(.jumptables)
 *(.jumptables*)
 *(.lowtext)
 *(.lowtext*)
                0x0000010c                __ctors_start = .
 *(.ctors)
 .ctors         0x0000010c        0x2 main.o
 .ctors         0x0000010e        0x2 C:\Users\David Waier\Desktop\lil_fish_tanks\LilFishTanks\LilFishTanks\ArduinoCore\Debug\libArduinoCore.a(HardwareSerial0.o)
                0x00000110                __ctors_end = .
                0x00000110                __dtors_start = .
 *(.dtors)
 .dtors         0x00000110        0x2 main.o
                0x00000112                __dtors_end = .
 SORT(*)(.ctors)
 SORT(*)(.dtors)
 *(.init0)
 .init0         0x00000112        0x0 C:/Program Files (x86)/Atmel/Studio/7.0/Packs/atmel/ATmega_DFP/1.2.209/gcc/dev/atmega328p/avr5/crtatmega328p.o
                0x00000112                __init
 *(.init0)
 *(.init1)
 *(.init1)
 *(.init2)
 .init2         0x00000112        0xc C:/Program Files (x86)/Atmel/Studio/7.0/Packs/atmel/ATmega_DFP/1.2.209/gcc/dev/atmega328p/avr5/crtatmega328p.o
 *(.init2)
 *(.init3)
 *(.init3)
 *(.init4)
 .init4         0x0000011e       0x16 c:/program files (x86)/atmel/studio/7.0/toolchain/avr8/avr8-gnu-toolchain/bin/../lib/gcc/avr/5.4.0/avr5\libgcc.a(_copy_data.o)
                0x0000011e                __do_copy_data
 .init4         0x00000134       0x10 c:/program files (x86)/atmel/studio/7.0/toolchain/avr8/avr8-gnu-toolchain/bin/../lib/gcc/avr/5.4.0/avr5\libgcc.a(_clear_bss.o)
                0x00000134                __do_clear_bss
 *(.init4)
 *(.init5)
 *(.init5)
 *(.init6)
 .init6         0x00000144       0x16 c:/program files (x86)/atmel/studio/7.0/toolchain/avr8/avr8-gnu-toolchain/bin/../lib/gcc/avr/5.4.0/avr5\libgcc.a(_ctors.o)
                0x00000144                __do_global_ctors
 *(.init6)
 *(.init7)
 *(.init7)
 *(.init8)
 *(.init8)
 *(.init9)
 .init9         0x0000015a        0x8 C:/Program Files (x86)/Atmel/Studio/7.0/Packs/atmel/ATmega_DFP/1.2.209/gcc/dev/atmega328p/avr5/crtatmega328p.o
 *(.init9)
 *(.text)
 .text          0x00000162        0x4 C:/Program Files (x86)/Atmel/Studio/7.0/Packs/atmel/ATmega_DFP/1.2.209/gcc/dev/atmega328p/avr5/crtatmega328p.o
                0x00000162                __vector_22
                0x00000162                __vector_24
                0x00000162                __vector_12
                0x00000162                __bad_interrupt
                0x00000162                __vector_23
                0x00000162                __vector_25
                0x00000162                __vector_11
                0x00000162                __vector_13
                0x00000162                __vector_17
                0x00000162                __vector_9
                0x00000162                __vector_21
                0x00000162                __vector_15
                0x00000162                __vector_8
                0x00000162                __vector_14
                0x00000162                __vector_10
                0x00000162                __vector_20
                0x00000166                . = ALIGN (0x2)
 *(.text.*)
 .text._ZN5Print5writeEPKc
                0x00000166       0x2a main.o
                0x00000166                _ZN5Print5writeEPKc
 .text._Z11measureTempv
                0x00000190      0x11a main.o
                0x00000190                _Z11measureTempv
 .text._Z9addColorsv
                0x000002aa      0x29c main.o
                0x000002aa                _Z9addColorsv
 .text._Z9SameColorv
                0x00000546      0x12e main.o
                0x00000546                _Z9SameColorv
 .text._Z9FindMatchv
                0x00000674      0x108 main.o
                0x00000674                _Z9FindMatchv
 .text._Z9ScanColorv
                0x0000077c       0x76 main.o
                0x0000077c                _Z9ScanColorv
 .text._Z13findTestStripv
                0x000007f2       0xde main.o
                0x000007f2                _Z13findTestStripv
 .text._Z6setLED8LEDColor
                0x000008d0       0x48 main.o
                0x000008d0                _Z6setLED8LEDColor
 .text._Z15TaskColorSensorPv
                0x00000918      0x142 main.o
                0x00000918                _Z15TaskColorSensorPv
 .text._Z20TaskPHandTemperaturePv
                0x00000a5a      0x112 main.o
                0x00000a5a                _Z20TaskPHandTemperaturePv
 .text._Z8setupLEDv
                0x00000b6c       0x34 main.o
                0x00000b6c                _Z8setupLEDv
 .text.setup    0x00000ba0      0x116 main.o
                0x00000ba0                setup
 .text.loop     0x00000cb6        0x2 main.o
                0x00000cb6                loop
 .text.startup._GLOBAL__sub_I_ds
                0x00000cb8       0x26 main.o
 .text.exit._GLOBAL__sub_D_ds
                0x00000cde       0x10 main.o
 .text._Z8fromWifiv
                0x00000cee      0x16e main.o
                0x00000cee                _Z8fromWifiv
 .text._ZN7OneWire5resetEv
                0x00000e5c       0x7e OneWire.o
                0x00000e5c                _ZN7OneWire5resetEv
 .text._ZN7OneWire9write_bitEh
                0x00000eda       0x66 OneWire.o
                0x00000eda                _ZN7OneWire9write_bitEh
 .text._ZN7OneWire8read_bitEv
                0x00000f40       0x56 OneWire.o
                0x00000f40                _ZN7OneWire8read_bitEv
 .text._ZN7OneWire5writeEhh
                0x00000f96       0x68 OneWire.o
                0x00000f96                _ZN7OneWire5writeEhh
 .text._ZN7OneWire4readEv
                0x00000ffe       0x38 OneWire.o
                0x00000ffe                _ZN7OneWire4readEv
 .text._ZN7OneWire6selectEPKh
                0x00001036       0x3e OneWire.o
                0x00001036                _ZN7OneWire6selectEPKh
 .text._ZN7OneWire12reset_searchEv
                0x00001074       0x18 OneWire.o
                0x00001074                _ZN7OneWire12reset_searchEv
 .text._ZN7OneWire5beginEh
                0x0000108c       0x46 OneWire.o
                0x0000108c                _ZN7OneWire5beginEh
 .text._ZN7OneWire6searchEPhb
                0x000010d2      0x10e OneWire.o
                0x000010d2                _ZN7OneWire6searchEPhb
 .text._ZN7OneWire4crc8EPKhh
                0x000011e0       0x30 OneWire.o
                0x000011e0                _ZN7OneWire4crc8EPKhh
 .text._Z6calcPHv
                0x00001210       0xae phSensor.o
                0x00001210                _Z6calcPHv
 .text.hot.pvPortMalloc
                0x000012be       0x26 src/libraries/FreeRTOS/src/heap_3.o
                0x000012be                pvPortMalloc
 .text.hot.vPortFree
                0x000012e4       0x22 src/libraries/FreeRTOS/src/heap_3.o
                0x000012e4                vPortFree
 .text.hot.vListInitialise
                0x00001306       0x1c src/libraries/FreeRTOS/src/list.o
                0x00001306                vListInitialise
 .text.hot.vListInitialiseItem
                0x00001322        0x8 src/libraries/FreeRTOS/src/list.o
                0x00001322                vListInitialiseItem
 .text.hot.vListInsertEnd
                0x0000132a       0x42 src/libraries/FreeRTOS/src/list.o
                0x0000132a                vListInsertEnd
 .text.hot.vListInsert
                0x0000136c       0x70 src/libraries/FreeRTOS/src/list.o
                0x0000136c                vListInsert
 .text.hot.uxListRemove
                0x000013dc       0x48 src/libraries/FreeRTOS/src/list.o
                0x000013dc                uxListRemove
 .text.hot.pxPortInitialiseStack
                0x00001424       0xd8 src/libraries/FreeRTOS/src/port.o
                0x00001424                pxPortInitialiseStack
 .text.hot.xPortStartScheduler
                0x000014fc       0x70 src/libraries/FreeRTOS/src/port.o
                0x000014fc                xPortStartScheduler
 .text.hot.vPortYield
                0x0000156c       0xb2 src/libraries/FreeRTOS/src/port.o
                0x0000156c                vPortYield
 .text.hot.vPortYieldFromTick
                0x0000161e       0xba src/libraries/FreeRTOS/src/port.o
                0x0000161e                vPortYieldFromTick
 .text.hot.__vector_6
                0x000016d8        0x6 src/libraries/FreeRTOS/src/port.o
                0x000016d8                __vector_6
 .text.hot.prvIsQueueEmpty
                0x000016de       0x16 src/libraries/FreeRTOS/src/queue.o
 .text.hot.prvCopyDataToQueue
                0x000016f4       0xa6 src/libraries/FreeRTOS/src/queue.o
 .text.hot.prvCopyDataFromQueue
                0x0000179a       0x34 src/libraries/FreeRTOS/src/queue.o
 .text.hot.prvUnlockQueue
                0x000017ce       0x7c src/libraries/FreeRTOS/src/queue.o
 .text.hot.xQueueGenericReset
                0x0000184a       0x7e src/libraries/FreeRTOS/src/queue.o
                0x0000184a                xQueueGenericReset
 .text.hot.xQueueGenericCreate
                0x000018c8       0x50 src/libraries/FreeRTOS/src/queue.o
                0x000018c8                xQueueGenericCreate
 .text.hot.xQueueGenericSend
                0x00001918      0x12c src/libraries/FreeRTOS/src/queue.o
                0x00001918                xQueueGenericSend
 .text.hot.xQueueGenericSendFromISR
                0x00001a44       0x5e src/libraries/FreeRTOS/src/queue.o
                0x00001a44                xQueueGenericSendFromISR
 .text.hot.xQueueGiveFromISR
                0x00001aa2       0x46 src/libraries/FreeRTOS/src/queue.o
                0x00001aa2                xQueueGiveFromISR
 .text.hot.xQueueReceive
                0x00001ae8      0x124 src/libraries/FreeRTOS/src/queue.o
                0x00001ae8                xQueueReceive
 .text.hot.xQueueSemaphoreTake
                0x00001c0c      0x184 src/libraries/FreeRTOS/src/queue.o
                0x00001c0c                xQueueSemaphoreTake
 .text.hot.vQueueWaitForMessageRestricted
                0x00001d90       0x38 src/libraries/FreeRTOS/src/queue.o
                0x00001d90                vQueueWaitForMessageRestricted
 .text.prvResetNextTaskUnblockTime
                0x00001dc8       0x36 src/libraries/FreeRTOS/src/tasks.o
 .text.hot.prvAddCurrentTaskToDelayedList
                0x00001dfe       0xb8 src/libraries/FreeRTOS/src/tasks.o
 .text.prvIdleTask
                0x00001eb6       0x5c src/libraries/FreeRTOS/src/tasks.o
 .text.hot.xTaskCreate
                0x00001f12      0x218 src/libraries/FreeRTOS/src/tasks.o
                0x00001f12                xTaskCreate
 .text.hot.vTaskResume
                0x0000212a       0x92 src/libraries/FreeRTOS/src/tasks.o
                0x0000212a                vTaskResume
 .text.hot.vTaskStartScheduler
                0x000021bc       0x5c src/libraries/FreeRTOS/src/tasks.o
                0x000021bc                vTaskStartScheduler
 .text.hot.vTaskSuspendAll
                0x00002218        0xc src/libraries/FreeRTOS/src/tasks.o
                0x00002218                vTaskSuspendAll
 .text.hot.xTaskGetTickCount
                0x00002224       0x14 src/libraries/FreeRTOS/src/tasks.o
                0x00002224                xTaskGetTickCount
 .text.hot.xTaskIncrementTick
                0x00002238      0x158 src/libraries/FreeRTOS/src/tasks.o
                0x00002238                xTaskIncrementTick
 .text.hot.xTaskResumeAll
                0x00002390       0xde src/libraries/FreeRTOS/src/tasks.o
                0x00002390                xTaskResumeAll
 .text.hot.vTaskDelayUntil
                0x0000246e       0x70 src/libraries/FreeRTOS/src/tasks.o
                0x0000246e                vTaskDelayUntil
 .text.hot.vTaskDelay
                0x000024de       0x2a src/libraries/FreeRTOS/src/tasks.o
                0x000024de                vTaskDelay
 .text.hot.vTaskSwitchContext
                0x00002508       0xbc src/libraries/FreeRTOS/src/tasks.o
                0x00002508                vTaskSwitchContext
 .text.hot.vTaskPlaceOnEventList
                0x000025c4       0x22 src/libraries/FreeRTOS/src/tasks.o
                0x000025c4                vTaskPlaceOnEventList
 .text.hot.vTaskPlaceOnEventListRestricted
                0x000025e6       0x30 src/libraries/FreeRTOS/src/tasks.o
                0x000025e6                vTaskPlaceOnEventListRestricted
 .text.hot.xTaskRemoveFromEventList
                0x00002616       0x80 src/libraries/FreeRTOS/src/tasks.o
                0x00002616                xTaskRemoveFromEventList
 .text.hot.vTaskInternalSetTimeOutState
                0x00002696       0x16 src/libraries/FreeRTOS/src/tasks.o
                0x00002696                vTaskInternalSetTimeOutState
 .text.hot.xTaskCheckForTimeOut
                0x000026ac       0x66 src/libraries/FreeRTOS/src/tasks.o
                0x000026ac                xTaskCheckForTimeOut
 .text.hot.vTaskMissedYield
                0x00002712        0x8 src/libraries/FreeRTOS/src/tasks.o
                0x00002712                vTaskMissedYield
 .text.hot.xTaskGetSchedulerState
                0x0000271a       0x1c src/libraries/FreeRTOS/src/tasks.o
                0x0000271a                xTaskGetSchedulerState
 .text.hot.xTaskPriorityInherit
                0x00002736       0xc6 src/libraries/FreeRTOS/src/tasks.o
                0x00002736                xTaskPriorityInherit
 .text.hot.xTaskPriorityDisinherit
                0x000027fc       0x74 src/libraries/FreeRTOS/src/tasks.o
                0x000027fc                xTaskPriorityDisinherit
 .text.hot.vTaskPriorityDisinheritAfterTimeout
                0x00002870       0x8e src/libraries/FreeRTOS/src/tasks.o
                0x00002870                vTaskPriorityDisinheritAfterTimeout
 .text.hot.pvTaskIncrementMutexHeldCount
                0x000028fe       0x24 src/libraries/FreeRTOS/src/tasks.o
                0x000028fe                pvTaskIncrementMutexHeldCount
 .text.hot.prvCheckForValidListAndQueue
                0x00002922       0x52 src/libraries/FreeRTOS/src/timers.o
 .text.hot.prvInsertTimerInActiveList
                0x00002974       0x54 src/libraries/FreeRTOS/src/timers.o
 .text.hot.xTimerCreateTimerTask
                0x000029c8       0x40 src/libraries/FreeRTOS/src/timers.o
                0x000029c8                xTimerCreateTimerTask
 .text.hot.xTimerGenericCommand
                0x00002a08       0x7e src/libraries/FreeRTOS/src/timers.o
                0x00002a08                xTimerGenericCommand
 .text.hot.prvSwitchTimerLists
                0x00002a86       0xa2 src/libraries/FreeRTOS/src/timers.o
 .text.hot.prvTimerTask
                0x00002b28      0x206 src/libraries/FreeRTOS/src/timers.o
 .text.initVariant
                0x00002d2e        0xa src/libraries/FreeRTOS/src/variantHooks.o
                0x00002d2e                initVariant
 .text.vApplicationIdleHook
                0x00002d38       0x12 src/libraries/FreeRTOS/src/variantHooks.o
                0x00002d38                vApplicationIdleHook
 .text.vApplicationMallocFailedHook
                0x00002d4a       0x1a src/libraries/FreeRTOS/src/variantHooks.o
                0x00002d4a                vApplicationMallocFailedHook
 .text.vApplicationStackOverflowHook
                0x00002d64       0x1a src/libraries/FreeRTOS/src/variantHooks.o
                0x00002d64                vApplicationStackOverflowHook
 .text._ZN9MD_TCS23010initialiseEv
                0x00002d7e       0x4e src/libraries/MD_TCS230/src/MD_TCS230.o
                0x00002d7e                _ZN9MD_TCS23010initialiseEv
 .text._ZN9MD_TCS230C2Ehhh
                0x00002dcc       0x28 src/libraries/MD_TCS230/src/MD_TCS230.o
                0x00002dcc                _ZN9MD_TCS230C1Ehhh
                0x00002dcc                _ZN9MD_TCS230C2Ehhh
 .text._ZN9MD_TCS230D2Ev
                0x00002df4        0x2 src/libraries/MD_TCS230/src/MD_TCS230.o
                0x00002df4                _ZN9MD_TCS230D2Ev
                0x00002df4                _ZN9MD_TCS230D1Ev
 .text._ZN9MD_TCS2309setFilterEh
                0x00002df6       0x4c src/libraries/MD_TCS230/src/MD_TCS230.o
                0x00002df6                _ZN9MD_TCS2309setFilterEh
 .text._ZN9MD_TCS23013setFrequency2Eh
                0x00002e42       0x4c src/libraries/MD_TCS230/src/MD_TCS230.o
                0x00002e42                _ZN9MD_TCS23013setFrequency2Eh
 .text._ZN9MD_TCS2309setEnableEb
                0x00002e8e       0x22 src/libraries/MD_TCS230/src/MD_TCS230.o
                0x00002e8e                _ZN9MD_TCS2309setEnableEb
 .text._ZN9MD_TCS2305beginEv
                0x00002eb0       0x56 src/libraries/MD_TCS230/src/MD_TCS230.o
                0x00002eb0                _ZN9MD_TCS2305beginEv
 .text._ZN9MD_TCS2306getRGBEP9colorData
                0x00002f06       0x20 src/libraries/MD_TCS230/src/MD_TCS230.o
                0x00002f06                _ZN9MD_TCS2306getRGBEP9colorData
 .text._ZN9MD_TCS23017RGBTransformationEv
                0x00002f26       0xb8 src/libraries/MD_TCS230/src/MD_TCS230.o
                0x00002f26                _ZN9MD_TCS23017RGBTransformationEv
 .text._ZN9MD_TCS2307readFSMEh
                0x00002fde       0xbc src/libraries/MD_TCS230/src/MD_TCS230.o
                0x00002fde                _ZN9MD_TCS2307readFSMEh
 .text._ZN9MD_TCS2304readEv
                0x0000309a       0x14 src/libraries/MD_TCS230/src/MD_TCS230.o
                0x0000309a                _ZN9MD_TCS2304readEv
 .text._ZN9MD_TCS2309availableEv
                0x000030ae       0x1c src/libraries/MD_TCS230/src/MD_TCS230.o
                0x000030ae                _ZN9MD_TCS2309availableEv
 .text._ZN5Print17availableForWriteEv
                0x000030ca        0x6 src/libraries/SoftwareSerial/src/SoftwareSerial.o
                0x000030ca                _ZN5Print17availableForWriteEv
 .text._ZN14SoftwareSerial4readEv
                0x000030d0       0x42 src/libraries/SoftwareSerial/src/SoftwareSerial.o
                0x000030d0                _ZN14SoftwareSerial4readEv
 .text._ZN14SoftwareSerial5writeEh
                0x00003112       0xa0 src/libraries/SoftwareSerial/src/SoftwareSerial.o
                0x00003112                _ZN14SoftwareSerial5writeEh
 .text._ZN14SoftwareSerial5flushEv
                0x000031b2        0x2 src/libraries/SoftwareSerial/src/SoftwareSerial.o
                0x000031b2                _ZN14SoftwareSerial5flushEv
 .text._ZN14SoftwareSerial4peekEv
                0x000031b4       0x30 src/libraries/SoftwareSerial/src/SoftwareSerial.o
                0x000031b4                _ZN14SoftwareSerial4peekEv
 .text._ZN14SoftwareSerial9availableEv
                0x000031e4       0x30 src/libraries/SoftwareSerial/src/SoftwareSerial.o
                0x000031e4                _ZN14SoftwareSerial9availableEv
 .text._ZN14SoftwareSerial13stopListeningEv
                0x00003214       0x2c src/libraries/SoftwareSerial/src/SoftwareSerial.o
                0x00003214                _ZN14SoftwareSerial13stopListeningEv
 .text._ZN14SoftwareSerial6listenEv
                0x00003240       0x52 src/libraries/SoftwareSerial/src/SoftwareSerial.o
                0x00003240                _ZN14SoftwareSerial6listenEv
 .text.__vector_3
                0x00003292       0xf4 src/libraries/SoftwareSerial/src/SoftwareSerial.o
                0x00003292                __vector_5
                0x00003292                __vector_4
                0x00003292                __vector_3
 .text._ZN14SoftwareSerialD2Ev
                0x00003386        0xe src/libraries/SoftwareSerial/src/SoftwareSerial.o
                0x00003386                _ZN14SoftwareSerialD1Ev
                0x00003386                _ZN14SoftwareSerialD2Ev
 .text._ZN14SoftwareSerial5setTXEh
                0x00003394       0x52 src/libraries/SoftwareSerial/src/SoftwareSerial.o
                0x00003394                _ZN14SoftwareSerial5setTXEh
 .text._ZN14SoftwareSerial5setRXEh
                0x000033e6       0x52 src/libraries/SoftwareSerial/src/SoftwareSerial.o
                0x000033e6                _ZN14SoftwareSerial5setRXEh
 .text._ZN14SoftwareSerialC2Ehhb
                0x00003438       0x56 src/libraries/SoftwareSerial/src/SoftwareSerial.o
                0x00003438                _ZN14SoftwareSerialC1Ehhb
                0x00003438                _ZN14SoftwareSerialC2Ehhb
 .text._ZN14SoftwareSerial5beginEl
                0x0000348e      0x11c src/libraries/SoftwareSerial/src/SoftwareSerial.o
                0x0000348e                _ZN14SoftwareSerial5beginEl
 .text.avr-libc.fplib
                0x000035aa        0xe c:/program files (x86)/atmel/studio/7.0/toolchain/avr8/avr8-gnu-toolchain/bin/../lib/gcc/avr/5.4.0/../../../../avr/lib/avr5\libm.a(addsf3.o)
                0x000035aa                __subsf3
                0x000035ac                __addsf3
 .text.avr-libc.fplib
                0x000035b8       0xcc c:/program files (x86)/atmel/studio/7.0/toolchain/avr8/avr8-gnu-toolchain/bin/../lib/gcc/avr/5.4.0/../../../../avr/lib/avr5\libm.a(addsf3x.o)
                0x000035da                __addsf3x
 .text.avr-libc.fplib
                0x00003684        0xa c:/program files (x86)/atmel/studio/7.0/toolchain/avr8/avr8-gnu-toolchain/bin/../lib/gcc/avr/5.4.0/../../../../avr/lib/avr5\libm.a(cmpsf2.o)
                0x00003684                __nesf2
                0x00003684                __eqsf2
                0x00003684                __cmpsf2
                0x00003684                __ltsf2
                0x00003684                __lesf2
 .text.avr-libc.fplib
                0x0000368e        0x8 c:/program files (x86)/atmel/studio/7.0/toolchain/avr8/avr8-gnu-toolchain/bin/../lib/gcc/avr/5.4.0/../../../../avr/lib/avr5\libm.a(divsf3.o)
                0x0000368e                __divsf3
 .text.avr-libc.fplib
                0x00003696       0xdc c:/program files (x86)/atmel/studio/7.0/toolchain/avr8/avr8-gnu-toolchain/bin/../lib/gcc/avr/5.4.0/../../../../avr/lib/avr5\libm.a(divsf3x.o)
                0x000036b6                __divsf3x
                0x000036bc                __divsf3_pse
 .text.avr-libc.fplib
                0x00003772        0xe c:/program files (x86)/atmel/studio/7.0/toolchain/avr8/avr8-gnu-toolchain/bin/../lib/gcc/avr/5.4.0/../../../../avr/lib/avr5\libm.a(fixsfsi.o)
                0x00003772                __fixsfsi
 .text.avr-libc.fplib
                0x00003780       0x5e c:/program files (x86)/atmel/studio/7.0/toolchain/avr8/avr8-gnu-toolchain/bin/../lib/gcc/avr/5.4.0/../../../../avr/lib/avr5\libm.a(fixunssfsi.o)
                0x00003780                __fixunssfsi
 .text.avr-libc.fplib
                0x000037de       0x7a c:/program files (x86)/atmel/studio/7.0/toolchain/avr8/avr8-gnu-toolchain/bin/../lib/gcc/avr/5.4.0/../../../../avr/lib/avr5\libm.a(floatsisf.o)
                0x000037de                __floatunsisf
                0x000037e2                __floatsisf
 .text.avr-libc.fplib
                0x00003858       0x48 c:/program files (x86)/atmel/studio/7.0/toolchain/avr8/avr8-gnu-toolchain/bin/../lib/gcc/avr/5.4.0/../../../../avr/lib/avr5\libm.a(fp_cmp.o)
                0x00003858                __fp_cmp
 .text.avr-libc.fplib
                0x000038a0        0xc c:/program files (x86)/atmel/studio/7.0/toolchain/avr8/avr8-gnu-toolchain/bin/../lib/gcc/avr/5.4.0/../../../../avr/lib/avr5\libm.a(fp_inf.o)
                0x000038a0                __fp_inf
 .text.avr-libc.fplib
                0x000038ac        0x6 c:/program files (x86)/atmel/studio/7.0/toolchain/avr8/avr8-gnu-toolchain/bin/../lib/gcc/avr/5.4.0/../../../../avr/lib/avr5\libm.a(fp_nan.o)
                0x000038ac                __fp_nan
 .text.avr-libc.fplib
                0x000038b2        0xe c:/program files (x86)/atmel/studio/7.0/toolchain/avr8/avr8-gnu-toolchain/bin/../lib/gcc/avr/5.4.0/../../../../avr/lib/avr5\libm.a(fp_pscA.o)
                0x000038b2                __fp_pscA
 .text.avr-libc.fplib
                0x000038c0        0xe c:/program files (x86)/atmel/studio/7.0/toolchain/avr8/avr8-gnu-toolchain/bin/../lib/gcc/avr/5.4.0/../../../../avr/lib/avr5\libm.a(fp_pscB.o)
                0x000038c0                __fp_pscB
 .text.avr-libc.fplib
                0x000038ce       0x22 c:/program files (x86)/atmel/studio/7.0/toolchain/avr8/avr8-gnu-toolchain/bin/../lib/gcc/avr/5.4.0/../../../../avr/lib/avr5\libm.a(fp_round.o)
                0x000038ce                __fp_round
 .text.avr-libc.fplib
                0x000038f0       0x44 c:/program files (x86)/atmel/studio/7.0/toolchain/avr8/avr8-gnu-toolchain/bin/../lib/gcc/avr/5.4.0/../../../../avr/lib/avr5\libm.a(fp_split3.o)
                0x000038f0                __fp_split3
                0x00003900                __fp_splitA
 .text.avr-libc.fplib
                0x00003934        0xe c:/program files (x86)/atmel/studio/7.0/toolchain/avr8/avr8-gnu-toolchain/bin/../lib/gcc/avr/5.4.0/../../../../avr/lib/avr5\libm.a(fp_zero.o)
                0x00003934                __fp_zero
                0x00003936                __fp_szero
 .text.avr-libc.fplib
                0x00003942        0x8 c:/program files (x86)/atmel/studio/7.0/toolchain/avr8/avr8-gnu-toolchain/bin/../lib/gcc/avr/5.4.0/../../../../avr/lib/avr5\libm.a(mulsf3.o)
                0x00003942                __mulsf3
 .text.avr-libc.fplib
                0x0000394a       0xd2 c:/program files (x86)/atmel/studio/7.0/toolchain/avr8/avr8-gnu-toolchain/bin/../lib/gcc/avr/5.4.0/../../../../avr/lib/avr5\libm.a(mulsf3x.o)
                0x00003968                __mulsf3x
                0x0000396e                __mulsf3_pse
 .text._ZN14HardwareSerial9availableEv
                0x00003a1c       0x18 C:\Users\David Waier\Desktop\lil_fish_tanks\LilFishTanks\LilFishTanks\ArduinoCore\Debug\libArduinoCore.a(HardwareSerial.o)
                0x00003a1c                _ZN14HardwareSerial9availableEv
 .text._ZN14HardwareSerial4peekEv
                0x00003a34       0x1c C:\Users\David Waier\Desktop\lil_fish_tanks\LilFishTanks\LilFishTanks\ArduinoCore\Debug\libArduinoCore.a(HardwareSerial.o)
                0x00003a34                _ZN14HardwareSerial4peekEv
 .text._ZN14HardwareSerial4readEv
                0x00003a50       0x28 C:\Users\David Waier\Desktop\lil_fish_tanks\LilFishTanks\LilFishTanks\ArduinoCore\Debug\libArduinoCore.a(HardwareSerial.o)
                0x00003a50                _ZN14HardwareSerial4readEv
 .text._ZN14HardwareSerial17availableForWriteEv
                0x00003a78       0x1e C:\Users\David Waier\Desktop\lil_fish_tanks\LilFishTanks\LilFishTanks\ArduinoCore\Debug\libArduinoCore.a(HardwareSerial.o)
                0x00003a78                _ZN14HardwareSerial17availableForWriteEv
 .text._Z14serialEventRunv
                0x00003a96       0x1c C:\Users\David Waier\Desktop\lil_fish_tanks\LilFishTanks\LilFishTanks\ArduinoCore\Debug\libArduinoCore.a(HardwareSerial.o)
                0x00003a96                _Z14serialEventRunv
 .text._ZN14HardwareSerial17_tx_udr_empty_irqEv
                0x00003ab2       0x44 C:\Users\David Waier\Desktop\lil_fish_tanks\LilFishTanks\LilFishTanks\ArduinoCore\Debug\libArduinoCore.a(HardwareSerial.o)
                0x00003ab2                _ZN14HardwareSerial17_tx_udr_empty_irqEv
 .text._ZN14HardwareSerial5writeEh
                0x00003af6       0x9a C:\Users\David Waier\Desktop\lil_fish_tanks\LilFishTanks\LilFishTanks\ArduinoCore\Debug\libArduinoCore.a(HardwareSerial.o)
                0x00003af6                _ZN14HardwareSerial5writeEh
 .text._ZN14HardwareSerial5flushEv
                0x00003b90       0x44 C:\Users\David Waier\Desktop\lil_fish_tanks\LilFishTanks\LilFishTanks\ArduinoCore\Debug\libArduinoCore.a(HardwareSerial.o)
                0x00003b90                _ZN14HardwareSerial5flushEv
 .text._ZN14HardwareSerial5beginEmh
                0x00003bd4       0xca C:\Users\David Waier\Desktop\lil_fish_tanks\LilFishTanks\LilFishTanks\ArduinoCore\Debug\libArduinoCore.a(HardwareSerial.o)
                0x00003bd4                _ZN14HardwareSerial5beginEmh
 .text.__vector_18
                0x00003c9e       0x64 C:\Users\David Waier\Desktop\lil_fish_tanks\LilFishTanks\LilFishTanks\ArduinoCore\Debug\libArduinoCore.a(HardwareSerial0.o)
                0x00003c9e                __vector_18
 .text.__vector_19
                0x00003d02       0x4c C:\Users\David Waier\Desktop\lil_fish_tanks\LilFishTanks\LilFishTanks\ArduinoCore\Debug\libArduinoCore.a(HardwareSerial0.o)
                0x00003d02                __vector_19
 .text._Z17Serial0_availablev
                0x00003d4e       0x14 C:\Users\David Waier\Desktop\lil_fish_tanks\LilFishTanks\LilFishTanks\ArduinoCore\Debug\libArduinoCore.a(HardwareSerial0.o)
                0x00003d4e                _Z17Serial0_availablev
 .text.startup._GLOBAL__sub_I___vector_18
                0x00003d62       0x5a C:\Users\David Waier\Desktop\lil_fish_tanks\LilFishTanks\LilFishTanks\ArduinoCore\Debug\libArduinoCore.a(HardwareSerial0.o)
 .text.startup.main
                0x00003dbc       0x1e C:\Users\David Waier\Desktop\lil_fish_tanks\LilFishTanks\LilFishTanks\ArduinoCore\Debug\libArduinoCore.a(main.o)
                0x00003dbc                main
 .text._ZN5Print5writeEPKhj
                0x00003dda       0x54 C:\Users\David Waier\Desktop\lil_fish_tanks\LilFishTanks\LilFishTanks\ArduinoCore\Debug\libArduinoCore.a(Print.o)
                0x00003dda                _ZN5Print5writeEPKhj
 .text._ZN5Print5printEPK19__FlashStringHelper
                0x00003e2e       0x48 C:\Users\David Waier\Desktop\lil_fish_tanks\LilFishTanks\LilFishTanks\ArduinoCore\Debug\libArduinoCore.a(Print.o)
                0x00003e2e                _ZN5Print5printEPK19__FlashStringHelper
 .text._ZN5Print5printEPKc
                0x00003e76        0x4 C:\Users\David Waier\Desktop\lil_fish_tanks\LilFishTanks\LilFishTanks\ArduinoCore\Debug\libArduinoCore.a(Print.o)
                0x00003e76                _ZN5Print5printEPKc
 .text._ZN5Print5printEc
                0x00003e7a        0xe C:\Users\David Waier\Desktop\lil_fish_tanks\LilFishTanks\LilFishTanks\ArduinoCore\Debug\libArduinoCore.a(Print.o)
                0x00003e7a                _ZN5Print5printEc
 .text._ZN5Print7printlnEv
                0x00003e88        0x8 C:\Users\David Waier\Desktop\lil_fish_tanks\LilFishTanks\LilFishTanks\ArduinoCore\Debug\libArduinoCore.a(Print.o)
                0x00003e88                _ZN5Print7printlnEv
 .text._ZN5Print7printlnEPKc
                0x00003e90       0x24 C:\Users\David Waier\Desktop\lil_fish_tanks\LilFishTanks\LilFishTanks\ArduinoCore\Debug\libArduinoCore.a(Print.o)
                0x00003e90                _ZN5Print7printlnEPKc
 .text._ZN5Print11printNumberEmh
                0x00003eb4       0x92 C:\Users\David Waier\Desktop\lil_fish_tanks\LilFishTanks\LilFishTanks\ArduinoCore\Debug\libArduinoCore.a(Print.o)
                0x00003eb4                _ZN5Print11printNumberEmh
 .text._ZN5Print5printEmi
                0x00003f46       0x1a C:\Users\David Waier\Desktop\lil_fish_tanks\LilFishTanks\LilFishTanks\ArduinoCore\Debug\libArduinoCore.a(Print.o)
                0x00003f46                _ZN5Print5printEmi
 .text._ZN5Print5printEhi
                0x00003f60        0xe C:\Users\David Waier\Desktop\lil_fish_tanks\LilFishTanks\LilFishTanks\ArduinoCore\Debug\libArduinoCore.a(Print.o)
                0x00003f60                _ZN5Print5printEhi
 .text._ZN5Print7printlnEhi
                0x00003f6e       0x24 C:\Users\David Waier\Desktop\lil_fish_tanks\LilFishTanks\LilFishTanks\ArduinoCore\Debug\libArduinoCore.a(Print.o)
                0x00003f6e                _ZN5Print7printlnEhi
 .text._ZN5Print5printEli
                0x00003f92       0x90 C:\Users\David Waier\Desktop\lil_fish_tanks\LilFishTanks\LilFishTanks\ArduinoCore\Debug\libArduinoCore.a(Print.o)
                0x00003f92                _ZN5Print5printEli
 .text._ZN5Print5printEii
                0x00004022        0xe C:\Users\David Waier\Desktop\lil_fish_tanks\LilFishTanks\LilFishTanks\ArduinoCore\Debug\libArduinoCore.a(Print.o)
                0x00004022                _ZN5Print5printEii
 .text._ZN5Print7printlnEii
                0x00004030       0x24 C:\Users\David Waier\Desktop\lil_fish_tanks\LilFishTanks\LilFishTanks\ArduinoCore\Debug\libArduinoCore.a(Print.o)
                0x00004030                _ZN5Print7printlnEii
 .text.nothing  0x00004054        0x2 C:\Users\David Waier\Desktop\lil_fish_tanks\LilFishTanks\LilFishTanks\ArduinoCore\Debug\libArduinoCore.a(WInterrupts.o)
 .text.attachInterrupt
                0x00004056       0x40 C:\Users\David Waier\Desktop\lil_fish_tanks\LilFishTanks\LilFishTanks\ArduinoCore\Debug\libArduinoCore.a(WInterrupts.o)
                0x00004056                attachInterrupt
 .text.__vector_1
                0x00004096       0x4e C:\Users\David Waier\Desktop\lil_fish_tanks\LilFishTanks\LilFishTanks\ArduinoCore\Debug\libArduinoCore.a(WInterrupts.o)
                0x00004096                __vector_1
 .text.__vector_2
                0x000040e4       0x4e C:\Users\David Waier\Desktop\lil_fish_tanks\LilFishTanks\LilFishTanks\ArduinoCore\Debug\libArduinoCore.a(WInterrupts.o)
                0x000040e4                __vector_2
 .text.__vector_16
                0x00004132       0x94 C:\Users\David Waier\Desktop\lil_fish_tanks\LilFishTanks\LilFishTanks\ArduinoCore\Debug\libArduinoCore.a(wiring.o)
                0x00004132                __vector_16
 .text.micros   0x000041c6       0x4a C:\Users\David Waier\Desktop\lil_fish_tanks\LilFishTanks\LilFishTanks\ArduinoCore\Debug\libArduinoCore.a(wiring.o)
                0x000041c6                micros
 .text.delay    0x00004210       0x78 C:\Users\David Waier\Desktop\lil_fish_tanks\LilFishTanks\LilFishTanks\ArduinoCore\Debug\libArduinoCore.a(wiring.o)
                0x00004210                delay
 .text.delayMicroseconds
                0x00004288       0x16 C:\Users\David Waier\Desktop\lil_fish_tanks\LilFishTanks\LilFishTanks\ArduinoCore\Debug\libArduinoCore.a(wiring.o)
                0x00004288                delayMicroseconds
 .text.init     0x0000429e       0x76 C:\Users\David Waier\Desktop\lil_fish_tanks\LilFishTanks\LilFishTanks\ArduinoCore\Debug\libArduinoCore.a(wiring.o)
                0x0000429e                init
 .text.analogRead
                0x00004314       0x3a C:\Users\David Waier\Desktop\lil_fish_tanks\LilFishTanks\LilFishTanks\ArduinoCore\Debug\libArduinoCore.a(wiring_analog.o)
                0x00004314                analogRead
 .text.analogWrite
                0x0000434e       0xbe C:\Users\David Waier\Desktop\lil_fish_tanks\LilFishTanks\LilFishTanks\ArduinoCore\Debug\libArduinoCore.a(wiring_analog.o)
                0x0000434e                analogWrite
 .text.turnOffPWM
                0x0000440c       0x52 C:\Users\David Waier\Desktop\lil_fish_tanks\LilFishTanks\LilFishTanks\ArduinoCore\Debug\libArduinoCore.a(wiring_digital.o)
 .text.pinMode  0x0000445e       0x78 C:\Users\David Waier\Desktop\lil_fish_tanks\LilFishTanks\LilFishTanks\ArduinoCore\Debug\libArduinoCore.a(wiring_digital.o)
                0x0000445e                pinMode
 .text.digitalWrite
                0x000044d6       0x5e C:\Users\David Waier\Desktop\lil_fish_tanks\LilFishTanks\LilFishTanks\ArduinoCore\Debug\libArduinoCore.a(wiring_digital.o)
                0x000044d6                digitalWrite
 .text._ZN14FreqCountClass5beginEj
                0x00004534       0xf0 C:\Users\David Waier\Desktop\lil_fish_tanks\LilFishTanks\LilFishTanks\ArduinoCore\Debug\libArduinoCore.a(FreqCount.o)
                0x00004534                _ZN14FreqCountClass5beginEj
 .text._ZN14FreqCountClass9availableEv
                0x00004624        0x6 C:\Users\David Waier\Desktop\lil_fish_tanks\LilFishTanks\LilFishTanks\ArduinoCore\Debug\libArduinoCore.a(FreqCount.o)
                0x00004624                _ZN14FreqCountClass9availableEv
 .text._ZN14FreqCountClass4readEv
                0x0000462a       0x1c C:\Users\David Waier\Desktop\lil_fish_tanks\LilFishTanks\LilFishTanks\ArduinoCore\Debug\libArduinoCore.a(FreqCount.o)
                0x0000462a                _ZN14FreqCountClass4readEv
 .text._ZN14FreqCountClass3endEv
                0x00004646       0x2e C:\Users\David Waier\Desktop\lil_fish_tanks\LilFishTanks\LilFishTanks\ArduinoCore\Debug\libArduinoCore.a(FreqCount.o)
                0x00004646                _ZN14FreqCountClass3endEv
 .text.__vector_7
                0x00004674       0xec C:\Users\David Waier\Desktop\lil_fish_tanks\LilFishTanks\LilFishTanks\ArduinoCore\Debug\libArduinoCore.a(FreqCount.o)
                0x00004674                __vector_7
 .text.__empty  0x00004760        0x2 C:\Users\David Waier\Desktop\lil_fish_tanks\LilFishTanks\LilFishTanks\ArduinoCore\Debug\libArduinoCore.a(hooks.o)
                0x00004760                yield
 .text.libgcc.div
                0x00004762       0x28 c:/program files (x86)/atmel/studio/7.0/toolchain/avr8/avr8-gnu-toolchain/bin/../lib/gcc/avr/5.4.0/avr5\libgcc.a(_divmodhi4.o)
                0x00004762                _div
                0x00004762                __divmodhi4
 .text.libgcc.div
                0x0000478a       0x44 c:/program files (x86)/atmel/studio/7.0/toolchain/avr8/avr8-gnu-toolchain/bin/../lib/gcc/avr/5.4.0/avr5\libgcc.a(_udivmodsi4.o)
                0x0000478a                __udivmodsi4
 .text.libgcc.div
                0x000047ce       0x2e c:/program files (x86)/atmel/studio/7.0/toolchain/avr8/avr8-gnu-toolchain/bin/../lib/gcc/avr/5.4.0/avr5\libgcc.a(_divmodsi4.o)
                0x000047ce                __divmodsi4
 .text.libgcc.div
                0x000047fc       0x10 c:/program files (x86)/atmel/studio/7.0/toolchain/avr8/avr8-gnu-toolchain/bin/../lib/gcc/avr/5.4.0/avr5\libgcc.a(_negsi2.o)
                0x000047fc                __negsi2
 .text.libgcc   0x0000480c        0xc c:/program files (x86)/atmel/studio/7.0/toolchain/avr8/avr8-gnu-toolchain/bin/../lib/gcc/avr/5.4.0/avr5\libgcc.a(_tablejump2.o)
                0x0000480c                __tablejump2__
 .text.libgcc.mul
                0x00004818       0x16 c:/program files (x86)/atmel/studio/7.0/toolchain/avr8/avr8-gnu-toolchain/bin/../lib/gcc/avr/5.4.0/avr5\libgcc.a(_muluhisi3.o)
                0x00004818                __muluhisi3
 .text.libgcc.div
                0x0000482e       0x28 c:/program files (x86)/atmel/studio/7.0/toolchain/avr8/avr8-gnu-toolchain/bin/../lib/gcc/avr/5.4.0/avr5\libgcc.a(_udivmodhi4.o)
                0x0000482e                __udivmodhi4
 .text.libgcc.mul
                0x00004856       0x1e c:/program files (x86)/atmel/studio/7.0/toolchain/avr8/avr8-gnu-toolchain/bin/../lib/gcc/avr/5.4.0/avr5\libgcc.a(_umulhisi3.o)
                0x00004856                __umulhisi3
 .text.avr-libc
                0x00004874      0x242 c:/program files (x86)/atmel/studio/7.0/toolchain/avr8/avr8-gnu-toolchain/bin/../lib/gcc/avr/5.4.0/../../../../avr/lib/avr5\libc.a(malloc.o)
                0x00004874                malloc
                0x000049a4                free
 .text.avr-libc
                0x00004ab6       0x12 c:/program files (x86)/atmel/studio/7.0/toolchain/avr8/avr8-gnu-toolchain/bin/../lib/gcc/avr/5.4.0/../../../../avr/lib/avr5\libc.a(memcpy.o)
                0x00004ab6                memcpy
 .text.avr-libc
                0x00004ac8        0xe c:/program files (x86)/atmel/studio/7.0/toolchain/avr8/avr8-gnu-toolchain/bin/../lib/gcc/avr/5.4.0/../../../../avr/lib/avr5\libc.a(memset.o)
                0x00004ac8                memset
                0x00004ad6                . = ALIGN (0x2)
 *(.fini9)
 .fini9         0x00004ad6        0x0 c:/program files (x86)/atmel/studio/7.0/toolchain/avr8/avr8-gnu-toolchain/bin/../lib/gcc/avr/5.4.0/avr5\libgcc.a(_exit.o)
                0x00004ad6                _exit
                0x00004ad6                exit
 *(.fini9)
 *(.fini8)
 *(.fini8)
 *(.fini7)
 *(.fini7)
 *(.fini6)
 .fini6         0x00004ad6       0x16 c:/program files (x86)/atmel/studio/7.0/toolchain/avr8/avr8-gnu-toolchain/bin/../lib/gcc/avr/5.4.0/avr5\libgcc.a(_dtors.o)
                0x00004ad6                __do_global_dtors
 *(.fini6)
 *(.fini5)
 *(.fini5)
 *(.fini4)
 *(.fini4)
 *(.fini3)
 *(.fini3)
 *(.fini2)
 *(.fini2)
 *(.fini1)
 *(.fini1)
 *(.fini0)
 .fini0         0x00004aec        0x4 c:/program files (x86)/atmel/studio/7.0/toolchain/avr8/avr8-gnu-toolchain/bin/../lib/gcc/avr/5.4.0/avr5\libgcc.a(_exit.o)
 *(.fini0)
                0x00004af0                _etext = .

.data           0x00800100      0x116 load address 0x00004af0
                0x00800100                PROVIDE (__data_start, .)
 *(.data)
 .data          0x00800100        0x6 c:/program files (x86)/atmel/studio/7.0/toolchain/avr8/avr8-gnu-toolchain/bin/../lib/gcc/avr/5.4.0/../../../../avr/lib/avr5\libc.a(malloc.o)
                0x00800100                __malloc_heap_end
                0x00800102                __malloc_heap_start
                0x00800104                __malloc_margin
 *(.data*)
 .data.colorToRead
                0x00800106        0x1 main.o
                0x00800106                colorToRead
 .data.tempThreshold
                0x00800107        0x2 main.o
                0x00800107                tempThreshold
 .data.White    0x00800109        0x6 main.o
                0x00800109                White
 .data.Blue     0x0080010f        0x6 main.o
                0x0080010f                Blue
 .data.Green    0x00800115        0x6 main.o
                0x00800115                Green
 .data.Red      0x0080011b        0x6 main.o
                0x0080011b                Red
 .data.WhiteTestStrip
                0x00800121        0xa main.o
                0x00800121                WhiteTestStrip
 .data.EmptyTestBox
                0x0080012b        0xa main.o
                0x0080012b                EmptyTestBox
 .data.acidVoltage
                0x00800135        0x4 phSensor.o
                0x00800135                acidVoltage
 .data.neutralVoltage
                0x00800139        0x4 phSensor.o
                0x00800139                neutralVoltage
 .data.intFunc  0x0080013d        0x4 C:\Users\David Waier\Desktop\lil_fish_tanks\LilFishTanks\LilFishTanks\ArduinoCore\Debug\libArduinoCore.a(WInterrupts.o)
 .data.analog_reference
                0x00800141        0x1 C:\Users\David Waier\Desktop\lil_fish_tanks\LilFishTanks\LilFishTanks\ArduinoCore\Debug\libArduinoCore.a(wiring_analog.o)
                0x00800141                analog_reference
 *(.gnu.linkonce.d*)
 *(.rodata)
 *(.rodata*)
 .rodata.str1.1
                0x00800142       0x91 main.o
                                 0x95 (size before relaxing)
 .rodata.str1.1
                0x008001d3        0x5 src/libraries/FreeRTOS/src/tasks.o
 .rodata.str1.1
                0x008001d8        0x8 src/libraries/FreeRTOS/src/timers.o
 .rodata._ZZN9MD_TCS2307readFSMEhE3seq
                0x008001e0        0x3 src/libraries/MD_TCS230/src/MD_TCS230.o
 .rodata._ZTV14SoftwareSerial
                0x008001e3       0x12 src/libraries/SoftwareSerial/src/SoftwareSerial.o
                0x008001e3                _ZTV14SoftwareSerial
 .rodata._ZTV14HardwareSerial
                0x008001f5       0x12 C:\Users\David Waier\Desktop\lil_fish_tanks\LilFishTanks\LilFishTanks\ArduinoCore\Debug\libArduinoCore.a(HardwareSerial.o)
                0x008001f5                _ZTV14HardwareSerial
 .rodata.str1.1
                0x00800207        0xf C:\Users\David Waier\Desktop\lil_fish_tanks\LilFishTanks\LilFishTanks\ArduinoCore\Debug\libArduinoCore.a(Print.o)
 *(.gnu.linkonce.r*)
                0x00800216                . = ALIGN (0x2)
                0x00800216                _edata = .
                0x00800216                PROVIDE (__data_end, .)

.bss            0x00800216      0x2cb
                0x00800216                PROVIDE (__bss_start, .)
 *(.bss)
 *(.bss*)
 .bss.serial    0x00800216       0x1f main.o
                0x00800216                serial
 .bss.xPHandTemperature
                0x00800235        0x2 main.o
                0x00800235                xPHandTemperature
 .bss.xColorSensor
                0x00800237        0x2 main.o
                0x00800237                xColorSensor
 .bss.xSerialSemaphoreColorSensor
                0x00800239        0x2 main.o
                0x00800239                xSerialSemaphoreColorSensor
 .bss.count     0x0080023b        0x2 main.o
                0x0080023b                count
 .bss.alreadyStarted
                0x0080023d        0x1 main.o
                0x0080023d                alreadyStarted
 .bss.nitriteValue
                0x0080023e        0x2 main.o
                0x0080023e                nitriteValue
 .bss.nitrateValue
                0x00800240        0x2 main.o
                0x00800240                nitrateValue
 .bss.ammoniaValue
                0x00800242        0x2 main.o
                0x00800242                ammoniaValue
 .bss.tempValue
                0x00800244        0x2 main.o
                0x00800244                tempValue
 .bss.phValue   0x00800246        0x4 main.o
                0x00800246                phValue
 .bss.Off       0x0080024a        0x6 main.o
                0x0080024a                Off
 .bss.CS        0x00800250       0x2f main.o
                0x00800250                CS
 .bss.blueScanned
                0x0080027f        0x1 main.o
                0x0080027f                blueScanned
 .bss.redScanned
                0x00800280        0x1 main.o
                0x00800280                redScanned
 .bss.greenScanned
                0x00800281        0x1 main.o
                0x00800281                greenScanned
 .bss.c         0x00800282        0xa main.o
                0x00800282                c
 .bss.rgb       0x0080028c        0x3 main.o
                0x0080028c                rgb
 .bss.Nitrate   0x0080028f       0x46 main.o
                0x0080028f                Nitrate
 .bss.Nitrite   0x008002d5       0x46 main.o
                0x008002d5                Nitrite
 .bss.Ammonia   0x0080031b       0x32 main.o
                0x0080031b                Ammonia
 .bss.typeToRead
                0x0080034d        0x1 main.o
                0x0080034d                typeToRead
 .bss.ds        0x0080034e        0xe main.o
                0x0080034e                ds
 .bss.uxSchedulerSuspended
                0x0080035c        0x1 src/libraries/FreeRTOS/src/tasks.o
 .bss.xIdleTaskHandle
                0x0080035d        0x2 src/libraries/FreeRTOS/src/tasks.o
 .bss.xNextTaskUnblockTime
                0x0080035f        0x2 src/libraries/FreeRTOS/src/tasks.o
 .bss.uxTaskNumber
                0x00800361        0x1 src/libraries/FreeRTOS/src/tasks.o
 .bss.xNumOfOverflows
                0x00800362        0x1 src/libraries/FreeRTOS/src/tasks.o
 .bss.xYieldPending
                0x00800363        0x1 src/libraries/FreeRTOS/src/tasks.o
 .bss.uxPendedTicks
                0x00800364        0x1 src/libraries/FreeRTOS/src/tasks.o
 .bss.xSchedulerRunning
                0x00800365        0x1 src/libraries/FreeRTOS/src/tasks.o
 .bss.uxTopReadyPriority
                0x00800366        0x1 src/libraries/FreeRTOS/src/tasks.o
 .bss.xTickCount
                0x00800367        0x2 src/libraries/FreeRTOS/src/tasks.o
 .bss.uxCurrentNumberOfTasks
                0x00800369        0x1 src/libraries/FreeRTOS/src/tasks.o
 .bss.xSuspendedTaskList
                0x0080036a        0x9 src/libraries/FreeRTOS/src/tasks.o
 .bss.uxDeletedTasksWaitingCleanUp
                0x00800373        0x1 src/libraries/FreeRTOS/src/tasks.o
 .bss.xTasksWaitingTermination
                0x00800374        0x9 src/libraries/FreeRTOS/src/tasks.o
 .bss.xPendingReadyList
                0x0080037d        0x9 src/libraries/FreeRTOS/src/tasks.o
 .bss.pxOverflowDelayedTaskList
                0x00800386        0x2 src/libraries/FreeRTOS/src/tasks.o
 .bss.pxDelayedTaskList
                0x00800388        0x2 src/libraries/FreeRTOS/src/tasks.o
 .bss.xDelayedTaskList2
                0x0080038a        0x9 src/libraries/FreeRTOS/src/tasks.o
 .bss.xDelayedTaskList1
                0x00800393        0x9 src/libraries/FreeRTOS/src/tasks.o
 .bss.pxReadyTasksLists
                0x0080039c       0x24 src/libraries/FreeRTOS/src/tasks.o
 .bss.pxCurrentTCB
                0x008003c0        0x2 src/libraries/FreeRTOS/src/tasks.o
                0x008003c0                pxCurrentTCB
 .bss.xLastTime.2412
                0x008003c2        0x2 src/libraries/FreeRTOS/src/timers.o
 .bss.xTimerTaskHandle
                0x008003c4        0x2 src/libraries/FreeRTOS/src/timers.o
 .bss.xTimerQueue
                0x008003c6        0x2 src/libraries/FreeRTOS/src/timers.o
 .bss.pxOverflowTimerList
                0x008003c8        0x2 src/libraries/FreeRTOS/src/timers.o
 .bss.pxCurrentTimerList
                0x008003ca        0x2 src/libraries/FreeRTOS/src/timers.o
 .bss.xActiveTimerList2
                0x008003cc        0x9 src/libraries/FreeRTOS/src/timers.o
 .bss.xActiveTimerList1
                0x008003d5        0x9 src/libraries/FreeRTOS/src/timers.o
 .bss._ZZN9MD_TCS2307readFSMEhE7currCol
                0x008003de        0x1 src/libraries/MD_TCS230/src/MD_TCS230.o
 .bss._ZN14SoftwareSerial20_receive_buffer_headE
                0x008003df        0x1 src/libraries/SoftwareSerial/src/SoftwareSerial.o
                0x008003df                _ZN14SoftwareSerial20_receive_buffer_headE
 .bss._ZN14SoftwareSerial20_receive_buffer_tailE
                0x008003e0        0x1 src/libraries/SoftwareSerial/src/SoftwareSerial.o
                0x008003e0                _ZN14SoftwareSerial20_receive_buffer_tailE
 .bss._ZN14SoftwareSerial15_receive_bufferE
                0x008003e1       0x40 src/libraries/SoftwareSerial/src/SoftwareSerial.o
                0x008003e1                _ZN14SoftwareSerial15_receive_bufferE
 .bss._ZN14SoftwareSerial13active_objectE
                0x00800421        0x2 src/libraries/SoftwareSerial/src/SoftwareSerial.o
                0x00800421                _ZN14SoftwareSerial13active_objectE
 .bss.Serial    0x00800423       0x9d C:\Users\David Waier\Desktop\lil_fish_tanks\LilFishTanks\LilFishTanks\ArduinoCore\Debug\libArduinoCore.a(HardwareSerial0.o)
                0x00800423                Serial
 .bss.timer0_fract
                0x008004c0        0x1 C:\Users\David Waier\Desktop\lil_fish_tanks\LilFishTanks\LilFishTanks\ArduinoCore\Debug\libArduinoCore.a(wiring.o)
 .bss.timer0_millis
                0x008004c1        0x4 C:\Users\David Waier\Desktop\lil_fish_tanks\LilFishTanks\LilFishTanks\ArduinoCore\Debug\libArduinoCore.a(wiring.o)
                0x008004c1                timer0_millis
 .bss.timer0_overflow_count
                0x008004c5        0x4 C:\Users\David Waier\Desktop\lil_fish_tanks\LilFishTanks\LilFishTanks\ArduinoCore\Debug\libArduinoCore.a(wiring.o)
                0x008004c5                timer0_overflow_count
 .bss._ZL10gate_index
                0x008004c9        0x2 C:\Users\David Waier\Desktop\lil_fish_tanks\LilFishTanks\LilFishTanks\ArduinoCore\Debug\libArduinoCore.a(FreqCount.o)
 .bss._ZL11gate_length
                0x008004cb        0x2 C:\Users\David Waier\Desktop\lil_fish_tanks\LilFishTanks\LilFishTanks\ArduinoCore\Debug\libArduinoCore.a(FreqCount.o)
 .bss._ZL11count_ready
                0x008004cd        0x1 C:\Users\David Waier\Desktop\lil_fish_tanks\LilFishTanks\LilFishTanks\ArduinoCore\Debug\libArduinoCore.a(FreqCount.o)
 .bss._ZL12count_output
                0x008004ce        0x4 C:\Users\David Waier\Desktop\lil_fish_tanks\LilFishTanks\LilFishTanks\ArduinoCore\Debug\libArduinoCore.a(FreqCount.o)
 .bss._ZL10count_prev
                0x008004d2        0x4 C:\Users\David Waier\Desktop\lil_fish_tanks\LilFishTanks\LilFishTanks\ArduinoCore\Debug\libArduinoCore.a(FreqCount.o)
 .bss._ZL9count_msw
                0x008004d6        0x2 C:\Users\David Waier\Desktop\lil_fish_tanks\LilFishTanks\LilFishTanks\ArduinoCore\Debug\libArduinoCore.a(FreqCount.o)
 .bss._ZL11startTCCR2B
                0x008004d8        0x1 C:\Users\David Waier\Desktop\lil_fish_tanks\LilFishTanks\LilFishTanks\ArduinoCore\Debug\libArduinoCore.a(FreqCount.o)
 .bss._ZL10saveTCCR2B
                0x008004d9        0x1 C:\Users\David Waier\Desktop\lil_fish_tanks\LilFishTanks\LilFishTanks\ArduinoCore\Debug\libArduinoCore.a(FreqCount.o)
 .bss._ZL10saveTCCR2A
                0x008004da        0x1 C:\Users\David Waier\Desktop\lil_fish_tanks\LilFishTanks\LilFishTanks\ArduinoCore\Debug\libArduinoCore.a(FreqCount.o)
 .bss._ZL10saveTCCR1B
                0x008004db        0x1 C:\Users\David Waier\Desktop\lil_fish_tanks\LilFishTanks\LilFishTanks\ArduinoCore\Debug\libArduinoCore.a(FreqCount.o)
 .bss._ZL10saveTCCR1A
                0x008004dc        0x1 C:\Users\David Waier\Desktop\lil_fish_tanks\LilFishTanks\LilFishTanks\ArduinoCore\Debug\libArduinoCore.a(FreqCount.o)
 *(COMMON)
 COMMON         0x008004dd        0x4 c:/program files (x86)/atmel/studio/7.0/toolchain/avr8/avr8-gnu-toolchain/bin/../lib/gcc/avr/5.4.0/../../../../avr/lib/avr5\libc.a(malloc.o)
                0x008004dd                __brkval
                0x008004df                __flp
                0x008004e1                PROVIDE (__bss_end, .)
                0x00004af0                __data_load_start = LOADADDR (.data)
                0x00004c06                __data_load_end = (__data_load_start + SIZEOF (.data))

.noinit         0x008004e1        0x0
                [!provide]                PROVIDE (__noinit_start, .)
 *(.noinit*)
                [!provide]                PROVIDE (__noinit_end, .)
                0x008004e1                _end = .
                0x008004e1                PROVIDE (__heap_start, .)

.eeprom         0x00810000        0x0
 *(.eeprom*)
                0x00810000                __eeprom_end = .

.fuse
 *(.fuse)
 *(.lfuse)
 *(.hfuse)
 *(.efuse)

.lock
 *(.lock*)

.signature
 *(.signature*)

.user_signatures
 *(.user_signatures*)

.stab
 *(.stab)

.stabstr
 *(.stabstr)

.stab.excl
 *(.stab.excl)

.stab.exclstr
 *(.stab.exclstr)

.stab.index
 *(.stab.index)

.stab.indexstr
 *(.stab.indexstr)

.comment        0x00000000       0x30
 *(.comment)
 .comment       0x00000000       0x30 main.o
                                 0x31 (size before relaxing)
 .comment       0x00000030       0x31 OneWire.o
 .comment       0x00000030       0x31 phSensor.o
 .comment       0x00000030       0x31 src/libraries/FreeRTOS/src/heap_3.o
 .comment       0x00000030       0x31 src/libraries/FreeRTOS/src/list.o
 .comment       0x00000030       0x31 src/libraries/FreeRTOS/src/port.o
 .comment       0x00000030       0x31 src/libraries/FreeRTOS/src/queue.o
 .comment       0x00000030       0x31 src/libraries/FreeRTOS/src/tasks.o
 .comment       0x00000030       0x31 src/libraries/FreeRTOS/src/timers.o
 .comment       0x00000030       0x31 src/libraries/FreeRTOS/src/variantHooks.o
 .comment       0x00000030       0x31 src/libraries/MD_TCS230/src/MD_TCS230.o
 .comment       0x00000030       0x31 src/libraries/SoftwareSerial/src/SoftwareSerial.o
 .comment       0x00000030       0x31 C:\Users\David Waier\Desktop\lil_fish_tanks\LilFishTanks\LilFishTanks\ArduinoCore\Debug\libArduinoCore.a(HardwareSerial.o)
 .comment       0x00000030       0x31 C:\Users\David Waier\Desktop\lil_fish_tanks\LilFishTanks\LilFishTanks\ArduinoCore\Debug\libArduinoCore.a(HardwareSerial0.o)
 .comment       0x00000030       0x31 C:\Users\David Waier\Desktop\lil_fish_tanks\LilFishTanks\LilFishTanks\ArduinoCore\Debug\libArduinoCore.a(main.o)
 .comment       0x00000030       0x31 C:\Users\David Waier\Desktop\lil_fish_tanks\LilFishTanks\LilFishTanks\ArduinoCore\Debug\libArduinoCore.a(Print.o)
 .comment       0x00000030       0x31 C:\Users\David Waier\Desktop\lil_fish_tanks\LilFishTanks\LilFishTanks\ArduinoCore\Debug\libArduinoCore.a(WInterrupts.o)
 .comment       0x00000030       0x31 C:\Users\David Waier\Desktop\lil_fish_tanks\LilFishTanks\LilFishTanks\ArduinoCore\Debug\libArduinoCore.a(wiring.o)
 .comment       0x00000030       0x31 C:\Users\David Waier\Desktop\lil_fish_tanks\LilFishTanks\LilFishTanks\ArduinoCore\Debug\libArduinoCore.a(wiring_analog.o)
 .comment       0x00000030       0x31 C:\Users\David Waier\Desktop\lil_fish_tanks\LilFishTanks\LilFishTanks\ArduinoCore\Debug\libArduinoCore.a(wiring_digital.o)
 .comment       0x00000030       0x31 C:\Users\David Waier\Desktop\lil_fish_tanks\LilFishTanks\LilFishTanks\ArduinoCore\Debug\libArduinoCore.a(FreqCount.o)
 .comment       0x00000030       0x31 C:\Users\David Waier\Desktop\lil_fish_tanks\LilFishTanks\LilFishTanks\ArduinoCore\Debug\libArduinoCore.a(hooks.o)
 .comment       0x00000030       0x31 c:/program files (x86)/atmel/studio/7.0/toolchain/avr8/avr8-gnu-toolchain/bin/../lib/gcc/avr/5.4.0/../../../../avr/lib/avr5\libc.a(malloc.o)

.note.gnu.avr.deviceinfo
                0x00000000       0x40
 .note.gnu.avr.deviceinfo
                0x00000000       0x40 C:/Program Files (x86)/Atmel/Studio/7.0/Packs/atmel/ATmega_DFP/1.2.209/gcc/dev/atmega328p/avr5/crtatmega328p.o

.note.gnu.build-id
 *(.note.gnu.build-id)

.debug
 *(.debug)

.line
 *(.line)

.debug_srcinfo
 *(.debug_srcinfo)

.debug_sfnames
 *(.debug_sfnames)

.debug_aranges  0x00000000      0x9d0
 *(.debug_aranges)
 .debug_aranges
                0x00000000       0x98 main.o
 .debug_aranges
                0x00000098       0xa0 OneWire.o
 .debug_aranges
                0x00000138       0x20 phSensor.o
 .debug_aranges
                0x00000158       0x28 src/libraries/FreeRTOS/src/heap_3.o
 .debug_aranges
                0x00000180       0x40 src/libraries/FreeRTOS/src/list.o
 .debug_aranges
                0x000001c0       0x48 src/libraries/FreeRTOS/src/port.o
 .debug_aranges
                0x00000208       0xe0 src/libraries/FreeRTOS/src/queue.o
 .debug_aranges
                0x000002e8      0x188 src/libraries/FreeRTOS/src/tasks.o
 .debug_aranges
                0x00000470       0x90 src/libraries/FreeRTOS/src/timers.o
 .debug_aranges
                0x00000500       0x38 src/libraries/FreeRTOS/src/variantHooks.o
 .debug_aranges
                0x00000538       0xc0 src/libraries/MD_TCS230/src/MD_TCS230.o
 .debug_aranges
                0x000005f8       0xa8 src/libraries/SoftwareSerial/src/SoftwareSerial.o
 .debug_aranges
                0x000006a0       0x68 C:\Users\David Waier\Desktop\lil_fish_tanks\LilFishTanks\LilFishTanks\ArduinoCore\Debug\libArduinoCore.a(HardwareSerial.o)
 .debug_aranges
                0x00000708       0x48 C:\Users\David Waier\Desktop\lil_fish_tanks\LilFishTanks\LilFishTanks\ArduinoCore\Debug\libArduinoCore.a(HardwareSerial0.o)
 .debug_aranges
                0x00000750       0x30 C:\Users\David Waier\Desktop\lil_fish_tanks\LilFishTanks\LilFishTanks\ArduinoCore\Debug\libArduinoCore.a(main.o)
 .debug_aranges
                0x00000780      0x100 C:\Users\David Waier\Desktop\lil_fish_tanks\LilFishTanks\LilFishTanks\ArduinoCore\Debug\libArduinoCore.a(Print.o)
 .debug_aranges
                0x00000880       0x40 C:\Users\David Waier\Desktop\lil_fish_tanks\LilFishTanks\LilFishTanks\ArduinoCore\Debug\libArduinoCore.a(WInterrupts.o)
 .debug_aranges
                0x000008c0       0x48 C:\Users\David Waier\Desktop\lil_fish_tanks\LilFishTanks\LilFishTanks\ArduinoCore\Debug\libArduinoCore.a(wiring.o)
 .debug_aranges
                0x00000908       0x30 C:\Users\David Waier\Desktop\lil_fish_tanks\LilFishTanks\LilFishTanks\ArduinoCore\Debug\libArduinoCore.a(wiring_analog.o)
 .debug_aranges
                0x00000938       0x38 C:\Users\David Waier\Desktop\lil_fish_tanks\LilFishTanks\LilFishTanks\ArduinoCore\Debug\libArduinoCore.a(wiring_digital.o)
 .debug_aranges
                0x00000970       0x40 C:\Users\David Waier\Desktop\lil_fish_tanks\LilFishTanks\LilFishTanks\ArduinoCore\Debug\libArduinoCore.a(FreqCount.o)
 .debug_aranges
                0x000009b0       0x20 C:\Users\David Waier\Desktop\lil_fish_tanks\LilFishTanks\LilFishTanks\ArduinoCore\Debug\libArduinoCore.a(hooks.o)

.debug_pubnames
 *(.debug_pubnames)

.debug_info     0x00000000    0x13cc6
 *(.debug_info .gnu.linkonce.wi.*)
 .debug_info    0x00000000      0x5f4 C:/Program Files (x86)/Atmel/Studio/7.0/Packs/atmel/ATmega_DFP/1.2.209/gcc/dev/atmega328p/avr5/crtatmega328p.o
 .debug_info    0x000005f4     0x2095 main.o
 .debug_info    0x00002689      0xf20 OneWire.o
 .debug_info    0x000035a9      0x1f2 phSensor.o
 .debug_info    0x0000379b      0x1a7 src/libraries/FreeRTOS/src/heap_3.o
 .debug_info    0x00003942      0x2e0 src/libraries/FreeRTOS/src/list.o
 .debug_info    0x00003c22      0x28b src/libraries/FreeRTOS/src/port.o
 .debug_info    0x00003ead     0x1820 src/libraries/FreeRTOS/src/queue.o
 .debug_info    0x000056cd     0x2102 src/libraries/FreeRTOS/src/tasks.o
 .debug_info    0x000077cf     0x1083 src/libraries/FreeRTOS/src/timers.o
 .debug_info    0x00008852      0x330 src/libraries/FreeRTOS/src/variantHooks.o
 .debug_info    0x00008b82     0x1018 src/libraries/MD_TCS230/src/MD_TCS230.o
 .debug_info    0x00009b9a     0x28f2 src/libraries/SoftwareSerial/src/SoftwareSerial.o
 .debug_info    0x0000c48c     0x1f64 C:\Users\David Waier\Desktop\lil_fish_tanks\LilFishTanks\LilFishTanks\ArduinoCore\Debug\libArduinoCore.a(HardwareSerial.o)
 .debug_info    0x0000e3f0     0x1b16 C:\Users\David Waier\Desktop\lil_fish_tanks\LilFishTanks\LilFishTanks\ArduinoCore\Debug\libArduinoCore.a(HardwareSerial0.o)
 .debug_info    0x0000ff06      0x237 C:\Users\David Waier\Desktop\lil_fish_tanks\LilFishTanks\LilFishTanks\ArduinoCore\Debug\libArduinoCore.a(main.o)
 .debug_info    0x0001013d     0x28ff C:\Users\David Waier\Desktop\lil_fish_tanks\LilFishTanks\LilFishTanks\ArduinoCore\Debug\libArduinoCore.a(Print.o)
 .debug_info    0x00012a3c      0x21c C:\Users\David Waier\Desktop\lil_fish_tanks\LilFishTanks\LilFishTanks\ArduinoCore\Debug\libArduinoCore.a(WInterrupts.o)
 .debug_info    0x00012c58      0x2cb C:\Users\David Waier\Desktop\lil_fish_tanks\LilFishTanks\LilFishTanks\ArduinoCore\Debug\libArduinoCore.a(wiring.o)
 .debug_info    0x00012f23      0x26d C:\Users\David Waier\Desktop\lil_fish_tanks\LilFishTanks\LilFishTanks\ArduinoCore\Debug\libArduinoCore.a(wiring_analog.o)
 .debug_info    0x00013190      0x5fe C:\Users\David Waier\Desktop\lil_fish_tanks\LilFishTanks\LilFishTanks\ArduinoCore\Debug\libArduinoCore.a(wiring_digital.o)
 .debug_info    0x0001378e      0x4fa C:\Users\David Waier\Desktop\lil_fish_tanks\LilFishTanks\LilFishTanks\ArduinoCore\Debug\libArduinoCore.a(FreqCount.o)
 .debug_info    0x00013c88       0x3e C:\Users\David Waier\Desktop\lil_fish_tanks\LilFishTanks\LilFishTanks\ArduinoCore\Debug\libArduinoCore.a(hooks.o)

.debug_abbrev   0x00000000     0x3c9e
 *(.debug_abbrev)
 .debug_abbrev  0x00000000      0x5a2 C:/Program Files (x86)/Atmel/Studio/7.0/Packs/atmel/ATmega_DFP/1.2.209/gcc/dev/atmega328p/avr5/crtatmega328p.o
 .debug_abbrev  0x000005a2      0x58e main.o
 .debug_abbrev  0x00000b30      0x34d OneWire.o
 .debug_abbrev  0x00000e7d       0xe5 phSensor.o
 .debug_abbrev  0x00000f62      0x115 src/libraries/FreeRTOS/src/heap_3.o
 .debug_abbrev  0x00001077       0xff src/libraries/FreeRTOS/src/list.o
 .debug_abbrev  0x00001176      0x158 src/libraries/FreeRTOS/src/port.o
 .debug_abbrev  0x000012ce      0x2d5 src/libraries/FreeRTOS/src/queue.o
 .debug_abbrev  0x000015a3      0x35e src/libraries/FreeRTOS/src/tasks.o
 .debug_abbrev  0x00001901      0x2f8 src/libraries/FreeRTOS/src/timers.o
 .debug_abbrev  0x00001bf9      0x18d src/libraries/FreeRTOS/src/variantHooks.o
 .debug_abbrev  0x00001d86      0x39f src/libraries/MD_TCS230/src/MD_TCS230.o
 .debug_abbrev  0x00002125      0x60b src/libraries/SoftwareSerial/src/SoftwareSerial.o
 .debug_abbrev  0x00002730      0x4b7 C:\Users\David Waier\Desktop\lil_fish_tanks\LilFishTanks\LilFishTanks\ArduinoCore\Debug\libArduinoCore.a(HardwareSerial.o)
 .debug_abbrev  0x00002be7      0x3ce C:\Users\David Waier\Desktop\lil_fish_tanks\LilFishTanks\LilFishTanks\ArduinoCore\Debug\libArduinoCore.a(HardwareSerial0.o)
 .debug_abbrev  0x00002fb5      0x12d C:\Users\David Waier\Desktop\lil_fish_tanks\LilFishTanks\LilFishTanks\ArduinoCore\Debug\libArduinoCore.a(main.o)
 .debug_abbrev  0x000030e2      0x47a C:\Users\David Waier\Desktop\lil_fish_tanks\LilFishTanks\LilFishTanks\ArduinoCore\Debug\libArduinoCore.a(Print.o)
 .debug_abbrev  0x0000355c       0xfc C:\Users\David Waier\Desktop\lil_fish_tanks\LilFishTanks\LilFishTanks\ArduinoCore\Debug\libArduinoCore.a(WInterrupts.o)
 .debug_abbrev  0x00003658      0x146 C:\Users\David Waier\Desktop\lil_fish_tanks\LilFishTanks\LilFishTanks\ArduinoCore\Debug\libArduinoCore.a(wiring.o)
 .debug_abbrev  0x0000379e      0x16b C:\Users\David Waier\Desktop\lil_fish_tanks\LilFishTanks\LilFishTanks\ArduinoCore\Debug\libArduinoCore.a(wiring_analog.o)
 .debug_abbrev  0x00003909      0x15b C:\Users\David Waier\Desktop\lil_fish_tanks\LilFishTanks\LilFishTanks\ArduinoCore\Debug\libArduinoCore.a(wiring_digital.o)
 .debug_abbrev  0x00003a64      0x210 C:\Users\David Waier\Desktop\lil_fish_tanks\LilFishTanks\LilFishTanks\ArduinoCore\Debug\libArduinoCore.a(FreqCount.o)
 .debug_abbrev  0x00003c74       0x2a C:\Users\David Waier\Desktop\lil_fish_tanks\LilFishTanks\LilFishTanks\ArduinoCore\Debug\libArduinoCore.a(hooks.o)

.debug_line     0x00000000     0x6965
 *(.debug_line .debug_line.* .debug_line_end)
 .debug_line    0x00000000      0x133 C:/Program Files (x86)/Atmel/Studio/7.0/Packs/atmel/ATmega_DFP/1.2.209/gcc/dev/atmega328p/avr5/crtatmega328p.o
 .debug_line    0x00000133      0x9a9 main.o
 .debug_line    0x00000adc      0x6c8 OneWire.o
 .debug_line    0x000011a4      0x12f phSensor.o
 .debug_line    0x000012d3      0x1b7 src/libraries/FreeRTOS/src/heap_3.o
 .debug_line    0x0000148a      0x21c src/libraries/FreeRTOS/src/list.o
 .debug_line    0x000016a6      0x33c src/libraries/FreeRTOS/src/port.o
 .debug_line    0x000019e2      0xb7e src/libraries/FreeRTOS/src/queue.o
 .debug_line    0x00002560     0x126a src/libraries/FreeRTOS/src/tasks.o
 .debug_line    0x000037ca      0x54c src/libraries/FreeRTOS/src/timers.o
 .debug_line    0x00003d16      0x27a src/libraries/FreeRTOS/src/variantHooks.o
 .debug_line    0x00003f90      0x666 src/libraries/MD_TCS230/src/MD_TCS230.o
 .debug_line    0x000045f6      0x7f9 src/libraries/SoftwareSerial/src/SoftwareSerial.o
 .debug_line    0x00004def      0x4c4 C:\Users\David Waier\Desktop\lil_fish_tanks\LilFishTanks\LilFishTanks\ArduinoCore\Debug\libArduinoCore.a(HardwareSerial.o)
 .debug_line    0x000052b3      0x28c C:\Users\David Waier\Desktop\lil_fish_tanks\LilFishTanks\LilFishTanks\ArduinoCore\Debug\libArduinoCore.a(HardwareSerial0.o)
 .debug_line    0x0000553f      0x165 C:\Users\David Waier\Desktop\lil_fish_tanks\LilFishTanks\LilFishTanks\ArduinoCore\Debug\libArduinoCore.a(main.o)
 .debug_line    0x000056a4      0x685 C:\Users\David Waier\Desktop\lil_fish_tanks\LilFishTanks\LilFishTanks\ArduinoCore\Debug\libArduinoCore.a(Print.o)
 .debug_line    0x00005d29      0x1a0 C:\Users\David Waier\Desktop\lil_fish_tanks\LilFishTanks\LilFishTanks\ArduinoCore\Debug\libArduinoCore.a(WInterrupts.o)
 .debug_line    0x00005ec9      0x299 C:\Users\David Waier\Desktop\lil_fish_tanks\LilFishTanks\LilFishTanks\ArduinoCore\Debug\libArduinoCore.a(wiring.o)
 .debug_line    0x00006162      0x20f C:\Users\David Waier\Desktop\lil_fish_tanks\LilFishTanks\LilFishTanks\ArduinoCore\Debug\libArduinoCore.a(wiring_analog.o)
 .debug_line    0x00006371      0x252 C:\Users\David Waier\Desktop\lil_fish_tanks\LilFishTanks\LilFishTanks\ArduinoCore\Debug\libArduinoCore.a(wiring_digital.o)
 .debug_line    0x000065c3      0x361 C:\Users\David Waier\Desktop\lil_fish_tanks\LilFishTanks\LilFishTanks\ArduinoCore\Debug\libArduinoCore.a(FreqCount.o)
 .debug_line    0x00006924       0x41 C:\Users\David Waier\Desktop\lil_fish_tanks\LilFishTanks\LilFishTanks\ArduinoCore\Debug\libArduinoCore.a(hooks.o)

.debug_frame    0x00000000     0x1e18
 *(.debug_frame)
 .debug_frame   0x00000000      0x1a0 main.o
 .debug_frame   0x000001a0      0x258 OneWire.o
 .debug_frame   0x000003f8       0x58 phSensor.o
 .debug_frame   0x00000450       0x4c src/libraries/FreeRTOS/src/heap_3.o
 .debug_frame   0x0000049c       0x90 src/libraries/FreeRTOS/src/list.o
 .debug_frame   0x0000052c       0x74 src/libraries/FreeRTOS/src/port.o
 .debug_frame   0x000005a0      0x368 src/libraries/FreeRTOS/src/queue.o
 .debug_frame   0x00000908      0x57c src/libraries/FreeRTOS/src/tasks.o
 .debug_frame   0x00000e84      0x198 src/libraries/FreeRTOS/src/timers.o
 .debug_frame   0x0000101c       0x54 src/libraries/FreeRTOS/src/variantHooks.o
 .debug_frame   0x00001070      0x28c src/libraries/MD_TCS230/src/MD_TCS230.o
 .debug_frame   0x000012fc      0x1d4 src/libraries/SoftwareSerial/src/SoftwareSerial.o
 .debug_frame   0x000014d0      0x110 C:\Users\David Waier\Desktop\lil_fish_tanks\LilFishTanks\LilFishTanks\ArduinoCore\Debug\libArduinoCore.a(HardwareSerial.o)
 .debug_frame   0x000015e0       0xe0 C:\Users\David Waier\Desktop\lil_fish_tanks\LilFishTanks\LilFishTanks\ArduinoCore\Debug\libArduinoCore.a(HardwareSerial0.o)
 .debug_frame   0x000016c0       0x54 C:\Users\David Waier\Desktop\lil_fish_tanks\LilFishTanks\LilFishTanks\ArduinoCore\Debug\libArduinoCore.a(main.o)
 .debug_frame   0x00001714      0x3ac C:\Users\David Waier\Desktop\lil_fish_tanks\LilFishTanks\LilFishTanks\ArduinoCore\Debug\libArduinoCore.a(Print.o)
 .debug_frame   0x00001ac0       0xf4 C:\Users\David Waier\Desktop\lil_fish_tanks\LilFishTanks\LilFishTanks\ArduinoCore\Debug\libArduinoCore.a(WInterrupts.o)
 .debug_frame   0x00001bb4       0xc4 C:\Users\David Waier\Desktop\lil_fish_tanks\LilFishTanks\LilFishTanks\ArduinoCore\Debug\libArduinoCore.a(wiring.o)
 .debug_frame   0x00001c78       0x54 C:\Users\David Waier\Desktop\lil_fish_tanks\LilFishTanks\LilFishTanks\ArduinoCore\Debug\libArduinoCore.a(wiring_analog.o)
 .debug_frame   0x00001ccc       0x7c C:\Users\David Waier\Desktop\lil_fish_tanks\LilFishTanks\LilFishTanks\ArduinoCore\Debug\libArduinoCore.a(wiring_digital.o)
 .debug_frame   0x00001d48       0xac C:\Users\David Waier\Desktop\lil_fish_tanks\LilFishTanks\LilFishTanks\ArduinoCore\Debug\libArduinoCore.a(FreqCount.o)
 .debug_frame   0x00001df4       0x24 C:\Users\David Waier\Desktop\lil_fish_tanks\LilFishTanks\LilFishTanks\ArduinoCore\Debug\libArduinoCore.a(hooks.o)

.debug_str      0x00000000     0x4a7f
 *(.debug_str)
 .debug_str     0x00000000      0x208 C:/Program Files (x86)/Atmel/Studio/7.0/Packs/atmel/ATmega_DFP/1.2.209/gcc/dev/atmega328p/avr5/crtatmega328p.o
 .debug_str     0x00000208      0xec0 main.o
                                0xfeb (size before relaxing)
 .debug_str     0x000010c8      0x155 OneWire.o
                                0x685 (size before relaxing)
 .debug_str     0x0000121d       0x50 phSensor.o
                                0x2ba (size before relaxing)
 .debug_str     0x0000126d      0x169 src/libraries/FreeRTOS/src/heap_3.o
                                0x254 (size before relaxing)
 .debug_str     0x000013d6      0x142 src/libraries/FreeRTOS/src/list.o
                                0x31f (size before relaxing)
 .debug_str     0x00001518      0x12a src/libraries/FreeRTOS/src/port.o
                                0x30b (size before relaxing)
 .debug_str     0x00001642      0x628 src/libraries/FreeRTOS/src/queue.o
                                0x9c8 (size before relaxing)
 .debug_str     0x00001c6a      0x8ed src/libraries/FreeRTOS/src/tasks.o
                                0xeeb (size before relaxing)
 .debug_str     0x00002557      0x414 src/libraries/FreeRTOS/src/timers.o
                                0x874 (size before relaxing)
 .debug_str     0x0000296b       0x93 src/libraries/FreeRTOS/src/variantHooks.o
                                0x3a3 (size before relaxing)
 .debug_str     0x000029fe      0x12d src/libraries/MD_TCS230/src/MD_TCS230.o
                                0x792 (size before relaxing)
 .debug_str     0x00002b2b     0x14d1 src/libraries/SoftwareSerial/src/SoftwareSerial.o
                               0x193d (size before relaxing)
 .debug_str     0x00003ffc      0x3d1 C:\Users\David Waier\Desktop\lil_fish_tanks\LilFishTanks\LilFishTanks\ArduinoCore\Debug\libArduinoCore.a(HardwareSerial.o)
                               0x1618 (size before relaxing)
 .debug_str     0x000043cd       0x47 C:\Users\David Waier\Desktop\lil_fish_tanks\LilFishTanks\LilFishTanks\ArduinoCore\Debug\libArduinoCore.a(HardwareSerial0.o)
                               0x140b (size before relaxing)
 .debug_str     0x00004414       0x37 C:\Users\David Waier\Desktop\lil_fish_tanks\LilFishTanks\LilFishTanks\ArduinoCore\Debug\libArduinoCore.a(main.o)
                                0x2b7 (size before relaxing)
 .debug_str     0x0000444b      0x2eb C:\Users\David Waier\Desktop\lil_fish_tanks\LilFishTanks\LilFishTanks\ArduinoCore\Debug\libArduinoCore.a(Print.o)
                               0x1245 (size before relaxing)
 .debug_str     0x00004736       0x78 C:\Users\David Waier\Desktop\lil_fish_tanks\LilFishTanks\LilFishTanks\ArduinoCore\Debug\libArduinoCore.a(WInterrupts.o)
                                0x23a (size before relaxing)
 .debug_str     0x000047ae       0x5f C:\Users\David Waier\Desktop\lil_fish_tanks\LilFishTanks\LilFishTanks\ArduinoCore\Debug\libArduinoCore.a(wiring.o)
                                0x24d (size before relaxing)
 .debug_str     0x0000480d       0x5b C:\Users\David Waier\Desktop\lil_fish_tanks\LilFishTanks\LilFishTanks\ArduinoCore\Debug\libArduinoCore.a(wiring_analog.o)
                                0x251 (size before relaxing)
 .debug_str     0x00004868       0x4b C:\Users\David Waier\Desktop\lil_fish_tanks\LilFishTanks\LilFishTanks\ArduinoCore\Debug\libArduinoCore.a(wiring_digital.o)
                                0x2b2 (size before relaxing)
 .debug_str     0x000048b3      0x1b0 C:\Users\David Waier\Desktop\lil_fish_tanks\LilFishTanks\LilFishTanks\ArduinoCore\Debug\libArduinoCore.a(FreqCount.o)
                                0x4c1 (size before relaxing)
 .debug_str     0x00004a63       0x1c C:\Users\David Waier\Desktop\lil_fish_tanks\LilFishTanks\LilFishTanks\ArduinoCore\Debug\libArduinoCore.a(hooks.o)
                                0x142 (size before relaxing)

.debug_loc      0x00000000     0xb67a
 *(.debug_loc)
 .debug_loc     0x00000000      0x7a3 main.o
 .debug_loc     0x000007a3     0x1112 OneWire.o
 .debug_loc     0x000018b5      0x101 phSensor.o
 .debug_loc     0x000019b6      0x112 src/libraries/FreeRTOS/src/heap_3.o
 .debug_loc     0x00001ac8      0x1d7 src/libraries/FreeRTOS/src/list.o
 .debug_loc     0x00001c9f      0x288 src/libraries/FreeRTOS/src/port.o
 .debug_loc     0x00001f27     0x1b17 src/libraries/FreeRTOS/src/queue.o
 .debug_loc     0x00003a3e     0x24ae src/libraries/FreeRTOS/src/tasks.o
 .debug_loc     0x00005eec      0xadc src/libraries/FreeRTOS/src/timers.o
 .debug_loc     0x000069c8       0xb6 src/libraries/FreeRTOS/src/variantHooks.o
 .debug_loc     0x00006a7e      0xde2 src/libraries/MD_TCS230/src/MD_TCS230.o
 .debug_loc     0x00007860      0xc96 src/libraries/SoftwareSerial/src/SoftwareSerial.o
 .debug_loc     0x000084f6      0x4dc C:\Users\David Waier\Desktop\lil_fish_tanks\LilFishTanks\LilFishTanks\ArduinoCore\Debug\libArduinoCore.a(HardwareSerial.o)
 .debug_loc     0x000089d2      0x1b0 C:\Users\David Waier\Desktop\lil_fish_tanks\LilFishTanks\LilFishTanks\ArduinoCore\Debug\libArduinoCore.a(HardwareSerial0.o)
 .debug_loc     0x00008b82     0x1c87 C:\Users\David Waier\Desktop\lil_fish_tanks\LilFishTanks\LilFishTanks\ArduinoCore\Debug\libArduinoCore.a(Print.o)
 .debug_loc     0x0000a809      0x235 C:\Users\David Waier\Desktop\lil_fish_tanks\LilFishTanks\LilFishTanks\ArduinoCore\Debug\libArduinoCore.a(WInterrupts.o)
 .debug_loc     0x0000aa3e      0x28d C:\Users\David Waier\Desktop\lil_fish_tanks\LilFishTanks\LilFishTanks\ArduinoCore\Debug\libArduinoCore.a(wiring.o)
 .debug_loc     0x0000accb       0xfe C:\Users\David Waier\Desktop\lil_fish_tanks\LilFishTanks\LilFishTanks\ArduinoCore\Debug\libArduinoCore.a(wiring_analog.o)
 .debug_loc     0x0000adc9      0x5fc C:\Users\David Waier\Desktop\lil_fish_tanks\LilFishTanks\LilFishTanks\ArduinoCore\Debug\libArduinoCore.a(wiring_digital.o)
 .debug_loc     0x0000b3c5      0x2b5 C:\Users\David Waier\Desktop\lil_fish_tanks\LilFishTanks\LilFishTanks\ArduinoCore\Debug\libArduinoCore.a(FreqCount.o)

.debug_macinfo
 *(.debug_macinfo)

.debug_weaknames
 *(.debug_weaknames)

.debug_funcnames
 *(.debug_funcnames)

.debug_typenames
 *(.debug_typenames)

.debug_varnames
 *(.debug_varnames)

.debug_pubtypes
 *(.debug_pubtypes)

.debug_ranges   0x00000000      0x948
 *(.debug_ranges)
 .debug_ranges  0x00000000       0x88 main.o
 .debug_ranges  0x00000088       0x90 OneWire.o
 .debug_ranges  0x00000118       0x10 phSensor.o
 .debug_ranges  0x00000128       0x18 src/libraries/FreeRTOS/src/heap_3.o
 .debug_ranges  0x00000140       0x30 src/libraries/FreeRTOS/src/list.o
 .debug_ranges  0x00000170       0x38 src/libraries/FreeRTOS/src/port.o
 .debug_ranges  0x000001a8       0xd0 src/libraries/FreeRTOS/src/queue.o
 .debug_ranges  0x00000278      0x1d8 src/libraries/FreeRTOS/src/tasks.o
 .debug_ranges  0x00000450       0x80 src/libraries/FreeRTOS/src/timers.o
 .debug_ranges  0x000004d0       0x28 src/libraries/FreeRTOS/src/variantHooks.o
 .debug_ranges  0x000004f8       0xb0 src/libraries/MD_TCS230/src/MD_TCS230.o
 .debug_ranges  0x000005a8       0xe0 src/libraries/SoftwareSerial/src/SoftwareSerial.o
 .debug_ranges  0x00000688       0x58 C:\Users\David Waier\Desktop\lil_fish_tanks\LilFishTanks\LilFishTanks\ArduinoCore\Debug\libArduinoCore.a(HardwareSerial.o)
 .debug_ranges  0x000006e0       0x38 C:\Users\David Waier\Desktop\lil_fish_tanks\LilFishTanks\LilFishTanks\ArduinoCore\Debug\libArduinoCore.a(HardwareSerial0.o)
 .debug_ranges  0x00000718       0x20 C:\Users\David Waier\Desktop\lil_fish_tanks\LilFishTanks\LilFishTanks\ArduinoCore\Debug\libArduinoCore.a(main.o)
 .debug_ranges  0x00000738      0x120 C:\Users\David Waier\Desktop\lil_fish_tanks\LilFishTanks\LilFishTanks\ArduinoCore\Debug\libArduinoCore.a(Print.o)
 .debug_ranges  0x00000858       0x30 C:\Users\David Waier\Desktop\lil_fish_tanks\LilFishTanks\LilFishTanks\ArduinoCore\Debug\libArduinoCore.a(WInterrupts.o)
 .debug_ranges  0x00000888       0x38 C:\Users\David Waier\Desktop\lil_fish_tanks\LilFishTanks\LilFishTanks\ArduinoCore\Debug\libArduinoCore.a(wiring.o)
 .debug_ranges  0x000008c0       0x20 C:\Users\David Waier\Desktop\lil_fish_tanks\LilFishTanks\LilFishTanks\ArduinoCore\Debug\libArduinoCore.a(wiring_analog.o)
 .debug_ranges  0x000008e0       0x28 C:\Users\David Waier\Desktop\lil_fish_tanks\LilFishTanks\LilFishTanks\ArduinoCore\Debug\libArduinoCore.a(wiring_digital.o)
 .debug_ranges  0x00000908       0x30 C:\Users\David Waier\Desktop\lil_fish_tanks\LilFishTanks\LilFishTanks\ArduinoCore\Debug\libArduinoCore.a(FreqCount.o)
 .debug_ranges  0x00000938       0x10 C:\Users\David Waier\Desktop\lil_fish_tanks\LilFishTanks\LilFishTanks\ArduinoCore\Debug\libArduinoCore.a(hooks.o)

.debug_macro
 *(.debug_macro)
OUTPUT(lil_fish_tanks_arduino.elf elf32-avr)
LOAD linker stubs
