Archive member included to satisfy reference by file (symbol)

c:/program files (x86)/atmel/studio/7.0/toolchain/avr8/avr8-gnu-toolchain/bin/../lib/gcc/avr/5.4.0/../../../../avr/lib/avr5\libm.a(addsf3.o)
                              DFRobot_PH.o (__subsf3)
c:/program files (x86)/atmel/studio/7.0/toolchain/avr8/avr8-gnu-toolchain/bin/../lib/gcc/avr/5.4.0/../../../../avr/lib/avr5\libm.a(addsf3x.o)
                              c:/program files (x86)/atmel/studio/7.0/toolchain/avr8/avr8-gnu-toolchain/bin/../lib/gcc/avr/5.4.0/../../../../avr/lib/avr5\libm.a(addsf3.o) (__addsf3x)
c:/program files (x86)/atmel/studio/7.0/toolchain/avr8/avr8-gnu-toolchain/bin/../lib/gcc/avr/5.4.0/../../../../avr/lib/avr5\libm.a(cmpsf2.o)
                              main.o (__eqsf2)
c:/program files (x86)/atmel/studio/7.0/toolchain/avr8/avr8-gnu-toolchain/bin/../lib/gcc/avr/5.4.0/../../../../avr/lib/avr5\libm.a(divsf3.o)
                              DFRobot_PH.o (__divsf3)
c:/program files (x86)/atmel/studio/7.0/toolchain/avr8/avr8-gnu-toolchain/bin/../lib/gcc/avr/5.4.0/../../../../avr/lib/avr5\libm.a(divsf3x.o)
                              c:/program files (x86)/atmel/studio/7.0/toolchain/avr8/avr8-gnu-toolchain/bin/../lib/gcc/avr/5.4.0/../../../../avr/lib/avr5\libm.a(divsf3.o) (__divsf3x)
c:/program files (x86)/atmel/studio/7.0/toolchain/avr8/avr8-gnu-toolchain/bin/../lib/gcc/avr/5.4.0/../../../../avr/lib/avr5\libm.a(fixsfsi.o)
                              main.o (__fixsfsi)
c:/program files (x86)/atmel/studio/7.0/toolchain/avr8/avr8-gnu-toolchain/bin/../lib/gcc/avr/5.4.0/../../../../avr/lib/avr5\libm.a(fixunssfsi.o)
                              c:/program files (x86)/atmel/studio/7.0/toolchain/avr8/avr8-gnu-toolchain/bin/../lib/gcc/avr/5.4.0/../../../../avr/lib/avr5\libm.a(fixsfsi.o) (__fixunssfsi)
c:/program files (x86)/atmel/studio/7.0/toolchain/avr8/avr8-gnu-toolchain/bin/../lib/gcc/avr/5.4.0/../../../../avr/lib/avr5\libm.a(floatsisf.o)
                              main.o (__floatsisf)
c:/program files (x86)/atmel/studio/7.0/toolchain/avr8/avr8-gnu-toolchain/bin/../lib/gcc/avr/5.4.0/../../../../avr/lib/avr5\libm.a(fp_cmp.o)
                              c:/program files (x86)/atmel/studio/7.0/toolchain/avr8/avr8-gnu-toolchain/bin/../lib/gcc/avr/5.4.0/../../../../avr/lib/avr5\libm.a(cmpsf2.o) (__fp_cmp)
c:/program files (x86)/atmel/studio/7.0/toolchain/avr8/avr8-gnu-toolchain/bin/../lib/gcc/avr/5.4.0/../../../../avr/lib/avr5\libm.a(fp_inf.o)
                              c:/program files (x86)/atmel/studio/7.0/toolchain/avr8/avr8-gnu-toolchain/bin/../lib/gcc/avr/5.4.0/../../../../avr/lib/avr5\libm.a(addsf3x.o) (__fp_inf)
c:/program files (x86)/atmel/studio/7.0/toolchain/avr8/avr8-gnu-toolchain/bin/../lib/gcc/avr/5.4.0/../../../../avr/lib/avr5\libm.a(fp_nan.o)
                              c:/program files (x86)/atmel/studio/7.0/toolchain/avr8/avr8-gnu-toolchain/bin/../lib/gcc/avr/5.4.0/../../../../avr/lib/avr5\libm.a(addsf3x.o) (__fp_nan)
c:/program files (x86)/atmel/studio/7.0/toolchain/avr8/avr8-gnu-toolchain/bin/../lib/gcc/avr/5.4.0/../../../../avr/lib/avr5\libm.a(fp_pscA.o)
                              c:/program files (x86)/atmel/studio/7.0/toolchain/avr8/avr8-gnu-toolchain/bin/../lib/gcc/avr/5.4.0/../../../../avr/lib/avr5\libm.a(addsf3x.o) (__fp_pscA)
c:/program files (x86)/atmel/studio/7.0/toolchain/avr8/avr8-gnu-toolchain/bin/../lib/gcc/avr/5.4.0/../../../../avr/lib/avr5\libm.a(fp_pscB.o)
                              c:/program files (x86)/atmel/studio/7.0/toolchain/avr8/avr8-gnu-toolchain/bin/../lib/gcc/avr/5.4.0/../../../../avr/lib/avr5\libm.a(addsf3x.o) (__fp_pscB)
c:/program files (x86)/atmel/studio/7.0/toolchain/avr8/avr8-gnu-toolchain/bin/../lib/gcc/avr/5.4.0/../../../../avr/lib/avr5\libm.a(fp_round.o)
                              c:/program files (x86)/atmel/studio/7.0/toolchain/avr8/avr8-gnu-toolchain/bin/../lib/gcc/avr/5.4.0/../../../../avr/lib/avr5\libm.a(addsf3.o) (__fp_round)
c:/program files (x86)/atmel/studio/7.0/toolchain/avr8/avr8-gnu-toolchain/bin/../lib/gcc/avr/5.4.0/../../../../avr/lib/avr5\libm.a(fp_split3.o)
                              c:/program files (x86)/atmel/studio/7.0/toolchain/avr8/avr8-gnu-toolchain/bin/../lib/gcc/avr/5.4.0/../../../../avr/lib/avr5\libm.a(addsf3x.o) (__fp_split3)
c:/program files (x86)/atmel/studio/7.0/toolchain/avr8/avr8-gnu-toolchain/bin/../lib/gcc/avr/5.4.0/../../../../avr/lib/avr5\libm.a(fp_zero.o)
                              c:/program files (x86)/atmel/studio/7.0/toolchain/avr8/avr8-gnu-toolchain/bin/../lib/gcc/avr/5.4.0/../../../../avr/lib/avr5\libm.a(addsf3x.o) (__fp_zero)
c:/program files (x86)/atmel/studio/7.0/toolchain/avr8/avr8-gnu-toolchain/bin/../lib/gcc/avr/5.4.0/../../../../avr/lib/avr5\libm.a(gesf2.o)
                              DFRobot_PH.o (__gtsf2)
c:/program files (x86)/atmel/studio/7.0/toolchain/avr8/avr8-gnu-toolchain/bin/../lib/gcc/avr/5.4.0/../../../../avr/lib/avr5\libm.a(mulsf3.o)
[...]
Memory Configuration

Name             Origin             Length             Attributes
text             0x00000000         0x00020000         xr
data             0x00800060         0x0000ffa0         rw !x
eeprom           0x00810000         0x00010000         rw !x
fuse             0x00820000         0x00000003         rw !x
lock             0x00830000         0x00000400         rw !x
signature        0x00840000         0x00000400         rw !x
user_signatures  0x00850000         0x00000400         rw !x
*default*        0x00000000         0xffffffff

Linker script and memory map

Address of section .data set to 0x800100
LOAD C:/Program Files (x86)/Atmel/Studio/7.0/Packs/atmel/ATmega_DFP/1.2.209/gcc/dev/atmega328p/avr5/crtatmega328p.o
LOAD DFRobot_PH.o
LOAD main.o
LOAD OneWire.o
LOAD phSensor.o
LOAD src/libraries/MD_TCS230/src/MD_TCS230.o
LOAD src/libraries/SoftwareSerial/src/SoftwareSerial.o
START GROUP
LOAD c:/program files (x86)/atmel/studio/7.0/toolchain/avr8/avr8-gnu-toolchain/bin/../lib/gcc/avr/5.4.0/../../../../avr/lib/avr5\libm.a
LOAD C:\Users\theel\Documents\473Project\fish\lil_fish_tanks\LilFishTanks\LilFishTanks\ArduinoCore\Debug\libArduinoCore.a
END GROUP
LOAD c:/program files (x86)/atmel/studio/7.0/toolchain/avr8/avr8-gnu-toolchain/bin/../lib/gcc/avr/5.4.0/avr5\libgcc.a
LOAD c:/program files (x86)/atmel/studio/7.0/toolchain/avr8/avr8-gnu-toolchain/bin/../lib/gcc/avr/5.4.0/../../../../avr/lib/avr5\libm.a
START GROUP
LOAD c:/program files (x86)/atmel/studio/7.0/toolchain/avr8/avr8-gnu-toolchain/bin/../lib/gcc/avr/5.4.0/avr5\libgcc.a
LOAD c:/program files (x86)/atmel/studio/7.0/toolchain/avr8/avr8-gnu-toolchain/bin/../lib/gcc/avr/5.4.0/../../../../avr/lib/avr5\libm.a
LOAD c:/program files (x86)/atmel/studio/7.0/toolchain/avr8/avr8-gnu-toolchain/bin/../lib/gcc/avr/5.4.0/../../../../avr/lib/avr5\libc.a
LOAD C:/Program Files (x86)/Atmel/Studio/7.0/Packs/atmel/ATmega_DFP/1.2.209/gcc/dev/atmega328p/avr5\libatmega328p.a
END GROUP
                0x00000000                __TEXT_REGION_ORIGIN__ = DEFINED (__TEXT_REGION_ORIGIN__)?__TEXT_REGION_ORIGIN__:0x0
                0x00800060                __DATA_REGION_ORIGIN__ = DEFINED (__DATA_REGION_ORIGIN__)?__DATA_REGION_ORIGIN__:0x800060
                0x00020000                __TEXT_REGION_LENGTH__ = DEFINED (__TEXT_REGION_LENGTH__)?__TEXT_REGION_LENGTH__:0x20000
                0x0000ffa0                __DATA_REGION_LENGTH__ = DEFINED (__DATA_REGION_LENGTH__)?__DATA_REGION_LENGTH__:0xffa0
                0x00010000                __EEPROM_REGION_LENGTH__ = DEFINED (__EEPROM_REGION_LENGTH__)?__EEPROM_REGION_LENGTH__:0x10000
                [0x00000003]                __FUSE_REGION_LENGTH__ = DEFINED (__FUSE_REGION_LENGTH__)?__FUSE_REGION_LENGTH__:0x400
                0x00000400                __LOCK_REGION_LENGTH__ = DEFINED (__LOCK_REGION_LENGTH__)?__LOCK_REGION_LENGTH__:0x400
                0x00000400                __SIGNATURE_REGION_LENGTH__ = DEFINED (__SIGNATURE_REGION_LENGTH__)?__SIGNATURE_REGION_LENGTH__:0x400
                0x00000400                __USER_SIGNATURE_REGION_LENGTH__ = DEFINED (__USER_SIGNATURE_REGION_LENGTH__)?__USER_SIGNATURE_REGION_LENGTH__:0x400

.hash
 *(.hash)

.dynsym
 *(.dynsym)

.dynstr
 *(.dynstr)

.gnu.version
 *(.gnu.version)

.gnu.version_d
 *(.gnu.version_d)

.gnu.version_r
 *(.gnu.version_r)

.rel.init
 *(.rel.init)

.rela.init
 *(.rela.init)

.rel.text
 *(.rel.text)
 *(.rel.text.*)
 *(.rel.gnu.linkonce.t*)

.rela.text
 *(.rela.text)
 *(.rela.text.*)
 *(.rela.gnu.linkonce.t*)

.rel.fini
 *(.rel.fini)

.rela.fini
 *(.rela.fini)

.rel.rodata
 *(.rel.rodata)
 *(.rel.rodata.*)
 *(.rel.gnu.linkonce.r*)

.rela.rodata
 *(.rela.rodata)
 *(.rela.rodata.*)
 *(.rela.gnu.linkonce.r*)

.rel.data
 *(.rel.data)
 *(.rel.data.*)
 *(.rel.gnu.linkonce.d*)

.rela.data
 *(.rela.data)
 *(.rela.data.*)
 *(.rela.gnu.linkonce.d*)

.rel.ctors
 *(.rel.ctors)

.rela.ctors
 *(.rela.ctors)

.rel.dtors
 *(.rel.dtors)

.rela.dtors
 *(.rela.dtors)

.rel.got
 *(.rel.got)

.rela.got
 *(.rela.got)

.rel.bss
 *(.rel.bss)

.rela.bss
 *(.rela.bss)

.rel.plt
 *(.rel.plt)

.rela.plt
 *(.rela.plt)

.text           0x00000000     0x42ba
 *(.vectors)
 .vectors       0x00000000       0x68 C:/Program Files (x86)/Atmel/Studio/7.0/Packs/atmel/ATmega_DFP/1.2.209/gcc/dev/atmega328p/avr5/crtatmega328p.o
                0x00000000                __vector_default
                0x00000000                __vectors
 *(.vectors)
 *(.progmem.gcc*)
 .progmem.gcc_sw_table.prvTimerTask
                0x00000068       0x14 C:\Users\theel\Documents\473Project\fish\lil_fish_tanks\LilFishTanks\LilFishTanks\ArduinoCore\Debug\libArduinoCore.a(timers.o)
                0x0000007c                . = ALIGN (0x2)
                0x0000007c                __trampolines_start = .
 *(.trampolines)
 .trampolines   0x0000007c        0x0 linker stubs
 *(.trampolines*)
                0x0000007c                __trampolines_end = .
 *libprintf_flt.a:*(.progmem.data)
 *libc.a:*(.progmem.data)
 *(.progmem*)
 .progmem.data._ZL15dscrc2x16_table
                0x0000007c       0x20 OneWire.o
 .progmem.data.digital_pin_to_timer_PGM
                0x0000009c       0x14 C:\Users\theel\Documents\473Project\fish\lil_fish_tanks\LilFishTanks\LilFishTanks\ArduinoCore\Debug\libArduinoCore.a(wiring_digital.o)
                0x0000009c                digital_pin_to_timer_PGM
 .progmem.data.digital_pin_to_bit_mask_PGM
                0x000000b0       0x14 C:\Users\theel\Documents\473Project\fish\lil_fish_tanks\LilFishTanks\LilFishTanks\ArduinoCore\Debug\libArduinoCore.a(wiring_digital.o)
                0x000000b0                digital_pin_to_bit_mask_PGM
 .progmem.data.digital_pin_to_port_PGM
                0x000000c4       0x14 C:\Users\theel\Documents\473Project\fish\lil_fish_tanks\LilFishTanks\LilFishTanks\ArduinoCore\Debug\libArduinoCore.a(wiring_digital.o)
                0x000000c4                digital_pin_to_port_PGM
 .progmem.data.port_to_input_PGM
                0x000000d8        0xa C:\Users\theel\Documents\473Project\fish\lil_fish_tanks\LilFishTanks\LilFishTanks\ArduinoCore\Debug\libArduinoCore.a(wiring_digital.o)
                0x000000d8                port_to_input_PGM
 .progmem.data.port_to_output_PGM
                0x000000e2        0xa C:\Users\theel\Documents\473Project\fish\lil_fish_tanks\LilFishTanks\LilFishTanks\ArduinoCore\Debug\libArduinoCore.a(wiring_digital.o)
                0x000000e2                port_to_output_PGM
 .progmem.data.port_to_mode_PGM
                0x000000ec        0xa C:\Users\theel\Documents\473Project\fish\lil_fish_tanks\LilFishTanks\LilFishTanks\ArduinoCore\Debug\libArduinoCore.a(wiring_digital.o)
                0x000000ec                port_to_mode_PGM
                0x000000f6                . = ALIGN (0x2)
 *(.jumptables)
 *(.jumptables*)
 *(.lowtext)
 *(.lowtext*)
                0x000000f6                __ctors_start = .
 *(.ctors)
 .ctors         0x000000f6        0x2 main.o
 .ctors         0x000000f8        0x2 phSensor.o
 .ctors         0x000000fa        0x2 C:\Users\theel\Documents\473Project\fish\lil_fish_tanks\LilFishTanks\LilFishTanks\ArduinoCore\Debug\libArduinoCore.a(HardwareSerial0.o)
                0x000000fc                __ctors_end = .
                0x000000fc                __dtors_start = .
 *(.dtors)
 .dtors         0x000000fc        0x2 main.o
 .dtors         0x000000fe        0x2 phSensor.o
                0x00000100                __dtors_end = .
 SORT(*)(.ctors)
 SORT(*)(.dtors)
 *(.init0)
 .init0         0x00000100        0x0 C:/Program Files (x86)/Atmel/Studio/7.0/Packs/atmel/ATmega_DFP/1.2.209/gcc/dev/atmega328p/avr5/crtatmega328p.o
                0x00000100                __init
 *(.init0)
 *(.init1)
 *(.init1)
 *(.init2)
 .init2         0x00000100        0xc C:/Program Files (x86)/Atmel/Studio/7.0/Packs/atmel/ATmega_DFP/1.2.209/gcc/dev/atmega328p/avr5/crtatmega328p.o
 *(.init2)
 *(.init3)
 *(.init3)
 *(.init4)
 .init4         0x0000010c       0x16 c:/program files (x86)/atmel/studio/7.0/toolchain/avr8/avr8-gnu-toolchain/bin/../lib/gcc/avr/5.4.0/avr5\libgcc.a(_copy_data.o)
                0x0000010c                __do_copy_data
 .init4         0x00000122       0x10 c:/program files (x86)/atmel/studio/7.0/toolchain/avr8/avr8-gnu-toolchain/bin/../lib/gcc/avr/5.4.0/avr5\libgcc.a(_clear_bss.o)
                0x00000122                __do_clear_bss
 *(.init4)
 *(.init5)
 *(.init5)
 *(.init6)
 .init6         0x00000132       0x16 c:/program files (x86)/atmel/studio/7.0/toolchain/avr8/avr8-gnu-toolchain/bin/../lib/gcc/avr/5.4.0/avr5\libgcc.a(_ctors.o)
                0x00000132                __do_global_ctors
 *(.init6)
 *(.init7)
 *(.init7)
 *(.init8)
 *(.init8)
 *(.init9)
 .init9         0x00000148        0x8 C:/Program Files (x86)/Atmel/Studio/7.0/Packs/atmel/ATmega_DFP/1.2.209/gcc/dev/atmega328p/avr5/crtatmega328p.o
 *(.init9)
 *(.text)
 .text          0x00000150        0x4 C:/Program Files (x86)/Atmel/Studio/7.0/Packs/atmel/ATmega_DFP/1.2.209/gcc/dev/atmega328p/avr5/crtatmega328p.o
                0x00000150                __vector_22
                0x00000150                __vector_24
                0x00000150                __vector_12
                0x00000150                __bad_interrupt
                0x00000150                __vector_23
                0x00000150                __vector_25
                0x00000150                __vector_11
                0x00000150                __vector_13
                0x00000150                __vector_17
                0x00000150                __vector_9
                0x00000150                __vector_21
                0x00000150                __vector_15
                0x00000150                __vector_8
                0x00000150                __vector_14
                0x00000150                __vector_10
                0x00000150                __vector_20
                0x00000154                . = ALIGN (0x2)
 *(.text.*)
 .text._ZN11EEPROMClass4readEi.isra.0
                0x00000154        0x4 DFRobot_PH.o
 .text._ZN10DFRobot_PHC2Ev
                0x00000158       0x4c DFRobot_PH.o
                0x00000158                _ZN10DFRobot_PHC1Ev
                0x00000158                _ZN10DFRobot_PHC2Ev
 .text._ZN10DFRobot_PHD2Ev
                0x000001a4        0x2 DFRobot_PH.o
                0x000001a4                _ZN10DFRobot_PHD2Ev
                0x000001a4                _ZN10DFRobot_PHD1Ev
 .text._ZN10DFRobot_PH5beginEv
                0x000001a6      0x15e DFRobot_PH.o
                0x000001a6                _ZN10DFRobot_PH5beginEv
 .text._ZN5Print5writeEPKc
                0x00000304       0x2a main.o
                0x00000304                _ZN5Print5writeEPKc
 .text._Z11measureTempv
                0x0000032e      0x16c main.o
                0x0000032e                _Z11measureTempv
 .text._Z9addColorsv
                0x0000049a      0x29c main.o
                0x0000049a                _Z9addColorsv
 .text._Z6setLED8LEDColor
                0x00000736       0x48 main.o
                0x00000736                _Z6setLED8LEDColor
 .text._Z20TaskPHandTemperaturePv
                0x0000077e      0x13c main.o
                0x0000077e                _Z20TaskPHandTemperaturePv
 .text._Z8setupLEDv
                0x000008ba       0x34 main.o
                0x000008ba                _Z8setupLEDv
 .text.setup    0x000008ee       0xf8 main.o
                0x000008ee                setup
 .text.loop     0x000009e6        0x2 main.o
                0x000009e6                loop
 .text.startup._GLOBAL__sub_I_ds
                0x000009e8       0x26 main.o
 .text.exit._GLOBAL__sub_D_ds
                0x00000a0e       0x10 main.o
 .text._Z8fromWifiv
                0x00000a1e      0x15e main.o
                0x00000a1e                _Z8fromWifiv
 .text._ZN7OneWire5resetEv
                0x00000b7c       0x7e OneWire.o
                0x00000b7c                _ZN7OneWire5resetEv
 .text._ZN7OneWire9write_bitEh
                0x00000bfa       0x66 OneWire.o
                0x00000bfa                _ZN7OneWire9write_bitEh
 .text._ZN7OneWire8read_bitEv
                0x00000c60       0x56 OneWire.o
                0x00000c60                _ZN7OneWire8read_bitEv
 .text._ZN7OneWire5writeEhh
                0x00000cb6       0x68 OneWire.o
                0x00000cb6                _ZN7OneWire5writeEhh
 .text._ZN7OneWire4readEv
                0x00000d1e       0x38 OneWire.o
                0x00000d1e                _ZN7OneWire4readEv
 .text._ZN7OneWire6selectEPKh
                0x00000d56       0x3e OneWire.o
                0x00000d56                _ZN7OneWire6selectEPKh
 .text._ZN7OneWire12reset_searchEv
                0x00000d94       0x18 OneWire.o
                0x00000d94                _ZN7OneWire12reset_searchEv
 .text._ZN7OneWire5beginEh
                0x00000dac       0x46 OneWire.o
                0x00000dac                _ZN7OneWire5beginEh
 .text._ZN7OneWire6searchEPhb
                0x00000df2      0x10e OneWire.o
                0x00000df2                _ZN7OneWire6searchEPhb
 .text._ZN7OneWire4crc8EPKhh
                0x00000f00       0x30 OneWire.o
                0x00000f00                _ZN7OneWire4crc8EPKhh
 .text._Z6phInitv
                0x00000f30        0x8 phSensor.o
                0x00000f30                _Z6phInitv
 .text._Z6calcPHv
                0x00000f38      0x128 phSensor.o
                0x00000f38                _Z6calcPHv
 .text.startup._GLOBAL__sub_I_ph
                0x00001060        0x8 phSensor.o
 .text.exit._GLOBAL__sub_D_ph
                0x00001068        0x8 phSensor.o
 .text._ZN9MD_TCS23010initialiseEv
                0x00001070       0x4e src/libraries/MD_TCS230/src/MD_TCS230.o
                0x00001070                _ZN9MD_TCS23010initialiseEv
 .text._ZN9MD_TCS230C2Ehhh
                0x000010be       0x28 src/libraries/MD_TCS230/src/MD_TCS230.o
                0x000010be                _ZN9MD_TCS230C1Ehhh
                0x000010be                _ZN9MD_TCS230C2Ehhh
 .text._ZN9MD_TCS230D2Ev
                0x000010e6        0x2 src/libraries/MD_TCS230/src/MD_TCS230.o
                0x000010e6                _ZN9MD_TCS230D2Ev
                0x000010e6                _ZN9MD_TCS230D1Ev
 .text._ZN9MD_TCS23013setFrequency2Eh
                0x000010e8       0x4c src/libraries/MD_TCS230/src/MD_TCS230.o
                0x000010e8                _ZN9MD_TCS23013setFrequency2Eh
 .text._ZN9MD_TCS2309setEnableEb
                0x00001134       0x22 src/libraries/MD_TCS230/src/MD_TCS230.o
                0x00001134                _ZN9MD_TCS2309setEnableEb
 .text._ZN9MD_TCS2305beginEv
                0x00001156       0x56 src/libraries/MD_TCS230/src/MD_TCS230.o
                0x00001156                _ZN9MD_TCS2305beginEv
 .text._ZN5Print17availableForWriteEv
                0x000011ac        0x6 src/libraries/SoftwareSerial/src/SoftwareSerial.o
                0x000011ac                _ZN5Print17availableForWriteEv
 .text._ZN14SoftwareSerial4readEv
                0x000011b2       0x42 src/libraries/SoftwareSerial/src/SoftwareSerial.o
                0x000011b2                _ZN14SoftwareSerial4readEv
 .text._ZN14SoftwareSerial5writeEh
                0x000011f4       0xa0 src/libraries/SoftwareSerial/src/SoftwareSerial.o
                0x000011f4                _ZN14SoftwareSerial5writeEh
 .text._ZN14SoftwareSerial5flushEv
                0x00001294        0x2 src/libraries/SoftwareSerial/src/SoftwareSerial.o
                0x00001294                _ZN14SoftwareSerial5flushEv
 .text._ZN14SoftwareSerial4peekEv
                0x00001296       0x30 src/libraries/SoftwareSerial/src/SoftwareSerial.o
                0x00001296                _ZN14SoftwareSerial4peekEv
 .text._ZN14SoftwareSerial9availableEv
                0x000012c6       0x30 src/libraries/SoftwareSerial/src/SoftwareSerial.o
                0x000012c6                _ZN14SoftwareSerial9availableEv
 .text._ZN14SoftwareSerial13stopListeningEv
                0x000012f6       0x2c src/libraries/SoftwareSerial/src/SoftwareSerial.o
                0x000012f6                _ZN14SoftwareSerial13stopListeningEv
 .text._ZN14SoftwareSerial6listenEv
                0x00001322       0x52 src/libraries/SoftwareSerial/src/SoftwareSerial.o
                0x00001322                _ZN14SoftwareSerial6listenEv
 .text.__vector_3
                0x00001374       0xf4 src/libraries/SoftwareSerial/src/SoftwareSerial.o
                0x00001374                __vector_5
                0x00001374                __vector_4
                0x00001374                __vector_3
 .text._ZN14SoftwareSerialD2Ev
                0x00001468        0xe src/libraries/SoftwareSerial/src/SoftwareSerial.o
                0x00001468                _ZN14SoftwareSerialD1Ev
                0x00001468                _ZN14SoftwareSerialD2Ev
 .text._ZN14SoftwareSerial5setTXEh
                0x00001476       0x52 src/libraries/SoftwareSerial/src/SoftwareSerial.o
                0x00001476                _ZN14SoftwareSerial5setTXEh
 .text._ZN14SoftwareSerial5setRXEh
                0x000014c8       0x52 src/libraries/SoftwareSerial/src/SoftwareSerial.o
                0x000014c8                _ZN14SoftwareSerial5setRXEh
 .text._ZN14SoftwareSerialC2Ehhb
                0x0000151a       0x56 src/libraries/SoftwareSerial/src/SoftwareSerial.o
                0x0000151a                _ZN14SoftwareSerialC1Ehhb
                0x0000151a                _ZN14SoftwareSerialC2Ehhb
 .text._ZN14SoftwareSerial5beginEl
                0x00001570      0x11c src/libraries/SoftwareSerial/src/SoftwareSerial.o
                0x00001570                _ZN14SoftwareSerial5beginEl
 .text.avr-libc.fplib
                0x0000168c        0xe c:/program files (x86)/atmel/studio/7.0/toolchain/avr8/avr8-gnu-toolchain/bin/../lib/gcc/avr/5.4.0/../../../../avr/lib/avr5\libm.a(addsf3.o)
                0x0000168c                __subsf3
                0x0000168e                __addsf3
 .text.avr-libc.fplib
                0x0000169a       0xcc c:/program files (x86)/atmel/studio/7.0/toolchain/avr8/avr8-gnu-toolchain/bin/../lib/gcc/avr/5.4.0/../../../../avr/lib/avr5\libm.a(addsf3x.o)
                0x000016bc                __addsf3x
 .text.avr-libc.fplib
                0x00001766        0xa c:/program files (x86)/atmel/studio/7.0/toolchain/avr8/avr8-gnu-toolchain/bin/../lib/gcc/avr/5.4.0/../../../../avr/lib/avr5\libm.a(cmpsf2.o)
                0x00001766                __nesf2
                0x00001766                __eqsf2
                0x00001766                __cmpsf2
                0x00001766                __ltsf2
                0x00001766                __lesf2
 .text.avr-libc.fplib
                0x00001770        0x8 c:/program files (x86)/atmel/studio/7.0/toolchain/avr8/avr8-gnu-toolchain/bin/../lib/gcc/avr/5.4.0/../../../../avr/lib/avr5\libm.a(divsf3.o)
                0x00001770                __divsf3
 .text.avr-libc.fplib
                0x00001778       0xdc c:/program files (x86)/atmel/studio/7.0/toolchain/avr8/avr8-gnu-toolchain/bin/../lib/gcc/avr/5.4.0/../../../../avr/lib/avr5\libm.a(divsf3x.o)
                0x00001798                __divsf3x
                0x0000179e                __divsf3_pse
 .text.avr-libc.fplib
                0x00001854        0xe c:/program files (x86)/atmel/studio/7.0/toolchain/avr8/avr8-gnu-toolchain/bin/../lib/gcc/avr/5.4.0/../../../../avr/lib/avr5\libm.a(fixsfsi.o)
                0x00001854                __fixsfsi
 .text.avr-libc.fplib
                0x00001862       0x5e c:/program files (x86)/atmel/studio/7.0/toolchain/avr8/avr8-gnu-toolchain/bin/../lib/gcc/avr/5.4.0/../../../../avr/lib/avr5\libm.a(fixunssfsi.o)
                0x00001862                __fixunssfsi
 .text.avr-libc.fplib
                0x000018c0       0x7a c:/program files (x86)/atmel/studio/7.0/toolchain/avr8/avr8-gnu-toolchain/bin/../lib/gcc/avr/5.4.0/../../../../avr/lib/avr5\libm.a(floatsisf.o)
                0x000018c0                __floatunsisf
                0x000018c4                __floatsisf
 .text.avr-libc.fplib
                0x0000193a       0x48 c:/program files (x86)/atmel/studio/7.0/toolchain/avr8/avr8-gnu-toolchain/bin/../lib/gcc/avr/5.4.0/../../../../avr/lib/avr5\libm.a(fp_cmp.o)
                0x0000193a                __fp_cmp
 .text.avr-libc.fplib
                0x00001982        0xc c:/program files (x86)/atmel/studio/7.0/toolchain/avr8/avr8-gnu-toolchain/bin/../lib/gcc/avr/5.4.0/../../../../avr/lib/avr5\libm.a(fp_inf.o)
                0x00001982                __fp_inf
 .text.avr-libc.fplib
                0x0000198e        0x6 c:/program files (x86)/atmel/studio/7.0/toolchain/avr8/avr8-gnu-toolchain/bin/../lib/gcc/avr/5.4.0/../../../../avr/lib/avr5\libm.a(fp_nan.o)
                0x0000198e                __fp_nan
 .text.avr-libc.fplib
                0x00001994        0xe c:/program files (x86)/atmel/studio/7.0/toolchain/avr8/avr8-gnu-toolchain/bin/../lib/gcc/avr/5.4.0/../../../../avr/lib/avr5\libm.a(fp_pscA.o)
                0x00001994                __fp_pscA
 .text.avr-libc.fplib
                0x000019a2        0xe c:/program files (x86)/atmel/studio/7.0/toolchain/avr8/avr8-gnu-toolchain/bin/../lib/gcc/avr/5.4.0/../../../../avr/lib/avr5\libm.a(fp_pscB.o)
                0x000019a2                __fp_pscB
 .text.avr-libc.fplib
                0x000019b0       0x22 c:/program files (x86)/atmel/studio/7.0/toolchain/avr8/avr8-gnu-toolchain/bin/../lib/gcc/avr/5.4.0/../../../../avr/lib/avr5\libm.a(fp_round.o)
                0x000019b0                __fp_round
 .text.avr-libc.fplib
                0x000019d2       0x44 c:/program files (x86)/atmel/studio/7.0/toolchain/avr8/avr8-gnu-toolchain/bin/../lib/gcc/avr/5.4.0/../../../../avr/lib/avr5\libm.a(fp_split3.o)
                0x000019d2                __fp_split3
                0x000019e2                __fp_splitA
 .text.avr-libc.fplib
                0x00001a16        0xe c:/program files (x86)/atmel/studio/7.0/toolchain/avr8/avr8-gnu-toolchain/bin/../lib/gcc/avr/5.4.0/../../../../avr/lib/avr5\libm.a(fp_zero.o)
                0x00001a16                __fp_zero
                0x00001a18                __fp_szero
 .text.avr-libc.fplib
                0x00001a24        0xa c:/program files (x86)/atmel/studio/7.0/toolchain/avr8/avr8-gnu-toolchain/bin/../lib/gcc/avr/5.4.0/../../../../avr/lib/avr5\libm.a(gesf2.o)
                0x00001a24                __gesf2
                0x00001a24                __gtsf2
 .text.avr-libc.fplib
                0x00001a2e        0x8 c:/program files (x86)/atmel/studio/7.0/toolchain/avr8/avr8-gnu-toolchain/bin/../lib/gcc/avr/5.4.0/../../../../avr/lib/avr5\libm.a(mulsf3.o)
                0x00001a2e                __mulsf3
 .text.avr-libc.fplib
                0x00001a36       0xd2 c:/program files (x86)/atmel/studio/7.0/toolchain/avr8/avr8-gnu-toolchain/bin/../lib/gcc/avr/5.4.0/../../../../avr/lib/avr5\libm.a(mulsf3x.o)
                0x00001a54                __mulsf3x
                0x00001a5a                __mulsf3_pse
 .text._ZN14HardwareSerial9availableEv
                0x00001b08       0x18 C:\Users\theel\Documents\473Project\fish\lil_fish_tanks\LilFishTanks\LilFishTanks\ArduinoCore\Debug\libArduinoCore.a(HardwareSerial.o)
                0x00001b08                _ZN14HardwareSerial9availableEv
 .text._ZN14HardwareSerial4peekEv
                0x00001b20       0x1c C:\Users\theel\Documents\473Project\fish\lil_fish_tanks\LilFishTanks\LilFishTanks\ArduinoCore\Debug\libArduinoCore.a(HardwareSerial.o)
                0x00001b20                _ZN14HardwareSerial4peekEv
 .text._ZN14HardwareSerial4readEv
                0x00001b3c       0x28 C:\Users\theel\Documents\473Project\fish\lil_fish_tanks\LilFishTanks\LilFishTanks\ArduinoCore\Debug\libArduinoCore.a(HardwareSerial.o)
                0x00001b3c                _ZN14HardwareSerial4readEv
 .text._ZN14HardwareSerial17availableForWriteEv
                0x00001b64       0x1e C:\Users\theel\Documents\473Project\fish\lil_fish_tanks\LilFishTanks\LilFishTanks\ArduinoCore\Debug\libArduinoCore.a(HardwareSerial.o)
                0x00001b64                _ZN14HardwareSerial17availableForWriteEv
 .text._Z14serialEventRunv
                0x00001b82       0x1c C:\Users\theel\Documents\473Project\fish\lil_fish_tanks\LilFishTanks\LilFishTanks\ArduinoCore\Debug\libArduinoCore.a(HardwareSerial.o)
                0x00001b82                _Z14serialEventRunv
 .text._ZN14HardwareSerial17_tx_udr_empty_irqEv
                0x00001b9e       0x44 C:\Users\theel\Documents\473Project\fish\lil_fish_tanks\LilFishTanks\LilFishTanks\ArduinoCore\Debug\libArduinoCore.a(HardwareSerial.o)
                0x00001b9e                _ZN14HardwareSerial17_tx_udr_empty_irqEv
 .text._ZN14HardwareSerial5writeEh
                0x00001be2       0x9a C:\Users\theel\Documents\473Project\fish\lil_fish_tanks\LilFishTanks\LilFishTanks\ArduinoCore\Debug\libArduinoCore.a(HardwareSerial.o)
                0x00001be2                _ZN14HardwareSerial5writeEh
 .text._ZN14HardwareSerial5flushEv
                0x00001c7c       0x44 C:\Users\theel\Documents\473Project\fish\lil_fish_tanks\LilFishTanks\LilFishTanks\ArduinoCore\Debug\libArduinoCore.a(HardwareSerial.o)
                0x00001c7c                _ZN14HardwareSerial5flushEv
 .text.__vector_18
                0x00001cc0       0x64 C:\Users\theel\Documents\473Project\fish\lil_fish_tanks\LilFishTanks\LilFishTanks\ArduinoCore\Debug\libArduinoCore.a(HardwareSerial0.o)
                0x00001cc0                __vector_18
 .text.__vector_19
                0x00001d24       0x4c C:\Users\theel\Documents\473Project\fish\lil_fish_tanks\LilFishTanks\LilFishTanks\ArduinoCore\Debug\libArduinoCore.a(HardwareSerial0.o)
                0x00001d24                __vector_19
 .text._Z17Serial0_availablev
                0x00001d70       0x14 C:\Users\theel\Documents\473Project\fish\lil_fish_tanks\LilFishTanks\LilFishTanks\ArduinoCore\Debug\libArduinoCore.a(HardwareSerial0.o)
                0x00001d70                _Z17Serial0_availablev
 .text.startup._GLOBAL__sub_I___vector_18
                0x00001d84       0x5a C:\Users\theel\Documents\473Project\fish\lil_fish_tanks\LilFishTanks\LilFishTanks\ArduinoCore\Debug\libArduinoCore.a(HardwareSerial0.o)
 .text.startup.main
                0x00001dde       0x1e C:\Users\theel\Documents\473Project\fish\lil_fish_tanks\LilFishTanks\LilFishTanks\ArduinoCore\Debug\libArduinoCore.a(main.o)
                0x00001dde                main
 .text._ZN5Print5writeEPKhj
                0x00001dfc       0x54 C:\Users\theel\Documents\473Project\fish\lil_fish_tanks\LilFishTanks\LilFishTanks\ArduinoCore\Debug\libArduinoCore.a(Print.o)
                0x00001dfc                _ZN5Print5writeEPKhj
 .text._ZN5Print5printEPKc
                0x00001e50        0x4 C:\Users\theel\Documents\473Project\fish\lil_fish_tanks\LilFishTanks\LilFishTanks\ArduinoCore\Debug\libArduinoCore.a(Print.o)
                0x00001e50                _ZN5Print5printEPKc
 .text._ZN5Print5printEc
                0x00001e54        0xe C:\Users\theel\Documents\473Project\fish\lil_fish_tanks\LilFishTanks\LilFishTanks\ArduinoCore\Debug\libArduinoCore.a(Print.o)
                0x00001e54                _ZN5Print5printEc
 .text._ZN5Print7printlnEv
                0x00001e62        0x8 C:\Users\theel\Documents\473Project\fish\lil_fish_tanks\LilFishTanks\LilFishTanks\ArduinoCore\Debug\libArduinoCore.a(Print.o)
                0x00001e62                _ZN5Print7printlnEv
 .text._ZN5Print7printlnEPKc
                0x00001e6a       0x24 C:\Users\theel\Documents\473Project\fish\lil_fish_tanks\LilFishTanks\LilFishTanks\ArduinoCore\Debug\libArduinoCore.a(Print.o)
                0x00001e6a                _ZN5Print7printlnEPKc
 .text._ZN5Print11printNumberEmh
                0x00001e8e       0x92 C:\Users\theel\Documents\473Project\fish\lil_fish_tanks\LilFishTanks\LilFishTanks\ArduinoCore\Debug\libArduinoCore.a(Print.o)
                0x00001e8e                _ZN5Print11printNumberEmh
 .text._ZN5Print5printEmi
                0x00001f20       0x1a C:\Users\theel\Documents\473Project\fish\lil_fish_tanks\LilFishTanks\LilFishTanks\ArduinoCore\Debug\libArduinoCore.a(Print.o)
                0x00001f20                _ZN5Print5printEmi
 .text._ZN5Print5printEji
                0x00001f3a        0xc C:\Users\theel\Documents\473Project\fish\lil_fish_tanks\LilFishTanks\LilFishTanks\ArduinoCore\Debug\libArduinoCore.a(Print.o)
                0x00001f3a                _ZN5Print5printEji
 .text._ZN5Print5printEli
                0x00001f46       0x90 C:\Users\theel\Documents\473Project\fish\lil_fish_tanks\LilFishTanks\LilFishTanks\ArduinoCore\Debug\libArduinoCore.a(Print.o)
                0x00001f46                _ZN5Print5printEli
 .text._ZN5Print5printEii
                0x00001fd6        0xe C:\Users\theel\Documents\473Project\fish\lil_fish_tanks\LilFishTanks\LilFishTanks\ArduinoCore\Debug\libArduinoCore.a(Print.o)
                0x00001fd6                _ZN5Print5printEii
 .text._ZN5Print10printFloatEdh
                0x00001fe4      0x1b6 C:\Users\theel\Documents\473Project\fish\lil_fish_tanks\LilFishTanks\LilFishTanks\ArduinoCore\Debug\libArduinoCore.a(Print.o)
                0x00001fe4                _ZN5Print10printFloatEdh
 .text._ZN5Print5printEdi
                0x0000219a        0x4 C:\Users\theel\Documents\473Project\fish\lil_fish_tanks\LilFishTanks\LilFishTanks\ArduinoCore\Debug\libArduinoCore.a(Print.o)
                0x0000219a                _ZN5Print5printEdi
 .text._ZN5Print7printlnEdi
                0x0000219e       0x24 C:\Users\theel\Documents\473Project\fish\lil_fish_tanks\LilFishTanks\LilFishTanks\ArduinoCore\Debug\libArduinoCore.a(Print.o)
                0x0000219e                _ZN5Print7printlnEdi
 .text.nothing  0x000021c2        0x2 C:\Users\theel\Documents\473Project\fish\lil_fish_tanks\LilFishTanks\LilFishTanks\ArduinoCore\Debug\libArduinoCore.a(WInterrupts.o)
 .text.attachInterrupt
                0x000021c4       0x40 C:\Users\theel\Documents\473Project\fish\lil_fish_tanks\LilFishTanks\LilFishTanks\ArduinoCore\Debug\libArduinoCore.a(WInterrupts.o)
                0x000021c4                attachInterrupt
 .text.__vector_1
                0x00002204       0x4e C:\Users\theel\Documents\473Project\fish\lil_fish_tanks\LilFishTanks\LilFishTanks\ArduinoCore\Debug\libArduinoCore.a(WInterrupts.o)
                0x00002204                __vector_1
 .text.__vector_2
                0x00002252       0x4e C:\Users\theel\Documents\473Project\fish\lil_fish_tanks\LilFishTanks\LilFishTanks\ArduinoCore\Debug\libArduinoCore.a(WInterrupts.o)
                0x00002252                __vector_2
 .text.__vector_16
                0x000022a0       0x94 C:\Users\theel\Documents\473Project\fish\lil_fish_tanks\LilFishTanks\LilFishTanks\ArduinoCore\Debug\libArduinoCore.a(wiring.o)
                0x000022a0                __vector_16
 .text.micros   0x00002334       0x4a C:\Users\theel\Documents\473Project\fish\lil_fish_tanks\LilFishTanks\LilFishTanks\ArduinoCore\Debug\libArduinoCore.a(wiring.o)
                0x00002334                micros
 .text.delay    0x0000237e       0x78 C:\Users\theel\Documents\473Project\fish\lil_fish_tanks\LilFishTanks\LilFishTanks\ArduinoCore\Debug\libArduinoCore.a(wiring.o)
                0x0000237e                delay
 .text.delayMicroseconds
                0x000023f6       0x16 C:\Users\theel\Documents\473Project\fish\lil_fish_tanks\LilFishTanks\LilFishTanks\ArduinoCore\Debug\libArduinoCore.a(wiring.o)
                0x000023f6                delayMicroseconds
 .text.init     0x0000240c       0x76 C:\Users\theel\Documents\473Project\fish\lil_fish_tanks\LilFishTanks\LilFishTanks\ArduinoCore\Debug\libArduinoCore.a(wiring.o)
                0x0000240c                init
 .text.analogRead
                0x00002482       0x3a C:\Users\theel\Documents\473Project\fish\lil_fish_tanks\LilFishTanks\LilFishTanks\ArduinoCore\Debug\libArduinoCore.a(wiring_analog.o)
                0x00002482                analogRead
 .text.analogWrite
                0x000024bc       0xbe C:\Users\theel\Documents\473Project\fish\lil_fish_tanks\LilFishTanks\LilFishTanks\ArduinoCore\Debug\libArduinoCore.a(wiring_analog.o)
                0x000024bc                analogWrite
 .text.turnOffPWM
                0x0000257a       0x52 C:\Users\theel\Documents\473Project\fish\lil_fish_tanks\LilFishTanks\LilFishTanks\ArduinoCore\Debug\libArduinoCore.a(wiring_digital.o)
 .text.pinMode  0x000025cc       0x78 C:\Users\theel\Documents\473Project\fish\lil_fish_tanks\LilFishTanks\LilFishTanks\ArduinoCore\Debug\libArduinoCore.a(wiring_digital.o)
                0x000025cc                pinMode
 .text.digitalWrite
                0x00002644       0x5e C:\Users\theel\Documents\473Project\fish\lil_fish_tanks\LilFishTanks\LilFishTanks\ArduinoCore\Debug\libArduinoCore.a(wiring_digital.o)
                0x00002644                digitalWrite
 .text.hot.prvIsQueueEmpty
                0x000026a2       0x16 C:\Users\theel\Documents\473Project\fish\lil_fish_tanks\LilFishTanks\LilFishTanks\ArduinoCore\Debug\libArduinoCore.a(queue.o)
 .text.hot.prvCopyDataToQueue
                0x000026b8       0xa6 C:\Users\theel\Documents\473Project\fish\lil_fish_tanks\LilFishTanks\LilFishTanks\ArduinoCore\Debug\libArduinoCore.a(queue.o)
 .text.hot.prvCopyDataFromQueue
                0x0000275e       0x34 C:\Users\theel\Documents\473Project\fish\lil_fish_tanks\LilFishTanks\LilFishTanks\ArduinoCore\Debug\libArduinoCore.a(queue.o)
 .text.hot.prvUnlockQueue
                0x00002792       0x7c C:\Users\theel\Documents\473Project\fish\lil_fish_tanks\LilFishTanks\LilFishTanks\ArduinoCore\Debug\libArduinoCore.a(queue.o)
 .text.hot.xQueueGenericReset
                0x0000280e       0x7e C:\Users\theel\Documents\473Project\fish\lil_fish_tanks\LilFishTanks\LilFishTanks\ArduinoCore\Debug\libArduinoCore.a(queue.o)
                0x0000280e                xQueueGenericReset
 .text.hot.xQueueGenericCreate
                0x0000288c       0x50 C:\Users\theel\Documents\473Project\fish\lil_fish_tanks\LilFishTanks\LilFishTanks\ArduinoCore\Debug\libArduinoCore.a(queue.o)
                0x0000288c                xQueueGenericCreate
 .text.hot.xQueueGenericSend
                0x000028dc      0x12c C:\Users\theel\Documents\473Project\fish\lil_fish_tanks\LilFishTanks\LilFishTanks\ArduinoCore\Debug\libArduinoCore.a(queue.o)
                0x000028dc                xQueueGenericSend
 .text.hot.xQueueGenericSendFromISR
                0x00002a08       0x5e C:\Users\theel\Documents\473Project\fish\lil_fish_tanks\LilFishTanks\LilFishTanks\ArduinoCore\Debug\libArduinoCore.a(queue.o)
                0x00002a08                xQueueGenericSendFromISR
 .text.hot.xQueueGiveFromISR
                0x00002a66       0x46 C:\Users\theel\Documents\473Project\fish\lil_fish_tanks\LilFishTanks\LilFishTanks\ArduinoCore\Debug\libArduinoCore.a(queue.o)
                0x00002a66                xQueueGiveFromISR
 .text.hot.xQueueReceive
                0x00002aac      0x124 C:\Users\theel\Documents\473Project\fish\lil_fish_tanks\LilFishTanks\LilFishTanks\ArduinoCore\Debug\libArduinoCore.a(queue.o)
                0x00002aac                xQueueReceive
 .text.hot.vQueueWaitForMessageRestricted
                0x00002bd0       0x38 C:\Users\theel\Documents\473Project\fish\lil_fish_tanks\LilFishTanks\LilFishTanks\ArduinoCore\Debug\libArduinoCore.a(queue.o)
                0x00002bd0                vQueueWaitForMessageRestricted
 .text.prvResetNextTaskUnblockTime
                0x00002c08       0x36 C:\Users\theel\Documents\473Project\fish\lil_fish_tanks\LilFishTanks\LilFishTanks\ArduinoCore\Debug\libArduinoCore.a(tasks.o)
 .text.hot.prvAddCurrentTaskToDelayedList
                0x00002c3e       0xb8 C:\Users\theel\Documents\473Project\fish\lil_fish_tanks\LilFishTanks\LilFishTanks\ArduinoCore\Debug\libArduinoCore.a(tasks.o)
 .text.prvIdleTask
                0x00002cf6       0x5c C:\Users\theel\Documents\473Project\fish\lil_fish_tanks\LilFishTanks\LilFishTanks\ArduinoCore\Debug\libArduinoCore.a(tasks.o)
 .text.hot.xTaskCreate
                0x00002d52      0x218 C:\Users\theel\Documents\473Project\fish\lil_fish_tanks\LilFishTanks\LilFishTanks\ArduinoCore\Debug\libArduinoCore.a(tasks.o)
                0x00002d52                xTaskCreate
 .text.hot.vTaskResume
                0x00002f6a       0x92 C:\Users\theel\Documents\473Project\fish\lil_fish_tanks\LilFishTanks\LilFishTanks\ArduinoCore\Debug\libArduinoCore.a(tasks.o)
                0x00002f6a                vTaskResume
 .text.hot.vTaskStartScheduler
                0x00002ffc       0x5c C:\Users\theel\Documents\473Project\fish\lil_fish_tanks\LilFishTanks\LilFishTanks\ArduinoCore\Debug\libArduinoCore.a(tasks.o)
                0x00002ffc                vTaskStartScheduler
 .text.hot.vTaskSuspendAll
                0x00003058        0xc C:\Users\theel\Documents\473Project\fish\lil_fish_tanks\LilFishTanks\LilFishTanks\ArduinoCore\Debug\libArduinoCore.a(tasks.o)
                0x00003058                vTaskSuspendAll
 .text.hot.xTaskGetTickCount
                0x00003064       0x14 C:\Users\theel\Documents\473Project\fish\lil_fish_tanks\LilFishTanks\LilFishTanks\ArduinoCore\Debug\libArduinoCore.a(tasks.o)
                0x00003064                xTaskGetTickCount
 .text.hot.xTaskIncrementTick
                0x00003078      0x158 C:\Users\theel\Documents\473Project\fish\lil_fish_tanks\LilFishTanks\LilFishTanks\ArduinoCore\Debug\libArduinoCore.a(tasks.o)
                0x00003078                xTaskIncrementTick
 .text.hot.xTaskResumeAll
                0x000031d0       0xde C:\Users\theel\Documents\473Project\fish\lil_fish_tanks\LilFishTanks\LilFishTanks\ArduinoCore\Debug\libArduinoCore.a(tasks.o)
                0x000031d0                xTaskResumeAll
 .text.hot.vTaskDelayUntil
                0x000032ae       0x70 C:\Users\theel\Documents\473Project\fish\lil_fish_tanks\LilFishTanks\LilFishTanks\ArduinoCore\Debug\libArduinoCore.a(tasks.o)
                0x000032ae                vTaskDelayUntil
 .text.hot.vTaskSwitchContext
                0x0000331e       0xbc C:\Users\theel\Documents\473Project\fish\lil_fish_tanks\LilFishTanks\LilFishTanks\ArduinoCore\Debug\libArduinoCore.a(tasks.o)
                0x0000331e                vTaskSwitchContext
 .text.hot.vTaskPlaceOnEventList
                0x000033da       0x22 C:\Users\theel\Documents\473Project\fish\lil_fish_tanks\LilFishTanks\LilFishTanks\ArduinoCore\Debug\libArduinoCore.a(tasks.o)
                0x000033da                vTaskPlaceOnEventList
 .text.hot.vTaskPlaceOnEventListRestricted
                0x000033fc       0x30 C:\Users\theel\Documents\473Project\fish\lil_fish_tanks\LilFishTanks\LilFishTanks\ArduinoCore\Debug\libArduinoCore.a(tasks.o)
                0x000033fc                vTaskPlaceOnEventListRestricted
 .text.hot.xTaskRemoveFromEventList
                0x0000342c       0x80 C:\Users\theel\Documents\473Project\fish\lil_fish_tanks\LilFishTanks\LilFishTanks\ArduinoCore\Debug\libArduinoCore.a(tasks.o)
                0x0000342c                xTaskRemoveFromEventList
 .text.hot.vTaskInternalSetTimeOutState
                0x000034ac       0x16 C:\Users\theel\Documents\473Project\fish\lil_fish_tanks\LilFishTanks\LilFishTanks\ArduinoCore\Debug\libArduinoCore.a(tasks.o)
                0x000034ac                vTaskInternalSetTimeOutState
 .text.hot.xTaskCheckForTimeOut
                0x000034c2       0x66 C:\Users\theel\Documents\473Project\fish\lil_fish_tanks\LilFishTanks\LilFishTanks\ArduinoCore\Debug\libArduinoCore.a(tasks.o)
                0x000034c2                xTaskCheckForTimeOut
 .text.hot.vTaskMissedYield
                0x00003528        0x8 C:\Users\theel\Documents\473Project\fish\lil_fish_tanks\LilFishTanks\LilFishTanks\ArduinoCore\Debug\libArduinoCore.a(tasks.o)
                0x00003528                vTaskMissedYield
 .text.hot.xTaskGetSchedulerState
                0x00003530       0x1c C:\Users\theel\Documents\473Project\fish\lil_fish_tanks\LilFishTanks\LilFishTanks\ArduinoCore\Debug\libArduinoCore.a(tasks.o)
                0x00003530                xTaskGetSchedulerState
 .text.hot.xTaskPriorityDisinherit
                0x0000354c       0x74 C:\Users\theel\Documents\473Project\fish\lil_fish_tanks\LilFishTanks\LilFishTanks\ArduinoCore\Debug\libArduinoCore.a(tasks.o)
                0x0000354c                xTaskPriorityDisinherit
 .text.hot.prvCheckForValidListAndQueue
                0x000035c0       0x52 C:\Users\theel\Documents\473Project\fish\lil_fish_tanks\LilFishTanks\LilFishTanks\ArduinoCore\Debug\libArduinoCore.a(timers.o)
 .text.hot.prvInsertTimerInActiveList
                0x00003612       0x54 C:\Users\theel\Documents\473Project\fish\lil_fish_tanks\LilFishTanks\LilFishTanks\ArduinoCore\Debug\libArduinoCore.a(timers.o)
 .text.hot.xTimerCreateTimerTask
                0x00003666       0x40 C:\Users\theel\Documents\473Project\fish\lil_fish_tanks\LilFishTanks\LilFishTanks\ArduinoCore\Debug\libArduinoCore.a(timers.o)
                0x00003666                xTimerCreateTimerTask
 .text.hot.xTimerGenericCommand
                0x000036a6       0x7e C:\Users\theel\Documents\473Project\fish\lil_fish_tanks\LilFishTanks\LilFishTanks\ArduinoCore\Debug\libArduinoCore.a(timers.o)
                0x000036a6                xTimerGenericCommand
 .text.hot.prvSwitchTimerLists
                0x00003724       0xa2 C:\Users\theel\Documents\473Project\fish\lil_fish_tanks\LilFishTanks\LilFishTanks\ArduinoCore\Debug\libArduinoCore.a(timers.o)
 .text.hot.prvTimerTask
                0x000037c6      0x206 C:\Users\theel\Documents\473Project\fish\lil_fish_tanks\LilFishTanks\LilFishTanks\ArduinoCore\Debug\libArduinoCore.a(timers.o)
 .text.initVariant
                0x000039cc        0xa C:\Users\theel\Documents\473Project\fish\lil_fish_tanks\LilFishTanks\LilFishTanks\ArduinoCore\Debug\libArduinoCore.a(variantHooks.o)
                0x000039cc                initVariant
 .text.vApplicationIdleHook
                0x000039d6       0x12 C:\Users\theel\Documents\473Project\fish\lil_fish_tanks\LilFishTanks\LilFishTanks\ArduinoCore\Debug\libArduinoCore.a(variantHooks.o)
                0x000039d6                vApplicationIdleHook
 .text.vApplicationMallocFailedHook
                0x000039e8       0x1a C:\Users\theel\Documents\473Project\fish\lil_fish_tanks\LilFishTanks\LilFishTanks\ArduinoCore\Debug\libArduinoCore.a(variantHooks.o)
                0x000039e8                vApplicationMallocFailedHook
 .text.vApplicationStackOverflowHook
                0x00003a02       0x1a C:\Users\theel\Documents\473Project\fish\lil_fish_tanks\LilFishTanks\LilFishTanks\ArduinoCore\Debug\libArduinoCore.a(variantHooks.o)
                0x00003a02                vApplicationStackOverflowHook
 .text.__vector_7
                0x00003a1c       0xec C:\Users\theel\Documents\473Project\fish\lil_fish_tanks\LilFishTanks\LilFishTanks\ArduinoCore\Debug\libArduinoCore.a(FreqCount.o)
                0x00003a1c                __vector_7
 .text.__empty  0x00003b08        0x2 C:\Users\theel\Documents\473Project\fish\lil_fish_tanks\LilFishTanks\LilFishTanks\ArduinoCore\Debug\libArduinoCore.a(hooks.o)
                0x00003b08                yield
 .text.hot.pvPortMalloc
                0x00003b0a       0x26 C:\Users\theel\Documents\473Project\fish\lil_fish_tanks\LilFishTanks\LilFishTanks\ArduinoCore\Debug\libArduinoCore.a(heap_3.o)
                0x00003b0a                pvPortMalloc
 .text.hot.vPortFree
                0x00003b30       0x22 C:\Users\theel\Documents\473Project\fish\lil_fish_tanks\LilFishTanks\LilFishTanks\ArduinoCore\Debug\libArduinoCore.a(heap_3.o)
                0x00003b30                vPortFree
 .text.hot.vListInitialise
                0x00003b52       0x1c C:\Users\theel\Documents\473Project\fish\lil_fish_tanks\LilFishTanks\LilFishTanks\ArduinoCore\Debug\libArduinoCore.a(list.o)
                0x00003b52                vListInitialise
 .text.hot.vListInitialiseItem
                0x00003b6e        0x8 C:\Users\theel\Documents\473Project\fish\lil_fish_tanks\LilFishTanks\LilFishTanks\ArduinoCore\Debug\libArduinoCore.a(list.o)
                0x00003b6e                vListInitialiseItem
 .text.hot.vListInsertEnd
                0x00003b76       0x42 C:\Users\theel\Documents\473Project\fish\lil_fish_tanks\LilFishTanks\LilFishTanks\ArduinoCore\Debug\libArduinoCore.a(list.o)
                0x00003b76                vListInsertEnd
 .text.hot.vListInsert
                0x00003bb8       0x70 C:\Users\theel\Documents\473Project\fish\lil_fish_tanks\LilFishTanks\LilFishTanks\ArduinoCore\Debug\libArduinoCore.a(list.o)
                0x00003bb8                vListInsert
 .text.hot.uxListRemove
                0x00003c28       0x48 C:\Users\theel\Documents\473Project\fish\lil_fish_tanks\LilFishTanks\LilFishTanks\ArduinoCore\Debug\libArduinoCore.a(list.o)
                0x00003c28                uxListRemove
 .text.hot.pxPortInitialiseStack
                0x00003c70       0xd8 C:\Users\theel\Documents\473Project\fish\lil_fish_tanks\LilFishTanks\LilFishTanks\ArduinoCore\Debug\libArduinoCore.a(port.o)
                0x00003c70                pxPortInitialiseStack
 .text.hot.xPortStartScheduler
                0x00003d48       0x70 C:\Users\theel\Documents\473Project\fish\lil_fish_tanks\LilFishTanks\LilFishTanks\ArduinoCore\Debug\libArduinoCore.a(port.o)
                0x00003d48                xPortStartScheduler
 .text.hot.vPortYield
                0x00003db8       0xb2 C:\Users\theel\Documents\473Project\fish\lil_fish_tanks\LilFishTanks\LilFishTanks\ArduinoCore\Debug\libArduinoCore.a(port.o)
                0x00003db8                vPortYield
 .text.hot.vPortYieldFromTick
                0x00003e6a       0xba C:\Users\theel\Documents\473Project\fish\lil_fish_tanks\LilFishTanks\LilFishTanks\ArduinoCore\Debug\libArduinoCore.a(port.o)
                0x00003e6a                vPortYieldFromTick
 .text.hot.__vector_6
                0x00003f24        0x6 C:\Users\theel\Documents\473Project\fish\lil_fish_tanks\LilFishTanks\LilFishTanks\ArduinoCore\Debug\libArduinoCore.a(port.o)
                0x00003f24                __vector_6
 .text.avr-libc.fplib
                0x00003f2a        0xa c:/program files (x86)/atmel/studio/7.0/toolchain/avr8/avr8-gnu-toolchain/bin/../lib/gcc/avr/5.4.0/../../../../avr/lib/avr5\libm.a(unordsf2.o)
                0x00003f2a                __unordsf2
 .text.libgcc.div
                0x00003f34       0x28 c:/program files (x86)/atmel/studio/7.0/toolchain/avr8/avr8-gnu-toolchain/bin/../lib/gcc/avr/5.4.0/avr5\libgcc.a(_divmodhi4.o)
                0x00003f34                _div
                0x00003f34                __divmodhi4
 .text.libgcc.div
                0x00003f5c       0x44 c:/program files (x86)/atmel/studio/7.0/toolchain/avr8/avr8-gnu-toolchain/bin/../lib/gcc/avr/5.4.0/avr5\libgcc.a(_udivmodsi4.o)
                0x00003f5c                __udivmodsi4
 .text.libgcc.div
                0x00003fa0       0x2e c:/program files (x86)/atmel/studio/7.0/toolchain/avr8/avr8-gnu-toolchain/bin/../lib/gcc/avr/5.4.0/avr5\libgcc.a(_divmodsi4.o)
                0x00003fa0                __divmodsi4
 .text.libgcc.div
                0x00003fce       0x10 c:/program files (x86)/atmel/studio/7.0/toolchain/avr8/avr8-gnu-toolchain/bin/../lib/gcc/avr/5.4.0/avr5\libgcc.a(_negsi2.o)
                0x00003fce                __negsi2
 .text.libgcc   0x00003fde        0xc c:/program files (x86)/atmel/studio/7.0/toolchain/avr8/avr8-gnu-toolchain/bin/../lib/gcc/avr/5.4.0/avr5\libgcc.a(_tablejump2.o)
                0x00003fde                __tablejump2__
 .text.libgcc.div
                0x00003fea       0x28 c:/program files (x86)/atmel/studio/7.0/toolchain/avr8/avr8-gnu-toolchain/bin/../lib/gcc/avr/5.4.0/avr5\libgcc.a(_udivmodhi4.o)
                0x00003fea                __udivmodhi4
 .text.avr-libc
                0x00004012      0x242 c:/program files (x86)/atmel/studio/7.0/toolchain/avr8/avr8-gnu-toolchain/bin/../lib/gcc/avr/5.4.0/../../../../avr/lib/avr5\libc.a(malloc.o)
                0x00004012                malloc
                0x00004142                free
 .text.avr-libc
                0x00004254       0x12 c:/program files (x86)/atmel/studio/7.0/toolchain/avr8/avr8-gnu-toolchain/bin/../lib/gcc/avr/5.4.0/../../../../avr/lib/avr5\libc.a(memcpy.o)
                0x00004254                memcpy
 .text.avr-libc
                0x00004266        0xe c:/program files (x86)/atmel/studio/7.0/toolchain/avr8/avr8-gnu-toolchain/bin/../lib/gcc/avr/5.4.0/../../../../avr/lib/avr5\libc.a(memset.o)
                0x00004266                memset
 .text.avr-libc
                0x00004274       0x10 C:/Program Files (x86)/Atmel/Studio/7.0/Packs/atmel/ATmega_DFP/1.2.209/gcc/dev/atmega328p/avr5\libatmega328p.a(eerd_byte.o)
                0x00004274                eeprom_read_byte
 .text.avr-libc
                0x00004284       0x1c C:/Program Files (x86)/Atmel/Studio/7.0/Packs/atmel/ATmega_DFP/1.2.209/gcc/dev/atmega328p/avr5\libatmega328p.a(eewr_byte.o)
                0x00004284                eeprom_write_byte
                0x00004286                eeprom_write_r18
                0x000042a0                . = ALIGN (0x2)
 *(.fini9)
 .fini9         0x000042a0        0x0 c:/program files (x86)/atmel/studio/7.0/toolchain/avr8/avr8-gnu-toolchain/bin/../lib/gcc/avr/5.4.0/avr5\libgcc.a(_exit.o)
                0x000042a0                _exit
                0x000042a0                exit
 *(.fini9)
 *(.fini8)
 *(.fini8)
 *(.fini7)
 *(.fini7)
 *(.fini6)
 .fini6         0x000042a0       0x16 c:/program files (x86)/atmel/studio/7.0/toolchain/avr8/avr8-gnu-toolchain/bin/../lib/gcc/avr/5.4.0/avr5\libgcc.a(_dtors.o)
                0x000042a0                __do_global_dtors
 *(.fini6)
 *(.fini5)
 *(.fini5)
 *(.fini4)
 *(.fini4)
 *(.fini3)
 *(.fini3)
 *(.fini2)
 *(.fini2)
 *(.fini1)
 *(.fini1)
 *(.fini0)
 .fini0         0x000042b6        0x4 c:/program files (x86)/atmel/studio/7.0/toolchain/avr8/avr8-gnu-toolchain/bin/../lib/gcc/avr/5.4.0/avr5\libgcc.a(_exit.o)
 *(.fini0)
                0x000042ba                _etext = .

.data           0x00800100      0x1da load address 0x000042ba
                0x00800100                PROVIDE (__data_start, .)
 *(.data)
 .data          0x00800100        0x6 c:/program files (x86)/atmel/studio/7.0/toolchain/avr8/avr8-gnu-toolchain/bin/../lib/gcc/avr/5.4.0/../../../../avr/lib/avr5\libc.a(malloc.o)
                0x00800100                __malloc_heap_end
                0x00800102                __malloc_heap_start
                0x00800104                __malloc_margin
 *(.data*)
 .data.colorToRead
                0x00800106        0x1 main.o
                0x00800106                colorToRead
 .data.Blue     0x00800107        0x6 main.o
                0x00800107                Blue
 .data.Green    0x0080010d        0x6 main.o
                0x0080010d                Green
 .data.Red      0x00800113        0x6 main.o
                0x00800113                Red
 .data.acidVoltage
                0x00800119        0x4 phSensor.o
                0x00800119                acidVoltage
 .data.neutralVoltage
                0x0080011d        0x4 phSensor.o
                0x0080011d                neutralVoltage
 .data.intFunc  0x00800121        0x4 C:\Users\theel\Documents\473Project\fish\lil_fish_tanks\LilFishTanks\LilFishTanks\ArduinoCore\Debug\libArduinoCore.a(WInterrupts.o)
 .data.analog_reference
                0x00800125        0x1 C:\Users\theel\Documents\473Project\fish\lil_fish_tanks\LilFishTanks\LilFishTanks\ArduinoCore\Debug\libArduinoCore.a(wiring_analog.o)
                0x00800125                analog_reference
 *(.gnu.linkonce.d*)
 *(.rodata)
 *(.rodata*)
 .rodata.str1.1
                0x00800126       0x34 DFRobot_PH.o
 .rodata.str1.1
                0x0080015a      0x10c main.o
                                0x110 (size before relaxing)
 .rodata.str1.1
                0x00800266       0x33 phSensor.o
 .rodata._ZTV14SoftwareSerial
                0x00800299       0x12 src/libraries/SoftwareSerial/src/SoftwareSerial.o
                0x00800299                _ZTV14SoftwareSerial
 .rodata._ZTV14HardwareSerial
                0x008002ab       0x12 C:\Users\theel\Documents\473Project\fish\lil_fish_tanks\LilFishTanks\LilFishTanks\ArduinoCore\Debug\libArduinoCore.a(HardwareSerial.o)
                0x008002ab                _ZTV14HardwareSerial
 .rodata.str1.1
                0x008002bd        0xf C:\Users\theel\Documents\473Project\fish\lil_fish_tanks\LilFishTanks\LilFishTanks\ArduinoCore\Debug\libArduinoCore.a(Print.o)
 .rodata.str1.1
                0x008002cc        0x5 C:\Users\theel\Documents\473Project\fish\lil_fish_tanks\LilFishTanks\LilFishTanks\ArduinoCore\Debug\libArduinoCore.a(tasks.o)
 .rodata.str1.1
                0x008002d1        0x8 C:\Users\theel\Documents\473Project\fish\lil_fish_tanks\LilFishTanks\LilFishTanks\ArduinoCore\Debug\libArduinoCore.a(timers.o)
 *(.gnu.linkonce.r*)
                0x008002da                . = ALIGN (0x2)
 *fill*         0x008002d9        0x1 
                0x008002da                _edata = .
                0x008002da                PROVIDE (__data_end, .)

.bss            0x008002da      0x2d2
                0x008002da                PROVIDE (__bss_start, .)
 *(.bss)
 *(.bss*)
 .bss._ZZ8fromWifivE24xHigherPriorityTaskWoken
                0x008002da        0x1 main.o
 .bss.serial    0x008002db       0x1f main.o
                0x008002db                serial
 .bss.xPHandTemperature
                0x008002fa        0x2 main.o
                0x008002fa                xPHandTemperature
 .bss.xColorSensor
                0x008002fc        0x2 main.o
                0x008002fc                xColorSensor
 .bss.xSerialSemaphoreColorSensor
                0x008002fe        0x2 main.o
                0x008002fe                xSerialSemaphoreColorSensor
 .bss.alreadyStarted
                0x00800300        0x1 main.o
                0x00800300                alreadyStarted
 .bss.nitriteValue
                0x00800301        0x2 main.o
                0x00800301                nitriteValue
 .bss.nitrateValue
                0x00800303        0x2 main.o
                0x00800303                nitrateValue
 .bss.ammoniaValue
                0x00800305        0x2 main.o
                0x00800305                ammoniaValue
 .bss.tempValue
                0x00800307        0x2 main.o
                0x00800307                tempValue
 .bss.phValue   0x00800309        0x4 main.o
                0x00800309                phValue
 .bss.Off       0x0080030d        0x6 main.o
                0x0080030d                Off
 .bss.CS        0x00800313       0x2f main.o
                0x00800313                CS
 .bss.Nitrate   0x00800342       0x46 main.o
                0x00800342                Nitrate
 .bss.Nitrite   0x00800388       0x46 main.o
                0x00800388                Nitrite
 .bss.Ammonia   0x008003ce       0x32 main.o
                0x008003ce                Ammonia
 .bss.ds        0x00800400        0xe main.o
                0x00800400                ds
 .bss.ph        0x0080040e       0x1f phSensor.o
                0x0080040e                ph
 .bss._ZN14SoftwareSerial20_receive_buffer_headE
                0x0080042d        0x1 src/libraries/SoftwareSerial/src/SoftwareSerial.o
                0x0080042d                _ZN14SoftwareSerial20_receive_buffer_headE
 .bss._ZN14SoftwareSerial20_receive_buffer_tailE
                0x0080042e        0x1 src/libraries/SoftwareSerial/src/SoftwareSerial.o
                0x0080042e                _ZN14SoftwareSerial20_receive_buffer_tailE
 .bss._ZN14SoftwareSerial15_receive_bufferE
                0x0080042f       0x40 src/libraries/SoftwareSerial/src/SoftwareSerial.o
                0x0080042f                _ZN14SoftwareSerial15_receive_bufferE
 .bss._ZN14SoftwareSerial13active_objectE
                0x0080046f        0x2 src/libraries/SoftwareSerial/src/SoftwareSerial.o
                0x0080046f                _ZN14SoftwareSerial13active_objectE
 .bss.Serial    0x00800471       0x9d C:\Users\theel\Documents\473Project\fish\lil_fish_tanks\LilFishTanks\LilFishTanks\ArduinoCore\Debug\libArduinoCore.a(HardwareSerial0.o)
                0x00800471                Serial
 .bss.timer0_fract
                0x0080050e        0x1 C:\Users\theel\Documents\473Project\fish\lil_fish_tanks\LilFishTanks\LilFishTanks\ArduinoCore\Debug\libArduinoCore.a(wiring.o)
 .bss.timer0_millis
                0x0080050f        0x4 C:\Users\theel\Documents\473Project\fish\lil_fish_tanks\LilFishTanks\LilFishTanks\ArduinoCore\Debug\libArduinoCore.a(wiring.o)
                0x0080050f                timer0_millis
 .bss.timer0_overflow_count
                0x00800513        0x4 C:\Users\theel\Documents\473Project\fish\lil_fish_tanks\LilFishTanks\LilFishTanks\ArduinoCore\Debug\libArduinoCore.a(wiring.o)
                0x00800513                timer0_overflow_count
 .bss.uxSchedulerSuspended
                0x00800517        0x1 C:\Users\theel\Documents\473Project\fish\lil_fish_tanks\LilFishTanks\LilFishTanks\ArduinoCore\Debug\libArduinoCore.a(tasks.o)
 .bss.xIdleTaskHandle
                0x00800518        0x2 C:\Users\theel\Documents\473Project\fish\lil_fish_tanks\LilFishTanks\LilFishTanks\ArduinoCore\Debug\libArduinoCore.a(tasks.o)
 .bss.xNextTaskUnblockTime
                0x0080051a        0x2 C:\Users\theel\Documents\473Project\fish\lil_fish_tanks\LilFishTanks\LilFishTanks\ArduinoCore\Debug\libArduinoCore.a(tasks.o)
 .bss.uxTaskNumber
                0x0080051c        0x1 C:\Users\theel\Documents\473Project\fish\lil_fish_tanks\LilFishTanks\LilFishTanks\ArduinoCore\Debug\libArduinoCore.a(tasks.o)
 .bss.xNumOfOverflows
                0x0080051d        0x1 C:\Users\theel\Documents\473Project\fish\lil_fish_tanks\LilFishTanks\LilFishTanks\ArduinoCore\Debug\libArduinoCore.a(tasks.o)
 .bss.xYieldPending
                0x0080051e        0x1 C:\Users\theel\Documents\473Project\fish\lil_fish_tanks\LilFishTanks\LilFishTanks\ArduinoCore\Debug\libArduinoCore.a(tasks.o)
 .bss.uxPendedTicks
                0x0080051f        0x1 C:\Users\theel\Documents\473Project\fish\lil_fish_tanks\LilFishTanks\LilFishTanks\ArduinoCore\Debug\libArduinoCore.a(tasks.o)
 .bss.xSchedulerRunning
                0x00800520        0x1 C:\Users\theel\Documents\473Project\fish\lil_fish_tanks\LilFishTanks\LilFishTanks\ArduinoCore\Debug\libArduinoCore.a(tasks.o)
 .bss.uxTopReadyPriority
                0x00800521        0x1 C:\Users\theel\Documents\473Project\fish\lil_fish_tanks\LilFishTanks\LilFishTanks\ArduinoCore\Debug\libArduinoCore.a(tasks.o)
 .bss.xTickCount
                0x00800522        0x2 C:\Users\theel\Documents\473Project\fish\lil_fish_tanks\LilFishTanks\LilFishTanks\ArduinoCore\Debug\libArduinoCore.a(tasks.o)
 .bss.uxCurrentNumberOfTasks
                0x00800524        0x1 C:\Users\theel\Documents\473Project\fish\lil_fish_tanks\LilFishTanks\LilFishTanks\ArduinoCore\Debug\libArduinoCore.a(tasks.o)
 .bss.xSuspendedTaskList
                0x00800525        0x9 C:\Users\theel\Documents\473Project\fish\lil_fish_tanks\LilFishTanks\LilFishTanks\ArduinoCore\Debug\libArduinoCore.a(tasks.o)
 .bss.uxDeletedTasksWaitingCleanUp
                0x0080052e        0x1 C:\Users\theel\Documents\473Project\fish\lil_fish_tanks\LilFishTanks\LilFishTanks\ArduinoCore\Debug\libArduinoCore.a(tasks.o)
 .bss.xTasksWaitingTermination
                0x0080052f        0x9 C:\Users\theel\Documents\473Project\fish\lil_fish_tanks\LilFishTanks\LilFishTanks\ArduinoCore\Debug\libArduinoCore.a(tasks.o)
 .bss.xPendingReadyList
                0x00800538        0x9 C:\Users\theel\Documents\473Project\fish\lil_fish_tanks\LilFishTanks\LilFishTanks\ArduinoCore\Debug\libArduinoCore.a(tasks.o)
 .bss.pxOverflowDelayedTaskList
                0x00800541        0x2 C:\Users\theel\Documents\473Project\fish\lil_fish_tanks\LilFishTanks\LilFishTanks\ArduinoCore\Debug\libArduinoCore.a(tasks.o)
 .bss.pxDelayedTaskList
                0x00800543        0x2 C:\Users\theel\Documents\473Project\fish\lil_fish_tanks\LilFishTanks\LilFishTanks\ArduinoCore\Debug\libArduinoCore.a(tasks.o)
 .bss.xDelayedTaskList2
                0x00800545        0x9 C:\Users\theel\Documents\473Project\fish\lil_fish_tanks\LilFishTanks\LilFishTanks\ArduinoCore\Debug\libArduinoCore.a(tasks.o)
 .bss.xDelayedTaskList1
                0x0080054e        0x9 C:\Users\theel\Documents\473Project\fish\lil_fish_tanks\LilFishTanks\LilFishTanks\ArduinoCore\Debug\libArduinoCore.a(tasks.o)
 .bss.pxReadyTasksLists
                0x00800557       0x24 C:\Users\theel\Documents\473Project\fish\lil_fish_tanks\LilFishTanks\LilFishTanks\ArduinoCore\Debug\libArduinoCore.a(tasks.o)
 .bss.pxCurrentTCB
                0x0080057b        0x2 C:\Users\theel\Documents\473Project\fish\lil_fish_tanks\LilFishTanks\LilFishTanks\ArduinoCore\Debug\libArduinoCore.a(tasks.o)
                0x0080057b                pxCurrentTCB
 .bss.xLastTime.2412
                0x0080057d        0x2 C:\Users\theel\Documents\473Project\fish\lil_fish_tanks\LilFishTanks\LilFishTanks\ArduinoCore\Debug\libArduinoCore.a(timers.o)
 .bss.xTimerTaskHandle
                0x0080057f        0x2 C:\Users\theel\Documents\473Project\fish\lil_fish_tanks\LilFishTanks\LilFishTanks\ArduinoCore\Debug\libArduinoCore.a(timers.o)
 .bss.xTimerQueue
                0x00800581        0x2 C:\Users\theel\Documents\473Project\fish\lil_fish_tanks\LilFishTanks\LilFishTanks\ArduinoCore\Debug\libArduinoCore.a(timers.o)
 .bss.pxOverflowTimerList
                0x00800583        0x2 C:\Users\theel\Documents\473Project\fish\lil_fish_tanks\LilFishTanks\LilFishTanks\ArduinoCore\Debug\libArduinoCore.a(timers.o)
 .bss.pxCurrentTimerList
                0x00800585        0x2 C:\Users\theel\Documents\473Project\fish\lil_fish_tanks\LilFishTanks\LilFishTanks\ArduinoCore\Debug\libArduinoCore.a(timers.o)
 .bss.xActiveTimerList2
                0x00800587        0x9 C:\Users\theel\Documents\473Project\fish\lil_fish_tanks\LilFishTanks\LilFishTanks\ArduinoCore\Debug\libArduinoCore.a(timers.o)
 .bss.xActiveTimerList1
                0x00800590        0x9 C:\Users\theel\Documents\473Project\fish\lil_fish_tanks\LilFishTanks\LilFishTanks\ArduinoCore\Debug\libArduinoCore.a(timers.o)
 .bss._ZL10gate_index
                0x00800599        0x2 C:\Users\theel\Documents\473Project\fish\lil_fish_tanks\LilFishTanks\LilFishTanks\ArduinoCore\Debug\libArduinoCore.a(FreqCount.o)
 .bss._ZL11gate_length
                0x0080059b        0x2 C:\Users\theel\Documents\473Project\fish\lil_fish_tanks\LilFishTanks\LilFishTanks\ArduinoCore\Debug\libArduinoCore.a(FreqCount.o)
 .bss._ZL11count_ready
                0x0080059d        0x1 C:\Users\theel\Documents\473Project\fish\lil_fish_tanks\LilFishTanks\LilFishTanks\ArduinoCore\Debug\libArduinoCore.a(FreqCount.o)
 .bss._ZL12count_output
                0x0080059e        0x4 C:\Users\theel\Documents\473Project\fish\lil_fish_tanks\LilFishTanks\LilFishTanks\ArduinoCore\Debug\libArduinoCore.a(FreqCount.o)
 .bss._ZL10count_prev
                0x008005a2        0x4 C:\Users\theel\Documents\473Project\fish\lil_fish_tanks\LilFishTanks\LilFishTanks\ArduinoCore\Debug\libArduinoCore.a(FreqCount.o)
 .bss._ZL9count_msw
                0x008005a6        0x2 C:\Users\theel\Documents\473Project\fish\lil_fish_tanks\LilFishTanks\LilFishTanks\ArduinoCore\Debug\libArduinoCore.a(FreqCount.o)
 *(COMMON)
 COMMON         0x008005a8        0x4 c:/program files (x86)/atmel/studio/7.0/toolchain/avr8/avr8-gnu-toolchain/bin/../lib/gcc/avr/5.4.0/../../../../avr/lib/avr5\libc.a(malloc.o)
                0x008005a8                __brkval
                0x008005aa                __flp
                0x008005ac                PROVIDE (__bss_end, .)
                0x000042ba                __data_load_start = LOADADDR (.data)
                0x00004494                __data_load_end = (__data_load_start + SIZEOF (.data))

.noinit         0x008005ac        0x0
                [!provide]                PROVIDE (__noinit_start, .)
 *(.noinit*)
                [!provide]                PROVIDE (__noinit_end, .)
                0x008005ac                _end = .
                0x008005ac                PROVIDE (__heap_start, .)

.eeprom         0x00810000        0x0
 *(.eeprom*)
                0x00810000                __eeprom_end = .

.fuse
 *(.fuse)
 *(.lfuse)
 *(.hfuse)
 *(.efuse)

.lock
 *(.lock*)

.signature
 *(.signature*)

.user_signatures
 *(.user_signatures*)

.stab
 *(.stab)

.stabstr
 *(.stabstr)

.stab.excl
 *(.stab.excl)

.stab.exclstr
 *(.stab.exclstr)

.stab.index
 *(.stab.index)

.stab.indexstr
 *(.stab.indexstr)

.comment        0x00000000       0x30
 *(.comment)
 .comment       0x00000000       0x30 DFRobot_PH.o
                                 0x31 (size before relaxing)
 .comment       0x00000030       0x31 main.o
 .comment       0x00000030       0x31 OneWire.o
 .comment       0x00000030       0x31 phSensor.o
 .comment       0x00000030       0x31 src/libraries/MD_TCS230/src/MD_TCS230.o
 .comment       0x00000030       0x31 src/libraries/SoftwareSerial/src/SoftwareSerial.o
 .comment       0x00000030       0x31 C:\Users\theel\Documents\473Project\fish\lil_fish_tanks\LilFishTanks\LilFishTanks\ArduinoCore\Debug\libArduinoCore.a(HardwareSerial.o)
 .comment       0x00000030       0x31 C:\Users\theel\Documents\473Project\fish\lil_fish_tanks\LilFishTanks\LilFishTanks\ArduinoCore\Debug\libArduinoCore.a(HardwareSerial0.o)
 .comment       0x00000030       0x31 C:\Users\theel\Documents\473Project\fish\lil_fish_tanks\LilFishTanks\LilFishTanks\ArduinoCore\Debug\libArduinoCore.a(main.o)
 .comment       0x00000030       0x31 C:\Users\theel\Documents\473Project\fish\lil_fish_tanks\LilFishTanks\LilFishTanks\ArduinoCore\Debug\libArduinoCore.a(Print.o)
 .comment       0x00000030       0x31 C:\Users\theel\Documents\473Project\fish\lil_fish_tanks\LilFishTanks\LilFishTanks\ArduinoCore\Debug\libArduinoCore.a(WInterrupts.o)
 .comment       0x00000030       0x31 C:\Users\theel\Documents\473Project\fish\lil_fish_tanks\LilFishTanks\LilFishTanks\ArduinoCore\Debug\libArduinoCore.a(wiring.o)
 .comment       0x00000030       0x31 C:\Users\theel\Documents\473Project\fish\lil_fish_tanks\LilFishTanks\LilFishTanks\ArduinoCore\Debug\libArduinoCore.a(wiring_analog.o)
 .comment       0x00000030       0x31 C:\Users\theel\Documents\473Project\fish\lil_fish_tanks\LilFishTanks\LilFishTanks\ArduinoCore\Debug\libArduinoCore.a(wiring_digital.o)
 .comment       0x00000030       0x31 C:\Users\theel\Documents\473Project\fish\lil_fish_tanks\LilFishTanks\LilFishTanks\ArduinoCore\Debug\libArduinoCore.a(queue.o)
 .comment       0x00000030       0x31 C:\Users\theel\Documents\473Project\fish\lil_fish_tanks\LilFishTanks\LilFishTanks\ArduinoCore\Debug\libArduinoCore.a(tasks.o)
 .comment       0x00000030       0x31 C:\Users\theel\Documents\473Project\fish\lil_fish_tanks\LilFishTanks\LilFishTanks\ArduinoCore\Debug\libArduinoCore.a(timers.o)
 .comment       0x00000030       0x31 C:\Users\theel\Documents\473Project\fish\lil_fish_tanks\LilFishTanks\LilFishTanks\ArduinoCore\Debug\libArduinoCore.a(variantHooks.o)
 .comment       0x00000030       0x31 C:\Users\theel\Documents\473Project\fish\lil_fish_tanks\LilFishTanks\LilFishTanks\ArduinoCore\Debug\libArduinoCore.a(FreqCount.o)
 .comment       0x00000030       0x31 C:\Users\theel\Documents\473Project\fish\lil_fish_tanks\LilFishTanks\LilFishTanks\ArduinoCore\Debug\libArduinoCore.a(hooks.o)
 .comment       0x00000030       0x31 C:\Users\theel\Documents\473Project\fish\lil_fish_tanks\LilFishTanks\LilFishTanks\ArduinoCore\Debug\libArduinoCore.a(heap_3.o)
 .comment       0x00000030       0x31 C:\Users\theel\Documents\473Project\fish\lil_fish_tanks\LilFishTanks\LilFishTanks\ArduinoCore\Debug\libArduinoCore.a(list.o)
 .comment       0x00000030       0x31 C:\Users\theel\Documents\473Project\fish\lil_fish_tanks\LilFishTanks\LilFishTanks\ArduinoCore\Debug\libArduinoCore.a(port.o)
 .comment       0x00000030       0x31 c:/program files (x86)/atmel/studio/7.0/toolchain/avr8/avr8-gnu-toolchain/bin/../lib/gcc/avr/5.4.0/../../../../avr/lib/avr5\libc.a(malloc.o)

.note.gnu.avr.deviceinfo
                0x00000000       0x40
 .note.gnu.avr.deviceinfo
                0x00000000       0x40 C:/Program Files (x86)/Atmel/Studio/7.0/Packs/atmel/ATmega_DFP/1.2.209/gcc/dev/atmega328p/avr5/crtatmega328p.o

.note.gnu.build-id
 *(.note.gnu.build-id)

.debug
 *(.debug)

.line
 *(.line)

.debug_srcinfo
 *(.debug_srcinfo)

.debug_sfnames
 *(.debug_sfnames)

.debug_aranges  0x00000000      0xab0
 *(.debug_aranges)
 .debug_aranges
                0x00000000       0x70 DFRobot_PH.o
 .debug_aranges
                0x00000070       0x98 main.o
 .debug_aranges
                0x00000108       0xa0 OneWire.o
 .debug_aranges
                0x000001a8       0x50 phSensor.o
 .debug_aranges
                0x000001f8       0xc0 src/libraries/MD_TCS230/src/MD_TCS230.o
 .debug_aranges
                0x000002b8       0xa8 src/libraries/SoftwareSerial/src/SoftwareSerial.o
 .debug_aranges
                0x00000360       0x68 C:\Users\theel\Documents\473Project\fish\lil_fish_tanks\LilFishTanks\LilFishTanks\ArduinoCore\Debug\libArduinoCore.a(HardwareSerial.o)
 .debug_aranges
                0x000003c8       0x48 C:\Users\theel\Documents\473Project\fish\lil_fish_tanks\LilFishTanks\LilFishTanks\ArduinoCore\Debug\libArduinoCore.a(HardwareSerial0.o)
 .debug_aranges
                0x00000410       0x30 C:\Users\theel\Documents\473Project\fish\lil_fish_tanks\LilFishTanks\LilFishTanks\ArduinoCore\Debug\libArduinoCore.a(main.o)
 .debug_aranges
                0x00000440      0x100 C:\Users\theel\Documents\473Project\fish\lil_fish_tanks\LilFishTanks\LilFishTanks\ArduinoCore\Debug\libArduinoCore.a(Print.o)
 .debug_aranges
                0x00000540       0x40 C:\Users\theel\Documents\473Project\fish\lil_fish_tanks\LilFishTanks\LilFishTanks\ArduinoCore\Debug\libArduinoCore.a(WInterrupts.o)
 .debug_aranges
                0x00000580       0x48 C:\Users\theel\Documents\473Project\fish\lil_fish_tanks\LilFishTanks\LilFishTanks\ArduinoCore\Debug\libArduinoCore.a(wiring.o)
 .debug_aranges
                0x000005c8       0x30 C:\Users\theel\Documents\473Project\fish\lil_fish_tanks\LilFishTanks\LilFishTanks\ArduinoCore\Debug\libArduinoCore.a(wiring_analog.o)
 .debug_aranges
                0x000005f8       0x38 C:\Users\theel\Documents\473Project\fish\lil_fish_tanks\LilFishTanks\LilFishTanks\ArduinoCore\Debug\libArduinoCore.a(wiring_digital.o)
 .debug_aranges
                0x00000630       0xe0 C:\Users\theel\Documents\473Project\fish\lil_fish_tanks\LilFishTanks\LilFishTanks\ArduinoCore\Debug\libArduinoCore.a(queue.o)
 .debug_aranges
                0x00000710      0x188 C:\Users\theel\Documents\473Project\fish\lil_fish_tanks\LilFishTanks\LilFishTanks\ArduinoCore\Debug\libArduinoCore.a(tasks.o)
 .debug_aranges
                0x00000898       0x90 C:\Users\theel\Documents\473Project\fish\lil_fish_tanks\LilFishTanks\LilFishTanks\ArduinoCore\Debug\libArduinoCore.a(timers.o)
 .debug_aranges
                0x00000928       0x38 C:\Users\theel\Documents\473Project\fish\lil_fish_tanks\LilFishTanks\LilFishTanks\ArduinoCore\Debug\libArduinoCore.a(variantHooks.o)
 .debug_aranges
                0x00000960       0x40 C:\Users\theel\Documents\473Project\fish\lil_fish_tanks\LilFishTanks\LilFishTanks\ArduinoCore\Debug\libArduinoCore.a(FreqCount.o)
 .debug_aranges
                0x000009a0       0x20 C:\Users\theel\Documents\473Project\fish\lil_fish_tanks\LilFishTanks\LilFishTanks\ArduinoCore\Debug\libArduinoCore.a(hooks.o)
 .debug_aranges
                0x000009c0       0x28 C:\Users\theel\Documents\473Project\fish\lil_fish_tanks\LilFishTanks\LilFishTanks\ArduinoCore\Debug\libArduinoCore.a(heap_3.o)
 .debug_aranges
                0x000009e8       0x40 C:\Users\theel\Documents\473Project\fish\lil_fish_tanks\LilFishTanks\LilFishTanks\ArduinoCore\Debug\libArduinoCore.a(list.o)
 .debug_aranges
                0x00000a28       0x48 C:\Users\theel\Documents\473Project\fish\lil_fish_tanks\LilFishTanks\LilFishTanks\ArduinoCore\Debug\libArduinoCore.a(port.o)
 .debug_aranges
                0x00000a70       0x20 C:/Program Files (x86)/Atmel/Studio/7.0/Packs/atmel/ATmega_DFP/1.2.209/gcc/dev/atmega328p/avr5\libatmega328p.a(eerd_byte.o)
 .debug_aranges
                0x00000a90       0x20 C:/Program Files (x86)/Atmel/Studio/7.0/Packs/atmel/ATmega_DFP/1.2.209/gcc/dev/atmega328p/avr5\libatmega328p.a(eewr_byte.o)

.debug_pubnames
 *(.debug_pubnames)

.debug_info     0x00000000    0x1653d
 *(.debug_info .gnu.linkonce.wi.*)
 .debug_info    0x00000000      0x5f4 C:/Program Files (x86)/Atmel/Studio/7.0/Packs/atmel/ATmega_DFP/1.2.209/gcc/dev/atmega328p/avr5/crtatmega328p.o
 .debug_info    0x000005f4     0x158a DFRobot_PH.o
 .debug_info    0x00001b7e     0x26cc main.o
 .debug_info    0x0000424a      0xf20 OneWire.o
 .debug_info    0x0000516a      0xd50 phSensor.o
 .debug_info    0x00005eba     0x1018 src/libraries/MD_TCS230/src/MD_TCS230.o
 .debug_info    0x00006ed2     0x28f2 src/libraries/SoftwareSerial/src/SoftwareSerial.o
 .debug_info    0x000097c4     0x1f64 C:\Users\theel\Documents\473Project\fish\lil_fish_tanks\LilFishTanks\LilFishTanks\ArduinoCore\Debug\libArduinoCore.a(HardwareSerial.o)
 .debug_info    0x0000b728     0x1b16 C:\Users\theel\Documents\473Project\fish\lil_fish_tanks\LilFishTanks\LilFishTanks\ArduinoCore\Debug\libArduinoCore.a(HardwareSerial0.o)
 .debug_info    0x0000d23e      0x237 C:\Users\theel\Documents\473Project\fish\lil_fish_tanks\LilFishTanks\LilFishTanks\ArduinoCore\Debug\libArduinoCore.a(main.o)
 .debug_info    0x0000d475     0x28ff C:\Users\theel\Documents\473Project\fish\lil_fish_tanks\LilFishTanks\LilFishTanks\ArduinoCore\Debug\libArduinoCore.a(Print.o)
 .debug_info    0x0000fd74      0x21c C:\Users\theel\Documents\473Project\fish\lil_fish_tanks\LilFishTanks\LilFishTanks\ArduinoCore\Debug\libArduinoCore.a(WInterrupts.o)
 .debug_info    0x0000ff90      0x2cb C:\Users\theel\Documents\473Project\fish\lil_fish_tanks\LilFishTanks\LilFishTanks\ArduinoCore\Debug\libArduinoCore.a(wiring.o)
 .debug_info    0x0001025b      0x26d C:\Users\theel\Documents\473Project\fish\lil_fish_tanks\LilFishTanks\LilFishTanks\ArduinoCore\Debug\libArduinoCore.a(wiring_analog.o)
 .debug_info    0x000104c8      0x5fe C:\Users\theel\Documents\473Project\fish\lil_fish_tanks\LilFishTanks\LilFishTanks\ArduinoCore\Debug\libArduinoCore.a(wiring_digital.o)
 .debug_info    0x00010ac6     0x1820 C:\Users\theel\Documents\473Project\fish\lil_fish_tanks\LilFishTanks\LilFishTanks\ArduinoCore\Debug\libArduinoCore.a(queue.o)
 .debug_info    0x000122e6     0x2102 C:\Users\theel\Documents\473Project\fish\lil_fish_tanks\LilFishTanks\LilFishTanks\ArduinoCore\Debug\libArduinoCore.a(tasks.o)
 .debug_info    0x000143e8     0x1083 C:\Users\theel\Documents\473Project\fish\lil_fish_tanks\LilFishTanks\LilFishTanks\ArduinoCore\Debug\libArduinoCore.a(timers.o)
 .debug_info    0x0001546b      0x330 C:\Users\theel\Documents\473Project\fish\lil_fish_tanks\LilFishTanks\LilFishTanks\ArduinoCore\Debug\libArduinoCore.a(variantHooks.o)
 .debug_info    0x0001579b      0x4fa C:\Users\theel\Documents\473Project\fish\lil_fish_tanks\LilFishTanks\LilFishTanks\ArduinoCore\Debug\libArduinoCore.a(FreqCount.o)
 .debug_info    0x00015c95       0x3e C:\Users\theel\Documents\473Project\fish\lil_fish_tanks\LilFishTanks\LilFishTanks\ArduinoCore\Debug\libArduinoCore.a(hooks.o)
 .debug_info    0x00015cd3      0x1a7 C:\Users\theel\Documents\473Project\fish\lil_fish_tanks\LilFishTanks\LilFishTanks\ArduinoCore\Debug\libArduinoCore.a(heap_3.o)
 .debug_info    0x00015e7a      0x2e0 C:\Users\theel\Documents\473Project\fish\lil_fish_tanks\LilFishTanks\LilFishTanks\ArduinoCore\Debug\libArduinoCore.a(list.o)
 .debug_info    0x0001615a      0x28b C:\Users\theel\Documents\473Project\fish\lil_fish_tanks\LilFishTanks\LilFishTanks\ArduinoCore\Debug\libArduinoCore.a(port.o)
 .debug_info    0x000163e5       0xac C:/Program Files (x86)/Atmel/Studio/7.0/Packs/atmel/ATmega_DFP/1.2.209/gcc/dev/atmega328p/avr5\libatmega328p.a(eerd_byte.o)
 .debug_info    0x00016491       0xac C:/Program Files (x86)/Atmel/Studio/7.0/Packs/atmel/ATmega_DFP/1.2.209/gcc/dev/atmega328p/avr5\libatmega328p.a(eewr_byte.o)

.debug_abbrev   0x00000000     0x435a
 *(.debug_abbrev)
 .debug_abbrev  0x00000000      0x5a2 C:/Program Files (x86)/Atmel/Studio/7.0/Packs/atmel/ATmega_DFP/1.2.209/gcc/dev/atmega328p/avr5/crtatmega328p.o
 .debug_abbrev  0x000005a2      0x3de DFRobot_PH.o
 .debug_abbrev  0x00000980      0x5cf main.o
 .debug_abbrev  0x00000f4f      0x34d OneWire.o
 .debug_abbrev  0x0000129c      0x35a phSensor.o
 .debug_abbrev  0x000015f6      0x39f src/libraries/MD_TCS230/src/MD_TCS230.o
 .debug_abbrev  0x00001995      0x60b src/libraries/SoftwareSerial/src/SoftwareSerial.o
 .debug_abbrev  0x00001fa0      0x4b7 C:\Users\theel\Documents\473Project\fish\lil_fish_tanks\LilFishTanks\LilFishTanks\ArduinoCore\Debug\libArduinoCore.a(HardwareSerial.o)
 .debug_abbrev  0x00002457      0x3ce C:\Users\theel\Documents\473Project\fish\lil_fish_tanks\LilFishTanks\LilFishTanks\ArduinoCore\Debug\libArduinoCore.a(HardwareSerial0.o)
 .debug_abbrev  0x00002825      0x12d C:\Users\theel\Documents\473Project\fish\lil_fish_tanks\LilFishTanks\LilFishTanks\ArduinoCore\Debug\libArduinoCore.a(main.o)
 .debug_abbrev  0x00002952      0x47a C:\Users\theel\Documents\473Project\fish\lil_fish_tanks\LilFishTanks\LilFishTanks\ArduinoCore\Debug\libArduinoCore.a(Print.o)
 .debug_abbrev  0x00002dcc       0xfc C:\Users\theel\Documents\473Project\fish\lil_fish_tanks\LilFishTanks\LilFishTanks\ArduinoCore\Debug\libArduinoCore.a(WInterrupts.o)
 .debug_abbrev  0x00002ec8      0x146 C:\Users\theel\Documents\473Project\fish\lil_fish_tanks\LilFishTanks\LilFishTanks\ArduinoCore\Debug\libArduinoCore.a(wiring.o)
 .debug_abbrev  0x0000300e      0x16b C:\Users\theel\Documents\473Project\fish\lil_fish_tanks\LilFishTanks\LilFishTanks\ArduinoCore\Debug\libArduinoCore.a(wiring_analog.o)
 .debug_abbrev  0x00003179      0x15b C:\Users\theel\Documents\473Project\fish\lil_fish_tanks\LilFishTanks\LilFishTanks\ArduinoCore\Debug\libArduinoCore.a(wiring_digital.o)
 .debug_abbrev  0x000032d4      0x2d5 C:\Users\theel\Documents\473Project\fish\lil_fish_tanks\LilFishTanks\LilFishTanks\ArduinoCore\Debug\libArduinoCore.a(queue.o)
 .debug_abbrev  0x000035a9      0x35e C:\Users\theel\Documents\473Project\fish\lil_fish_tanks\LilFishTanks\LilFishTanks\ArduinoCore\Debug\libArduinoCore.a(tasks.o)
 .debug_abbrev  0x00003907      0x2f8 C:\Users\theel\Documents\473Project\fish\lil_fish_tanks\LilFishTanks\LilFishTanks\ArduinoCore\Debug\libArduinoCore.a(timers.o)
 .debug_abbrev  0x00003bff      0x18d C:\Users\theel\Documents\473Project\fish\lil_fish_tanks\LilFishTanks\LilFishTanks\ArduinoCore\Debug\libArduinoCore.a(variantHooks.o)
 .debug_abbrev  0x00003d8c      0x210 C:\Users\theel\Documents\473Project\fish\lil_fish_tanks\LilFishTanks\LilFishTanks\ArduinoCore\Debug\libArduinoCore.a(FreqCount.o)
 .debug_abbrev  0x00003f9c       0x2a C:\Users\theel\Documents\473Project\fish\lil_fish_tanks\LilFishTanks\LilFishTanks\ArduinoCore\Debug\libArduinoCore.a(hooks.o)
 .debug_abbrev  0x00003fc6      0x115 C:\Users\theel\Documents\473Project\fish\lil_fish_tanks\LilFishTanks\LilFishTanks\ArduinoCore\Debug\libArduinoCore.a(heap_3.o)
 .debug_abbrev  0x000040db       0xff C:\Users\theel\Documents\473Project\fish\lil_fish_tanks\LilFishTanks\LilFishTanks\ArduinoCore\Debug\libArduinoCore.a(list.o)
 .debug_abbrev  0x000041da      0x158 C:\Users\theel\Documents\473Project\fish\lil_fish_tanks\LilFishTanks\LilFishTanks\ArduinoCore\Debug\libArduinoCore.a(port.o)
 .debug_abbrev  0x00004332       0x14 C:/Program Files (x86)/Atmel/Studio/7.0/Packs/atmel/ATmega_DFP/1.2.209/gcc/dev/atmega328p/avr5\libatmega328p.a(eerd_byte.o)
 .debug_abbrev  0x00004346       0x14 C:/Program Files (x86)/Atmel/Studio/7.0/Packs/atmel/ATmega_DFP/1.2.209/gcc/dev/atmega328p/avr5\libatmega328p.a(eewr_byte.o)

.debug_line     0x00000000     0x72ec
 *(.debug_line .debug_line.* .debug_line_end)
 .debug_line    0x00000000      0x133 C:/Program Files (x86)/Atmel/Studio/7.0/Packs/atmel/ATmega_DFP/1.2.209/gcc/dev/atmega328p/avr5/crtatmega328p.o
 .debug_line    0x00000133      0x6e6 DFRobot_PH.o
 .debug_line    0x00000819      0xa3b main.o
 .debug_line    0x00001254      0x6c8 OneWire.o
 .debug_line    0x0000191c      0x2d2 phSensor.o
 .debug_line    0x00001bee      0x666 src/libraries/MD_TCS230/src/MD_TCS230.o
 .debug_line    0x00002254      0x7f9 src/libraries/SoftwareSerial/src/SoftwareSerial.o
 .debug_line    0x00002a4d      0x4c4 C:\Users\theel\Documents\473Project\fish\lil_fish_tanks\LilFishTanks\LilFishTanks\ArduinoCore\Debug\libArduinoCore.a(HardwareSerial.o)
 .debug_line    0x00002f11      0x28c C:\Users\theel\Documents\473Project\fish\lil_fish_tanks\LilFishTanks\LilFishTanks\ArduinoCore\Debug\libArduinoCore.a(HardwareSerial0.o)
 .debug_line    0x0000319d      0x165 C:\Users\theel\Documents\473Project\fish\lil_fish_tanks\LilFishTanks\LilFishTanks\ArduinoCore\Debug\libArduinoCore.a(main.o)
 .debug_line    0x00003302      0x685 C:\Users\theel\Documents\473Project\fish\lil_fish_tanks\LilFishTanks\LilFishTanks\ArduinoCore\Debug\libArduinoCore.a(Print.o)
 .debug_line    0x00003987      0x1a0 C:\Users\theel\Documents\473Project\fish\lil_fish_tanks\LilFishTanks\LilFishTanks\ArduinoCore\Debug\libArduinoCore.a(WInterrupts.o)
 .debug_line    0x00003b27      0x299 C:\Users\theel\Documents\473Project\fish\lil_fish_tanks\LilFishTanks\LilFishTanks\ArduinoCore\Debug\libArduinoCore.a(wiring.o)
 .debug_line    0x00003dc0      0x20f C:\Users\theel\Documents\473Project\fish\lil_fish_tanks\LilFishTanks\LilFishTanks\ArduinoCore\Debug\libArduinoCore.a(wiring_analog.o)
 .debug_line    0x00003fcf      0x252 C:\Users\theel\Documents\473Project\fish\lil_fish_tanks\LilFishTanks\LilFishTanks\ArduinoCore\Debug\libArduinoCore.a(wiring_digital.o)
 .debug_line    0x00004221      0xb6a C:\Users\theel\Documents\473Project\fish\lil_fish_tanks\LilFishTanks\LilFishTanks\ArduinoCore\Debug\libArduinoCore.a(queue.o)
 .debug_line    0x00004d8b     0x1256 C:\Users\theel\Documents\473Project\fish\lil_fish_tanks\LilFishTanks\LilFishTanks\ArduinoCore\Debug\libArduinoCore.a(tasks.o)
 .debug_line    0x00005fe1      0x538 C:\Users\theel\Documents\473Project\fish\lil_fish_tanks\LilFishTanks\LilFishTanks\ArduinoCore\Debug\libArduinoCore.a(timers.o)
 .debug_line    0x00006519      0x246 C:\Users\theel\Documents\473Project\fish\lil_fish_tanks\LilFishTanks\LilFishTanks\ArduinoCore\Debug\libArduinoCore.a(variantHooks.o)
 .debug_line    0x0000675f      0x361 C:\Users\theel\Documents\473Project\fish\lil_fish_tanks\LilFishTanks\LilFishTanks\ArduinoCore\Debug\libArduinoCore.a(FreqCount.o)
 .debug_line    0x00006ac0       0x41 C:\Users\theel\Documents\473Project\fish\lil_fish_tanks\LilFishTanks\LilFishTanks\ArduinoCore\Debug\libArduinoCore.a(hooks.o)
 .debug_line    0x00006b01      0x1a3 C:\Users\theel\Documents\473Project\fish\lil_fish_tanks\LilFishTanks\LilFishTanks\ArduinoCore\Debug\libArduinoCore.a(heap_3.o)
 .debug_line    0x00006ca4      0x208 C:\Users\theel\Documents\473Project\fish\lil_fish_tanks\LilFishTanks\LilFishTanks\ArduinoCore\Debug\libArduinoCore.a(list.o)
 .debug_line    0x00006eac      0x328 C:\Users\theel\Documents\473Project\fish\lil_fish_tanks\LilFishTanks\LilFishTanks\ArduinoCore\Debug\libArduinoCore.a(port.o)
 .debug_line    0x000071d4       0x7a C:/Program Files (x86)/Atmel/Studio/7.0/Packs/atmel/ATmega_DFP/1.2.209/gcc/dev/atmega328p/avr5\libatmega328p.a(eerd_byte.o)
 .debug_line    0x0000724e       0x9e C:/Program Files (x86)/Atmel/Studio/7.0/Packs/atmel/ATmega_DFP/1.2.209/gcc/dev/atmega328p/avr5\libatmega328p.a(eewr_byte.o)

.debug_frame    0x00000000     0x20b0
 *(.debug_frame)
 .debug_frame   0x00000000      0x1d8 DFRobot_PH.o
 .debug_frame   0x000001d8      0x1a8 main.o
 .debug_frame   0x00000380      0x258 OneWire.o
 .debug_frame   0x000005d8      0x110 phSensor.o
 .debug_frame   0x000006e8      0x28c src/libraries/MD_TCS230/src/MD_TCS230.o
 .debug_frame   0x00000974      0x1d4 src/libraries/SoftwareSerial/src/SoftwareSerial.o
 .debug_frame   0x00000b48      0x110 C:\Users\theel\Documents\473Project\fish\lil_fish_tanks\LilFishTanks\LilFishTanks\ArduinoCore\Debug\libArduinoCore.a(HardwareSerial.o)
 .debug_frame   0x00000c58       0xe0 C:\Users\theel\Documents\473Project\fish\lil_fish_tanks\LilFishTanks\LilFishTanks\ArduinoCore\Debug\libArduinoCore.a(HardwareSerial0.o)
 .debug_frame   0x00000d38       0x54 C:\Users\theel\Documents\473Project\fish\lil_fish_tanks\LilFishTanks\LilFishTanks\ArduinoCore\Debug\libArduinoCore.a(main.o)
 .debug_frame   0x00000d8c      0x3ac C:\Users\theel\Documents\473Project\fish\lil_fish_tanks\LilFishTanks\LilFishTanks\ArduinoCore\Debug\libArduinoCore.a(Print.o)
 .debug_frame   0x00001138       0xf4 C:\Users\theel\Documents\473Project\fish\lil_fish_tanks\LilFishTanks\LilFishTanks\ArduinoCore\Debug\libArduinoCore.a(WInterrupts.o)
 .debug_frame   0x0000122c       0xc4 C:\Users\theel\Documents\473Project\fish\lil_fish_tanks\LilFishTanks\LilFishTanks\ArduinoCore\Debug\libArduinoCore.a(wiring.o)
 .debug_frame   0x000012f0       0x54 C:\Users\theel\Documents\473Project\fish\lil_fish_tanks\LilFishTanks\LilFishTanks\ArduinoCore\Debug\libArduinoCore.a(wiring_analog.o)
 .debug_frame   0x00001344       0x7c C:\Users\theel\Documents\473Project\fish\lil_fish_tanks\LilFishTanks\LilFishTanks\ArduinoCore\Debug\libArduinoCore.a(wiring_digital.o)
 .debug_frame   0x000013c0      0x368 C:\Users\theel\Documents\473Project\fish\lil_fish_tanks\LilFishTanks\LilFishTanks\ArduinoCore\Debug\libArduinoCore.a(queue.o)
 .debug_frame   0x00001728      0x57c C:\Users\theel\Documents\473Project\fish\lil_fish_tanks\LilFishTanks\LilFishTanks\ArduinoCore\Debug\libArduinoCore.a(tasks.o)
 .debug_frame   0x00001ca4      0x198 C:\Users\theel\Documents\473Project\fish\lil_fish_tanks\LilFishTanks\LilFishTanks\ArduinoCore\Debug\libArduinoCore.a(timers.o)
 .debug_frame   0x00001e3c       0x54 C:\Users\theel\Documents\473Project\fish\lil_fish_tanks\LilFishTanks\LilFishTanks\ArduinoCore\Debug\libArduinoCore.a(variantHooks.o)
 .debug_frame   0x00001e90       0xac C:\Users\theel\Documents\473Project\fish\lil_fish_tanks\LilFishTanks\LilFishTanks\ArduinoCore\Debug\libArduinoCore.a(FreqCount.o)
 .debug_frame   0x00001f3c       0x24 C:\Users\theel\Documents\473Project\fish\lil_fish_tanks\LilFishTanks\LilFishTanks\ArduinoCore\Debug\libArduinoCore.a(hooks.o)
 .debug_frame   0x00001f60       0x4c C:\Users\theel\Documents\473Project\fish\lil_fish_tanks\LilFishTanks\LilFishTanks\ArduinoCore\Debug\libArduinoCore.a(heap_3.o)
 .debug_frame   0x00001fac       0x90 C:\Users\theel\Documents\473Project\fish\lil_fish_tanks\LilFishTanks\LilFishTanks\ArduinoCore\Debug\libArduinoCore.a(list.o)
 .debug_frame   0x0000203c       0x74 C:\Users\theel\Documents\473Project\fish\lil_fish_tanks\LilFishTanks\LilFishTanks\ArduinoCore\Debug\libArduinoCore.a(port.o)

.debug_str      0x00000000     0x5128
 *(.debug_str)
 .debug_str     0x00000000      0x208 C:/Program Files (x86)/Atmel/Studio/7.0/Packs/atmel/ATmega_DFP/1.2.209/gcc/dev/atmega328p/avr5/crtatmega328p.o
 .debug_str     0x00000208      0x975 DFRobot_PH.o
                                0xa3c (size before relaxing)
 .debug_str     0x00000b7d      0xc5c main.o
                               0x1336 (size before relaxing)
 .debug_str     0x000017d9      0x155 OneWire.o
                                0x6c6 (size before relaxing)
 .debug_str     0x0000192e       0x8f phSensor.o
                                0x94e (size before relaxing)
 .debug_str     0x000019bd      0x123 src/libraries/MD_TCS230/src/MD_TCS230.o
                                0x79e (size before relaxing)
 .debug_str     0x00001ae0     0x14a6 src/libraries/SoftwareSerial/src/SoftwareSerial.o
                               0x1949 (size before relaxing)
 .debug_str     0x00002f86      0x403 C:\Users\theel\Documents\473Project\fish\lil_fish_tanks\LilFishTanks\LilFishTanks\ArduinoCore\Debug\libArduinoCore.a(HardwareSerial.o)
                               0x1624 (size before relaxing)
 .debug_str     0x00003389       0x47 C:\Users\theel\Documents\473Project\fish\lil_fish_tanks\LilFishTanks\LilFishTanks\ArduinoCore\Debug\libArduinoCore.a(HardwareSerial0.o)
                               0x1417 (size before relaxing)
 .debug_str     0x000033d0       0x37 C:\Users\theel\Documents\473Project\fish\lil_fish_tanks\LilFishTanks\LilFishTanks\ArduinoCore\Debug\libArduinoCore.a(main.o)
                                0x2c3 (size before relaxing)
 .debug_str     0x00003407      0x272 C:\Users\theel\Documents\473Project\fish\lil_fish_tanks\LilFishTanks\LilFishTanks\ArduinoCore\Debug\libArduinoCore.a(Print.o)
                               0x1251 (size before relaxing)
 .debug_str     0x00003679      0x146 C:\Users\theel\Documents\473Project\fish\lil_fish_tanks\LilFishTanks\LilFishTanks\ArduinoCore\Debug\libArduinoCore.a(WInterrupts.o)
                                0x246 (size before relaxing)
 .debug_str     0x000037bf       0x5f C:\Users\theel\Documents\473Project\fish\lil_fish_tanks\LilFishTanks\LilFishTanks\ArduinoCore\Debug\libArduinoCore.a(wiring.o)
                                0x259 (size before relaxing)
 .debug_str     0x0000381e       0x5b C:\Users\theel\Documents\473Project\fish\lil_fish_tanks\LilFishTanks\LilFishTanks\ArduinoCore\Debug\libArduinoCore.a(wiring_analog.o)
                                0x25d (size before relaxing)
 .debug_str     0x00003879       0x4b C:\Users\theel\Documents\473Project\fish\lil_fish_tanks\LilFishTanks\LilFishTanks\ArduinoCore\Debug\libArduinoCore.a(wiring_digital.o)
                                0x2be (size before relaxing)
 .debug_str     0x000038c4      0x6fe C:\Users\theel\Documents\473Project\fish\lil_fish_tanks\LilFishTanks\LilFishTanks\ArduinoCore\Debug\libArduinoCore.a(queue.o)
                                0x9c5 (size before relaxing)
 .debug_str     0x00003fc2      0x9c3 C:\Users\theel\Documents\473Project\fish\lil_fish_tanks\LilFishTanks\LilFishTanks\ArduinoCore\Debug\libArduinoCore.a(tasks.o)
                                0xee8 (size before relaxing)
 .debug_str     0x00004985      0x419 C:\Users\theel\Documents\473Project\fish\lil_fish_tanks\LilFishTanks\LilFishTanks\ArduinoCore\Debug\libArduinoCore.a(timers.o)
                                0x871 (size before relaxing)
 .debug_str     0x00004d9e       0x89 C:\Users\theel\Documents\473Project\fish\lil_fish_tanks\LilFishTanks\LilFishTanks\ArduinoCore\Debug\libArduinoCore.a(variantHooks.o)
                                0x3a0 (size before relaxing)
 .debug_str     0x00004e27      0x1b0 C:\Users\theel\Documents\473Project\fish\lil_fish_tanks\LilFishTanks\LilFishTanks\ArduinoCore\Debug\libArduinoCore.a(FreqCount.o)
                                0x4cd (size before relaxing)
 .debug_str     0x00004fd7       0x1c C:\Users\theel\Documents\473Project\fish\lil_fish_tanks\LilFishTanks\LilFishTanks\ArduinoCore\Debug\libArduinoCore.a(hooks.o)
                                0x14e (size before relaxing)
 .debug_str     0x00004ff3       0x3b C:\Users\theel\Documents\473Project\fish\lil_fish_tanks\LilFishTanks\LilFishTanks\ArduinoCore\Debug\libArduinoCore.a(heap_3.o)
                                0x251 (size before relaxing)
 .debug_str     0x0000502e       0x69 C:\Users\theel\Documents\473Project\fish\lil_fish_tanks\LilFishTanks\LilFishTanks\ArduinoCore\Debug\libArduinoCore.a(list.o)
                                0x31c (size before relaxing)
 .debug_str     0x00005097       0x91 C:\Users\theel\Documents\473Project\fish\lil_fish_tanks\LilFishTanks\LilFishTanks\ArduinoCore\Debug\libArduinoCore.a(port.o)
                                0x308 (size before relaxing)

.debug_loc      0x00000000     0xc4fd
 *(.debug_loc)
 .debug_loc     0x00000000      0xc3f DFRobot_PH.o
 .debug_loc     0x00000c3f      0x74d main.o
 .debug_loc     0x0000138c     0x1112 OneWire.o
 .debug_loc     0x0000249e      0x39b phSensor.o
 .debug_loc     0x00002839      0xde2 src/libraries/MD_TCS230/src/MD_TCS230.o
 .debug_loc     0x0000361b      0xc96 src/libraries/SoftwareSerial/src/SoftwareSerial.o
 .debug_loc     0x000042b1      0x4dc C:\Users\theel\Documents\473Project\fish\lil_fish_tanks\LilFishTanks\LilFishTanks\ArduinoCore\Debug\libArduinoCore.a(HardwareSerial.o)
 .debug_loc     0x0000478d      0x1b0 C:\Users\theel\Documents\473Project\fish\lil_fish_tanks\LilFishTanks\LilFishTanks\ArduinoCore\Debug\libArduinoCore.a(HardwareSerial0.o)
 .debug_loc     0x0000493d     0x1c87 C:\Users\theel\Documents\473Project\fish\lil_fish_tanks\LilFishTanks\LilFishTanks\ArduinoCore\Debug\libArduinoCore.a(Print.o)
 .debug_loc     0x000065c4      0x235 C:\Users\theel\Documents\473Project\fish\lil_fish_tanks\LilFishTanks\LilFishTanks\ArduinoCore\Debug\libArduinoCore.a(WInterrupts.o)
 .debug_loc     0x000067f9      0x28d C:\Users\theel\Documents\473Project\fish\lil_fish_tanks\LilFishTanks\LilFishTanks\ArduinoCore\Debug\libArduinoCore.a(wiring.o)