Archive member included to satisfy reference by file (symbol)

c:/program files (x86)/atmel/studio/7.0/toolchain/avr8/avr8-gnu-toolchain/bin/../lib/gcc/avr/5.4.0/../../../../avr/lib/avr5\libm.a(addsf3.o)
                              DFRobot_PH.o (__subsf3)
c:/program files (x86)/atmel/studio/7.0/toolchain/avr8/avr8-gnu-toolchain/bin/../lib/gcc/avr/5.4.0/../../../../avr/lib/avr5\libm.a(addsf3x.o)
                              c:/program files (x86)/atmel/studio/7.0/toolchain/avr8/avr8-gnu-toolchain/bin/../lib/gcc/avr/5.4.0/../../../../avr/lib/avr5\libm.a(addsf3.o) (__addsf3x)
c:/program files (x86)/atmel/studio/7.0/toolchain/avr8/avr8-gnu-toolchain/bin/../lib/gcc/avr/5.4.0/../../../../avr/lib/avr5\libm.a(cmpsf2.o)
                              main.o (__eqsf2)
c:/program files (x86)/atmel/studio/7.0/toolchain/avr8/avr8-gnu-toolchain/bin/../lib/gcc/avr/5.4.0/../../../../avr/lib/avr5\libm.a(divsf3.o)
                              DFRobot_PH.o (__divsf3)
c:/program files (x86)/atmel/studio/7.0/toolchain/avr8/avr8-gnu-toolchain/bin/../lib/gcc/avr/5.4.0/../../../../avr/lib/avr5\libm.a(divsf3x.o)
                              c:/program files (x86)/atmel/studio/7.0/toolchain/avr8/avr8-gnu-toolchain/bin/../lib/gcc/avr/5.4.0/../../../../avr/lib/avr5\libm.a(divsf3.o) (__divsf3x)
c:/program files (x86)/atmel/studio/7.0/toolchain/avr8/avr8-gnu-toolchain/bin/../lib/gcc/avr/5.4.0/../../../../avr/lib/avr5\libm.a(fixsfsi.o)
                              main.o (__fixsfsi)
c:/program files (x86)/atmel/studio/7.0/toolchain/avr8/avr8-gnu-toolchain/bin/../lib/gcc/avr/5.4.0/../../../../avr/lib/avr5\libm.a(fixunssfsi.o)
                              c:/program files (x86)/atmel/studio/7.0/toolchain/avr8/avr8-gnu-toolchain/bin/../lib/gcc/avr/5.4.0/../../../../avr/lib/avr5\libm.a(fixsfsi.o) (__fixunssfsi)
c:/program files (x86)/atmel/studio/7.0/toolchain/avr8/avr8-gnu-toolchain/bin/../lib/gcc/avr/5.4.0/../../../../avr/lib/avr5\libm.a(floatsisf.o)
                              main.o (__floatsisf)
c:/program files (x86)/atmel/studio/7.0/toolchain/avr8/avr8-gnu-toolchain/bin/../lib/gcc/avr/5.4.0/../../../../avr/lib/avr5\libm.a(fp_cmp.o)
                              c:/program files (x86)/atmel/studio/7.0/toolchain/avr8/avr8-gnu-toolchain/bin/../lib/gcc/avr/5.4.0/../../../../avr/lib/avr5\libm.a(cmpsf2.o) (__fp_cmp)
c:/program files (x86)/atmel/studio/7.0/toolchain/avr8/avr8-gnu-toolchain/bin/../lib/gcc/avr/5.4.0/../../../../avr/lib/avr5\libm.a(fp_inf.o)
                              c:/program files (x86)/atmel/studio/7.0/toolchain/avr8/avr8-gnu-toolchain/bin/../lib/gcc/avr/5.4.0/../../../../avr/lib/avr5\libm.a(addsf3x.o) (__fp_inf)
c:/program files (x86)/atmel/studio/7.0/toolchain/avr8/avr8-gnu-toolchain/bin/../lib/gcc/avr/5.4.0/../../../../avr/lib/avr5\libm.a(fp_nan.o)
                              c:/program files (x86)/atmel/studio/7.0/toolchain/avr8/avr8-gnu-toolchain/bin/../lib/gcc/avr/5.4.0/../../../../avr/lib/avr5\libm.a(addsf3x.o) (__fp_nan)
c:/program files (x86)/atmel/studio/7.0/toolchain/avr8/avr8-gnu-toolchain/bin/../lib/gcc/avr/5.4.0/../../../../avr/lib/avr5\libm.a(fp_pscA.o)
                              c:/program files (x86)/atmel/studio/7.0/toolchain/avr8/avr8-gnu-toolchain/bin/../lib/gcc/avr/5.4.0/../../../../avr/lib/avr5\libm.a(addsf3x.o) (__fp_pscA)
c:/program files (x86)/atmel/studio/7.0/toolchain/avr8/avr8-gnu-toolchain/bin/../lib/gcc/avr/5.4.0/../../../../avr/lib/avr5\libm.a(fp_pscB.o)
                              c:/program files (x86)/atmel/studio/7.0/toolchain/avr8/avr8-gnu-toolchain/bin/../lib/gcc/avr/5.4.0/../../../../avr/lib/avr5\libm.a(addsf3x.o) (__fp_pscB)
c:/program files (x86)/atmel/studio/7.0/toolchain/avr8/avr8-gnu-toolchain/bin/../lib/gcc/avr/5.4.0/../../../../avr/lib/avr5\libm.a(fp_round.o)
                              c:/program files (x86)/atmel/studio/7.0/toolchain/avr8/avr8-gnu-toolchain/bin/../lib/gcc/avr/5.4.0/../../../../avr/lib/avr5\libm.a(addsf3.o) (__fp_round)
c:/program files (x86)/atmel/studio/7.0/toolchain/avr8/avr8-gnu-toolchain/bin/../lib/gcc/avr/5.4.0/../../../../avr/lib/avr5\libm.a(fp_split3.o)
                              c:/program files (x86)/atmel/studio/7.0/toolchain/avr8/avr8-gnu-toolchain/bin/../lib/gcc/avr/5.4.0/../../../../avr/lib/avr5\libm.a(addsf3x.o) (__fp_split3)
c:/program files (x86)/atmel/studio/7.0/toolchain/avr8/avr8-gnu-toolchain/bin/../lib/gcc/avr/5.4.0/../../../../avr/lib/avr5\libm.a(fp_zero.o)
                              c:/program files (x86)/atmel/studio/7.0/toolchain/avr8/avr8-gnu-toolchain/bin/../lib/gcc/avr/5.4.0/../../../../avr/lib/avr5\libm.a(addsf3x.o) (__fp_zero)
c:/program files (x86)/atmel/studio/7.0/toolchain/avr8/avr8-gnu-toolchain/bin/../lib/gcc/avr/5.4.0/../../../../avr/lib/avr5\libm.a(gesf2.o)
                              DFRobot_PH.o (__gtsf2)
c:/program files (x86)/atmel/studio/7.0/toolchain/avr8/avr8-gnu-toolchain/bin/../lib/gcc/avr/5.4.0/../../../../avr/lib/avr5\libm.a(mulsf3.o)
[...]
Memory Configuration

Name             Origin             Length             Attributes
text             0x00000000         0x00020000         xr
data             0x00800060         0x0000ffa0         rw !x
eeprom           0x00810000         0x00010000         rw !x
fuse             0x00820000         0x00000003         rw !x
lock             0x00830000         0x00000400         rw !x
signature        0x00840000         0x00000400         rw !x
user_signatures  0x00850000         0x00000400         rw !x
*default*        0x00000000         0xffffffff

Linker script and memory map

Address of section .data set to 0x800100
LOAD C:/Program Files (x86)/Atmel/Studio/7.0/Packs/atmel/ATmega_DFP/1.2.209/gcc/dev/atmega328p/avr5/crtatmega328p.o
LOAD DFRobot_PH.o
LOAD main.o
LOAD OneWire.o
LOAD phSensor.o
LOAD src/libraries/FreeRTOS/src/croutine.o
LOAD src/libraries/FreeRTOS/src/event_groups.o
LOAD src/libraries/FreeRTOS/src/heap_3.o
LOAD src/libraries/FreeRTOS/src/list.o
LOAD src/libraries/FreeRTOS/src/port.o
LOAD src/libraries/FreeRTOS/src/queue.o
LOAD src/libraries/FreeRTOS/src/stream_buffer.o
LOAD src/libraries/FreeRTOS/src/tasks.o
LOAD src/libraries/FreeRTOS/src/timers.o
LOAD src/libraries/FreeRTOS/src/variantHooks.o
LOAD src/libraries/MD_TCS230/src/MD_TCS230.o
LOAD src/libraries/SoftwareSerial/src/SoftwareSerial.o
START GROUP
LOAD c:/program files (x86)/atmel/studio/7.0/toolchain/avr8/avr8-gnu-toolchain/bin/../lib/gcc/avr/5.4.0/../../../../avr/lib/avr5\libm.a
LOAD D:\Users\Celine\ONEDRI~1.EDU\DOCUME~1\Schule\UNIVER~1\EECS47~1\Project\LIL_FI~1\LILFIS~1\LILFIS~1\ARDUIN~1\Debug\libArduinoCore.a
END GROUP
LOAD c:/program files (x86)/atmel/studio/7.0/toolchain/avr8/avr8-gnu-toolchain/bin/../lib/gcc/avr/5.4.0/avr5\libgcc.a
LOAD c:/program files (x86)/atmel/studio/7.0/toolchain/avr8/avr8-gnu-toolchain/bin/../lib/gcc/avr/5.4.0/../../../../avr/lib/avr5\libm.a
START GROUP
LOAD c:/program files (x86)/atmel/studio/7.0/toolchain/avr8/avr8-gnu-toolchain/bin/../lib/gcc/avr/5.4.0/avr5\libgcc.a
LOAD c:/program files (x86)/atmel/studio/7.0/toolchain/avr8/avr8-gnu-toolchain/bin/../lib/gcc/avr/5.4.0/../../../../avr/lib/avr5\libm.a
LOAD c:/program files (x86)/atmel/studio/7.0/toolchain/avr8/avr8-gnu-toolchain/bin/../lib/gcc/avr/5.4.0/../../../../avr/lib/avr5\libc.a
LOAD C:/Program Files (x86)/Atmel/Studio/7.0/Packs/atmel/ATmega_DFP/1.2.209/gcc/dev/atmega328p/avr5\libatmega328p.a
END GROUP
                0x00000000                __TEXT_REGION_ORIGIN__ = DEFINED (__TEXT_REGION_ORIGIN__)?__TEXT_REGION_ORIGIN__:0x0
                0x00800060                __DATA_REGION_ORIGIN__ = DEFINED (__DATA_REGION_ORIGIN__)?__DATA_REGION_ORIGIN__:0x800060
                0x00020000                __TEXT_REGION_LENGTH__ = DEFINED (__TEXT_REGION_LENGTH__)?__TEXT_REGION_LENGTH__:0x20000
                0x0000ffa0                __DATA_REGION_LENGTH__ = DEFINED (__DATA_REGION_LENGTH__)?__DATA_REGION_LENGTH__:0xffa0
                0x00010000                __EEPROM_REGION_LENGTH__ = DEFINED (__EEPROM_REGION_LENGTH__)?__EEPROM_REGION_LENGTH__:0x10000
                [0x00000003]                __FUSE_REGION_LENGTH__ = DEFINED (__FUSE_REGION_LENGTH__)?__FUSE_REGION_LENGTH__:0x400
                0x00000400                __LOCK_REGION_LENGTH__ = DEFINED (__LOCK_REGION_LENGTH__)?__LOCK_REGION_LENGTH__:0x400
                0x00000400                __SIGNATURE_REGION_LENGTH__ = DEFINED (__SIGNATURE_REGION_LENGTH__)?__SIGNATURE_REGION_LENGTH__:0x400
                0x00000400                __USER_SIGNATURE_REGION_LENGTH__ = DEFINED (__USER_SIGNATURE_REGION_LENGTH__)?__USER_SIGNATURE_REGION_LENGTH__:0x400

.hash
 *(.hash)

.dynsym
 *(.dynsym)

.dynstr
 *(.dynstr)

.gnu.version
 *(.gnu.version)

.gnu.version_d
 *(.gnu.version_d)

.gnu.version_r
 *(.gnu.version_r)

.rel.init
 *(.rel.init)

.rela.init
 *(.rela.init)

.rel.text
 *(.rel.text)
 *(.rel.text.*)
 *(.rel.gnu.linkonce.t*)

.rela.text
 *(.rela.text)
 *(.rela.text.*)
 *(.rela.gnu.linkonce.t*)

.rel.fini
 *(.rel.fini)

.rela.fini
 *(.rela.fini)

.rel.rodata
 *(.rel.rodata)
 *(.rel.rodata.*)
 *(.rel.gnu.linkonce.r*)

.rela.rodata
 *(.rela.rodata)
 *(.rela.rodata.*)
 *(.rela.gnu.linkonce.r*)

.rel.data
 *(.rel.data)
 *(.rel.data.*)
 *(.rel.gnu.linkonce.d*)

.rela.data
 *(.rela.data)
 *(.rela.data.*)
 *(.rela.gnu.linkonce.d*)

.rel.ctors
 *(.rel.ctors)

.rela.ctors
 *(.rela.ctors)

.rel.dtors
 *(.rel.dtors)

.rela.dtors
 *(.rela.dtors)

.rel.got
 *(.rel.got)

.rela.got
 *(.rela.got)

.rel.bss
 *(.rel.bss)

.rela.bss
 *(.rela.bss)

.rel.plt
 *(.rel.plt)

.rela.plt
 *(.rela.plt)

.text           0x00000000     0x4f44
 *(.vectors)
 .vectors       0x00000000       0x68 C:/Program Files (x86)/Atmel/Studio/7.0/Packs/atmel/ATmega_DFP/1.2.209/gcc/dev/atmega328p/avr5/crtatmega328p.o
                0x00000000                __vector_default
                0x00000000                __vectors
 *(.vectors)
 *(.progmem.gcc*)
 .progmem.gcc_sw_table.prvTimerTask
                0x00000068       0x14 src/libraries/FreeRTOS/src/timers.o
                0x0000007c                . = ALIGN (0x2)
                0x0000007c                __trampolines_start = .
 *(.trampolines)
 .trampolines   0x0000007c        0x0 linker stubs
 *(.trampolines*)
                0x0000007c                __trampolines_end = .
 *libprintf_flt.a:*(.progmem.data)
 *libc.a:*(.progmem.data)
 *(.progmem*)
 .progmem.data._ZZ9SameColorvE3__c
                0x0000007c       0x16 main.o
 .progmem.data._ZL15dscrc2x16_table
                0x00000092       0x20 OneWire.o
 .progmem.data.digital_pin_to_timer_PGM
                0x000000b2       0x14 D:\Users\Celine\ONEDRI~1.EDU\DOCUME~1\Schule\UNIVER~1\EECS47~1\Project\LIL_FI~1\LILFIS~1\LILFIS~1\ARDUIN~1\Debug\libArduinoCore.a(wiring_digital.o)
                0x000000b2                digital_pin_to_timer_PGM
 .progmem.data.digital_pin_to_bit_mask_PGM
                0x000000c6       0x14 D:\Users\Celine\ONEDRI~1.EDU\DOCUME~1\Schule\UNIVER~1\EECS47~1\Project\LIL_FI~1\LILFIS~1\LILFIS~1\ARDUIN~1\Debug\libArduinoCore.a(wiring_digital.o)
                0x000000c6                digital_pin_to_bit_mask_PGM
 .progmem.data.digital_pin_to_port_PGM
                0x000000da       0x14 D:\Users\Celine\ONEDRI~1.EDU\DOCUME~1\Schule\UNIVER~1\EECS47~1\Project\LIL_FI~1\LILFIS~1\LILFIS~1\ARDUIN~1\Debug\libArduinoCore.a(wiring_digital.o)
                0x000000da                digital_pin_to_port_PGM
 .progmem.data.port_to_input_PGM
                0x000000ee        0xa D:\Users\Celine\ONEDRI~1.EDU\DOCUME~1\Schule\UNIVER~1\EECS47~1\Project\LIL_FI~1\LILFIS~1\LILFIS~1\ARDUIN~1\Debug\libArduinoCore.a(wiring_digital.o)
                0x000000ee                port_to_input_PGM
 .progmem.data.port_to_output_PGM
                0x000000f8        0xa D:\Users\Celine\ONEDRI~1.EDU\DOCUME~1\Schule\UNIVER~1\EECS47~1\Project\LIL_FI~1\LILFIS~1\LILFIS~1\ARDUIN~1\Debug\libArduinoCore.a(wiring_digital.o)
                0x000000f8                port_to_output_PGM
 .progmem.data.port_to_mode_PGM
                0x00000102        0xa D:\Users\Celine\ONEDRI~1.EDU\DOCUME~1\Schule\UNIVER~1\EECS47~1\Project\LIL_FI~1\LILFIS~1\LILFIS~1\ARDUIN~1\Debug\libArduinoCore.a(wiring_digital.o)
                0x00000102                port_to_mode_PGM
                0x0000010c                . = ALIGN (0x2)
 *(.jumptables)
 *(.jumptables*)
 *(.lowtext)
 *(.lowtext*)
                0x0000010c                __ctors_start = .
 *(.ctors)
 .ctors         0x0000010c        0x2 main.o
 .ctors         0x0000010e        0x2 phSensor.o
 .ctors         0x00000110        0x2 D:\Users\Celine\ONEDRI~1.EDU\DOCUME~1\Schule\UNIVER~1\EECS47~1\Project\LIL_FI~1\LILFIS~1\LILFIS~1\ARDUIN~1\Debug\libArduinoCore.a(HardwareSerial0.o)
                0x00000112                __ctors_end = .
                0x00000112                __dtors_start = .
 *(.dtors)
 .dtors         0x00000112        0x2 main.o
 .dtors         0x00000114        0x2 phSensor.o
                0x00000116                __dtors_end = .
 SORT(*)(.ctors)
 SORT(*)(.dtors)
 *(.init0)
 .init0         0x00000116        0x0 C:/Program Files (x86)/Atmel/Studio/7.0/Packs/atmel/ATmega_DFP/1.2.209/gcc/dev/atmega328p/avr5/crtatmega328p.o
                0x00000116                __init
 *(.init0)
 *(.init1)
 *(.init1)
 *(.init2)
 .init2         0x00000116        0xc C:/Program Files (x86)/Atmel/Studio/7.0/Packs/atmel/ATmega_DFP/1.2.209/gcc/dev/atmega328p/avr5/crtatmega328p.o
 *(.init2)
 *(.init3)
 *(.init3)
 *(.init4)
 .init4         0x00000122       0x16 c:/program files (x86)/atmel/studio/7.0/toolchain/avr8/avr8-gnu-toolchain/bin/../lib/gcc/avr/5.4.0/avr5\libgcc.a(_copy_data.o)
                0x00000122                __do_copy_data
 .init4         0x00000138       0x10 c:/program files (x86)/atmel/studio/7.0/toolchain/avr8/avr8-gnu-toolchain/bin/../lib/gcc/avr/5.4.0/avr5\libgcc.a(_clear_bss.o)
                0x00000138                __do_clear_bss
 *(.init4)
 *(.init5)
 *(.init5)
 *(.init6)
 .init6         0x00000148       0x16 c:/program files (x86)/atmel/studio/7.0/toolchain/avr8/avr8-gnu-toolchain/bin/../lib/gcc/avr/5.4.0/avr5\libgcc.a(_ctors.o)
                0x00000148                __do_global_ctors
 *(.init6)
 *(.init7)
 *(.init7)
 *(.init8)
 *(.init8)
 *(.init9)
 .init9         0x0000015e        0x8 C:/Program Files (x86)/Atmel/Studio/7.0/Packs/atmel/ATmega_DFP/1.2.209/gcc/dev/atmega328p/avr5/crtatmega328p.o
 *(.init9)
 *(.text)
 .text          0x00000166        0x4 C:/Program Files (x86)/Atmel/Studio/7.0/Packs/atmel/ATmega_DFP/1.2.209/gcc/dev/atmega328p/avr5/crtatmega328p.o
                0x00000166                __vector_22
                0x00000166                __vector_24
                0x00000166                __vector_12
                0x00000166                __bad_interrupt
                0x00000166                __vector_23
                0x00000166                __vector_25
                0x00000166                __vector_11
                0x00000166                __vector_13
                0x00000166                __vector_17
                0x00000166                __vector_9
                0x00000166                __vector_21
                0x00000166                __vector_15
                0x00000166                __vector_8
                0x00000166                __vector_14
                0x00000166                __vector_10
                0x00000166                __vector_20
                0x0000016a                . = ALIGN (0x2)
 *(.text.*)
 .text._ZN11EEPROMClass4readEi.isra.0
                0x0000016a        0x4 DFRobot_PH.o
 .text._ZN10DFRobot_PHC2Ev
                0x0000016e       0x4c DFRobot_PH.o
                0x0000016e                _ZN10DFRobot_PHC1Ev
                0x0000016e                _ZN10DFRobot_PHC2Ev
 .text._ZN10DFRobot_PHD2Ev
                0x000001ba        0x2 DFRobot_PH.o
                0x000001ba                _ZN10DFRobot_PHD2Ev
                0x000001ba                _ZN10DFRobot_PHD1Ev
 .text._ZN10DFRobot_PH5beginEv
                0x000001bc      0x15e DFRobot_PH.o
                0x000001bc                _ZN10DFRobot_PH5beginEv
 .text._ZN5Print5writeEPKc
                0x0000031a       0x2a main.o
                0x0000031a                _ZN5Print5writeEPKc
 .text._Z11measureTempv
                0x00000344      0x16c main.o
                0x00000344                _Z11measureTempv
 .text._Z9addColorsv
                0x000004b0      0x29c main.o
                0x000004b0                _Z9addColorsv
 .text._Z9SameColorv
                0x0000074c      0x12e main.o
                0x0000074c                _Z9SameColorv
 .text._Z9FindMatchv
                0x0000087a      0x108 main.o
                0x0000087a                _Z9FindMatchv
 .text._Z9ScanColorv
                0x00000982       0x76 main.o
                0x00000982                _Z9ScanColorv
 .text._Z13findTestStripv
                0x000009f8       0xde main.o
                0x000009f8                _Z13findTestStripv
 .text._Z6setLED8LEDColor
                0x00000ad6       0x48 main.o
                0x00000ad6                _Z6setLED8LEDColor
 .text._Z15TaskColorSensorPv
                0x00000b1e      0x158 main.o
                0x00000b1e                _Z15TaskColorSensorPv
 .text._Z20TaskPHandTemperaturePv
                0x00000c76       0xe8 main.o
                0x00000c76                _Z20TaskPHandTemperaturePv
 .text._Z8setupLEDv
                0x00000d5e       0x34 main.o
                0x00000d5e                _Z8setupLEDv
 .text.setup    0x00000d92      0x11e main.o
                0x00000d92                setup
 .text.loop     0x00000eb0        0x2 main.o
                0x00000eb0                loop
 .text.startup._GLOBAL__sub_I_ds
                0x00000eb2       0x26 main.o
 .text.exit._GLOBAL__sub_D_ds
                0x00000ed8       0x10 main.o
 .text._Z8fromWifiv
                0x00000ee8      0x18a main.o
                0x00000ee8                _Z8fromWifiv
 .text._ZN7OneWire5resetEv
                0x00001072       0x7e OneWire.o
                0x00001072                _ZN7OneWire5resetEv
 .text._ZN7OneWire9write_bitEh
                0x000010f0       0x66 OneWire.o
                0x000010f0                _ZN7OneWire9write_bitEh
 .text._ZN7OneWire8read_bitEv
                0x00001156       0x56 OneWire.o
                0x00001156                _ZN7OneWire8read_bitEv
 .text._ZN7OneWire5writeEhh
                0x000011ac       0x68 OneWire.o
                0x000011ac                _ZN7OneWire5writeEhh
 .text._ZN7OneWire4readEv
                0x00001214       0x38 OneWire.o
                0x00001214                _ZN7OneWire4readEv
 .text._ZN7OneWire6selectEPKh
                0x0000124c       0x3e OneWire.o
                0x0000124c                _ZN7OneWire6selectEPKh
 .text._ZN7OneWire12reset_searchEv
                0x0000128a       0x18 OneWire.o
                0x0000128a                _ZN7OneWire12reset_searchEv
 .text._ZN7OneWire5beginEh
                0x000012a2       0x46 OneWire.o
                0x000012a2                _ZN7OneWire5beginEh
 .text._ZN7OneWire6searchEPhb
                0x000012e8      0x10e OneWire.o
                0x000012e8                _ZN7OneWire6searchEPhb
 .text._ZN7OneWire4crc8EPKhh
                0x000013f6       0x30 OneWire.o
                0x000013f6                _ZN7OneWire4crc8EPKhh
 .text._Z6phInitv
                0x00001426        0x8 phSensor.o
                0x00001426                _Z6phInitv
 .text._Z6calcPHv
                0x0000142e       0xae phSensor.o
                0x0000142e                _Z6calcPHv
 .text.startup._GLOBAL__sub_I_ph
                0x000014dc        0x8 phSensor.o
 .text.exit._GLOBAL__sub_D_ph
                0x000014e4        0x8 phSensor.o
 .text.hot.pvPortMalloc
                0x000014ec       0x26 src/libraries/FreeRTOS/src/heap_3.o
                0x000014ec                pvPortMalloc
 .text.hot.vPortFree
                0x00001512       0x22 src/libraries/FreeRTOS/src/heap_3.o
                0x00001512                vPortFree
 .text.hot.vListInitialise
                0x00001534       0x1c src/libraries/FreeRTOS/src/list.o
                0x00001534                vListInitialise
 .text.hot.vListInitialiseItem
                0x00001550        0x8 src/libraries/FreeRTOS/src/list.o
                0x00001550                vListInitialiseItem
 .text.hot.vListInsertEnd
                0x00001558       0x42 src/libraries/FreeRTOS/src/list.o
                0x00001558                vListInsertEnd
 .text.hot.vListInsert
                0x0000159a       0x70 src/libraries/FreeRTOS/src/list.o
                0x0000159a                vListInsert
 .text.hot.uxListRemove
                0x0000160a       0x48 src/libraries/FreeRTOS/src/list.o
                0x0000160a                uxListRemove
 .text.hot.pxPortInitialiseStack
                0x00001652       0xd8 src/libraries/FreeRTOS/src/port.o
                0x00001652                pxPortInitialiseStack
 .text.hot.xPortStartScheduler
                0x0000172a       0x70 src/libraries/FreeRTOS/src/port.o
                0x0000172a                xPortStartScheduler
 .text.hot.vPortYield
                0x0000179a       0xb2 src/libraries/FreeRTOS/src/port.o
                0x0000179a                vPortYield
 .text.hot.vPortYieldFromTick
                0x0000184c       0xba src/libraries/FreeRTOS/src/port.o
                0x0000184c                vPortYieldFromTick
 .text.hot.__vector_6
                0x00001906        0x6 src/libraries/FreeRTOS/src/port.o
                0x00001906                __vector_6
 .text.hot.prvIsQueueEmpty
                0x0000190c       0x16 src/libraries/FreeRTOS/src/queue.o
 .text.hot.prvCopyDataToQueue
                0x00001922       0xa6 src/libraries/FreeRTOS/src/queue.o
 .text.hot.prvCopyDataFromQueue
                0x000019c8       0x34 src/libraries/FreeRTOS/src/queue.o
 .text.hot.prvUnlockQueue
                0x000019fc       0x7c src/libraries/FreeRTOS/src/queue.o
 .text.hot.xQueueGenericReset
                0x00001a78       0x7e src/libraries/FreeRTOS/src/queue.o
                0x00001a78                xQueueGenericReset
 .text.hot.xQueueGenericCreate
                0x00001af6       0x50 src/libraries/FreeRTOS/src/queue.o
                0x00001af6                xQueueGenericCreate
 .text.hot.xQueueGenericSend
                0x00001b46      0x12c src/libraries/FreeRTOS/src/queue.o
                0x00001b46                xQueueGenericSend
 .text.hot.xQueueGenericSendFromISR
                0x00001c72       0x5e src/libraries/FreeRTOS/src/queue.o
                0x00001c72                xQueueGenericSendFromISR
 .text.hot.xQueueGiveFromISR
                0x00001cd0       0x46 src/libraries/FreeRTOS/src/queue.o
                0x00001cd0                xQueueGiveFromISR
 .text.hot.xQueueReceive
                0x00001d16      0x124 src/libraries/FreeRTOS/src/queue.o
                0x00001d16                xQueueReceive
 .text.hot.xQueueSemaphoreTake
                0x00001e3a      0x184 src/libraries/FreeRTOS/src/queue.o
                0x00001e3a                xQueueSemaphoreTake
 .text.hot.vQueueWaitForMessageRestricted
                0x00001fbe       0x38 src/libraries/FreeRTOS/src/queue.o
                0x00001fbe                vQueueWaitForMessageRestricted
 .text.prvResetNextTaskUnblockTime
                0x00001ff6       0x36 src/libraries/FreeRTOS/src/tasks.o
 .text.hot.prvAddCurrentTaskToDelayedList
                0x0000202c       0xb8 src/libraries/FreeRTOS/src/tasks.o
 .text.prvIdleTask
                0x000020e4       0x5c src/libraries/FreeRTOS/src/tasks.o
 .text.hot.xTaskCreate
                0x00002140      0x218 src/libraries/FreeRTOS/src/tasks.o
                0x00002140                xTaskCreate
 .text.hot.vTaskResume
                0x00002358       0x92 src/libraries/FreeRTOS/src/tasks.o
                0x00002358                vTaskResume
 .text.hot.vTaskStartScheduler
                0x000023ea       0x5c src/libraries/FreeRTOS/src/tasks.o
                0x000023ea                vTaskStartScheduler
 .text.hot.vTaskSuspendAll
                0x00002446        0xc src/libraries/FreeRTOS/src/tasks.o
                0x00002446                vTaskSuspendAll
 .text.hot.xTaskGetTickCount
                0x00002452       0x14 src/libraries/FreeRTOS/src/tasks.o
                0x00002452                xTaskGetTickCount
 .text.hot.xTaskIncrementTick
                0x00002466      0x158 src/libraries/FreeRTOS/src/tasks.o
                0x00002466                xTaskIncrementTick
 .text.hot.xTaskResumeAll
                0x000025be       0xde src/libraries/FreeRTOS/src/tasks.o
                0x000025be                xTaskResumeAll
 .text.hot.vTaskDelayUntil
                0x0000269c       0x70 src/libraries/FreeRTOS/src/tasks.o
                0x0000269c                vTaskDelayUntil
 .text.hot.vTaskDelay
                0x0000270c       0x2a src/libraries/FreeRTOS/src/tasks.o
                0x0000270c                vTaskDelay
 .text.hot.vTaskSwitchContext
                0x00002736       0xbc src/libraries/FreeRTOS/src/tasks.o
                0x00002736                vTaskSwitchContext
 .text.hot.vTaskPlaceOnEventList
                0x000027f2       0x22 src/libraries/FreeRTOS/src/tasks.o
                0x000027f2                vTaskPlaceOnEventList
 .text.hot.vTaskPlaceOnEventListRestricted
                0x00002814       0x30 src/libraries/FreeRTOS/src/tasks.o
                0x00002814                vTaskPlaceOnEventListRestricted
 .text.hot.xTaskRemoveFromEventList
                0x00002844       0x80 src/libraries/FreeRTOS/src/tasks.o
                0x00002844                xTaskRemoveFromEventList
 .text.hot.vTaskInternalSetTimeOutState
                0x000028c4       0x16 src/libraries/FreeRTOS/src/tasks.o
                0x000028c4                vTaskInternalSetTimeOutState
 .text.hot.xTaskCheckForTimeOut
                0x000028da       0x66 src/libraries/FreeRTOS/src/tasks.o
                0x000028da                xTaskCheckForTimeOut
 .text.hot.vTaskMissedYield
                0x00002940        0x8 src/libraries/FreeRTOS/src/tasks.o
                0x00002940                vTaskMissedYield
 .text.hot.xTaskGetSchedulerState
                0x00002948       0x1c src/libraries/FreeRTOS/src/tasks.o
                0x00002948                xTaskGetSchedulerState
 .text.hot.xTaskPriorityInherit
                0x00002964       0xc6 src/libraries/FreeRTOS/src/tasks.o
                0x00002964                xTaskPriorityInherit
 .text.hot.xTaskPriorityDisinherit
                0x00002a2a       0x74 src/libraries/FreeRTOS/src/tasks.o
                0x00002a2a                xTaskPriorityDisinherit
 .text.hot.vTaskPriorityDisinheritAfterTimeout
                0x00002a9e       0x8e src/libraries/FreeRTOS/src/tasks.o
                0x00002a9e                vTaskPriorityDisinheritAfterTimeout
 .text.hot.pvTaskIncrementMutexHeldCount
                0x00002b2c       0x24 src/libraries/FreeRTOS/src/tasks.o
                0x00002b2c                pvTaskIncrementMutexHeldCount
 .text.hot.prvCheckForValidListAndQueue
                0x00002b50       0x52 src/libraries/FreeRTOS/src/timers.o
 .text.hot.prvInsertTimerInActiveList
                0x00002ba2       0x54 src/libraries/FreeRTOS/src/timers.o
 .text.hot.xTimerCreateTimerTask
                0x00002bf6       0x40 src/libraries/FreeRTOS/src/timers.o
                0x00002bf6                xTimerCreateTimerTask
 .text.hot.xTimerGenericCommand
                0x00002c36       0x7e src/libraries/FreeRTOS/src/timers.o
                0x00002c36                xTimerGenericCommand
 .text.hot.prvSwitchTimerLists
                0x00002cb4       0xa2 src/libraries/FreeRTOS/src/timers.o
 .text.hot.prvTimerTask
                0x00002d56      0x206 src/libraries/FreeRTOS/src/timers.o
 .text.initVariant
                0x00002f5c        0xa src/libraries/FreeRTOS/src/variantHooks.o
                0x00002f5c                initVariant
 .text.vApplicationIdleHook
                0x00002f66       0x12 src/libraries/FreeRTOS/src/variantHooks.o
                0x00002f66                vApplicationIdleHook
 .text.vApplicationMallocFailedHook
                0x00002f78       0x1a src/libraries/FreeRTOS/src/variantHooks.o
                0x00002f78                vApplicationMallocFailedHook
 .text.vApplicationStackOverflowHook
                0x00002f92       0x1a src/libraries/FreeRTOS/src/variantHooks.o
                0x00002f92                vApplicationStackOverflowHook
 .text._ZN9MD_TCS23010initialiseEv
                0x00002fac       0x4e src/libraries/MD_TCS230/src/MD_TCS230.o
                0x00002fac                _ZN9MD_TCS23010initialiseEv
 .text._ZN9MD_TCS230C2Ehhh
                0x00002ffa       0x28 src/libraries/MD_TCS230/src/MD_TCS230.o
                0x00002ffa                _ZN9MD_TCS230C1Ehhh
                0x00002ffa                _ZN9MD_TCS230C2Ehhh
 .text._ZN9MD_TCS230D2Ev
                0x00003022        0x2 src/libraries/MD_TCS230/src/MD_TCS230.o
                0x00003022                _ZN9MD_TCS230D2Ev
                0x00003022                _ZN9MD_TCS230D1Ev
 .text._ZN9MD_TCS2309setFilterEh
                0x00003024       0x4c src/libraries/MD_TCS230/src/MD_TCS230.o
                0x00003024                _ZN9MD_TCS2309setFilterEh
 .text._ZN9MD_TCS23013setFrequency2Eh
                0x00003070       0x4c src/libraries/MD_TCS230/src/MD_TCS230.o
                0x00003070                _ZN9MD_TCS23013setFrequency2Eh
 .text._ZN9MD_TCS2309setEnableEb
                0x000030bc       0x22 src/libraries/MD_TCS230/src/MD_TCS230.o
                0x000030bc                _ZN9MD_TCS2309setEnableEb
 .text._ZN9MD_TCS2305beginEv
                0x000030de       0x56 src/libraries/MD_TCS230/src/MD_TCS230.o
                0x000030de                _ZN9MD_TCS2305beginEv
 .text._ZN9MD_TCS2306getRGBEP9colorData
                0x00003134       0x20 src/libraries/MD_TCS230/src/MD_TCS230.o
                0x00003134                _ZN9MD_TCS2306getRGBEP9colorData
 .text._ZN9MD_TCS23017RGBTransformationEv
                0x00003154       0xb8 src/libraries/MD_TCS230/src/MD_TCS230.o
                0x00003154                _ZN9MD_TCS23017RGBTransformationEv
 .text._ZN9MD_TCS2307readFSMEh
                0x0000320c       0xbc src/libraries/MD_TCS230/src/MD_TCS230.o
                0x0000320c                _ZN9MD_TCS2307readFSMEh
 .text._ZN9MD_TCS2304readEv
                0x000032c8       0x14 src/libraries/MD_TCS230/src/MD_TCS230.o
                0x000032c8                _ZN9MD_TCS2304readEv
 .text._ZN9MD_TCS2309availableEv
                0x000032dc       0x1c src/libraries/MD_TCS230/src/MD_TCS230.o
                0x000032dc                _ZN9MD_TCS2309availableEv
 .text._ZN5Print17availableForWriteEv
                0x000032f8        0x6 src/libraries/SoftwareSerial/src/SoftwareSerial.o
                0x000032f8                _ZN5Print17availableForWriteEv
 .text._ZN14SoftwareSerial4readEv
                0x000032fe       0x42 src/libraries/SoftwareSerial/src/SoftwareSerial.o
                0x000032fe                _ZN14SoftwareSerial4readEv
 .text._ZN14SoftwareSerial5writeEh
                0x00003340       0xa0 src/libraries/SoftwareSerial/src/SoftwareSerial.o
                0x00003340                _ZN14SoftwareSerial5writeEh
 .text._ZN14SoftwareSerial5flushEv
                0x000033e0        0x2 src/libraries/SoftwareSerial/src/SoftwareSerial.o
                0x000033e0                _ZN14SoftwareSerial5flushEv
 .text._ZN14SoftwareSerial4peekEv
                0x000033e2       0x30 src/libraries/SoftwareSerial/src/SoftwareSerial.o
                0x000033e2                _ZN14SoftwareSerial4peekEv
 .text._ZN14SoftwareSerial9availableEv
                0x00003412       0x30 src/libraries/SoftwareSerial/src/SoftwareSerial.o
                0x00003412                _ZN14SoftwareSerial9availableEv
 .text._ZN14SoftwareSerial13stopListeningEv
                0x00003442       0x2c src/libraries/SoftwareSerial/src/SoftwareSerial.o
                0x00003442                _ZN14SoftwareSerial13stopListeningEv
 .text._ZN14SoftwareSerial6listenEv
                0x0000346e       0x52 src/libraries/SoftwareSerial/src/SoftwareSerial.o
                0x0000346e                _ZN14SoftwareSerial6listenEv
 .text.__vector_3
                0x000034c0       0xf4 src/libraries/SoftwareSerial/src/SoftwareSerial.o
                0x000034c0                __vector_5
                0x000034c0                __vector_4
                0x000034c0                __vector_3
 .text._ZN14SoftwareSerialD2Ev
                0x000035b4        0xe src/libraries/SoftwareSerial/src/SoftwareSerial.o
                0x000035b4                _ZN14SoftwareSerialD1Ev
                0x000035b4                _ZN14SoftwareSerialD2Ev
 .text._ZN14SoftwareSerial5setTXEh
                0x000035c2       0x52 src/libraries/SoftwareSerial/src/SoftwareSerial.o
                0x000035c2                _ZN14SoftwareSerial5setTXEh
 .text._ZN14SoftwareSerial5setRXEh
                0x00003614       0x52 src/libraries/SoftwareSerial/src/SoftwareSerial.o
                0x00003614                _ZN14SoftwareSerial5setRXEh
 .text._ZN14SoftwareSerialC2Ehhb
                0x00003666       0x56 src/libraries/SoftwareSerial/src/SoftwareSerial.o
                0x00003666                _ZN14SoftwareSerialC1Ehhb
                0x00003666                _ZN14SoftwareSerialC2Ehhb
 .text._ZN14SoftwareSerial5beginEl
                0x000036bc      0x11c src/libraries/SoftwareSerial/src/SoftwareSerial.o
                0x000036bc                _ZN14SoftwareSerial5beginEl
 .text.avr-libc.fplib
                0x000037d8        0xe c:/program files (x86)/atmel/studio/7.0/toolchain/avr8/avr8-gnu-toolchain/bin/../lib/gcc/avr/5.4.0/../../../../avr/lib/avr5\libm.a(addsf3.o)
                0x000037d8                __subsf3
                0x000037da                __addsf3
 .text.avr-libc.fplib
                0x000037e6       0xcc c:/program files (x86)/atmel/studio/7.0/toolchain/avr8/avr8-gnu-toolchain/bin/../lib/gcc/avr/5.4.0/../../../../avr/lib/avr5\libm.a(addsf3x.o)
                0x00003808                __addsf3x
 .text.avr-libc.fplib
                0x000038b2        0xa c:/program files (x86)/atmel/studio/7.0/toolchain/avr8/avr8-gnu-toolchain/bin/../lib/gcc/avr/5.4.0/../../../../avr/lib/avr5\libm.a(cmpsf2.o)
                0x000038b2                __nesf2
                0x000038b2                __eqsf2
                0x000038b2                __cmpsf2
                0x000038b2                __ltsf2
                0x000038b2                __lesf2
 .text.avr-libc.fplib
                0x000038bc        0x8 c:/program files (x86)/atmel/studio/7.0/toolchain/avr8/avr8-gnu-toolchain/bin/../lib/gcc/avr/5.4.0/../../../../avr/lib/avr5\libm.a(divsf3.o)
                0x000038bc                __divsf3
 .text.avr-libc.fplib
                0x000038c4       0xdc c:/program files (x86)/atmel/studio/7.0/toolchain/avr8/avr8-gnu-toolchain/bin/../lib/gcc/avr/5.4.0/../../../../avr/lib/avr5\libm.a(divsf3x.o)
                0x000038e4                __divsf3x
                0x000038ea                __divsf3_pse
 .text.avr-libc.fplib
                0x000039a0        0xe c:/program files (x86)/atmel/studio/7.0/toolchain/avr8/avr8-gnu-toolchain/bin/../lib/gcc/avr/5.4.0/../../../../avr/lib/avr5\libm.a(fixsfsi.o)
                0x000039a0                __fixsfsi
 .text.avr-libc.fplib
                0x000039ae       0x5e c:/program files (x86)/atmel/studio/7.0/toolchain/avr8/avr8-gnu-toolchain/bin/../lib/gcc/avr/5.4.0/../../../../avr/lib/avr5\libm.a(fixunssfsi.o)
                0x000039ae                __fixunssfsi
 .text.avr-libc.fplib
                0x00003a0c       0x7a c:/program files (x86)/atmel/studio/7.0/toolchain/avr8/avr8-gnu-toolchain/bin/../lib/gcc/avr/5.4.0/../../../../avr/lib/avr5\libm.a(floatsisf.o)
                0x00003a0c                __floatunsisf
                0x00003a10                __floatsisf
 .text.avr-libc.fplib
                0x00003a86       0x48 c:/program files (x86)/atmel/studio/7.0/toolchain/avr8/avr8-gnu-toolchain/bin/../lib/gcc/avr/5.4.0/../../../../avr/lib/avr5\libm.a(fp_cmp.o)
                0x00003a86                __fp_cmp
 .text.avr-libc.fplib
                0x00003ace        0xc c:/program files (x86)/atmel/studio/7.0/toolchain/avr8/avr8-gnu-toolchain/bin/../lib/gcc/avr/5.4.0/../../../../avr/lib/avr5\libm.a(fp_inf.o)
                0x00003ace                __fp_inf
 .text.avr-libc.fplib
                0x00003ada        0x6 c:/program files (x86)/atmel/studio/7.0/toolchain/avr8/avr8-gnu-toolchain/bin/../lib/gcc/avr/5.4.0/../../../../avr/lib/avr5\libm.a(fp_nan.o)
                0x00003ada                __fp_nan
 .text.avr-libc.fplib
                0x00003ae0        0xe c:/program files (x86)/atmel/studio/7.0/toolchain/avr8/avr8-gnu-toolchain/bin/../lib/gcc/avr/5.4.0/../../../../avr/lib/avr5\libm.a(fp_pscA.o)
                0x00003ae0                __fp_pscA
 .text.avr-libc.fplib
                0x00003aee        0xe c:/program files (x86)/atmel/studio/7.0/toolchain/avr8/avr8-gnu-toolchain/bin/../lib/gcc/avr/5.4.0/../../../../avr/lib/avr5\libm.a(fp_pscB.o)
                0x00003aee                __fp_pscB
 .text.avr-libc.fplib
                0x00003afc       0x22 c:/program files (x86)/atmel/studio/7.0/toolchain/avr8/avr8-gnu-toolchain/bin/../lib/gcc/avr/5.4.0/../../../../avr/lib/avr5\libm.a(fp_round.o)
                0x00003afc                __fp_round
 .text.avr-libc.fplib
                0x00003b1e       0x44 c:/program files (x86)/atmel/studio/7.0/toolchain/avr8/avr8-gnu-toolchain/bin/../lib/gcc/avr/5.4.0/../../../../avr/lib/avr5\libm.a(fp_split3.o)
                0x00003b1e                __fp_split3
                0x00003b2e                __fp_splitA
 .text.avr-libc.fplib
                0x00003b62        0xe c:/program files (x86)/atmel/studio/7.0/toolchain/avr8/avr8-gnu-toolchain/bin/../lib/gcc/avr/5.4.0/../../../../avr/lib/avr5\libm.a(fp_zero.o)
                0x00003b62                __fp_zero
                0x00003b64                __fp_szero
 .text.avr-libc.fplib
                0x00003b70        0xa c:/program files (x86)/atmel/studio/7.0/toolchain/avr8/avr8-gnu-toolchain/bin/../lib/gcc/avr/5.4.0/../../../../avr/lib/avr5\libm.a(gesf2.o)
                0x00003b70                __gesf2
                0x00003b70                __gtsf2
 .text.avr-libc.fplib
                0x00003b7a        0x8 c:/program files (x86)/atmel/studio/7.0/toolchain/avr8/avr8-gnu-toolchain/bin/../lib/gcc/avr/5.4.0/../../../../avr/lib/avr5\libm.a(mulsf3.o)
                0x00003b7a                __mulsf3
 .text.avr-libc.fplib
                0x00003b82       0xd2 c:/program files (x86)/atmel/studio/7.0/toolchain/avr8/avr8-gnu-toolchain/bin/../lib/gcc/avr/5.4.0/../../../../avr/lib/avr5\libm.a(mulsf3x.o)
                0x00003ba0                __mulsf3x
                0x00003ba6                __mulsf3_pse
 .text._ZN14HardwareSerial9availableEv
                0x00003c54       0x18 D:\Users\Celine\ONEDRI~1.EDU\DOCUME~1\Schule\UNIVER~1\EECS47~1\Project\LIL_FI~1\LILFIS~1\LILFIS~1\ARDUIN~1\Debug\libArduinoCore.a(HardwareSerial.o)
                0x00003c54                _ZN14HardwareSerial9availableEv
 .text._ZN14HardwareSerial4peekEv
                0x00003c6c       0x1c D:\Users\Celine\ONEDRI~1.EDU\DOCUME~1\Schule\UNIVER~1\EECS47~1\Project\LIL_FI~1\LILFIS~1\LILFIS~1\ARDUIN~1\Debug\libArduinoCore.a(HardwareSerial.o)
                0x00003c6c                _ZN14HardwareSerial4peekEv
 .text._ZN14HardwareSerial4readEv
                0x00003c88       0x28 D:\Users\Celine\ONEDRI~1.EDU\DOCUME~1\Schule\UNIVER~1\EECS47~1\Project\LIL_FI~1\LILFIS~1\LILFIS~1\ARDUIN~1\Debug\libArduinoCore.a(HardwareSerial.o)
                0x00003c88                _ZN14HardwareSerial4readEv
 .text._ZN14HardwareSerial17availableForWriteEv
                0x00003cb0       0x1e D:\Users\Celine\ONEDRI~1.EDU\DOCUME~1\Schule\UNIVER~1\EECS47~1\Project\LIL_FI~1\LILFIS~1\LILFIS~1\ARDUIN~1\Debug\libArduinoCore.a(HardwareSerial.o)
                0x00003cb0                _ZN14HardwareSerial17availableForWriteEv
 .text._Z14serialEventRunv
                0x00003cce       0x1c D:\Users\Celine\ONEDRI~1.EDU\DOCUME~1\Schule\UNIVER~1\EECS47~1\Project\LIL_FI~1\LILFIS~1\LILFIS~1\ARDUIN~1\Debug\libArduinoCore.a(HardwareSerial.o)
                0x00003cce                _Z14serialEventRunv
 .text._ZN14HardwareSerial17_tx_udr_empty_irqEv
                0x00003cea       0x44 D:\Users\Celine\ONEDRI~1.EDU\DOCUME~1\Schule\UNIVER~1\EECS47~1\Project\LIL_FI~1\LILFIS~1\LILFIS~1\ARDUIN~1\Debug\libArduinoCore.a(HardwareSerial.o)
                0x00003cea                _ZN14HardwareSerial17_tx_udr_empty_irqEv
 .text._ZN14HardwareSerial5writeEh
                0x00003d2e       0x9a D:\Users\Celine\ONEDRI~1.EDU\DOCUME~1\Schule\UNIVER~1\EECS47~1\Project\LIL_FI~1\LILFIS~1\LILFIS~1\ARDUIN~1\Debug\libArduinoCore.a(HardwareSerial.o)
                0x00003d2e                _ZN14HardwareSerial5writeEh
 .text._ZN14HardwareSerial5flushEv
                0x00003dc8       0x44 D:\Users\Celine\ONEDRI~1.EDU\DOCUME~1\Schule\UNIVER~1\EECS47~1\Project\LIL_FI~1\LILFIS~1\LILFIS~1\ARDUIN~1\Debug\libArduinoCore.a(HardwareSerial.o)
                0x00003dc8                _ZN14HardwareSerial5flushEv
 .text._ZN14HardwareSerial5beginEmh
                0x00003e0c       0xca D:\Users\Celine\ONEDRI~1.EDU\DOCUME~1\Schule\UNIVER~1\EECS47~1\Project\LIL_FI~1\LILFIS~1\LILFIS~1\ARDUIN~1\Debug\libArduinoCore.a(HardwareSerial.o)
                0x00003e0c                _ZN14HardwareSerial5beginEmh
 .text.__vector_18
                0x00003ed6       0x64 D:\Users\Celine\ONEDRI~1.EDU\DOCUME~1\Schule\UNIVER~1\EECS47~1\Project\LIL_FI~1\LILFIS~1\LILFIS~1\ARDUIN~1\Debug\libArduinoCore.a(HardwareSerial0.o)
                0x00003ed6                __vector_18
 .text.__vector_19
                0x00003f3a       0x4c D:\Users\Celine\ONEDRI~1.EDU\DOCUME~1\Schule\UNIVER~1\EECS47~1\Project\LIL_FI~1\LILFIS~1\LILFIS~1\ARDUIN~1\Debug\libArduinoCore.a(HardwareSerial0.o)
                0x00003f3a                __vector_19
 .text._Z17Serial0_availablev
                0x00003f86       0x14 D:\Users\Celine\ONEDRI~1.EDU\DOCUME~1\Schule\UNIVER~1\EECS47~1\Project\LIL_FI~1\LILFIS~1\LILFIS~1\ARDUIN~1\Debug\libArduinoCore.a(HardwareSerial0.o)
                0x00003f86                _Z17Serial0_availablev
 .text.startup._GLOBAL__sub_I___vector_18
                0x00003f9a       0x5a D:\Users\Celine\ONEDRI~1.EDU\DOCUME~1\Schule\UNIVER~1\EECS47~1\Project\LIL_FI~1\LILFIS~1\LILFIS~1\ARDUIN~1\Debug\libArduinoCore.a(HardwareSerial0.o)
 .text.startup.main
                0x00003ff4       0x1e D:\Users\Celine\ONEDRI~1.EDU\DOCUME~1\Schule\UNIVER~1\EECS47~1\Project\LIL_FI~1\LILFIS~1\LILFIS~1\ARDUIN~1\Debug\libArduinoCore.a(main.o)
                0x00003ff4                main
 .text._ZN5Print5writeEPKhj
                0x00004012       0x54 D:\Users\Celine\ONEDRI~1.EDU\DOCUME~1\Schule\UNIVER~1\EECS47~1\Project\LIL_FI~1\LILFIS~1\LILFIS~1\ARDUIN~1\Debug\libArduinoCore.a(Print.o)
                0x00004012                _ZN5Print5writeEPKhj
 .text._ZN5Print5printEPK19__FlashStringHelper
                0x00004066       0x48 D:\Users\Celine\ONEDRI~1.EDU\DOCUME~1\Schule\UNIVER~1\EECS47~1\Project\LIL_FI~1\LILFIS~1\LILFIS~1\ARDUIN~1\Debug\libArduinoCore.a(Print.o)
                0x00004066                _ZN5Print5printEPK19__FlashStringHelper
 .text._ZN5Print5printEPKc
                0x000040ae        0x4 D:\Users\Celine\ONEDRI~1.EDU\DOCUME~1\Schule\UNIVER~1\EECS47~1\Project\LIL_FI~1\LILFIS~1\LILFIS~1\ARDUIN~1\Debug\libArduinoCore.a(Print.o)
                0x000040ae                _ZN5Print5printEPKc
 .text._ZN5Print5printEc
                0x000040b2        0xe D:\Users\Celine\ONEDRI~1.EDU\DOCUME~1\Schule\UNIVER~1\EECS47~1\Project\LIL_FI~1\LILFIS~1\LILFIS~1\ARDUIN~1\Debug\libArduinoCore.a(Print.o)
                0x000040b2                _ZN5Print5printEc
 .text._ZN5Print7printlnEv
                0x000040c0        0x8 D:\Users\Celine\ONEDRI~1.EDU\DOCUME~1\Schule\UNIVER~1\EECS47~1\Project\LIL_FI~1\LILFIS~1\LILFIS~1\ARDUIN~1\Debug\libArduinoCore.a(Print.o)
                0x000040c0                _ZN5Print7printlnEv
 .text._ZN5Print7printlnEPKc
                0x000040c8       0x24 D:\Users\Celine\ONEDRI~1.EDU\DOCUME~1\Schule\UNIVER~1\EECS47~1\Project\LIL_FI~1\LILFIS~1\LILFIS~1\ARDUIN~1\Debug\libArduinoCore.a(Print.o)
                0x000040c8                _ZN5Print7printlnEPKc
 .text._ZN5Print11printNumberEmh
                0x000040ec       0x92 D:\Users\Celine\ONEDRI~1.EDU\DOCUME~1\Schule\UNIVER~1\EECS47~1\Project\LIL_FI~1\LILFIS~1\LILFIS~1\ARDUIN~1\Debug\libArduinoCore.a(Print.o)
                0x000040ec                _ZN5Print11printNumberEmh
 .text._ZN5Print5printEmi
                0x0000417e       0x1a D:\Users\Celine\ONEDRI~1.EDU\DOCUME~1\Schule\UNIVER~1\EECS47~1\Project\LIL_FI~1\LILFIS~1\LILFIS~1\ARDUIN~1\Debug\libArduinoCore.a(Print.o)
                0x0000417e                _ZN5Print5printEmi
 .text._ZN5Print5printEhi
                0x00004198        0xe D:\Users\Celine\ONEDRI~1.EDU\DOCUME~1\Schule\UNIVER~1\EECS47~1\Project\LIL_FI~1\LILFIS~1\LILFIS~1\ARDUIN~1\Debug\libArduinoCore.a(Print.o)
                0x00004198                _ZN5Print5printEhi
 .text._ZN5Print7printlnEhi
                0x000041a6       0x24 D:\Users\Celine\ONEDRI~1.EDU\DOCUME~1\Schule\UNIVER~1\EECS47~1\Project\LIL_FI~1\LILFIS~1\LILFIS~1\ARDUIN~1\Debug\libArduinoCore.a(Print.o)
                0x000041a6                _ZN5Print7printlnEhi
 .text._ZN5Print5printEji
                0x000041ca        0xc D:\Users\Celine\ONEDRI~1.EDU\DOCUME~1\Schule\UNIVER~1\EECS47~1\Project\LIL_FI~1\LILFIS~1\LILFIS~1\ARDUIN~1\Debug\libArduinoCore.a(Print.o)
                0x000041ca                _ZN5Print5printEji
 .text._ZN5Print5printEli
                0x000041d6       0x90 D:\Users\Celine\ONEDRI~1.EDU\DOCUME~1\Schule\UNIVER~1\EECS47~1\Project\LIL_FI~1\LILFIS~1\LILFIS~1\ARDUIN~1\Debug\libArduinoCore.a(Print.o)
                0x000041d6                _ZN5Print5printEli
 .text._ZN5Print5printEii
                0x00004266        0xe D:\Users\Celine\ONEDRI~1.EDU\DOCUME~1\Schule\UNIVER~1\EECS47~1\Project\LIL_FI~1\LILFIS~1\LILFIS~1\ARDUIN~1\Debug\libArduinoCore.a(Print.o)
                0x00004266                _ZN5Print5printEii
 .text._ZN5Print7printlnEii
                0x00004274       0x24 D:\Users\Celine\ONEDRI~1.EDU\DOCUME~1\Schule\UNIVER~1\EECS47~1\Project\LIL_FI~1\LILFIS~1\LILFIS~1\ARDUIN~1\Debug\libArduinoCore.a(Print.o)
                0x00004274                _ZN5Print7printlnEii
 .text._ZN5Print10printFloatEdh
                0x00004298      0x1b6 D:\Users\Celine\ONEDRI~1.EDU\DOCUME~1\Schule\UNIVER~1\EECS47~1\Project\LIL_FI~1\LILFIS~1\LILFIS~1\ARDUIN~1\Debug\libArduinoCore.a(Print.o)
                0x00004298                _ZN5Print10printFloatEdh
 .text._ZN5Print7printlnEdi
                0x0000444e       0x24 D:\Users\Celine\ONEDRI~1.EDU\DOCUME~1\Schule\UNIVER~1\EECS47~1\Project\LIL_FI~1\LILFIS~1\LILFIS~1\ARDUIN~1\Debug\libArduinoCore.a(Print.o)
                0x0000444e                _ZN5Print7printlnEdi
 .text.nothing  0x00004472        0x2 D:\Users\Celine\ONEDRI~1.EDU\DOCUME~1\Schule\UNIVER~1\EECS47~1\Project\LIL_FI~1\LILFIS~1\LILFIS~1\ARDUIN~1\Debug\libArduinoCore.a(WInterrupts.o)
 .text.attachInterrupt
                0x00004474       0x40 D:\Users\Celine\ONEDRI~1.EDU\DOCUME~1\Schule\UNIVER~1\EECS47~1\Project\LIL_FI~1\LILFIS~1\LILFIS~1\ARDUIN~1\Debug\libArduinoCore.a(WInterrupts.o)
                0x00004474                attachInterrupt
 .text.__vector_1
                0x000044b4       0x4e D:\Users\Celine\ONEDRI~1.EDU\DOCUME~1\Schule\UNIVER~1\EECS47~1\Project\LIL_FI~1\LILFIS~1\LILFIS~1\ARDUIN~1\Debug\libArduinoCore.a(WInterrupts.o)
                0x000044b4                __vector_1
 .text.__vector_2
                0x00004502       0x4e D:\Users\Celine\ONEDRI~1.EDU\DOCUME~1\Schule\UNIVER~1\EECS47~1\Project\LIL_FI~1\LILFIS~1\LILFIS~1\ARDUIN~1\Debug\libArduinoCore.a(WInterrupts.o)
                0x00004502                __vector_2
 .text.__vector_16
                0x00004550       0x94 D:\Users\Celine\ONEDRI~1.EDU\DOCUME~1\Schule\UNIVER~1\EECS47~1\Project\LIL_FI~1\LILFIS~1\LILFIS~1\ARDUIN~1\Debug\libArduinoCore.a(wiring.o)
                0x00004550                __vector_16
 .text.micros   0x000045e4       0x4a D:\Users\Celine\ONEDRI~1.EDU\DOCUME~1\Schule\UNIVER~1\EECS47~1\Project\LIL_FI~1\LILFIS~1\LILFIS~1\ARDUIN~1\Debug\libArduinoCore.a(wiring.o)
                0x000045e4                micros
 .text.delay    0x0000462e       0x78 D:\Users\Celine\ONEDRI~1.EDU\DOCUME~1\Schule\UNIVER~1\EECS47~1\Project\LIL_FI~1\LILFIS~1\LILFIS~1\ARDUIN~1\Debug\libArduinoCore.a(wiring.o)
                0x0000462e                delay
 .text.delayMicroseconds
                0x000046a6       0x16 D:\Users\Celine\ONEDRI~1.EDU\DOCUME~1\Schule\UNIVER~1\EECS47~1\Project\LIL_FI~1\LILFIS~1\LILFIS~1\ARDUIN~1\Debug\libArduinoCore.a(wiring.o)
                0x000046a6                delayMicroseconds
 .text.init     0x000046bc       0x76 D:\Users\Celine\ONEDRI~1.EDU\DOCUME~1\Schule\UNIVER~1\EECS47~1\Project\LIL_FI~1\LILFIS~1\LILFIS~1\ARDUIN~1\Debug\libArduinoCore.a(wiring.o)
                0x000046bc                init
 .text.analogRead
                0x00004732       0x3a D:\Users\Celine\ONEDRI~1.EDU\DOCUME~1\Schule\UNIVER~1\EECS47~1\Project\LIL_FI~1\LILFIS~1\LILFIS~1\ARDUIN~1\Debug\libArduinoCore.a(wiring_analog.o)
                0x00004732                analogRead
 .text.analogWrite
                0x0000476c       0xbe D:\Users\Celine\ONEDRI~1.EDU\DOCUME~1\Schule\UNIVER~1\EECS47~1\Project\LIL_FI~1\LILFIS~1\LILFIS~1\ARDUIN~1\Debug\libArduinoCore.a(wiring_analog.o)
                0x0000476c                analogWrite
 .text.turnOffPWM
                0x0000482a       0x52 D:\Users\Celine\ONEDRI~1.EDU\DOCUME~1\Schule\UNIVER~1\EECS47~1\Project\LIL_FI~1\LILFIS~1\LILFIS~1\ARDUIN~1\Debug\libArduinoCore.a(wiring_digital.o)
 .text.pinMode  0x0000487c       0x78 D:\Users\Celine\ONEDRI~1.EDU\DOCUME~1\Schule\UNIVER~1\EECS47~1\Project\LIL_FI~1\LILFIS~1\LILFIS~1\ARDUIN~1\Debug\libArduinoCore.a(wiring_digital.o)
                0x0000487c                pinMode
 .text.digitalWrite
                0x000048f4       0x5e D:\Users\Celine\ONEDRI~1.EDU\DOCUME~1\Schule\UNIVER~1\EECS47~1\Project\LIL_FI~1\LILFIS~1\LILFIS~1\ARDUIN~1\Debug\libArduinoCore.a(wiring_digital.o)
                0x000048f4                digitalWrite
 .text._ZN14FreqCountClass5beginEj
                0x00004952       0xf0 D:\Users\Celine\ONEDRI~1.EDU\DOCUME~1\Schule\UNIVER~1\EECS47~1\Project\LIL_FI~1\LILFIS~1\LILFIS~1\ARDUIN~1\Debug\libArduinoCore.a(FreqCount.o)
                0x00004952                _ZN14FreqCountClass5beginEj
 .text._ZN14FreqCountClass9availableEv
                0x00004a42        0x6 D:\Users\Celine\ONEDRI~1.EDU\DOCUME~1\Schule\UNIVER~1\EECS47~1\Project\LIL_FI~1\LILFIS~1\LILFIS~1\ARDUIN~1\Debug\libArduinoCore.a(FreqCount.o)
                0x00004a42                _ZN14FreqCountClass9availableEv
 .text._ZN14FreqCountClass4readEv
                0x00004a48       0x1c D:\Users\Celine\ONEDRI~1.EDU\DOCUME~1\Schule\UNIVER~1\EECS47~1\Project\LIL_FI~1\LILFIS~1\LILFIS~1\ARDUIN~1\Debug\libArduinoCore.a(FreqCount.o)
                0x00004a48                _ZN14FreqCountClass4readEv
 .text._ZN14FreqCountClass3endEv
                0x00004a64       0x2e D:\Users\Celine\ONEDRI~1.EDU\DOCUME~1\Schule\UNIVER~1\EECS47~1\Project\LIL_FI~1\LILFIS~1\LILFIS~1\ARDUIN~1\Debug\libArduinoCore.a(FreqCount.o)
                0x00004a64                _ZN14FreqCountClass3endEv
 .text.__vector_7
                0x00004a92       0xec D:\Users\Celine\ONEDRI~1.EDU\DOCUME~1\Schule\UNIVER~1\EECS47~1\Project\LIL_FI~1\LILFIS~1\LILFIS~1\ARDUIN~1\Debug\libArduinoCore.a(FreqCount.o)
                0x00004a92                __vector_7
 .text.__empty  0x00004b7e        0x2 D:\Users\Celine\ONEDRI~1.EDU\DOCUME~1\Schule\UNIVER~1\EECS47~1\Project\LIL_FI~1\LILFIS~1\LILFIS~1\ARDUIN~1\Debug\libArduinoCore.a(hooks.o)
                0x00004b7e                yield
 .text.avr-libc.fplib
                0x00004b80        0xa c:/program files (x86)/atmel/studio/7.0/toolchain/avr8/avr8-gnu-toolchain/bin/../lib/gcc/avr/5.4.0/../../../../avr/lib/avr5\libm.a(unordsf2.o)
                0x00004b80                __unordsf2
 .text.libgcc.div
                0x00004b8a       0x28 c:/program files (x86)/atmel/studio/7.0/toolchain/avr8/avr8-gnu-toolchain/bin/../lib/gcc/avr/5.4.0/avr5\libgcc.a(_divmodhi4.o)
                0x00004b8a                _div
                0x00004b8a                __divmodhi4
 .text.libgcc.div
                0x00004bb2       0x44 c:/program files (x86)/atmel/studio/7.0/toolchain/avr8/avr8-gnu-toolchain/bin/../lib/gcc/avr/5.4.0/avr5\libgcc.a(_udivmodsi4.o)
                0x00004bb2                __udivmodsi4
 .text.libgcc.div
                0x00004bf6       0x2e c:/program files (x86)/atmel/studio/7.0/toolchain/avr8/avr8-gnu-toolchain/bin/../lib/gcc/avr/5.4.0/avr5\libgcc.a(_divmodsi4.o)
                0x00004bf6                __divmodsi4
 .text.libgcc.div
                0x00004c24       0x10 c:/program files (x86)/atmel/studio/7.0/toolchain/avr8/avr8-gnu-toolchain/bin/../lib/gcc/avr/5.4.0/avr5\libgcc.a(_negsi2.o)
                0x00004c24                __negsi2
 .text.libgcc   0x00004c34        0xc c:/program files (x86)/atmel/studio/7.0/toolchain/avr8/avr8-gnu-toolchain/bin/../lib/gcc/avr/5.4.0/avr5\libgcc.a(_tablejump2.o)
                0x00004c34                __tablejump2__
 .text.libgcc.mul
                0x00004c40       0x16 c:/program files (x86)/atmel/studio/7.0/toolchain/avr8/avr8-gnu-toolchain/bin/../lib/gcc/avr/5.4.0/avr5\libgcc.a(_muluhisi3.o)
                0x00004c40                __muluhisi3
 .text.libgcc.div
                0x00004c56       0x28 c:/program files (x86)/atmel/studio/7.0/toolchain/avr8/avr8-gnu-toolchain/bin/../lib/gcc/avr/5.4.0/avr5\libgcc.a(_udivmodhi4.o)
                0x00004c56                __udivmodhi4
 .text.libgcc.mul
                0x00004c7e       0x1e c:/program files (x86)/atmel/studio/7.0/toolchain/avr8/avr8-gnu-toolchain/bin/../lib/gcc/avr/5.4.0/avr5\libgcc.a(_umulhisi3.o)
                0x00004c7e                __umulhisi3
 .text.avr-libc
                0x00004c9c      0x242 c:/program files (x86)/atmel/studio/7.0/toolchain/avr8/avr8-gnu-toolchain/bin/../lib/gcc/avr/5.4.0/../../../../avr/lib/avr5\libc.a(malloc.o)
                0x00004c9c                malloc
                0x00004dcc                free
 .text.avr-libc
                0x00004ede       0x12 c:/program files (x86)/atmel/studio/7.0/toolchain/avr8/avr8-gnu-toolchain/bin/../lib/gcc/avr/5.4.0/../../../../avr/lib/avr5\libc.a(memcpy.o)
                0x00004ede                memcpy
 .text.avr-libc
                0x00004ef0        0xe c:/program files (x86)/atmel/studio/7.0/toolchain/avr8/avr8-gnu-toolchain/bin/../lib/gcc/avr/5.4.0/../../../../avr/lib/avr5\libc.a(memset.o)
                0x00004ef0                memset
 .text.avr-libc
                0x00004efe       0x10 C:/Program Files (x86)/Atmel/Studio/7.0/Packs/atmel/ATmega_DFP/1.2.209/gcc/dev/atmega328p/avr5\libatmega328p.a(eerd_byte.o)
                0x00004efe                eeprom_read_byte
 .text.avr-libc
                0x00004f0e       0x1c C:/Program Files (x86)/Atmel/Studio/7.0/Packs/atmel/ATmega_DFP/1.2.209/gcc/dev/atmega328p/avr5\libatmega328p.a(eewr_byte.o)
                0x00004f0e                eeprom_write_byte
                0x00004f10                eeprom_write_r18
                0x00004f2a                . = ALIGN (0x2)
 *(.fini9)
 .fini9         0x00004f2a        0x0 c:/program files (x86)/atmel/studio/7.0/toolchain/avr8/avr8-gnu-toolchain/bin/../lib/gcc/avr/5.4.0/avr5\libgcc.a(_exit.o)
                0x00004f2a                _exit
                0x00004f2a                exit
 *(.fini9)
 *(.fini8)
 *(.fini8)
 *(.fini7)
 *(.fini7)
 *(.fini6)
 .fini6         0x00004f2a       0x16 c:/program files (x86)/atmel/studio/7.0/toolchain/avr8/avr8-gnu-toolchain/bin/../lib/gcc/avr/5.4.0/avr5\libgcc.a(_dtors.o)
                0x00004f2a                __do_global_dtors
 *(.fini6)
 *(.fini5)
 *(.fini5)
 *(.fini4)
 *(.fini4)
 *(.fini3)
 *(.fini3)
 *(.fini2)
 *(.fini2)
 *(.fini1)
 *(.fini1)
 *(.fini0)
 .fini0         0x00004f40        0x4 c:/program files (x86)/atmel/studio/7.0/toolchain/avr8/avr8-gnu-toolchain/bin/../lib/gcc/avr/5.4.0/avr5\libgcc.a(_exit.o)
 *(.fini0)
                0x00004f44                _etext = .

.data           0x00800100      0x1b2 load address 0x00004f44
                0x00800100                PROVIDE (__data_start, .)
 *(.data)
 .data          0x00800100        0x6 c:/program files (x86)/atmel/studio/7.0/toolchain/avr8/avr8-gnu-toolchain/bin/../lib/gcc/avr/5.4.0/../../../../avr/lib/avr5\libc.a(malloc.o)
                0x00800100                __malloc_heap_end
                0x00800102                __malloc_heap_start
                0x00800104                __malloc_margin
 *(.data*)
 .data.colorToRead
                0x00800106        0x1 main.o
                0x00800106                colorToRead
 .data.White    0x00800107        0x6 main.o
                0x00800107                White
 .data.Blue     0x0080010d        0x6 main.o
                0x0080010d                Blue
 .data.Green    0x00800113        0x6 main.o
                0x00800113                Green
 .data.Red      0x00800119        0x6 main.o
                0x00800119                Red
 .data.WhiteTestStrip
                0x0080011f        0xa main.o
                0x0080011f                WhiteTestStrip
 .data.EmptyTestBox
                0x00800129        0xa main.o
                0x00800129                EmptyTestBox
 .data.acidVoltage
                0x00800133        0x4 phSensor.o
                0x00800133                acidVoltage
 .data.neutralVoltage
                0x00800137        0x4 phSensor.o
                0x00800137                neutralVoltage
 .data.intFunc  0x0080013b        0x4 D:\Users\Celine\ONEDRI~1.EDU\DOCUME~1\Schule\UNIVER~1\EECS47~1\Project\LIL_FI~1\LILFIS~1\LILFIS~1\ARDUIN~1\Debug\libArduinoCore.a(WInterrupts.o)
 .data.analog_reference
                0x0080013f        0x1 D:\Users\Celine\ONEDRI~1.EDU\DOCUME~1\Schule\UNIVER~1\EECS47~1\Project\LIL_FI~1\LILFIS~1\LILFIS~1\ARDUIN~1\Debug\libArduinoCore.a(wiring_analog.o)
                0x0080013f                analog_reference
 *(.gnu.linkonce.d*)
 *(.rodata)
 *(.rodata*)
 .rodata.str1.1
                0x00800140       0x34 DFRobot_PH.o
 .rodata.str1.1
                0x00800174       0xfb main.o
                                 0xff (size before relaxing)
 .rodata.str1.1
                0x0080026f        0x5 src/libraries/FreeRTOS/src/tasks.o
 .rodata.str1.1
                0x00800274        0x8 src/libraries/FreeRTOS/src/timers.o
 .rodata._ZZN9MD_TCS2307readFSMEhE3seq
                0x0080027c        0x3 src/libraries/MD_TCS230/src/MD_TCS230.o
 .rodata._ZTV14SoftwareSerial
                0x0080027f       0x12 src/libraries/SoftwareSerial/src/SoftwareSerial.o
                0x0080027f                _ZTV14SoftwareSerial
 .rodata._ZTV14HardwareSerial
                0x00800291       0x12 D:\Users\Celine\ONEDRI~1.EDU\DOCUME~1\Schule\UNIVER~1\EECS47~1\Project\LIL_FI~1\LILFIS~1\LILFIS~1\ARDUIN~1\Debug\libArduinoCore.a(HardwareSerial.o)
                0x00800291                _ZTV14HardwareSerial
 .rodata.str1.1
                0x008002a3        0xf D:\Users\Celine\ONEDRI~1.EDU\DOCUME~1\Schule\UNIVER~1\EECS47~1\Project\LIL_FI~1\LILFIS~1\LILFIS~1\ARDUIN~1\Debug\libArduinoCore.a(Print.o)
 *(.gnu.linkonce.r*)
                0x008002b2                . = ALIGN (0x2)
                0x008002b2                _edata = .
                0x008002b2                PROVIDE (__data_end, .)

.bss            0x008002b2      0x2eb
                0x008002b2                PROVIDE (__bss_start, .)
 *(.bss)
 *(.bss*)
 .bss._ZZ8fromWifivE24xHigherPriorityTaskWoken
                0x008002b2        0x1 main.o
 .bss.serial    0x008002b3       0x1f main.o
                0x008002b3                serial
 .bss.xPHandTemperature
                0x008002d2        0x2 main.o
                0x008002d2                xPHandTemperature
 .bss.xColorSensor
                0x008002d4        0x2 main.o
                0x008002d4                xColorSensor
 .bss.xSerialSemaphoreColorSensor
                0x008002d6        0x2 main.o
                0x008002d6                xSerialSemaphoreColorSensor
 .bss.count     0x008002d8        0x2 main.o
                0x008002d8                count
 .bss.alreadyStarted
                0x008002da        0x1 main.o
                0x008002da                alreadyStarted
 .bss.nitriteValue
                0x008002db        0x2 main.o
                0x008002db                nitriteValue
 .bss.nitrateValue
                0x008002dd        0x2 main.o
                0x008002dd                nitrateValue
 .bss.ammoniaValue
                0x008002df        0x2 main.o
                0x008002df                ammoniaValue
 .bss.tempValue
                0x008002e1        0x2 main.o
                0x008002e1                tempValue
 .bss.phValue   0x008002e3        0x4 main.o
                0x008002e3                phValue
 .bss.Off       0x008002e7        0x6 main.o
                0x008002e7                Off
 .bss.CS        0x008002ed       0x2f main.o
                0x008002ed                CS
 .bss.blueScanned
                0x0080031c        0x1 main.o
                0x0080031c                blueScanned
 .bss.redScanned
                0x0080031d        0x1 main.o
                0x0080031d                redScanned
 .bss.greenScanned
                0x0080031e        0x1 main.o
                0x0080031e                greenScanned
 .bss.c         0x0080031f        0xa main.o
                0x0080031f                c
 .bss.rgb       0x00800329        0x3 main.o
                0x00800329                rgb
 .bss.Nitrate   0x0080032c       0x46 main.o
                0x0080032c                Nitrate
 .bss.Nitrite   0x00800372       0x46 main.o
                0x00800372                Nitrite
 .bss.Ammonia   0x008003b8       0x32 main.o
                0x008003b8                Ammonia
 .bss.typeToRead
                0x008003ea        0x1 main.o
                0x008003ea                typeToRead
 .bss.ds        0x008003eb        0xe main.o
                0x008003eb                ds
 .bss.ph        0x008003f9       0x1f phSensor.o
                0x008003f9                ph
 .bss.uxSchedulerSuspended
                0x00800418        0x1 src/libraries/FreeRTOS/src/tasks.o
 .bss.xIdleTaskHandle
                0x00800419        0x2 src/libraries/FreeRTOS/src/tasks.o
 .bss.xNextTaskUnblockTime
                0x0080041b        0x2 src/libraries/FreeRTOS/src/tasks.o
 .bss.uxTaskNumber
                0x0080041d        0x1 src/libraries/FreeRTOS/src/tasks.o
 .bss.xNumOfOverflows
                0x0080041e        0x1 src/libraries/FreeRTOS/src/tasks.o
 .bss.xYieldPending
                0x0080041f        0x1 src/libraries/FreeRTOS/src/tasks.o
 .bss.uxPendedTicks
                0x00800420        0x1 src/libraries/FreeRTOS/src/tasks.o
 .bss.xSchedulerRunning
                0x00800421        0x1 src/libraries/FreeRTOS/src/tasks.o
 .bss.uxTopReadyPriority
                0x00800422        0x1 src/libraries/FreeRTOS/src/tasks.o
 .bss.xTickCount
                0x00800423        0x2 src/libraries/FreeRTOS/src/tasks.o
 .bss.uxCurrentNumberOfTasks
                0x00800425        0x1 src/libraries/FreeRTOS/src/tasks.o
 .bss.xSuspendedTaskList
                0x00800426        0x9 src/libraries/FreeRTOS/src/tasks.o
 .bss.uxDeletedTasksWaitingCleanUp
                0x0080042f        0x1 src/libraries/FreeRTOS/src/tasks.o
 .bss.xTasksWaitingTermination
                0x00800430        0x9 src/libraries/FreeRTOS/src/tasks.o
 .bss.xPendingReadyList
                0x00800439        0x9 src/libraries/FreeRTOS/src/tasks.o
 .bss.pxOverflowDelayedTaskList
                0x00800442        0x2 src/libraries/FreeRTOS/src/tasks.o
 .bss.pxDelayedTaskList
                0x00800444        0x2 src/libraries/FreeRTOS/src/tasks.o
 .bss.xDelayedTaskList2
                0x00800446        0x9 src/libraries/FreeRTOS/src/tasks.o
 .bss.xDelayedTaskList1
                0x0080044f        0x9 src/libraries/FreeRTOS/src/tasks.o
 .bss.pxReadyTasksLists
                0x00800458       0x24 src/libraries/FreeRTOS/src/tasks.o
 .bss.pxCurrentTCB
                0x0080047c        0x2 src/libraries/FreeRTOS/src/tasks.o
                0x0080047c                pxCurrentTCB
 .bss.xLastTime.2412
                0x0080047e        0x2 src/libraries/FreeRTOS/src/timers.o
 .bss.xTimerTaskHandle
                0x00800480        0x2 src/libraries/FreeRTOS/src/timers.o
 .bss.xTimerQueue
                0x00800482        0x2 src/libraries/FreeRTOS/src/timers.o
 .bss.pxOverflowTimerList
                0x00800484        0x2 src/libraries/FreeRTOS/src/timers.o
 .bss.pxCurrentTimerList
                0x00800486        0x2 src/libraries/FreeRTOS/src/timers.o
 .bss.xActiveTimerList2
                0x00800488        0x9 src/libraries/FreeRTOS/src/timers.o
 .bss.xActiveTimerList1
                0x00800491        0x9 src/libraries/FreeRTOS/src/timers.o
 .bss._ZZN9MD_TCS2307readFSMEhE7currCol
                0x0080049a        0x1 src/libraries/MD_TCS230/src/MD_TCS230.o
 .bss._ZN14SoftwareSerial20_receive_buffer_headE
                0x0080049b        0x1 src/libraries/SoftwareSerial/src/SoftwareSerial.o
                0x0080049b                _ZN14SoftwareSerial20_receive_buffer_headE
 .bss._ZN14SoftwareSerial20_receive_buffer_tailE
                0x0080049c        0x1 src/libraries/SoftwareSerial/src/SoftwareSerial.o
                0x0080049c                _ZN14SoftwareSerial20_receive_buffer_tailE
 .bss._ZN14SoftwareSerial15_receive_bufferE
                0x0080049d       0x40 src/libraries/SoftwareSerial/src/SoftwareSerial.o
                0x0080049d                _ZN14SoftwareSerial15_receive_bufferE
 .bss._ZN14SoftwareSerial13active_objectE
                0x008004dd        0x2 src/libraries/SoftwareSerial/src/SoftwareSerial.o
                0x008004dd                _ZN14SoftwareSerial13active_objectE
 .bss.Serial    0x008004df       0x9d D:\Users\Celine\ONEDRI~1.EDU\DOCUME~1\Schule\UNIVER~1\EECS47~1\Project\LIL_FI~1\LILFIS~1\LILFIS~1\ARDUIN~1\Debug\libArduinoCore.a(HardwareSerial0.o)
                0x008004df                Serial
 .bss.timer0_fract
                0x0080057c        0x1 D:\Users\Celine\ONEDRI~1.EDU\DOCUME~1\Schule\UNIVER~1\EECS47~1\Project\LIL_FI~1\LILFIS~1\LILFIS~1\ARDUIN~1\Debug\libArduinoCore.a(wiring.o)
 .bss.timer0_millis
                0x0080057d        0x4 D:\Users\Celine\ONEDRI~1.EDU\DOCUME~1\Schule\UNIVER~1\EECS47~1\Project\LIL_FI~1\LILFIS~1\LILFIS~1\ARDUIN~1\Debug\libArduinoCore.a(wiring.o)
                0x0080057d                timer0_millis
 .bss.timer0_overflow_count
                0x00800581        0x4 D:\Users\Celine\ONEDRI~1.EDU\DOCUME~1\Schule\UNIVER~1\EECS47~1\Project\LIL_FI~1\LILFIS~1\LILFIS~1\ARDUIN~1\Debug\libArduinoCore.a(wiring.o)
                0x00800581                timer0_overflow_count
 .bss._ZL10gate_index
                0x00800585        0x2 D:\Users\Celine\ONEDRI~1.EDU\DOCUME~1\Schule\UNIVER~1\EECS47~1\Project\LIL_FI~1\LILFIS~1\LILFIS~1\ARDUIN~1\Debug\libArduinoCore.a(FreqCount.o)
 .bss._ZL11gate_length
                0x00800587        0x2 D:\Users\Celine\ONEDRI~1.EDU\DOCUME~1\Schule\UNIVER~1\EECS47~1\Project\LIL_FI~1\LILFIS~1\LILFIS~1\ARDUIN~1\Debug\libArduinoCore.a(FreqCount.o)
 .bss._ZL11count_ready
                0x00800589        0x1 D:\Users\Celine\ONEDRI~1.EDU\DOCUME~1\Schule\UNIVER~1\EECS47~1\Project\LIL_FI~1\LILFIS~1\LILFIS~1\ARDUIN~1\Debug\libArduinoCore.a(FreqCount.o)
 .bss._ZL12count_output
                0x0080058a        0x4 D:\Users\Celine\ONEDRI~1.EDU\DOCUME~1\Schule\UNIVER~1\EECS47~1\Project\LIL_FI~1\LILFIS~1\LILFIS~1\ARDUIN~1\Debug\libArduinoCore.a(FreqCount.o)
 .bss._ZL10count_prev
                0x0080058e        0x4 D:\Users\Celine\ONEDRI~1.EDU\DOCUME~1\Schule\UNIVER~1\EECS47~1\Project\LIL_FI~1\LILFIS~1\LILFIS~1\ARDUIN~1\Debug\libArduinoCore.a(FreqCount.o)
 .bss._ZL9count_msw
                0x00800592        0x2 D:\Users\Celine\ONEDRI~1.EDU\DOCUME~1\Schule\UNIVER~1\EECS47~1\Project\LIL_FI~1\LILFIS~1\LILFIS~1\ARDUIN~1\Debug\libArduinoCore.a(FreqCount.o)
 .bss._ZL11startTCCR2B
                0x00800594        0x1 D:\Users\Celine\ONEDRI~1.EDU\DOCUME~1\Schule\UNIVER~1\EECS47~1\Project\LIL_FI~1\LILFIS~1\LILFIS~1\ARDUIN~1\Debug\libArduinoCore.a(FreqCount.o)
 .bss._ZL10saveTCCR2B
                0x00800595        0x1 D:\Users\Celine\ONEDRI~1.EDU\DOCUME~1\Schule\UNIVER~1\EECS47~1\Project\LIL_FI~1\LILFIS~1\LILFIS~1\ARDUIN~1\Debug\libArduinoCore.a(FreqCount.o)
 .bss._ZL10saveTCCR2A
                0x00800596        0x1 D:\Users\Celine\ONEDRI~1.EDU\DOCUME~1\Schule\UNIVER~1\EECS47~1\Project\LIL_FI~1\LILFIS~1\LILFIS~1\ARDUIN~1\Debug\libArduinoCore.a(FreqCount.o)
 .bss._ZL10saveTCCR1B
                0x00800597        0x1 D:\Users\Celine\ONEDRI~1.EDU\DOCUME~1\Schule\UNIVER~1\EECS47~1\Project\LIL_FI~1\LILFIS~1\LILFIS~1\ARDUIN~1\Debug\libArduinoCore.a(FreqCount.o)
 .bss._ZL10saveTCCR1A
                0x00800598        0x1 D:\Users\Celine\ONEDRI~1.EDU\DOCUME~1\Schule\UNIVER~1\EECS47~1\Project\LIL_FI~1\LILFIS~1\LILFIS~1\ARDUIN~1\Debug\libArduinoCore.a(FreqCount.o)
 *(COMMON)
 COMMON         0x00800599        0x4 c:/program files (x86)/atmel/studio/7.0/toolchain/avr8/avr8-gnu-toolchain/bin/../lib/gcc/avr/5.4.0/../../../../avr/lib/avr5\libc.a(malloc.o)
                0x00800599                __brkval
                0x0080059b                __flp
                0x0080059d                PROVIDE (__bss_end, .)
                0x00004f44                __data_load_start = LOADADDR (.data)
                0x000050f6                __data_load_end = (__data_load_start + SIZEOF (.data))

.noinit         0x0080059d        0x0
                [!provide]                PROVIDE (__noinit_start, .)
 *(.noinit*)
                [!provide]                PROVIDE (__noinit_end, .)
                0x0080059d                _end = .
                0x0080059d                PROVIDE (__heap_start, .)

.eeprom         0x00810000        0x0
 *(.eeprom*)
                0x00810000                __eeprom_end = .

.fuse
 *(.fuse)
 *(.lfuse)
 *(.hfuse)
 *(.efuse)

.lock
 *(.lock*)

.signature
 *(.signature*)

.user_signatures
 *(.user_signatures*)

.stab
 *(.stab)

.stabstr
 *(.stabstr)

.stab.excl
 *(.stab.excl)

.stab.exclstr
 *(.stab.exclstr)

.stab.index
 *(.stab.index)

.stab.indexstr
 *(.stab.indexstr)

.comment        0x00000000       0x30
 *(.comment)
 .comment       0x00000000       0x30 DFRobot_PH.o
                                 0x31 (size before relaxing)
 .comment       0x00000030       0x31 main.o
 .comment       0x00000030       0x31 OneWire.o
 .comment       0x00000030       0x31 phSensor.o
 .comment       0x00000030       0x31 src/libraries/FreeRTOS/src/heap_3.o
 .comment       0x00000030       0x31 src/libraries/FreeRTOS/src/list.o
 .comment       0x00000030       0x31 src/libraries/FreeRTOS/src/port.o
 .comment       0x00000030       0x31 src/libraries/FreeRTOS/src/queue.o
 .comment       0x00000030       0x31 src/libraries/FreeRTOS/src/tasks.o
 .comment       0x00000030       0x31 src/libraries/FreeRTOS/src/timers.o
 .comment       0x00000030       0x31 src/libraries/FreeRTOS/src/variantHooks.o
 .comment       0x00000030       0x31 src/libraries/MD_TCS230/src/MD_TCS230.o
 .comment       0x00000030       0x31 src/libraries/SoftwareSerial/src/SoftwareSerial.o
 .comment       0x00000030       0x31 D:\Users\Celine\ONEDRI~1.EDU\DOCUME~1\Schule\UNIVER~1\EECS47~1\Project\LIL_FI~1\LILFIS~1\LILFIS~1\ARDUIN~1\Debug\libArduinoCore.a(HardwareSerial.o)
 .comment       0x00000030       0x31 D:\Users\Celine\ONEDRI~1.EDU\DOCUME~1\Schule\UNIVER~1\EECS47~1\Project\LIL_FI~1\LILFIS~1\LILFIS~1\ARDUIN~1\Debug\libArduinoCore.a(HardwareSerial0.o)
 .comment       0x00000030       0x31 D:\Users\Celine\ONEDRI~1.EDU\DOCUME~1\Schule\UNIVER~1\EECS47~1\Project\LIL_FI~1\LILFIS~1\LILFIS~1\ARDUIN~1\Debug\libArduinoCore.a(main.o)
 .comment       0x00000030       0x31 D:\Users\Celine\ONEDRI~1.EDU\DOCUME~1\Schule\UNIVER~1\EECS47~1\Project\LIL_FI~1\LILFIS~1\LILFIS~1\ARDUIN~1\Debug\libArduinoCore.a(Print.o)
 .comment       0x00000030       0x31 D:\Users\Celine\ONEDRI~1.EDU\DOCUME~1\Schule\UNIVER~1\EECS47~1\Project\LIL_FI~1\LILFIS~1\LILFIS~1\ARDUIN~1\Debug\libArduinoCore.a(WInterrupts.o)
 .comment       0x00000030       0x31 D:\Users\Celine\ONEDRI~1.EDU\DOCUME~1\Schule\UNIVER~1\EECS47~1\Project\LIL_FI~1\LILFIS~1\LILFIS~1\ARDUIN~1\Debug\libArduinoCore.a(wiring.o)
 .comment       0x00000030       0x31 D:\Users\Celine\ONEDRI~1.EDU\DOCUME~1\Schule\UNIVER~1\EECS47~1\Project\LIL_FI~1\LILFIS~1\LILFIS~1\ARDUIN~1\Debug\libArduinoCore.a(wiring_analog.o)
 .comment       0x00000030       0x31 D:\Users\Celine\ONEDRI~1.EDU\DOCUME~1\Schule\UNIVER~1\EECS47~1\Project\LIL_FI~1\LILFIS~1\LILFIS~1\ARDUIN~1\Debug\libArduinoCore.a(wiring_digital.o)
 .comment       0x00000030       0x31 D:\Users\Celine\ONEDRI~1.EDU\DOCUME~1\Schule\UNIVER~1\EECS47~1\Project\LIL_FI~1\LILFIS~1\LILFIS~1\ARDUIN~1\Debug\libArduinoCore.a(FreqCount.o)
 .comment       0x00000030       0x31 D:\Users\Celine\ONEDRI~1.EDU\DOCUME~1\Schule\UNIVER~1\EECS47~1\Project\LIL_FI~1\LILFIS~1\LILFIS~1\ARDUIN~1\Debug\libArduinoCore.a(hooks.o)
 .comment       0x00000030       0x31 c:/program files (x86)/atmel/studio/7.0/toolchain/avr8/avr8-gnu-toolchain/bin/../lib/gcc/avr/5.4.0/../../../../avr/lib/avr5\libc.a(malloc.o)

.note.gnu.avr.deviceinfo
                0x00000000       0x40
 .note.gnu.avr.deviceinfo
                0x00000000       0x40 C:/Program Files (x86)/Atmel/Studio/7.0/Packs/atmel/ATmega_DFP/1.2.209/gcc/dev/atmega328p/avr5/crtatmega328p.o

.note.gnu.build-id
 *(.note.gnu.build-id)

.debug
 *(.debug)

.line
 *(.line)

.debug_srcinfo
 *(.debug_srcinfo)

.debug_sfnames
 *(.debug_sfnames)

.debug_aranges  0x00000000      0xaa8
 *(.debug_aranges)
 .debug_aranges
                0x00000000       0x70 DFRobot_PH.o
 .debug_aranges
                0x00000070       0x98 main.o
 .debug_aranges
                0x00000108       0xa0 OneWire.o
 .debug_aranges
                0x000001a8       0x48 phSensor.o
 .debug_aranges
                0x000001f0       0x28 src/libraries/FreeRTOS/src/heap_3.o
 .debug_aranges
                0x00000218       0x40 src/libraries/FreeRTOS/src/list.o
 .debug_aranges
                0x00000258       0x48 src/libraries/FreeRTOS/src/port.o
 .debug_aranges
                0x000002a0       0xe0 src/libraries/FreeRTOS/src/queue.o
 .debug_aranges
                0x00000380      0x188 src/libraries/FreeRTOS/src/tasks.o
 .debug_aranges
                0x00000508       0x90 src/libraries/FreeRTOS/src/timers.o
 .debug_aranges
                0x00000598       0x38 src/libraries/FreeRTOS/src/variantHooks.o
 .debug_aranges
                0x000005d0       0xc0 src/libraries/MD_TCS230/src/MD_TCS230.o
 .debug_aranges
                0x00000690       0xa8 src/libraries/SoftwareSerial/src/SoftwareSerial.o
 .debug_aranges
                0x00000738       0x68 D:\Users\Celine\ONEDRI~1.EDU\DOCUME~1\Schule\UNIVER~1\EECS47~1\Project\LIL_FI~1\LILFIS~1\LILFIS~1\ARDUIN~1\Debug\libArduinoCore.a(HardwareSerial.o)
 .debug_aranges
                0x000007a0       0x48 D:\Users\Celine\ONEDRI~1.EDU\DOCUME~1\Schule\UNIVER~1\EECS47~1\Project\LIL_FI~1\LILFIS~1\LILFIS~1\ARDUIN~1\Debug\libArduinoCore.a(HardwareSerial0.o)
 .debug_aranges
                0x000007e8       0x30 D:\Users\Celine\ONEDRI~1.EDU\DOCUME~1\Schule\UNIVER~1\EECS47~1\Project\LIL_FI~1\LILFIS~1\LILFIS~1\ARDUIN~1\Debug\libArduinoCore.a(main.o)
 .debug_aranges
                0x00000818      0x100 D:\Users\Celine\ONEDRI~1.EDU\DOCUME~1\Schule\UNIVER~1\EECS47~1\Project\LIL_FI~1\LILFIS~1\LILFIS~1\ARDUIN~1\Debug\libArduinoCore.a(Print.o)
 .debug_aranges
                0x00000918       0x40 D:\Users\Celine\ONEDRI~1.EDU\DOCUME~1\Schule\UNIVER~1\EECS47~1\Project\LIL_FI~1\LILFIS~1\LILFIS~1\ARDUIN~1\Debug\libArduinoCore.a(WInterrupts.o)
 .debug_aranges
                0x00000958       0x48 D:\Users\Celine\ONEDRI~1.EDU\DOCUME~1\Schule\UNIVER~1\EECS47~1\Project\LIL_FI~1\LILFIS~1\LILFIS~1\ARDUIN~1\Debug\libArduinoCore.a(wiring.o)
 .debug_aranges
                0x000009a0       0x30 D:\Users\Celine\ONEDRI~1.EDU\DOCUME~1\Schule\UNIVER~1\EECS47~1\Project\LIL_FI~1\LILFIS~1\LILFIS~1\ARDUIN~1\Debug\libArduinoCore.a(wiring_analog.o)
 .debug_aranges
                0x000009d0       0x38 D:\Users\Celine\ONEDRI~1.EDU\DOCUME~1\Schule\UNIVER~1\EECS47~1\Project\LIL_FI~1\LILFIS~1\LILFIS~1\ARDUIN~1\Debug\libArduinoCore.a(wiring_digital.o)
 .debug_aranges
                0x00000a08       0x40 D:\Users\Celine\ONEDRI~1.EDU\DOCUME~1\Schule\UNIVER~1\EECS47~1\Project\LIL_FI~1\LILFIS~1\LILFIS~1\ARDUIN~1\Debug\libArduinoCore.a(FreqCount.o)
 .debug_aranges
                0x00000a48       0x20 D:\Users\Celine\ONEDRI~1.EDU\DOCUME~1\Schule\UNIVER~1\EECS47~1\Project\LIL_FI~1\LILFIS~1\LILFIS~1\ARDUIN~1\Debug\libArduinoCore.a(hooks.o)
 .debug_aranges
                0x00000a68       0x20 C:/Program Files (x86)/Atmel/Studio/7.0/Packs/atmel/ATmega_DFP/1.2.209/gcc/dev/atmega328p/avr5\libatmega328p.a(eerd_byte.o)
 .debug_aranges
                0x00000a88       0x20 C:/Program Files (x86)/Atmel/Studio/7.0/Packs/atmel/ATmega_DFP/1.2.209/gcc/dev/atmega328p/avr5\libatmega328p.a(eewr_byte.o)

.debug_pubnames
 *(.debug_pubnames)

.debug_info     0x00000000    0x16389
 *(.debug_info .gnu.linkonce.wi.*)
 .debug_info    0x00000000      0x5f4 C:/Program Files (x86)/Atmel/Studio/7.0/Packs/atmel/ATmega_DFP/1.2.209/gcc/dev/atmega328p/avr5/crtatmega328p.o
 .debug_info    0x000005f4     0x158a DFRobot_PH.o
 .debug_info    0x00001b7e     0x26bd main.o
 .debug_info    0x0000423b      0xf20 OneWire.o
 .debug_info    0x0000515b      0xbab phSensor.o
 .debug_info    0x00005d06      0x1a7 src/libraries/FreeRTOS/src/heap_3.o
 .debug_info    0x00005ead      0x2e0 src/libraries/FreeRTOS/src/list.o
 .debug_info    0x0000618d      0x28b src/libraries/FreeRTOS/src/port.o
 .debug_info    0x00006418     0x1820 src/libraries/FreeRTOS/src/queue.o
 .debug_info    0x00007c38     0x2102 src/libraries/FreeRTOS/src/tasks.o
 .debug_info    0x00009d3a     0x1083 src/libraries/FreeRTOS/src/timers.o
 .debug_info    0x0000adbd      0x330 src/libraries/FreeRTOS/src/variantHooks.o
 .debug_info    0x0000b0ed     0x1018 src/libraries/MD_TCS230/src/MD_TCS230.o
 .debug_info    0x0000c105     0x28f2 src/libraries/SoftwareSerial/src/SoftwareSerial.o
 .debug_info    0x0000e9f7     0x1f64 D:\Users\Celine\ONEDRI~1.EDU\DOCUME~1\Schule\UNIVER~1\EECS47~1\Project\LIL_FI~1\LILFIS~1\LILFIS~1\ARDUIN~1\Debug\libArduinoCore.a(HardwareSerial.o)
 .debug_info    0x0001095b     0x1b16 D:\Users\Celine\ONEDRI~1.EDU\DOCUME~1\Schule\UNIVER~1\EECS47~1\Project\LIL_FI~1\LILFIS~1\LILFIS~1\ARDUIN~1\Debug\libArduinoCore.a(HardwareSerial0.o)
 .debug_info    0x00012471      0x237 D:\Users\Celine\ONEDRI~1.EDU\DOCUME~1\Schule\UNIVER~1\EECS47~1\Project\LIL_FI~1\LILFIS~1\LILFIS~1\ARDUIN~1\Debug\libArduinoCore.a(main.o)
 .debug_info    0x000126a8     0x28ff D:\Users\Celine\ONEDRI~1.EDU\DOCUME~1\Schule\UNIVER~1\EECS47~1\Project\LIL_FI~1\LILFIS~1\LILFIS~1\ARDUIN~1\Debug\libArduinoCore.a(Print.o)
 .debug_info    0x00014fa7      0x21c D:\Users\Celine\ONEDRI~1.EDU\DOCUME~1\Schule\UNIVER~1\EECS47~1\Project\LIL_FI~1\LILFIS~1\LILFIS~1\ARDUIN~1\Debug\libArduinoCore.a(WInterrupts.o)
 .debug_info    0x000151c3      0x2cb D:\Users\Celine\ONEDRI~1.EDU\DOCUME~1\Schule\UNIVER~1\EECS47~1\Project\LIL_FI~1\LILFIS~1\LILFIS~1\ARDUIN~1\Debug\libArduinoCore.a(wiring.o)
 .debug_info    0x0001548e      0x26d D:\Users\Celine\ONEDRI~1.EDU\DOCUME~1\Schule\UNIVER~1\EECS47~1\Project\LIL_FI~1\LILFIS~1\LILFIS~1\ARDUIN~1\Debug\libArduinoCore.a(wiring_analog.o)
 .debug_info    0x000156fb      0x5fe D:\Users\Celine\ONEDRI~1.EDU\DOCUME~1\Schule\UNIVER~1\EECS47~1\Project\LIL_FI~1\LILFIS~1\LILFIS~1\ARDUIN~1\Debug\libArduinoCore.a(wiring_digital.o)
 .debug_info    0x00015cf9      0x4fa D:\Users\Celine\ONEDRI~1.EDU\DOCUME~1\Schule\UNIVER~1\EECS47~1\Project\LIL_FI~1\LILFIS~1\LILFIS~1\ARDUIN~1\Debug\libArduinoCore.a(FreqCount.o)
 .debug_info    0x000161f3       0x3e D:\Users\Celine\ONEDRI~1.EDU\DOCUME~1\Schule\UNIVER~1\EECS47~1\Project\LIL_FI~1\LILFIS~1\LILFIS~1\ARDUIN~1\Debug\libArduinoCore.a(hooks.o)
 .debug_info    0x00016231       0xac C:/Program Files (x86)/Atmel/Studio/7.0/Packs/atmel/ATmega_DFP/1.2.209/gcc/dev/atmega328p/avr5\libatmega328p.a(eerd_byte.o)
 .debug_info    0x000162dd       0xac C:/Program Files (x86)/Atmel/Studio/7.0/Packs/atmel/ATmega_DFP/1.2.209/gcc/dev/atmega328p/avr5\libatmega328p.a(eewr_byte.o)

.debug_abbrev   0x00000000     0x42fb
 *(.debug_abbrev)
 .debug_abbrev  0x00000000      0x5a2 C:/Program Files (x86)/Atmel/Studio/7.0/Packs/atmel/ATmega_DFP/1.2.209/gcc/dev/atmega328p/avr5/crtatmega328p.o
 .debug_abbrev  0x000005a2      0x3de DFRobot_PH.o
 .debug_abbrev  0x00000980      0x5dc main.o
 .debug_abbrev  0x00000f5c      0x34d OneWire.o
 .debug_abbrev  0x000012a9      0x2ee phSensor.o
 .debug_abbrev  0x00001597      0x115 src/libraries/FreeRTOS/src/heap_3.o
 .debug_abbrev  0x000016ac       0xff src/libraries/FreeRTOS/src/list.o
 .debug_abbrev  0x000017ab      0x158 src/libraries/FreeRTOS/src/port.o
 .debug_abbrev  0x00001903      0x2d5 src/libraries/FreeRTOS/src/queue.o
 .debug_abbrev  0x00001bd8      0x35e src/libraries/FreeRTOS/src/tasks.o
 .debug_abbrev  0x00001f36      0x2f8 src/libraries/FreeRTOS/src/timers.o
 .debug_abbrev  0x0000222e      0x18d src/libraries/FreeRTOS/src/variantHooks.o
 .debug_abbrev  0x000023bb      0x39f src/libraries/MD_TCS230/src/MD_TCS230.o
 .debug_abbrev  0x0000275a      0x60b src/libraries/SoftwareSerial/src/SoftwareSerial.o
 .debug_abbrev  0x00002d65      0x4b7 D:\Users\Celine\ONEDRI~1.EDU\DOCUME~1\Schule\UNIVER~1\EECS47~1\Project\LIL_FI~1\LILFIS~1\LILFIS~1\ARDUIN~1\Debug\libArduinoCore.a(HardwareSerial.o)
 .debug_abbrev  0x0000321c      0x3ce D:\Users\Celine\ONEDRI~1.EDU\DOCUME~1\Schule\UNIVER~1\EECS47~1\Project\LIL_FI~1\LILFIS~1\LILFIS~1\ARDUIN~1\Debug\libArduinoCore.a(HardwareSerial0.o)
 .debug_abbrev  0x000035ea      0x12d D:\Users\Celine\ONEDRI~1.EDU\DOCUME~1\Schule\UNIVER~1\EECS47~1\Project\LIL_FI~1\LILFIS~1\LILFIS~1\ARDUIN~1\Debug\libArduinoCore.a(main.o)
 .debug_abbrev  0x00003717      0x47a D:\Users\Celine\ONEDRI~1.EDU\DOCUME~1\Schule\UNIVER~1\EECS47~1\Project\LIL_FI~1\LILFIS~1\LILFIS~1\ARDUIN~1\Debug\libArduinoCore.a(Print.o)
 .debug_abbrev  0x00003b91       0xfc D:\Users\Celine\ONEDRI~1.EDU\DOCUME~1\Schule\UNIVER~1\EECS47~1\Project\LIL_FI~1\LILFIS~1\LILFIS~1\ARDUIN~1\Debug\libArduinoCore.a(WInterrupts.o)
 .debug_abbrev  0x00003c8d      0x146 D:\Users\Celine\ONEDRI~1.EDU\DOCUME~1\Schule\UNIVER~1\EECS47~1\Project\LIL_FI~1\LILFIS~1\LILFIS~1\ARDUIN~1\Debug\libArduinoCore.a(wiring.o)
 .debug_abbrev  0x00003dd3      0x16b D:\Users\Celine\ONEDRI~1.EDU\DOCUME~1\Schule\UNIVER~1\EECS47~1\Project\LIL_FI~1\LILFIS~1\LILFIS~1\ARDUIN~1\Debug\libArduinoCore.a(wiring_analog.o)
 .debug_abbrev  0x00003f3e      0x15b D:\Users\Celine\ONEDRI~1.EDU\DOCUME~1\Schule\UNIVER~1\EECS47~1\Project\LIL_FI~1\LILFIS~1\LILFIS~1\ARDUIN~1\Debug\libArduinoCore.a(wiring_digital.o)
 .debug_abbrev  0x00004099      0x210 D:\Users\Celine\ONEDRI~1.EDU\DOCUME~1\Schule\UNIVER~1\EECS47~1\Project\LIL_FI~1\LILFIS~1\LILFIS~1\ARDUIN~1\Debug\libArduinoCore.a(FreqCount.o)
 .debug_abbrev  0x000042a9       0x2a D:\Users\Celine\ONEDRI~1.EDU\DOCUME~1\Schule\UNIVER~1\EECS47~1\Project\LIL_FI~1\LILFIS~1\LILFIS~1\ARDUIN~1\Debug\libArduinoCore.a(hooks.o)
 .debug_abbrev  0x000042d3       0x14 C:/Program Files (x86)/Atmel/Studio/7.0/Packs/atmel/ATmega_DFP/1.2.209/gcc/dev/atmega328p/avr5\libatmega328p.a(eerd_byte.o)
 .debug_abbrev  0x000042e7       0x14 C:/Program Files (x86)/Atmel/Studio/7.0/Packs/atmel/ATmega_DFP/1.2.209/gcc/dev/atmega328p/avr5\libatmega328p.a(eewr_byte.o)

.debug_line     0x00000000     0x72a3
 *(.debug_line .debug_line.* .debug_line_end)
 .debug_line    0x00000000      0x133 C:/Program Files (x86)/Atmel/Studio/7.0/Packs/atmel/ATmega_DFP/1.2.209/gcc/dev/atmega328p/avr5/crtatmega328p.o
 .debug_line    0x00000133      0x6e6 DFRobot_PH.o
 .debug_line    0x00000819      0xa27 main.o
 .debug_line    0x00001240      0x6c8 OneWire.o
 .debug_line    0x00001908      0x1f1 phSensor.o
 .debug_line    0x00001af9      0x1b7 src/libraries/FreeRTOS/src/heap_3.o
 .debug_line    0x00001cb0      0x21c src/libraries/FreeRTOS/src/list.o
 .debug_line    0x00001ecc      0x33c src/libraries/FreeRTOS/src/port.o
 .debug_line    0x00002208      0xb7e src/libraries/FreeRTOS/src/queue.o
 .debug_line    0x00002d86     0x126a src/libraries/FreeRTOS/src/tasks.o
 .debug_line    0x00003ff0      0x54c src/libraries/FreeRTOS/src/timers.o
 .debug_line    0x0000453c      0x27a src/libraries/FreeRTOS/src/variantHooks.o
 .debug_line    0x000047b6      0x666 src/libraries/MD_TCS230/src/MD_TCS230.o
 .debug_line    0x00004e1c      0x7f9 src/libraries/SoftwareSerial/src/SoftwareSerial.o
 .debug_line    0x00005615      0x4c4 D:\Users\Celine\ONEDRI~1.EDU\DOCUME~1\Schule\UNIVER~1\EECS47~1\Project\LIL_FI~1\LILFIS~1\LILFIS~1\ARDUIN~1\Debug\libArduinoCore.a(HardwareSerial.o)
 .debug_line    0x00005ad9      0x28c D:\Users\Celine\ONEDRI~1.EDU\DOCUME~1\Schule\UNIVER~1\EECS47~1\Project\LIL_FI~1\LILFIS~1\LILFIS~1\ARDUIN~1\Debug\libArduinoCore.a(HardwareSerial0.o)
 .debug_line    0x00005d65      0x165 D:\Users\Celine\ONEDRI~1.EDU\DOCUME~1\Schule\UNIVER~1\EECS47~1\Project\LIL_FI~1\LILFIS~1\LILFIS~1\ARDUIN~1\Debug\libArduinoCore.a(main.o)
 .debug_line    0x00005eca      0x685 D:\Users\Celine\ONEDRI~1.EDU\DOCUME~1\Schule\UNIVER~1\EECS47~1\Project\LIL_FI~1\LILFIS~1\LILFIS~1\ARDUIN~1\Debug\libArduinoCore.a(Print.o)
 .debug_line    0x0000654f      0x1a0 D:\Users\Celine\ONEDRI~1.EDU\DOCUME~1\Schule\UNIVER~1\EECS47~1\Project\LIL_FI~1\LILFIS~1\LILFIS~1\ARDUIN~1\Debug\libArduinoCore.a(WInterrupts.o)
 .debug_line    0x000066ef      0x299 D:\Users\Celine\ONEDRI~1.EDU\DOCUME~1\Schule\UNIVER~1\EECS47~1\Project\LIL_FI~1\LILFIS~1\LILFIS~1\ARDUIN~1\Debug\libArduinoCore.a(wiring.o)
 .debug_line    0x00006988      0x20f D:\Users\Celine\ONEDRI~1.EDU\DOCUME~1\Schule\UNIVER~1\EECS47~1\Project\LIL_FI~1\LILFIS~1\LILFIS~1\ARDUIN~1\Debug\libArduinoCore.a(wiring_analog.o)
 .debug_line    0x00006b97      0x252 D:\Users\Celine\ONEDRI~1.EDU\DOCUME~1\Schule\UNIVER~1\EECS47~1\Project\LIL_FI~1\LILFIS~1\LILFIS~1\ARDUIN~1\Debug\libArduinoCore.a(wiring_digital.o)
 .debug_line    0x00006de9      0x361 D:\Users\Celine\ONEDRI~1.EDU\DOCUME~1\Schule\UNIVER~1\EECS47~1\Project\LIL_FI~1\LILFIS~1\LILFIS~1\ARDUIN~1\Debug\libArduinoCore.a(FreqCount.o)
 .debug_line    0x0000714a       0x41 D:\Users\Celine\ONEDRI~1.EDU\DOCUME~1\Schule\UNIVER~1\EECS47~1\Project\LIL_FI~1\LILFIS~1\LILFIS~1\ARDUIN~1\Debug\libArduinoCore.a(hooks.o)
 .debug_line    0x0000718b       0x7a C:/Program Files (x86)/Atmel/Studio/7.0/Packs/atmel/ATmega_DFP/1.2.209/gcc/dev/atmega328p/avr5\libatmega328p.a(eerd_byte.o)
 .debug_line    0x00007205       0x9e C:/Program Files (x86)/Atmel/Studio/7.0/Packs/atmel/ATmega_DFP/1.2.209/gcc/dev/atmega328p/avr5\libatmega328p.a(eewr_byte.o)

.debug_frame    0x00000000     0x2098
 *(.debug_frame)
 .debug_frame   0x00000000      0x1d8 DFRobot_PH.o
 .debug_frame   0x000001d8      0x1a8 main.o
 .debug_frame   0x00000380      0x258 OneWire.o
 .debug_frame   0x000005d8       0xf8 phSensor.o
 .debug_frame   0x000006d0       0x4c src/libraries/FreeRTOS/src/heap_3.o
 .debug_frame   0x0000071c       0x90 src/libraries/FreeRTOS/src/list.o
 .debug_frame   0x000007ac       0x74 src/libraries/FreeRTOS/src/port.o
 .debug_frame   0x00000820      0x368 src/libraries/FreeRTOS/src/queue.o
 .debug_frame   0x00000b88      0x57c src/libraries/FreeRTOS/src/tasks.o
 .debug_frame   0x00001104      0x198 src/libraries/FreeRTOS/src/timers.o
 .debug_frame   0x0000129c       0x54 src/libraries/FreeRTOS/src/variantHooks.o
 .debug_frame   0x000012f0      0x28c src/libraries/MD_TCS230/src/MD_TCS230.o
 .debug_frame   0x0000157c      0x1d4 src/libraries/SoftwareSerial/src/SoftwareSerial.o
 .debug_frame   0x00001750      0x110 D:\Users\Celine\ONEDRI~1.EDU\DOCUME~1\Schule\UNIVER~1\EECS47~1\Project\LIL_FI~1\LILFIS~1\LILFIS~1\ARDUIN~1\Debug\libArduinoCore.a(HardwareSerial.o)
 .debug_frame   0x00001860       0xe0 D:\Users\Celine\ONEDRI~1.EDU\DOCUME~1\Schule\UNIVER~1\EECS47~1\Project\LIL_FI~1\LILFIS~1\LILFIS~1\ARDUIN~1\Debug\libArduinoCore.a(HardwareSerial0.o)
 .debug_frame   0x00001940       0x54 D:\Users\Celine\ONEDRI~1.EDU\DOCUME~1\Schule\UNIVER~1\EECS47~1\Project\LIL_FI~1\LILFIS~1\LILFIS~1\ARDUIN~1\Debug\libArduinoCore.a(main.o)
 .debug_frame   0x00001994      0x3ac D:\Users\Celine\ONEDRI~1.EDU\DOCUME~1\Schule\UNIVER~1\EECS47~1\Project\LIL_FI~1\LILFIS~1\LILFIS~1\ARDUIN~1\Debug\libArduinoCore.a(Print.o)
 .debug_frame   0x00001d40       0xf4 D:\Users\Celine\ONEDRI~1.EDU\DOCUME~1\Schule\UNIVER~1\EECS47~1\Project\LIL_FI~1\LILFIS~1\LILFIS~1\ARDUIN~1\Debug\libArduinoCore.a(WInterrupts.o)
 .debug_frame   0x00001e34       0xc4 D:\Users\Celine\ONEDRI~1.EDU\DOCUME~1\Schule\UNIVER~1\EECS47~1\Project\LIL_FI~1\LILFIS~1\LILFIS~1\ARDUIN~1\Debug\libArduinoCore.a(wiring.o)
 .debug_frame   0x00001ef8       0x54 D:\Users\Celine\ONEDRI~1.EDU\DOCUME~1\Schule\UNIVER~1\EECS47~1\Project\LIL_FI~1\LILFIS~1\LILFIS~1\ARDUIN~1\Debug\libArduinoCore.a(wiring_analog.o)
 .debug_frame   0x00001f4c       0x7c D:\Users\Celine\ONEDRI~1.EDU\DOCUME~1\Schule\UNIVER~1\EECS47~1\Project\LIL_FI~1\LILFIS~1\LILFIS~1\ARDUIN~1\Debug\libArduinoCore.a(wiring_digital.o)
 .debug_frame   0x00001fc8       0xac D:\Users\Celine\ONEDRI~1.EDU\DOCUME~1\Schule\UNIVER~1\EECS47~1\Project\LIL_FI~1\LILFIS~1\LILFIS~1\ARDUIN~1\Debug\libArduinoCore.a(FreqCount.o)
 .debug_frame   0x00002074       0x24 D:\Users\Celine\ONEDRI~1.EDU\DOCUME~1\Schule\UNIVER~1\EECS47~1\Project\LIL_FI~1\LILFIS~1\LILFIS~1\ARDUIN~1\Debug\libArduinoCore.a(hooks.o)

.debug_str      0x00000000     0x5144
 *(.debug_str)
 .debug_str     0x00000000      0x208 C:/Program Files (x86)/Atmel/Studio/7.0/Packs/atmel/ATmega_DFP/1.2.209/gcc/dev/atmega328p/avr5/crtatmega328p.o
 .debug_str     0x00000208      0x975 DFRobot_PH.o
                                0xa3c (size before relaxing)
 .debug_str     0x00000b7d      0xc2c main.o
                               0x13b0 (size before relaxing)
 .debug_str     0x000017a9      0x155 OneWire.o
                                0x6c6 (size before relaxing)
 .debug_str     0x000018fe       0x7c phSensor.o
                                0x919 (size before relaxing)
 .debug_str     0x0000197a      0x169 src/libraries/FreeRTOS/src/heap_3.o
                                0x295 (size before relaxing)
 .debug_str     0x00001ae3      0x142 src/libraries/FreeRTOS/src/list.o
                                0x360 (size before relaxing)
 .debug_str     0x00001c25      0x12a src/libraries/FreeRTOS/src/port.o
                                0x34c (size before relaxing)
 .debug_str     0x00001d4f      0x628 src/libraries/FreeRTOS/src/queue.o
                                0xa09 (size before relaxing)
 .debug_str     0x00002377      0x8ed src/libraries/FreeRTOS/src/tasks.o
                                0xf2c (size before relaxing)
 .debug_str     0x00002c64      0x414 src/libraries/FreeRTOS/src/timers.o
                                0x8b5 (size before relaxing)
 .debug_str     0x00003078       0x93 src/libraries/FreeRTOS/src/variantHooks.o
                                0x3e4 (size before relaxing)
 .debug_str     0x0000310b      0x192 src/libraries/MD_TCS230/src/MD_TCS230.o
                                0x79e (size before relaxing)
 .debug_str     0x0000329d     0x14a6 src/libraries/SoftwareSerial/src/SoftwareSerial.o
                               0x1949 (size before relaxing)
 .debug_str     0x00004743      0x3a2 D:\Users\Celine\ONEDRI~1.EDU\DOCUME~1\Schule\UNIVER~1\EECS47~1\Project\LIL_FI~1\LILFIS~1\LILFIS~1\ARDUIN~1\Debug\libArduinoCore.a(HardwareSerial.o)
                               0x1624 (size before relaxing)
 .debug_str     0x00004ae5       0x47 D:\Users\Celine\ONEDRI~1.EDU\DOCUME~1\Schule\UNIVER~1\EECS47~1\Project\LIL_FI~1\LILFIS~1\LILFIS~1\ARDUIN~1\Debug\libArduinoCore.a(HardwareSerial0.o)
                               0x1417 (size before relaxing)
 .debug_str     0x00004b2c       0x37 D:\Users\Celine\ONEDRI~1.EDU\DOCUME~1\Schule\UNIVER~1\EECS47~1\Project\LIL_FI~1\LILFIS~1\LILFIS~1\ARDUIN~1\Debug\libArduinoCore.a(main.o)
                                0x2c3 (size before relaxing)
 .debug_str     0x00004b63      0x298 D:\Users\Celine\ONEDRI~1.EDU\DOCUME~1\Schule\UNIVER~1\EECS47~1\Project\LIL_FI~1\LILFIS~1\LILFIS~1\ARDUIN~1\Debug\libArduinoCore.a(Print.o)
                               0x1251 (size before relaxing)
 .debug_str     0x00004dfb       0x78 D:\Users\Celine\ONEDRI~1.EDU\DOCUME~1\Schule\UNIVER~1\EECS47~1\Project\LIL_FI~1\LILFIS~1\LILFIS~1\ARDUIN~1\Debug\libArduinoCore.a(WInterrupts.o)
                                0x246 (size before relaxing)
 .debug_str     0x00004e73       0x5f D:\Users\Celine\ONEDRI~1.EDU\DOCUME~1\Schule\UNIVER~1\EECS47~1\Project\LIL_FI~1\LILFIS~1\LILFIS~1\ARDUIN~1\Debug\libArduinoCore.a(wiring.o)
                                0x259 (size before relaxing)
 .debug_str     0x00004ed2       0x5b D:\Users\Celine\ONEDRI~1.EDU\DOCUME~1\Schule\UNIVER~1\EECS47~1\Project\LIL_FI~1\LILFIS~1\LILFIS~1\ARDUIN~1\Debug\libArduinoCore.a(wiring_analog.o)
                                0x25d (size before relaxing)
 .debug_str     0x00004f2d       0x4b D:\Users\Celine\ONEDRI~1.EDU\DOCUME~1\Schule\UNIVER~1\EECS47~1\Project\LIL_FI~1\LILFIS~1\LILFIS~1\ARDUIN~1\Debug\libArduinoCore.a(wiring_digital.o)
                                0x2be (size before relaxing)
 .debug_str     0x00004f78      0x1b0 D:\Users\Celine\ONEDRI~1.EDU\DOCUME~1\Schule\UNIVER~1\EECS47~1\Project\LIL_FI~1\LILFIS~1\LILFIS~1\ARDUIN~1\Debug\libArduinoCore.a(FreqCount.o)
                                0x4cd (size before relaxing)
 .debug_str     0x00005128       0x1c D:\Users\Celine\ONEDRI~1.EDU\DOCUME~1\Schule\UNIVER~1\EECS47~1\Project\LIL_FI~1\LILFIS~1\LILFIS~1\ARDUIN~1\Debug\libArduinoCore.a(hooks.o)
                                0x14e (size before relaxing)

.debug_loc      0x00000000     0xc4be
 *(.debug_loc)
 .debug_loc     0x00000000      0xc3f DFRobot_PH.o
 .debug_loc     0x00000c3f      0x796 main.o
 .debug_loc     0x000013d5     0x1112 OneWire.o
 .debug_loc     0x000024e7      0x313 phSensor.o
 .debug_loc     0x000027fa      0x112 src/libraries/FreeRTOS/src/heap_3.o
 .debug_loc     0x0000290c      0x1d7 src/libraries/FreeRTOS/src/list.o
 .debug_loc     0x00002ae3      0x288 src/libraries/FreeRTOS/src/port.o
 .debug_loc     0x00002d6b     0x1b17 src/libraries/FreeRTOS/src/queue.o
 .debug_loc     0x00004882     0x24ae src/libraries/FreeRTOS/src/tasks.o
 .debug_loc     0x00006d30      0xadc src/libraries/FreeRTOS/src/timers.o
 .debug_loc     0x0000780c       0xb6 src/libraries/FreeRTOS/src/variantHooks.o
 .debug_loc     0x000078c2      0xde2 src/libraries/MD_TCS230/src/MD_TCS230.o
 .debug_loc     0x000086a4      0xc96 src/libraries/SoftwareSerial/src/SoftwareSerial.o
 .debug_loc     0x0000933a      0x4dc D:\Users\Celine\ONEDRI~1.EDU\DOCUME~1\Schule\UNIVER~1\EECS47~1\Project\LIL_FI~1\LILFIS~1\LILFIS~1\ARDUIN~1\Debug\libArduinoCore.a(HardwareSerial.o)
 .debug_loc     0x00009816      0x1b0 D:\Users\Celine\ONEDRI~1.EDU\DOCUME~1\Schule\UNIVER~1\EECS47~1\Project\LIL_FI~1\LILFIS~1\LILFIS~1\ARDUIN~1\Debug\libArduinoCore.a(HardwareSerial0.o)
 .debug_loc     0x000099c6     0x1c87 D:\Users\Celine\ONEDRI~1.EDU\DOCUME~1\Schule\UNIVER~1\EECS47~1\Project\LIL_FI~1\LILFIS~1\LILFIS~1\ARDUIN~1\Debug\libArduinoCore.a(Print.o)
 .debug_loc     0x0000b64d      0x235 D:\Users\Celine\ONEDRI~1.EDU\DOCUME~1\Schule\UNIVER~1\EECS47~1\Project\LIL_FI~1\LILFIS~1\LILFIS~1\ARDUIN~1\Debug\libArduinoCore.a(WInterrupts.o)
 .debug_loc     0x0000b882      0x28d D:\Users\Celine\ONEDRI~1.EDU\DOCUME~1\Schule\UNIVER~1\EECS47~1\Project\LIL_FI~1\LILFIS~1\LILFIS~1\ARDUIN~1\Debug\libArduinoCore.a(wiring.o)
 .debug_loc     0x0000bb0f       0xfe D:\Users\Celine\ONEDRI~1.EDU\DOCUME~1\Schule\UNIVER~1\EECS47~1\Project\LIL_FI~1\LILFIS~1\LILFIS~1\ARDUIN~1\Debug\libArduinoCore.a(wiring_analog.o)
 .debug_loc     0x0000bc0d      0x5fc D:\Users\Celine\ONEDRI~1.EDU\DOCUME~1\Schule\UNIVER~1\EECS47~1\Project\LIL_FI~1\LILFIS~1\LILFIS~1\ARDUIN~1\Debug\libArduinoCore.a(wiring_digital.o)
 .debug_loc     0x0000c209      0x2b5 D:\Users\Celine\ONEDRI~1.EDU\DOCUME~1\Schule\UNIVER~1\EECS47~1\Project\LIL_FI~1\LILFIS~1\LILFIS~1\ARDUIN~1\Debug\libArduinoCore.a(FreqCount.o)

.debug_macinfo
 *(.debug_macinfo)

.debug_weaknames
 *(.debug_weaknames)

.debug_funcnames
 *(.debug_funcnames)

.debug_typenames
 *(.debug_typenames)

.debug_varnames
 *(.debug_varnames)

.debug_pubtypes
 *(.debug_pubtypes)

.debug_ranges   0x00000000      0xa00
 *(.debug_ranges)
 .debug_ranges  0x00000000       0x78 DFRobot_PH.o
 .debug_ranges  0x00000078       0xa0 main.o
 .debug_ranges  0x00000118       0x90 OneWire.o
 .debug_ranges  0x000001a8       0x38 phSensor.o
 .debug_ranges  0x000001e0       0x18 src/libraries/FreeRTOS/src/heap_3.o
 .debug_ranges  0x000001f8       0x30 src/libraries/FreeRTOS/src/list.o
 .debug_ranges  0x00000228       0x38 src/libraries/FreeRTOS/src/port.o
 .debug_ranges  0x00000260       0xd0 src/libraries/FreeRTOS/src/queue.o
 .debug_ranges  0x00000330      0x1d8 src/libraries/FreeRTOS/src/tasks.o
 .debug_ranges  0x00000508       0x80 src/libraries/FreeRTOS/src/timers.o
 .debug_ranges  0x00000588       0x28 src/libraries/FreeRTOS/src/variantHooks.o
 .debug_ranges  0x000005b0       0xb0 src/libraries/MD_TCS230/src/MD_TCS230.o