Archive member included to satisfy reference by file (symbol)

c:/program files (x86)/atmel/studio/7.0/toolchain/avr8/avr8-gnu-toolchain/bin/../lib/gcc/avr/5.4.0/../../../../avr/lib/avr5\libm.a(addsf3.o)
                              DFRobot_PH.o (__subsf3)
c:/program files (x86)/atmel/studio/7.0/toolchain/avr8/avr8-gnu-toolchain/bin/../lib/gcc/avr/5.4.0/../../../../avr/lib/avr5\libm.a(addsf3x.o)
                              c:/program files (x86)/atmel/studio/7.0/toolchain/avr8/avr8-gnu-toolchain/bin/../lib/gcc/avr/5.4.0/../../../../avr/lib/avr5\libm.a(addsf3.o) (__addsf3x)
c:/program files (x86)/atmel/studio/7.0/toolchain/avr8/avr8-gnu-toolchain/bin/../lib/gcc/avr/5.4.0/../../../../avr/lib/avr5\libm.a(cmpsf2.o)
                              main.o (__eqsf2)
c:/program files (x86)/atmel/studio/7.0/toolchain/avr8/avr8-gnu-toolchain/bin/../lib/gcc/avr/5.4.0/../../../../avr/lib/avr5\libm.a(divsf3.o)
                              DFRobot_PH.o (__divsf3)
c:/program files (x86)/atmel/studio/7.0/toolchain/avr8/avr8-gnu-toolchain/bin/../lib/gcc/avr/5.4.0/../../../../avr/lib/avr5\libm.a(divsf3x.o)
                              c:/program files (x86)/atmel/studio/7.0/toolchain/avr8/avr8-gnu-toolchain/bin/../lib/gcc/avr/5.4.0/../../../../avr/lib/avr5\libm.a(divsf3.o) (__divsf3x)
c:/program files (x86)/atmel/studio/7.0/toolchain/avr8/avr8-gnu-toolchain/bin/../lib/gcc/avr/5.4.0/../../../../avr/lib/avr5\libm.a(fixsfsi.o)
                              main.o (__fixsfsi)
c:/program files (x86)/atmel/studio/7.0/toolchain/avr8/avr8-gnu-toolchain/bin/../lib/gcc/avr/5.4.0/../../../../avr/lib/avr5\libm.a(fixunssfsi.o)
                              c:/program files (x86)/atmel/studio/7.0/toolchain/avr8/avr8-gnu-toolchain/bin/../lib/gcc/avr/5.4.0/../../../../avr/lib/avr5\libm.a(fixsfsi.o) (__fixunssfsi)
c:/program files (x86)/atmel/studio/7.0/toolchain/avr8/avr8-gnu-toolchain/bin/../lib/gcc/avr/5.4.0/../../../../avr/lib/avr5\libm.a(floatsisf.o)
                              main.o (__floatsisf)
c:/program files (x86)/atmel/studio/7.0/toolchain/avr8/avr8-gnu-toolchain/bin/../lib/gcc/avr/5.4.0/../../../../avr/lib/avr5\libm.a(fp_cmp.o)
                              c:/program files (x86)/atmel/studio/7.0/toolchain/avr8/avr8-gnu-toolchain/bin/../lib/gcc/avr/5.4.0/../../../../avr/lib/avr5\libm.a(cmpsf2.o) (__fp_cmp)
c:/program files (x86)/atmel/studio/7.0/toolchain/avr8/avr8-gnu-toolchain/bin/../lib/gcc/avr/5.4.0/../../../../avr/lib/avr5\libm.a(fp_inf.o)
                              c:/program files (x86)/atmel/studio/7.0/toolchain/avr8/avr8-gnu-toolchain/bin/../lib/gcc/avr/5.4.0/../../../../avr/lib/avr5\libm.a(addsf3x.o) (__fp_inf)
c:/program files (x86)/atmel/studio/7.0/toolchain/avr8/avr8-gnu-toolchain/bin/../lib/gcc/avr/5.4.0/../../../../avr/lib/avr5\libm.a(fp_nan.o)
                              c:/program files (x86)/atmel/studio/7.0/toolchain/avr8/avr8-gnu-toolchain/bin/../lib/gcc/avr/5.4.0/../../../../avr/lib/avr5\libm.a(addsf3x.o) (__fp_nan)
c:/program files (x86)/atmel/studio/7.0/toolchain/avr8/avr8-gnu-toolchain/bin/../lib/gcc/avr/5.4.0/../../../../avr/lib/avr5\libm.a(fp_pscA.o)
                              c:/program files (x86)/atmel/studio/7.0/toolchain/avr8/avr8-gnu-toolchain/bin/../lib/gcc/avr/5.4.0/../../../../avr/lib/avr5\libm.a(addsf3x.o) (__fp_pscA)
c:/program files (x86)/atmel/studio/7.0/toolchain/avr8/avr8-gnu-toolchain/bin/../lib/gcc/avr/5.4.0/../../../../avr/lib/avr5\libm.a(fp_pscB.o)
                              c:/program files (x86)/atmel/studio/7.0/toolchain/avr8/avr8-gnu-toolchain/bin/../lib/gcc/avr/5.4.0/../../../../avr/lib/avr5\libm.a(addsf3x.o) (__fp_pscB)
c:/program files (x86)/atmel/studio/7.0/toolchain/avr8/avr8-gnu-toolchain/bin/../lib/gcc/avr/5.4.0/../../../../avr/lib/avr5\libm.a(fp_round.o)
                              c:/program files (x86)/atmel/studio/7.0/toolchain/avr8/avr8-gnu-toolchain/bin/../lib/gcc/avr/5.4.0/../../../../avr/lib/avr5\libm.a(addsf3.o) (__fp_round)
c:/program files (x86)/atmel/studio/7.0/toolchain/avr8/avr8-gnu-toolchain/bin/../lib/gcc/avr/5.4.0/../../../../avr/lib/avr5\libm.a(fp_split3.o)
                              c:/program files (x86)/atmel/studio/7.0/toolchain/avr8/avr8-gnu-toolchain/bin/../lib/gcc/avr/5.4.0/../../../../avr/lib/avr5\libm.a(addsf3x.o) (__fp_split3)
c:/program files (x86)/atmel/studio/7.0/toolchain/avr8/avr8-gnu-toolchain/bin/../lib/gcc/avr/5.4.0/../../../../avr/lib/avr5\libm.a(fp_zero.o)
                              c:/program files (x86)/atmel/studio/7.0/toolchain/avr8/avr8-gnu-toolchain/bin/../lib/gcc/avr/5.4.0/../../../../avr/lib/avr5\libm.a(addsf3x.o) (__fp_zero)
c:/program files (x86)/atmel/studio/7.0/toolchain/avr8/avr8-gnu-toolchain/bin/../lib/gcc/avr/5.4.0/../../../../avr/lib/avr5\libm.a(gesf2.o)
                              DFRobot_PH.o (__gtsf2)
c:/program files (x86)/atmel/studio/7.0/toolchain/avr8/avr8-gnu-toolchain/bin/../lib/gcc/avr/5.4.0/../../../../avr/lib/avr5\libm.a(mulsf3.o)
[...]
Memory Configuration

Name             Origin             Length             Attributes
text             0x00000000         0x00020000         xr
data             0x00800060         0x0000ffa0         rw !x
eeprom           0x00810000         0x00010000         rw !x
fuse             0x00820000         0x00000003         rw !x
lock             0x00830000         0x00000400         rw !x
signature        0x00840000         0x00000400         rw !x
user_signatures  0x00850000         0x00000400         rw !x
*default*        0x00000000         0xffffffff

Linker script and memory map

Address of section .data set to 0x800100
LOAD C:/Program Files (x86)/Atmel/Studio/7.0/Packs/atmel/ATmega_DFP/1.2.209/gcc/dev/atmega328p/avr5/crtatmega328p.o
LOAD DFRobot_PH.o
LOAD main.o
LOAD OneWire.o
LOAD phSensor.o
LOAD src/libraries/MD_TCS230/src/MD_TCS230.o
START GROUP
LOAD c:/program files (x86)/atmel/studio/7.0/toolchain/avr8/avr8-gnu-toolchain/bin/../lib/gcc/avr/5.4.0/../../../../avr/lib/avr5\libm.a
LOAD C:\Users\theel\Desktop\lil_fish_tanks\LilFishTanks\LilFishTanks\ArduinoCore\Debug\libArduinoCore.a
END GROUP
LOAD c:/program files (x86)/atmel/studio/7.0/toolchain/avr8/avr8-gnu-toolchain/bin/../lib/gcc/avr/5.4.0/avr5\libgcc.a
LOAD c:/program files (x86)/atmel/studio/7.0/toolchain/avr8/avr8-gnu-toolchain/bin/../lib/gcc/avr/5.4.0/../../../../avr/lib/avr5\libm.a
START GROUP
LOAD c:/program files (x86)/atmel/studio/7.0/toolchain/avr8/avr8-gnu-toolchain/bin/../lib/gcc/avr/5.4.0/avr5\libgcc.a
LOAD c:/program files (x86)/atmel/studio/7.0/toolchain/avr8/avr8-gnu-toolchain/bin/../lib/gcc/avr/5.4.0/../../../../avr/lib/avr5\libm.a
LOAD c:/program files (x86)/atmel/studio/7.0/toolchain/avr8/avr8-gnu-toolchain/bin/../lib/gcc/avr/5.4.0/../../../../avr/lib/avr5\libc.a
LOAD C:/Program Files (x86)/Atmel/Studio/7.0/Packs/atmel/ATmega_DFP/1.2.209/gcc/dev/atmega328p/avr5\libatmega328p.a
END GROUP
                0x00000000                __TEXT_REGION_ORIGIN__ = DEFINED (__TEXT_REGION_ORIGIN__)?__TEXT_REGION_ORIGIN__:0x0
                0x00800060                __DATA_REGION_ORIGIN__ = DEFINED (__DATA_REGION_ORIGIN__)?__DATA_REGION_ORIGIN__:0x800060
                0x00020000                __TEXT_REGION_LENGTH__ = DEFINED (__TEXT_REGION_LENGTH__)?__TEXT_REGION_LENGTH__:0x20000
                0x0000ffa0                __DATA_REGION_LENGTH__ = DEFINED (__DATA_REGION_LENGTH__)?__DATA_REGION_LENGTH__:0xffa0
                0x00010000                __EEPROM_REGION_LENGTH__ = DEFINED (__EEPROM_REGION_LENGTH__)?__EEPROM_REGION_LENGTH__:0x10000
                [0x00000003]                __FUSE_REGION_LENGTH__ = DEFINED (__FUSE_REGION_LENGTH__)?__FUSE_REGION_LENGTH__:0x400
                0x00000400                __LOCK_REGION_LENGTH__ = DEFINED (__LOCK_REGION_LENGTH__)?__LOCK_REGION_LENGTH__:0x400
                0x00000400                __SIGNATURE_REGION_LENGTH__ = DEFINED (__SIGNATURE_REGION_LENGTH__)?__SIGNATURE_REGION_LENGTH__:0x400
                0x00000400                __USER_SIGNATURE_REGION_LENGTH__ = DEFINED (__USER_SIGNATURE_REGION_LENGTH__)?__USER_SIGNATURE_REGION_LENGTH__:0x400

.hash
 *(.hash)

.dynsym
 *(.dynsym)

.dynstr
 *(.dynstr)

.gnu.version
 *(.gnu.version)

.gnu.version_d
 *(.gnu.version_d)

.gnu.version_r
 *(.gnu.version_r)

.rel.init
 *(.rel.init)

.rela.init
 *(.rela.init)

.rel.text
 *(.rel.text)
 *(.rel.text.*)
 *(.rel.gnu.linkonce.t*)

.rela.text
 *(.rela.text)
 *(.rela.text.*)
 *(.rela.gnu.linkonce.t*)

.rel.fini
 *(.rel.fini)

.rela.fini
 *(.rela.fini)

.rel.rodata
 *(.rel.rodata)
 *(.rel.rodata.*)
 *(.rel.gnu.linkonce.r*)

.rela.rodata
 *(.rela.rodata)
 *(.rela.rodata.*)
 *(.rela.gnu.linkonce.r*)

.rel.data
 *(.rel.data)
 *(.rel.data.*)
 *(.rel.gnu.linkonce.d*)

.rela.data
 *(.rela.data)
 *(.rela.data.*)
 *(.rela.gnu.linkonce.d*)

.rel.ctors
 *(.rel.ctors)

.rela.ctors
 *(.rela.ctors)

.rel.dtors
 *(.rel.dtors)

.rela.dtors
 *(.rela.dtors)

.rel.got
 *(.rel.got)

.rela.got
 *(.rela.got)

.rel.bss
 *(.rel.bss)

.rela.bss
 *(.rela.bss)

.rel.plt
 *(.rel.plt)

.rela.plt
 *(.rela.plt)

.text           0x00000000     0x4614
 *(.vectors)
 .vectors       0x00000000       0x68 C:/Program Files (x86)/Atmel/Studio/7.0/Packs/atmel/ATmega_DFP/1.2.209/gcc/dev/atmega328p/avr5/crtatmega328p.o
                0x00000000                __vector_default
                0x00000000                __vectors
 *(.vectors)
 *(.progmem.gcc*)
 .progmem.gcc_sw_table.prvTimerTask
                0x00000068       0x14 C:\Users\theel\Desktop\lil_fish_tanks\LilFishTanks\LilFishTanks\ArduinoCore\Debug\libArduinoCore.a(timers.o)
                0x0000007c                . = ALIGN (0x2)
                0x0000007c                __trampolines_start = .
 *(.trampolines)
 .trampolines   0x0000007c        0x0 linker stubs
 *(.trampolines*)
                0x0000007c                __trampolines_end = .
 *libprintf_flt.a:*(.progmem.data)
 *libc.a:*(.progmem.data)
 *(.progmem*)
 .progmem.data._ZZ9SameColorvE3__c
                0x0000007c       0x16 main.o
 .progmem.data._ZL15dscrc2x16_table
                0x00000092       0x20 OneWire.o
 .progmem.data.digital_pin_to_timer_PGM
                0x000000b2       0x14 C:\Users\theel\Desktop\lil_fish_tanks\LilFishTanks\LilFishTanks\ArduinoCore\Debug\libArduinoCore.a(wiring_digital.o)
                0x000000b2                digital_pin_to_timer_PGM
 .progmem.data.digital_pin_to_bit_mask_PGM
                0x000000c6       0x14 C:\Users\theel\Desktop\lil_fish_tanks\LilFishTanks\LilFishTanks\ArduinoCore\Debug\libArduinoCore.a(wiring_digital.o)
                0x000000c6                digital_pin_to_bit_mask_PGM
 .progmem.data.digital_pin_to_port_PGM
                0x000000da       0x14 C:\Users\theel\Desktop\lil_fish_tanks\LilFishTanks\LilFishTanks\ArduinoCore\Debug\libArduinoCore.a(wiring_digital.o)
                0x000000da                digital_pin_to_port_PGM
 .progmem.data.port_to_input_PGM
                0x000000ee        0xa C:\Users\theel\Desktop\lil_fish_tanks\LilFishTanks\LilFishTanks\ArduinoCore\Debug\libArduinoCore.a(wiring_digital.o)
                0x000000ee                port_to_input_PGM
 .progmem.data.port_to_output_PGM
                0x000000f8        0xa C:\Users\theel\Desktop\lil_fish_tanks\LilFishTanks\LilFishTanks\ArduinoCore\Debug\libArduinoCore.a(wiring_digital.o)
                0x000000f8                port_to_output_PGM
 .progmem.data.port_to_mode_PGM
                0x00000102        0xa C:\Users\theel\Desktop\lil_fish_tanks\LilFishTanks\LilFishTanks\ArduinoCore\Debug\libArduinoCore.a(wiring_digital.o)
                0x00000102                port_to_mode_PGM
                0x0000010c                . = ALIGN (0x2)
 *(.jumptables)
 *(.jumptables*)
 *(.lowtext)
 *(.lowtext*)
                0x0000010c                __ctors_start = .
 *(.ctors)
 .ctors         0x0000010c        0x2 main.o
 .ctors         0x0000010e        0x2 phSensor.o
 .ctors         0x00000110        0x2 C:\Users\theel\Desktop\lil_fish_tanks\LilFishTanks\LilFishTanks\ArduinoCore\Debug\libArduinoCore.a(HardwareSerial0.o)
                0x00000112                __ctors_end = .
                0x00000112                __dtors_start = .
 *(.dtors)
 .dtors         0x00000112        0x2 main.o
 .dtors         0x00000114        0x2 phSensor.o
                0x00000116                __dtors_end = .
 SORT(*)(.ctors)
 SORT(*)(.dtors)
 *(.init0)
 .init0         0x00000116        0x0 C:/Program Files (x86)/Atmel/Studio/7.0/Packs/atmel/ATmega_DFP/1.2.209/gcc/dev/atmega328p/avr5/crtatmega328p.o
                0x00000116                __init
 *(.init0)
 *(.init1)
 *(.init1)
 *(.init2)
 .init2         0x00000116        0xc C:/Program Files (x86)/Atmel/Studio/7.0/Packs/atmel/ATmega_DFP/1.2.209/gcc/dev/atmega328p/avr5/crtatmega328p.o
 *(.init2)
 *(.init3)
 *(.init3)
 *(.init4)
 .init4         0x00000122       0x16 c:/program files (x86)/atmel/studio/7.0/toolchain/avr8/avr8-gnu-toolchain/bin/../lib/gcc/avr/5.4.0/avr5\libgcc.a(_copy_data.o)
                0x00000122                __do_copy_data
 .init4         0x00000138       0x10 c:/program files (x86)/atmel/studio/7.0/toolchain/avr8/avr8-gnu-toolchain/bin/../lib/gcc/avr/5.4.0/avr5\libgcc.a(_clear_bss.o)
                0x00000138                __do_clear_bss
 *(.init4)
 *(.init5)
 *(.init5)
 *(.init6)
 .init6         0x00000148       0x16 c:/program files (x86)/atmel/studio/7.0/toolchain/avr8/avr8-gnu-toolchain/bin/../lib/gcc/avr/5.4.0/avr5\libgcc.a(_ctors.o)
                0x00000148                __do_global_ctors
 *(.init6)
 *(.init7)
 *(.init7)
 *(.init8)
 *(.init8)
 *(.init9)
 .init9         0x0000015e        0x8 C:/Program Files (x86)/Atmel/Studio/7.0/Packs/atmel/ATmega_DFP/1.2.209/gcc/dev/atmega328p/avr5/crtatmega328p.o
 *(.init9)
 *(.text)
 .text          0x00000166        0x4 C:/Program Files (x86)/Atmel/Studio/7.0/Packs/atmel/ATmega_DFP/1.2.209/gcc/dev/atmega328p/avr5/crtatmega328p.o
                0x00000166                __vector_22
                0x00000166                __vector_24
                0x00000166                __vector_12
                0x00000166                __bad_interrupt
                0x00000166                __vector_3
                0x00000166                __vector_23
                0x00000166                __vector_25
                0x00000166                __vector_11
                0x00000166                __vector_13
                0x00000166                __vector_17
                0x00000166                __vector_5
                0x00000166                __vector_4
                0x00000166                __vector_9
                0x00000166                __vector_21
                0x00000166                __vector_15
                0x00000166                __vector_8
                0x00000166                __vector_14
                0x00000166                __vector_10
                0x00000166                __vector_20
                0x0000016a                . = ALIGN (0x2)
 *(.text.*)
 .text._ZN11EEPROMClass4readEi.isra.0
                0x0000016a        0x4 DFRobot_PH.o
 .text._ZN10DFRobot_PHC2Ev
                0x0000016e       0x4c DFRobot_PH.o
                0x0000016e                _ZN10DFRobot_PHC1Ev
                0x0000016e                _ZN10DFRobot_PHC2Ev
 .text._ZN10DFRobot_PHD2Ev
                0x000001ba        0x2 DFRobot_PH.o
                0x000001ba                _ZN10DFRobot_PHD2Ev
                0x000001ba                _ZN10DFRobot_PHD1Ev
 .text._ZN10DFRobot_PH5beginEv
                0x000001bc      0x15e DFRobot_PH.o
                0x000001bc                _ZN10DFRobot_PH5beginEv
 .text._ZN5Print5writeEPKc
                0x0000031a       0x2a main.o
                0x0000031a                _ZN5Print5writeEPKc
 .text._ZN14HardwareSerial5writeEi
                0x00000344        0xe main.o
                0x00000344                _ZN14HardwareSerial5writeEi
 .text._Z11measureTempv
                0x00000352      0x16c main.o
                0x00000352                _Z11measureTempv
 .text._Z9addColorsv
                0x000004be      0x284 main.o
                0x000004be                _Z9addColorsv
 .text._Z9SameColorv
                0x00000742      0x12e main.o
                0x00000742                _Z9SameColorv
 .text._Z9FindMatchv
                0x00000870      0x108 main.o
                0x00000870                _Z9FindMatchv
 .text._Z9ScanColorv
                0x00000978       0x76 main.o
                0x00000978                _Z9ScanColorv
 .text._Z13findTestStripv
                0x000009ee       0xde main.o
                0x000009ee                _Z13findTestStripv
 .text._Z6setLED8LEDColor
                0x00000acc       0x48 main.o
                0x00000acc                _Z6setLED8LEDColor
 .text._Z15TaskColorSensorPv
                0x00000b14      0x168 main.o
                0x00000b14                _Z15TaskColorSensorPv
 .text._Z20TaskPHandTemperaturePv
                0x00000c7c      0x1a6 main.o
                0x00000c7c                _Z20TaskPHandTemperaturePv
 .text._Z8setupLEDv
                0x00000e22       0x34 main.o
                0x00000e22                _Z8setupLEDv
 .text.setup    0x00000e56       0xd8 main.o
                0x00000e56                setup
 .text.loop     0x00000f2e        0x2 main.o
                0x00000f2e                loop
 .text.startup._GLOBAL__sub_I_ds
                0x00000f30       0x18 main.o
 .text.exit._GLOBAL__sub_D_ds
                0x00000f48        0x8 main.o
 .text._Z8fromWifiv
                0x00000f50       0xe8 main.o
                0x00000f50                _Z8fromWifiv
 .text._ZN7OneWire5resetEv
                0x00001038       0x7e OneWire.o
                0x00001038                _ZN7OneWire5resetEv
 .text._ZN7OneWire9write_bitEh
                0x000010b6       0x66 OneWire.o
                0x000010b6                _ZN7OneWire9write_bitEh
 .text._ZN7OneWire8read_bitEv
                0x0000111c       0x56 OneWire.o
                0x0000111c                _ZN7OneWire8read_bitEv
 .text._ZN7OneWire5writeEhh
                0x00001172       0x68 OneWire.o
                0x00001172                _ZN7OneWire5writeEhh
 .text._ZN7OneWire4readEv
                0x000011da       0x38 OneWire.o
                0x000011da                _ZN7OneWire4readEv
 .text._ZN7OneWire6selectEPKh
                0x00001212       0x3e OneWire.o
                0x00001212                _ZN7OneWire6selectEPKh
 .text._ZN7OneWire12reset_searchEv
                0x00001250       0x18 OneWire.o
                0x00001250                _ZN7OneWire12reset_searchEv
 .text._ZN7OneWire5beginEh
                0x00001268       0x46 OneWire.o
                0x00001268                _ZN7OneWire5beginEh
 .text._ZN7OneWire6searchEPhb
                0x000012ae      0x10e OneWire.o
                0x000012ae                _ZN7OneWire6searchEPhb
 .text._ZN7OneWire4crc8EPKhh
                0x000013bc       0x30 OneWire.o
                0x000013bc                _ZN7OneWire4crc8EPKhh
 .text._Z6phInitv
                0x000013ec        0x8 phSensor.o
                0x000013ec                _Z6phInitv
 .text.startup._GLOBAL__sub_I_ph
                0x000013f4        0x8 phSensor.o
 .text.exit._GLOBAL__sub_D_ph
                0x000013fc        0x8 phSensor.o
 .text._ZN9MD_TCS23010initialiseEv
                0x00001404       0x4e src/libraries/MD_TCS230/src/MD_TCS230.o
                0x00001404                _ZN9MD_TCS23010initialiseEv
 .text._ZN9MD_TCS230C2Ehhh
                0x00001452       0x28 src/libraries/MD_TCS230/src/MD_TCS230.o
                0x00001452                _ZN9MD_TCS230C1Ehhh
                0x00001452                _ZN9MD_TCS230C2Ehhh
 .text._ZN9MD_TCS230D2Ev
                0x0000147a        0x2 src/libraries/MD_TCS230/src/MD_TCS230.o
                0x0000147a                _ZN9MD_TCS230D2Ev
                0x0000147a                _ZN9MD_TCS230D1Ev
 .text._ZN9MD_TCS2309setFilterEh
                0x0000147c       0x4c src/libraries/MD_TCS230/src/MD_TCS230.o
                0x0000147c                _ZN9MD_TCS2309setFilterEh
 .text._ZN9MD_TCS23013setFrequency2Eh
                0x000014c8       0x4c src/libraries/MD_TCS230/src/MD_TCS230.o
                0x000014c8                _ZN9MD_TCS23013setFrequency2Eh
 .text._ZN9MD_TCS2309setEnableEb
                0x00001514       0x22 src/libraries/MD_TCS230/src/MD_TCS230.o
                0x00001514                _ZN9MD_TCS2309setEnableEb
 .text._ZN9MD_TCS2305beginEv
                0x00001536       0x56 src/libraries/MD_TCS230/src/MD_TCS230.o
                0x00001536                _ZN9MD_TCS2305beginEv
 .text._ZN9MD_TCS2306getRGBEP9colorData
                0x0000158c       0x20 src/libraries/MD_TCS230/src/MD_TCS230.o
                0x0000158c                _ZN9MD_TCS2306getRGBEP9colorData
 .text._ZN9MD_TCS23017RGBTransformationEv
                0x000015ac       0xb8 src/libraries/MD_TCS230/src/MD_TCS230.o
                0x000015ac                _ZN9MD_TCS23017RGBTransformationEv
 .text._ZN9MD_TCS2307readFSMEh
                0x00001664       0xbc src/libraries/MD_TCS230/src/MD_TCS230.o
                0x00001664                _ZN9MD_TCS2307readFSMEh
 .text._ZN9MD_TCS2304readEv
                0x00001720       0x14 src/libraries/MD_TCS230/src/MD_TCS230.o
                0x00001720                _ZN9MD_TCS2304readEv
 .text._ZN9MD_TCS2309availableEv
                0x00001734       0x1c src/libraries/MD_TCS230/src/MD_TCS230.o
                0x00001734                _ZN9MD_TCS2309availableEv
 .text.avr-libc.fplib
                0x00001750        0xe c:/program files (x86)/atmel/studio/7.0/toolchain/avr8/avr8-gnu-toolchain/bin/../lib/gcc/avr/5.4.0/../../../../avr/lib/avr5\libm.a(addsf3.o)
                0x00001750                __subsf3
                0x00001752                __addsf3
 .text.avr-libc.fplib
                0x0000175e       0xcc c:/program files (x86)/atmel/studio/7.0/toolchain/avr8/avr8-gnu-toolchain/bin/../lib/gcc/avr/5.4.0/../../../../avr/lib/avr5\libm.a(addsf3x.o)
                0x00001780                __addsf3x
 .text.avr-libc.fplib
                0x0000182a        0xa c:/program files (x86)/atmel/studio/7.0/toolchain/avr8/avr8-gnu-toolchain/bin/../lib/gcc/avr/5.4.0/../../../../avr/lib/avr5\libm.a(cmpsf2.o)
                0x0000182a                __nesf2
                0x0000182a                __eqsf2
                0x0000182a                __cmpsf2
                0x0000182a                __ltsf2
                0x0000182a                __lesf2
 .text.avr-libc.fplib
                0x00001834        0x8 c:/program files (x86)/atmel/studio/7.0/toolchain/avr8/avr8-gnu-toolchain/bin/../lib/gcc/avr/5.4.0/../../../../avr/lib/avr5\libm.a(divsf3.o)
                0x00001834                __divsf3
 .text.avr-libc.fplib
                0x0000183c       0xdc c:/program files (x86)/atmel/studio/7.0/toolchain/avr8/avr8-gnu-toolchain/bin/../lib/gcc/avr/5.4.0/../../../../avr/lib/avr5\libm.a(divsf3x.o)
                0x0000185c                __divsf3x
                0x00001862                __divsf3_pse
 .text.avr-libc.fplib
                0x00001918        0xe c:/program files (x86)/atmel/studio/7.0/toolchain/avr8/avr8-gnu-toolchain/bin/../lib/gcc/avr/5.4.0/../../../../avr/lib/avr5\libm.a(fixsfsi.o)
                0x00001918                __fixsfsi
 .text.avr-libc.fplib
                0x00001926       0x5e c:/program files (x86)/atmel/studio/7.0/toolchain/avr8/avr8-gnu-toolchain/bin/../lib/gcc/avr/5.4.0/../../../../avr/lib/avr5\libm.a(fixunssfsi.o)
                0x00001926                __fixunssfsi
 .text.avr-libc.fplib
                0x00001984       0x7a c:/program files (x86)/atmel/studio/7.0/toolchain/avr8/avr8-gnu-toolchain/bin/../lib/gcc/avr/5.4.0/../../../../avr/lib/avr5\libm.a(floatsisf.o)
                0x00001984                __floatunsisf
                0x00001988                __floatsisf
 .text.avr-libc.fplib
                0x000019fe       0x48 c:/program files (x86)/atmel/studio/7.0/toolchain/avr8/avr8-gnu-toolchain/bin/../lib/gcc/avr/5.4.0/../../../../avr/lib/avr5\libm.a(fp_cmp.o)
                0x000019fe                __fp_cmp
 .text.avr-libc.fplib
                0x00001a46        0xc c:/program files (x86)/atmel/studio/7.0/toolchain/avr8/avr8-gnu-toolchain/bin/../lib/gcc/avr/5.4.0/../../../../avr/lib/avr5\libm.a(fp_inf.o)
                0x00001a46                __fp_inf
 .text.avr-libc.fplib
                0x00001a52        0x6 c:/program files (x86)/atmel/studio/7.0/toolchain/avr8/avr8-gnu-toolchain/bin/../lib/gcc/avr/5.4.0/../../../../avr/lib/avr5\libm.a(fp_nan.o)
                0x00001a52                __fp_nan
 .text.avr-libc.fplib
                0x00001a58        0xe c:/program files (x86)/atmel/studio/7.0/toolchain/avr8/avr8-gnu-toolchain/bin/../lib/gcc/avr/5.4.0/../../../../avr/lib/avr5\libm.a(fp_pscA.o)
                0x00001a58                __fp_pscA
 .text.avr-libc.fplib
                0x00001a66        0xe c:/program files (x86)/atmel/studio/7.0/toolchain/avr8/avr8-gnu-toolchain/bin/../lib/gcc/avr/5.4.0/../../../../avr/lib/avr5\libm.a(fp_pscB.o)
                0x00001a66                __fp_pscB
 .text.avr-libc.fplib
                0x00001a74       0x22 c:/program files (x86)/atmel/studio/7.0/toolchain/avr8/avr8-gnu-toolchain/bin/../lib/gcc/avr/5.4.0/../../../../avr/lib/avr5\libm.a(fp_round.o)
                0x00001a74                __fp_round
 .text.avr-libc.fplib
                0x00001a96       0x44 c:/program files (x86)/atmel/studio/7.0/toolchain/avr8/avr8-gnu-toolchain/bin/../lib/gcc/avr/5.4.0/../../../../avr/lib/avr5\libm.a(fp_split3.o)
                0x00001a96                __fp_split3
                0x00001aa6                __fp_splitA
 .text.avr-libc.fplib
                0x00001ada        0xe c:/program files (x86)/atmel/studio/7.0/toolchain/avr8/avr8-gnu-toolchain/bin/../lib/gcc/avr/5.4.0/../../../../avr/lib/avr5\libm.a(fp_zero.o)
                0x00001ada                __fp_zero
                0x00001adc                __fp_szero
 .text.avr-libc.fplib
                0x00001ae8        0xa c:/program files (x86)/atmel/studio/7.0/toolchain/avr8/avr8-gnu-toolchain/bin/../lib/gcc/avr/5.4.0/../../../../avr/lib/avr5\libm.a(gesf2.o)
                0x00001ae8                __gesf2
                0x00001ae8                __gtsf2
 .text.avr-libc.fplib
                0x00001af2        0x8 c:/program files (x86)/atmel/studio/7.0/toolchain/avr8/avr8-gnu-toolchain/bin/../lib/gcc/avr/5.4.0/../../../../avr/lib/avr5\libm.a(mulsf3.o)
                0x00001af2                __mulsf3
 .text.avr-libc.fplib
                0x00001afa       0xd2 c:/program files (x86)/atmel/studio/7.0/toolchain/avr8/avr8-gnu-toolchain/bin/../lib/gcc/avr/5.4.0/../../../../avr/lib/avr5\libm.a(mulsf3x.o)
                0x00001b18                __mulsf3x
                0x00001b1e                __mulsf3_pse
 .text._ZN14HardwareSerial9availableEv
                0x00001bcc       0x18 C:\Users\theel\Desktop\lil_fish_tanks\LilFishTanks\LilFishTanks\ArduinoCore\Debug\libArduinoCore.a(HardwareSerial.o)
                0x00001bcc                _ZN14HardwareSerial9availableEv
 .text._ZN14HardwareSerial4peekEv
                0x00001be4       0x1c C:\Users\theel\Desktop\lil_fish_tanks\LilFishTanks\LilFishTanks\ArduinoCore\Debug\libArduinoCore.a(HardwareSerial.o)
                0x00001be4                _ZN14HardwareSerial4peekEv
 .text._ZN14HardwareSerial4readEv
                0x00001c00       0x28 C:\Users\theel\Desktop\lil_fish_tanks\LilFishTanks\LilFishTanks\ArduinoCore\Debug\libArduinoCore.a(HardwareSerial.o)
                0x00001c00                _ZN14HardwareSerial4readEv
 .text._ZN14HardwareSerial17availableForWriteEv
                0x00001c28       0x1e C:\Users\theel\Desktop\lil_fish_tanks\LilFishTanks\LilFishTanks\ArduinoCore\Debug\libArduinoCore.a(HardwareSerial.o)
                0x00001c28                _ZN14HardwareSerial17availableForWriteEv
 .text._Z14serialEventRunv
                0x00001c46       0x1c C:\Users\theel\Desktop\lil_fish_tanks\LilFishTanks\LilFishTanks\ArduinoCore\Debug\libArduinoCore.a(HardwareSerial.o)
                0x00001c46                _Z14serialEventRunv
 .text._ZN14HardwareSerial17_tx_udr_empty_irqEv
                0x00001c62       0x44 C:\Users\theel\Desktop\lil_fish_tanks\LilFishTanks\LilFishTanks\ArduinoCore\Debug\libArduinoCore.a(HardwareSerial.o)
                0x00001c62                _ZN14HardwareSerial17_tx_udr_empty_irqEv
 .text._ZN14HardwareSerial5writeEh
                0x00001ca6       0x9a C:\Users\theel\Desktop\lil_fish_tanks\LilFishTanks\LilFishTanks\ArduinoCore\Debug\libArduinoCore.a(HardwareSerial.o)
                0x00001ca6                _ZN14HardwareSerial5writeEh
 .text._ZN14HardwareSerial5flushEv
                0x00001d40       0x44 C:\Users\theel\Desktop\lil_fish_tanks\LilFishTanks\LilFishTanks\ArduinoCore\Debug\libArduinoCore.a(HardwareSerial.o)
                0x00001d40                _ZN14HardwareSerial5flushEv
 .text._ZN14HardwareSerial5beginEmh
                0x00001d84       0xca C:\Users\theel\Desktop\lil_fish_tanks\LilFishTanks\LilFishTanks\ArduinoCore\Debug\libArduinoCore.a(HardwareSerial.o)
                0x00001d84                _ZN14HardwareSerial5beginEmh
 .text.__vector_18
                0x00001e4e       0x64 C:\Users\theel\Desktop\lil_fish_tanks\LilFishTanks\LilFishTanks\ArduinoCore\Debug\libArduinoCore.a(HardwareSerial0.o)
                0x00001e4e                __vector_18
 .text.__vector_19
                0x00001eb2       0x4c C:\Users\theel\Desktop\lil_fish_tanks\LilFishTanks\LilFishTanks\ArduinoCore\Debug\libArduinoCore.a(HardwareSerial0.o)
                0x00001eb2                __vector_19
 .text._Z17Serial0_availablev
                0x00001efe       0x14 C:\Users\theel\Desktop\lil_fish_tanks\LilFishTanks\LilFishTanks\ArduinoCore\Debug\libArduinoCore.a(HardwareSerial0.o)
                0x00001efe                _Z17Serial0_availablev
 .text.startup._GLOBAL__sub_I___vector_18
                0x00001f12       0x5a C:\Users\theel\Desktop\lil_fish_tanks\LilFishTanks\LilFishTanks\ArduinoCore\Debug\libArduinoCore.a(HardwareSerial0.o)
 .text.startup.main
                0x00001f6c       0x1e C:\Users\theel\Desktop\lil_fish_tanks\LilFishTanks\LilFishTanks\ArduinoCore\Debug\libArduinoCore.a(main.o)
                0x00001f6c                main
 .text._ZN5Print5writeEPKhj
                0x00001f8a       0x54 C:\Users\theel\Desktop\lil_fish_tanks\LilFishTanks\LilFishTanks\ArduinoCore\Debug\libArduinoCore.a(Print.o)
                0x00001f8a                _ZN5Print5writeEPKhj
 .text._ZN5Print5printEPK19__FlashStringHelper
                0x00001fde       0x48 C:\Users\theel\Desktop\lil_fish_tanks\LilFishTanks\LilFishTanks\ArduinoCore\Debug\libArduinoCore.a(Print.o)
                0x00001fde                _ZN5Print5printEPK19__FlashStringHelper
 .text._ZN5Print5printEPKc
                0x00002026        0x4 C:\Users\theel\Desktop\lil_fish_tanks\LilFishTanks\LilFishTanks\ArduinoCore\Debug\libArduinoCore.a(Print.o)
                0x00002026                _ZN5Print5printEPKc
 .text._ZN5Print5printEc
                0x0000202a        0xe C:\Users\theel\Desktop\lil_fish_tanks\LilFishTanks\LilFishTanks\ArduinoCore\Debug\libArduinoCore.a(Print.o)
                0x0000202a                _ZN5Print5printEc
 .text._ZN5Print7printlnEv
                0x00002038        0x8 C:\Users\theel\Desktop\lil_fish_tanks\LilFishTanks\LilFishTanks\ArduinoCore\Debug\libArduinoCore.a(Print.o)
                0x00002038                _ZN5Print7printlnEv
 .text._ZN5Print7printlnEPKc
                0x00002040       0x24 C:\Users\theel\Desktop\lil_fish_tanks\LilFishTanks\LilFishTanks\ArduinoCore\Debug\libArduinoCore.a(Print.o)
                0x00002040                _ZN5Print7printlnEPKc
 .text._ZN5Print11printNumberEmh
                0x00002064       0x92 C:\Users\theel\Desktop\lil_fish_tanks\LilFishTanks\LilFishTanks\ArduinoCore\Debug\libArduinoCore.a(Print.o)
                0x00002064                _ZN5Print11printNumberEmh
 .text._ZN5Print5printEmi
                0x000020f6       0x1a C:\Users\theel\Desktop\lil_fish_tanks\LilFishTanks\LilFishTanks\ArduinoCore\Debug\libArduinoCore.a(Print.o)
                0x000020f6                _ZN5Print5printEmi
 .text._ZN5Print5printEhi
                0x00002110        0xe C:\Users\theel\Desktop\lil_fish_tanks\LilFishTanks\LilFishTanks\ArduinoCore\Debug\libArduinoCore.a(Print.o)
                0x00002110                _ZN5Print5printEhi
 .text._ZN5Print7printlnEhi
                0x0000211e       0x24 C:\Users\theel\Desktop\lil_fish_tanks\LilFishTanks\LilFishTanks\ArduinoCore\Debug\libArduinoCore.a(Print.o)
                0x0000211e                _ZN5Print7printlnEhi
 .text._ZN5Print5printEji
                0x00002142        0xc C:\Users\theel\Desktop\lil_fish_tanks\LilFishTanks\LilFishTanks\ArduinoCore\Debug\libArduinoCore.a(Print.o)
                0x00002142                _ZN5Print5printEji
 .text._ZN5Print5printEli
                0x0000214e       0x90 C:\Users\theel\Desktop\lil_fish_tanks\LilFishTanks\LilFishTanks\ArduinoCore\Debug\libArduinoCore.a(Print.o)
                0x0000214e                _ZN5Print5printEli
 .text._ZN5Print5printEii
                0x000021de        0xe C:\Users\theel\Desktop\lil_fish_tanks\LilFishTanks\LilFishTanks\ArduinoCore\Debug\libArduinoCore.a(Print.o)
                0x000021de                _ZN5Print5printEii
 .text._ZN5Print7printlnEii
                0x000021ec       0x24 C:\Users\theel\Desktop\lil_fish_tanks\LilFishTanks\LilFishTanks\ArduinoCore\Debug\libArduinoCore.a(Print.o)
                0x000021ec                _ZN5Print7printlnEii
 .text._ZN5Print10printFloatEdh
                0x00002210      0x1b6 C:\Users\theel\Desktop\lil_fish_tanks\LilFishTanks\LilFishTanks\ArduinoCore\Debug\libArduinoCore.a(Print.o)
                0x00002210                _ZN5Print10printFloatEdh
 .text._ZN5Print5printEdi
                0x000023c6        0x4 C:\Users\theel\Desktop\lil_fish_tanks\LilFishTanks\LilFishTanks\ArduinoCore\Debug\libArduinoCore.a(Print.o)
                0x000023c6                _ZN5Print5printEdi
 .text._ZN5Print7printlnEdi
                0x000023ca       0x24 C:\Users\theel\Desktop\lil_fish_tanks\LilFishTanks\LilFishTanks\ArduinoCore\Debug\libArduinoCore.a(Print.o)
                0x000023ca                _ZN5Print7printlnEdi
 .text.nothing  0x000023ee        0x2 C:\Users\theel\Desktop\lil_fish_tanks\LilFishTanks\LilFishTanks\ArduinoCore\Debug\libArduinoCore.a(WInterrupts.o)
 .text.attachInterrupt
                0x000023f0       0x40 C:\Users\theel\Desktop\lil_fish_tanks\LilFishTanks\LilFishTanks\ArduinoCore\Debug\libArduinoCore.a(WInterrupts.o)
                0x000023f0                attachInterrupt
 .text.__vector_1
                0x00002430       0x4e C:\Users\theel\Desktop\lil_fish_tanks\LilFishTanks\LilFishTanks\ArduinoCore\Debug\libArduinoCore.a(WInterrupts.o)
                0x00002430                __vector_1
 .text.__vector_2
                0x0000247e       0x4e C:\Users\theel\Desktop\lil_fish_tanks\LilFishTanks\LilFishTanks\ArduinoCore\Debug\libArduinoCore.a(WInterrupts.o)
                0x0000247e                __vector_2
 .text.__vector_16
                0x000024cc       0x94 C:\Users\theel\Desktop\lil_fish_tanks\LilFishTanks\LilFishTanks\ArduinoCore\Debug\libArduinoCore.a(wiring.o)
                0x000024cc                __vector_16
 .text.micros   0x00002560       0x4a C:\Users\theel\Desktop\lil_fish_tanks\LilFishTanks\LilFishTanks\ArduinoCore\Debug\libArduinoCore.a(wiring.o)
                0x00002560                micros
 .text.delay    0x000025aa       0x78 C:\Users\theel\Desktop\lil_fish_tanks\LilFishTanks\LilFishTanks\ArduinoCore\Debug\libArduinoCore.a(wiring.o)
                0x000025aa                delay
 .text.delayMicroseconds
                0x00002622       0x16 C:\Users\theel\Desktop\lil_fish_tanks\LilFishTanks\LilFishTanks\ArduinoCore\Debug\libArduinoCore.a(wiring.o)
                0x00002622                delayMicroseconds
 .text.init     0x00002638       0x76 C:\Users\theel\Desktop\lil_fish_tanks\LilFishTanks\LilFishTanks\ArduinoCore\Debug\libArduinoCore.a(wiring.o)
                0x00002638                init
 .text.analogRead
                0x000026ae       0x3a C:\Users\theel\Desktop\lil_fish_tanks\LilFishTanks\LilFishTanks\ArduinoCore\Debug\libArduinoCore.a(wiring_analog.o)
                0x000026ae                analogRead
 .text.analogWrite
                0x000026e8       0xbe C:\Users\theel\Desktop\lil_fish_tanks\LilFishTanks\LilFishTanks\ArduinoCore\Debug\libArduinoCore.a(wiring_analog.o)
                0x000026e8                analogWrite
 .text.turnOffPWM
                0x000027a6       0x52 C:\Users\theel\Desktop\lil_fish_tanks\LilFishTanks\LilFishTanks\ArduinoCore\Debug\libArduinoCore.a(wiring_digital.o)
 .text.pinMode  0x000027f8       0x78 C:\Users\theel\Desktop\lil_fish_tanks\LilFishTanks\LilFishTanks\ArduinoCore\Debug\libArduinoCore.a(wiring_digital.o)
                0x000027f8                pinMode
 .text.digitalWrite
                0x00002870       0x5e C:\Users\theel\Desktop\lil_fish_tanks\LilFishTanks\LilFishTanks\ArduinoCore\Debug\libArduinoCore.a(wiring_digital.o)
                0x00002870                digitalWrite
 .text.prvResetNextTaskUnblockTime
                0x000028ce       0x36 C:\Users\theel\Desktop\lil_fish_tanks\LilFishTanks\LilFishTanks\ArduinoCore\Debug\libArduinoCore.a(tasks.o)
 .text.hot.prvAddCurrentTaskToDelayedList
                0x00002904       0xb8 C:\Users\theel\Desktop\lil_fish_tanks\LilFishTanks\LilFishTanks\ArduinoCore\Debug\libArduinoCore.a(tasks.o)
 .text.prvIdleTask
                0x000029bc       0x5c C:\Users\theel\Desktop\lil_fish_tanks\LilFishTanks\LilFishTanks\ArduinoCore\Debug\libArduinoCore.a(tasks.o)
 .text.hot.xTaskCreate
                0x00002a18      0x218 C:\Users\theel\Desktop\lil_fish_tanks\LilFishTanks\LilFishTanks\ArduinoCore\Debug\libArduinoCore.a(tasks.o)
                0x00002a18                xTaskCreate
 .text.hot.vTaskResume
                0x00002c30       0x92 C:\Users\theel\Desktop\lil_fish_tanks\LilFishTanks\LilFishTanks\ArduinoCore\Debug\libArduinoCore.a(tasks.o)
                0x00002c30                vTaskResume
 .text.hot.vTaskStartScheduler
                0x00002cc2       0x5c C:\Users\theel\Desktop\lil_fish_tanks\LilFishTanks\LilFishTanks\ArduinoCore\Debug\libArduinoCore.a(tasks.o)
                0x00002cc2                vTaskStartScheduler
 .text.hot.vTaskSuspendAll
                0x00002d1e        0xc C:\Users\theel\Desktop\lil_fish_tanks\LilFishTanks\LilFishTanks\ArduinoCore\Debug\libArduinoCore.a(tasks.o)
                0x00002d1e                vTaskSuspendAll
 .text.hot.xTaskGetTickCount
                0x00002d2a       0x14 C:\Users\theel\Desktop\lil_fish_tanks\LilFishTanks\LilFishTanks\ArduinoCore\Debug\libArduinoCore.a(tasks.o)
                0x00002d2a                xTaskGetTickCount
 .text.hot.xTaskIncrementTick
                0x00002d3e      0x158 C:\Users\theel\Desktop\lil_fish_tanks\LilFishTanks\LilFishTanks\ArduinoCore\Debug\libArduinoCore.a(tasks.o)
                0x00002d3e                xTaskIncrementTick
 .text.hot.xTaskResumeAll
                0x00002e96       0xde C:\Users\theel\Desktop\lil_fish_tanks\LilFishTanks\LilFishTanks\ArduinoCore\Debug\libArduinoCore.a(tasks.o)
                0x00002e96                xTaskResumeAll
 .text.hot.vTaskDelayUntil
                0x00002f74       0x70 C:\Users\theel\Desktop\lil_fish_tanks\LilFishTanks\LilFishTanks\ArduinoCore\Debug\libArduinoCore.a(tasks.o)
                0x00002f74                vTaskDelayUntil
 .text.hot.vTaskSwitchContext
                0x00002fe4       0xbc C:\Users\theel\Desktop\lil_fish_tanks\LilFishTanks\LilFishTanks\ArduinoCore\Debug\libArduinoCore.a(tasks.o)
                0x00002fe4                vTaskSwitchContext
 .text.hot.vTaskPlaceOnEventList
                0x000030a0       0x22 C:\Users\theel\Desktop\lil_fish_tanks\LilFishTanks\LilFishTanks\ArduinoCore\Debug\libArduinoCore.a(tasks.o)
                0x000030a0                vTaskPlaceOnEventList
 .text.hot.vTaskPlaceOnEventListRestricted
                0x000030c2       0x30 C:\Users\theel\Desktop\lil_fish_tanks\LilFishTanks\LilFishTanks\ArduinoCore\Debug\libArduinoCore.a(tasks.o)
                0x000030c2                vTaskPlaceOnEventListRestricted
 .text.hot.xTaskRemoveFromEventList
                0x000030f2       0x80 C:\Users\theel\Desktop\lil_fish_tanks\LilFishTanks\LilFishTanks\ArduinoCore\Debug\libArduinoCore.a(tasks.o)
                0x000030f2                xTaskRemoveFromEventList
 .text.hot.vTaskInternalSetTimeOutState
                0x00003172       0x16 C:\Users\theel\Desktop\lil_fish_tanks\LilFishTanks\LilFishTanks\ArduinoCore\Debug\libArduinoCore.a(tasks.o)
                0x00003172                vTaskInternalSetTimeOutState
 .text.hot.xTaskCheckForTimeOut
                0x00003188       0x66 C:\Users\theel\Desktop\lil_fish_tanks\LilFishTanks\LilFishTanks\ArduinoCore\Debug\libArduinoCore.a(tasks.o)
                0x00003188                xTaskCheckForTimeOut
 .text.hot.vTaskMissedYield
                0x000031ee        0x8 C:\Users\theel\Desktop\lil_fish_tanks\LilFishTanks\LilFishTanks\ArduinoCore\Debug\libArduinoCore.a(tasks.o)
                0x000031ee                vTaskMissedYield
 .text.hot.xTaskGetSchedulerState
                0x000031f6       0x1c C:\Users\theel\Desktop\lil_fish_tanks\LilFishTanks\LilFishTanks\ArduinoCore\Debug\libArduinoCore.a(tasks.o)
                0x000031f6                xTaskGetSchedulerState
 .text.hot.xTaskPriorityDisinherit
                0x00003212       0x74 C:\Users\theel\Desktop\lil_fish_tanks\LilFishTanks\LilFishTanks\ArduinoCore\Debug\libArduinoCore.a(tasks.o)
                0x00003212                xTaskPriorityDisinherit
 .text.hot.prvCheckForValidListAndQueue
                0x00003286       0x52 C:\Users\theel\Desktop\lil_fish_tanks\LilFishTanks\LilFishTanks\ArduinoCore\Debug\libArduinoCore.a(timers.o)
 .text.hot.prvInsertTimerInActiveList
                0x000032d8       0x54 C:\Users\theel\Desktop\lil_fish_tanks\LilFishTanks\LilFishTanks\ArduinoCore\Debug\libArduinoCore.a(timers.o)
 .text.hot.xTimerCreateTimerTask
                0x0000332c       0x40 C:\Users\theel\Desktop\lil_fish_tanks\LilFishTanks\LilFishTanks\ArduinoCore\Debug\libArduinoCore.a(timers.o)
                0x0000332c                xTimerCreateTimerTask
 .text.hot.xTimerGenericCommand
                0x0000336c       0x7e C:\Users\theel\Desktop\lil_fish_tanks\LilFishTanks\LilFishTanks\ArduinoCore\Debug\libArduinoCore.a(timers.o)
                0x0000336c                xTimerGenericCommand
 .text.hot.prvSwitchTimerLists
                0x000033ea       0xa2 C:\Users\theel\Desktop\lil_fish_tanks\LilFishTanks\LilFishTanks\ArduinoCore\Debug\libArduinoCore.a(timers.o)
 .text.hot.prvTimerTask
                0x0000348c      0x206 C:\Users\theel\Desktop\lil_fish_tanks\LilFishTanks\LilFishTanks\ArduinoCore\Debug\libArduinoCore.a(timers.o)
 .text.initVariant
                0x00003692        0xa C:\Users\theel\Desktop\lil_fish_tanks\LilFishTanks\LilFishTanks\ArduinoCore\Debug\libArduinoCore.a(variantHooks.o)
                0x00003692                initVariant
 .text.vApplicationIdleHook
                0x0000369c       0x12 C:\Users\theel\Desktop\lil_fish_tanks\LilFishTanks\LilFishTanks\ArduinoCore\Debug\libArduinoCore.a(variantHooks.o)
                0x0000369c                vApplicationIdleHook
 .text.vApplicationMallocFailedHook
                0x000036ae       0x1a C:\Users\theel\Desktop\lil_fish_tanks\LilFishTanks\LilFishTanks\ArduinoCore\Debug\libArduinoCore.a(variantHooks.o)
                0x000036ae                vApplicationMallocFailedHook
 .text.vApplicationStackOverflowHook
                0x000036c8       0x1a C:\Users\theel\Desktop\lil_fish_tanks\LilFishTanks\LilFishTanks\ArduinoCore\Debug\libArduinoCore.a(variantHooks.o)
                0x000036c8                vApplicationStackOverflowHook
 .text._ZN14FreqCountClass5beginEj
                0x000036e2       0xf0 C:\Users\theel\Desktop\lil_fish_tanks\LilFishTanks\LilFishTanks\ArduinoCore\Debug\libArduinoCore.a(FreqCount.o)
                0x000036e2                _ZN14FreqCountClass5beginEj
 .text._ZN14FreqCountClass9availableEv
                0x000037d2        0x6 C:\Users\theel\Desktop\lil_fish_tanks\LilFishTanks\LilFishTanks\ArduinoCore\Debug\libArduinoCore.a(FreqCount.o)
                0x000037d2                _ZN14FreqCountClass9availableEv
 .text._ZN14FreqCountClass4readEv
                0x000037d8       0x1c C:\Users\theel\Desktop\lil_fish_tanks\LilFishTanks\LilFishTanks\ArduinoCore\Debug\libArduinoCore.a(FreqCount.o)
                0x000037d8                _ZN14FreqCountClass4readEv
 .text._ZN14FreqCountClass3endEv
                0x000037f4       0x2e C:\Users\theel\Desktop\lil_fish_tanks\LilFishTanks\LilFishTanks\ArduinoCore\Debug\libArduinoCore.a(FreqCount.o)
                0x000037f4                _ZN14FreqCountClass3endEv
 .text.__vector_7
                0x00003822       0xec C:\Users\theel\Desktop\lil_fish_tanks\LilFishTanks\LilFishTanks\ArduinoCore\Debug\libArduinoCore.a(FreqCount.o)
                0x00003822                __vector_7
 .text.__empty  0x0000390e        0x2 C:\Users\theel\Desktop\lil_fish_tanks\LilFishTanks\LilFishTanks\ArduinoCore\Debug\libArduinoCore.a(hooks.o)
                0x0000390e                yield
 .text.hot.pvPortMalloc
                0x00003910       0x26 C:\Users\theel\Desktop\lil_fish_tanks\LilFishTanks\LilFishTanks\ArduinoCore\Debug\libArduinoCore.a(heap_3.o)
                0x00003910                pvPortMalloc
 .text.hot.vPortFree
                0x00003936       0x22 C:\Users\theel\Desktop\lil_fish_tanks\LilFishTanks\LilFishTanks\ArduinoCore\Debug\libArduinoCore.a(heap_3.o)
                0x00003936                vPortFree
 .text.hot.vListInitialise
                0x00003958       0x1c C:\Users\theel\Desktop\lil_fish_tanks\LilFishTanks\LilFishTanks\ArduinoCore\Debug\libArduinoCore.a(list.o)
                0x00003958                vListInitialise
 .text.hot.vListInitialiseItem
                0x00003974        0x8 C:\Users\theel\Desktop\lil_fish_tanks\LilFishTanks\LilFishTanks\ArduinoCore\Debug\libArduinoCore.a(list.o)
                0x00003974                vListInitialiseItem
 .text.hot.vListInsertEnd
                0x0000397c       0x42 C:\Users\theel\Desktop\lil_fish_tanks\LilFishTanks\LilFishTanks\ArduinoCore\Debug\libArduinoCore.a(list.o)
                0x0000397c                vListInsertEnd
 .text.hot.vListInsert
                0x000039be       0x70 C:\Users\theel\Desktop\lil_fish_tanks\LilFishTanks\LilFishTanks\ArduinoCore\Debug\libArduinoCore.a(list.o)
                0x000039be                vListInsert
 .text.hot.uxListRemove
                0x00003a2e       0x48 C:\Users\theel\Desktop\lil_fish_tanks\LilFishTanks\LilFishTanks\ArduinoCore\Debug\libArduinoCore.a(list.o)
                0x00003a2e                uxListRemove
 .text.hot.pxPortInitialiseStack
                0x00003a76       0xd8 C:\Users\theel\Desktop\lil_fish_tanks\LilFishTanks\LilFishTanks\ArduinoCore\Debug\libArduinoCore.a(port.o)
                0x00003a76                pxPortInitialiseStack
 .text.hot.xPortStartScheduler
                0x00003b4e       0x70 C:\Users\theel\Desktop\lil_fish_tanks\LilFishTanks\LilFishTanks\ArduinoCore\Debug\libArduinoCore.a(port.o)
                0x00003b4e                xPortStartScheduler
 .text.hot.vPortYield
                0x00003bbe       0xb2 C:\Users\theel\Desktop\lil_fish_tanks\LilFishTanks\LilFishTanks\ArduinoCore\Debug\libArduinoCore.a(port.o)
                0x00003bbe                vPortYield
 .text.hot.vPortYieldFromTick
                0x00003c70       0xba C:\Users\theel\Desktop\lil_fish_tanks\LilFishTanks\LilFishTanks\ArduinoCore\Debug\libArduinoCore.a(port.o)
                0x00003c70                vPortYieldFromTick
 .text.hot.__vector_6
                0x00003d2a        0x6 C:\Users\theel\Desktop\lil_fish_tanks\LilFishTanks\LilFishTanks\ArduinoCore\Debug\libArduinoCore.a(port.o)
                0x00003d2a                __vector_6
 .text.hot.prvIsQueueEmpty
                0x00003d30       0x16 C:\Users\theel\Desktop\lil_fish_tanks\LilFishTanks\LilFishTanks\ArduinoCore\Debug\libArduinoCore.a(queue.o)
 .text.hot.prvCopyDataToQueue
                0x00003d46       0xa6 C:\Users\theel\Desktop\lil_fish_tanks\LilFishTanks\LilFishTanks\ArduinoCore\Debug\libArduinoCore.a(queue.o)
 .text.hot.prvCopyDataFromQueue
                0x00003dec       0x34 C:\Users\theel\Desktop\lil_fish_tanks\LilFishTanks\LilFishTanks\ArduinoCore\Debug\libArduinoCore.a(queue.o)
 .text.hot.prvUnlockQueue
                0x00003e20       0x7c C:\Users\theel\Desktop\lil_fish_tanks\LilFishTanks\LilFishTanks\ArduinoCore\Debug\libArduinoCore.a(queue.o)
 .text.hot.xQueueGenericReset
                0x00003e9c       0x7e C:\Users\theel\Desktop\lil_fish_tanks\LilFishTanks\LilFishTanks\ArduinoCore\Debug\libArduinoCore.a(queue.o)
                0x00003e9c                xQueueGenericReset
 .text.hot.xQueueGenericCreate
                0x00003f1a       0x50 C:\Users\theel\Desktop\lil_fish_tanks\LilFishTanks\LilFishTanks\ArduinoCore\Debug\libArduinoCore.a(queue.o)
                0x00003f1a                xQueueGenericCreate
 .text.hot.xQueueGenericSend
                0x00003f6a      0x12c C:\Users\theel\Desktop\lil_fish_tanks\LilFishTanks\LilFishTanks\ArduinoCore\Debug\libArduinoCore.a(queue.o)
                0x00003f6a                xQueueGenericSend
 .text.hot.xQueueGenericSendFromISR
                0x00004096       0x5e C:\Users\theel\Desktop\lil_fish_tanks\LilFishTanks\LilFishTanks\ArduinoCore\Debug\libArduinoCore.a(queue.o)
                0x00004096                xQueueGenericSendFromISR
 .text.hot.xQueueReceive
                0x000040f4      0x124 C:\Users\theel\Desktop\lil_fish_tanks\LilFishTanks\LilFishTanks\ArduinoCore\Debug\libArduinoCore.a(queue.o)
                0x000040f4                xQueueReceive
 .text.hot.vQueueWaitForMessageRestricted
                0x00004218       0x38 C:\Users\theel\Desktop\lil_fish_tanks\LilFishTanks\LilFishTanks\ArduinoCore\Debug\libArduinoCore.a(queue.o)
                0x00004218                vQueueWaitForMessageRestricted
 .text.avr-libc.fplib
                0x00004250        0xa c:/program files (x86)/atmel/studio/7.0/toolchain/avr8/avr8-gnu-toolchain/bin/../lib/gcc/avr/5.4.0/../../../../avr/lib/avr5\libm.a(unordsf2.o)
                0x00004250                __unordsf2
 .text.libgcc.div
                0x0000425a       0x28 c:/program files (x86)/atmel/studio/7.0/toolchain/avr8/avr8-gnu-toolchain/bin/../lib/gcc/avr/5.4.0/avr5\libgcc.a(_divmodhi4.o)
                0x0000425a                _div
                0x0000425a                __divmodhi4
 .text.libgcc.div
                0x00004282       0x44 c:/program files (x86)/atmel/studio/7.0/toolchain/avr8/avr8-gnu-toolchain/bin/../lib/gcc/avr/5.4.0/avr5\libgcc.a(_udivmodsi4.o)
                0x00004282                __udivmodsi4
 .text.libgcc.div
                0x000042c6       0x2e c:/program files (x86)/atmel/studio/7.0/toolchain/avr8/avr8-gnu-toolchain/bin/../lib/gcc/avr/5.4.0/avr5\libgcc.a(_divmodsi4.o)
                0x000042c6                __divmodsi4
 .text.libgcc.div
                0x000042f4       0x10 c:/program files (x86)/atmel/studio/7.0/toolchain/avr8/avr8-gnu-toolchain/bin/../lib/gcc/avr/5.4.0/avr5\libgcc.a(_negsi2.o)
                0x000042f4                __negsi2
 .text.libgcc   0x00004304        0xc c:/program files (x86)/atmel/studio/7.0/toolchain/avr8/avr8-gnu-toolchain/bin/../lib/gcc/avr/5.4.0/avr5\libgcc.a(_tablejump2.o)
                0x00004304                __tablejump2__
 .text.libgcc.mul
                0x00004310       0x16 c:/program files (x86)/atmel/studio/7.0/toolchain/avr8/avr8-gnu-toolchain/bin/../lib/gcc/avr/5.4.0/avr5\libgcc.a(_muluhisi3.o)
                0x00004310                __muluhisi3
 .text.libgcc.div
                0x00004326       0x28 c:/program files (x86)/atmel/studio/7.0/toolchain/avr8/avr8-gnu-toolchain/bin/../lib/gcc/avr/5.4.0/avr5\libgcc.a(_udivmodhi4.o)
                0x00004326                __udivmodhi4
 .text.libgcc.mul
                0x0000434e       0x1e c:/program files (x86)/atmel/studio/7.0/toolchain/avr8/avr8-gnu-toolchain/bin/../lib/gcc/avr/5.4.0/avr5\libgcc.a(_umulhisi3.o)
                0x0000434e                __umulhisi3
 .text.avr-libc
                0x0000436c      0x242 c:/program files (x86)/atmel/studio/7.0/toolchain/avr8/avr8-gnu-toolchain/bin/../lib/gcc/avr/5.4.0/../../../../avr/lib/avr5\libc.a(malloc.o)
                0x0000436c                malloc
                0x0000449c                free
 .text.avr-libc
                0x000045ae       0x12 c:/program files (x86)/atmel/studio/7.0/toolchain/avr8/avr8-gnu-toolchain/bin/../lib/gcc/avr/5.4.0/../../../../avr/lib/avr5\libc.a(memcpy.o)
                0x000045ae                memcpy
 .text.avr-libc
                0x000045c0        0xe c:/program files (x86)/atmel/studio/7.0/toolchain/avr8/avr8-gnu-toolchain/bin/../lib/gcc/avr/5.4.0/../../../../avr/lib/avr5\libc.a(memset.o)
                0x000045c0                memset
 .text.avr-libc
                0x000045ce       0x10 C:/Program Files (x86)/Atmel/Studio/7.0/Packs/atmel/ATmega_DFP/1.2.209/gcc/dev/atmega328p/avr5\libatmega328p.a(eerd_byte.o)
                0x000045ce                eeprom_read_byte
 .text.avr-libc
                0x000045de       0x1c C:/Program Files (x86)/Atmel/Studio/7.0/Packs/atmel/ATmega_DFP/1.2.209/gcc/dev/atmega328p/avr5\libatmega328p.a(eewr_byte.o)
                0x000045de                eeprom_write_byte
                0x000045e0                eeprom_write_r18
                0x000045fa                . = ALIGN (0x2)
 *(.fini9)
 .fini9         0x000045fa        0x0 c:/program files (x86)/atmel/studio/7.0/toolchain/avr8/avr8-gnu-toolchain/bin/../lib/gcc/avr/5.4.0/avr5\libgcc.a(_exit.o)
                0x000045fa                _exit
                0x000045fa                exit
 *(.fini9)
 *(.fini8)
 *(.fini8)
 *(.fini7)
 *(.fini7)
 *(.fini6)
 .fini6         0x000045fa       0x16 c:/program files (x86)/atmel/studio/7.0/toolchain/avr8/avr8-gnu-toolchain/bin/../lib/gcc/avr/5.4.0/avr5\libgcc.a(_dtors.o)
                0x000045fa                __do_global_dtors
 *(.fini6)
 *(.fini5)
 *(.fini5)
 *(.fini4)
 *(.fini4)
 *(.fini3)
 *(.fini3)
 *(.fini2)
 *(.fini2)
 *(.fini1)
 *(.fini1)
 *(.fini0)
 .fini0         0x00004610        0x4 c:/program files (x86)/atmel/studio/7.0/toolchain/avr8/avr8-gnu-toolchain/bin/../lib/gcc/avr/5.4.0/avr5\libgcc.a(_exit.o)
 *(.fini0)
                0x00004614                _etext = .

.data           0x00800100      0x1b6 load address 0x00004614
                0x00800100                PROVIDE (__data_start, .)
 *(.data)
 .data          0x00800100        0x6 c:/program files (x86)/atmel/studio/7.0/toolchain/avr8/avr8-gnu-toolchain/bin/../lib/gcc/avr/5.4.0/../../../../avr/lib/avr5\libc.a(malloc.o)
                0x00800100                __malloc_heap_end
                0x00800102                __malloc_heap_start
                0x00800104                __malloc_margin
 *(.data*)
 .data.colorToRead
                0x00800106        0x1 main.o
                0x00800106                colorToRead
 .data.White    0x00800107        0x6 main.o
                0x00800107                White
 .data.Blue     0x0080010d        0x6 main.o
                0x0080010d                Blue
 .data.Green    0x00800113        0x6 main.o
                0x00800113                Green
 .data.Red      0x00800119        0x6 main.o
                0x00800119                Red
 .data.WhiteTestStrip
                0x0080011f        0xa main.o
                0x0080011f                WhiteTestStrip
 .data.EmptyTestBox
                0x00800129        0xa main.o
                0x00800129                EmptyTestBox
 .data.intFunc  0x00800133        0x4 C:\Users\theel\Desktop\lil_fish_tanks\LilFishTanks\LilFishTanks\ArduinoCore\Debug\libArduinoCore.a(WInterrupts.o)
 .data.analog_reference
                0x00800137        0x1 C:\Users\theel\Desktop\lil_fish_tanks\LilFishTanks\LilFishTanks\ArduinoCore\Debug\libArduinoCore.a(wiring_analog.o)
                0x00800137                analog_reference
 *(.gnu.linkonce.d*)
 *(.rodata)
 *(.rodata*)
 .rodata.str1.1
                0x00800138       0x34 DFRobot_PH.o
 .rodata.str1.1
                0x0080016c      0x118 main.o
                                0x11e (size before relaxing)
 .rodata._ZZN9MD_TCS2307readFSMEhE3seq
                0x00800284        0x3 src/libraries/MD_TCS230/src/MD_TCS230.o
 .rodata._ZTV14HardwareSerial
                0x00800287       0x12 C:\Users\theel\Desktop\lil_fish_tanks\LilFishTanks\LilFishTanks\ArduinoCore\Debug\libArduinoCore.a(HardwareSerial.o)
                0x00800287                _ZTV14HardwareSerial
 .rodata.str1.1
                0x00800299        0xf C:\Users\theel\Desktop\lil_fish_tanks\LilFishTanks\LilFishTanks\ArduinoCore\Debug\libArduinoCore.a(Print.o)
 .rodata.str1.1
                0x008002a8        0x5 C:\Users\theel\Desktop\lil_fish_tanks\LilFishTanks\LilFishTanks\ArduinoCore\Debug\libArduinoCore.a(tasks.o)
 .rodata.str1.1
                0x008002ad        0x8 C:\Users\theel\Desktop\lil_fish_tanks\LilFishTanks\LilFishTanks\ArduinoCore\Debug\libArduinoCore.a(timers.o)
 *(.gnu.linkonce.r*)
                0x008002b6                . = ALIGN (0x2)
 *fill*         0x008002b5        0x1 
                0x008002b6                _edata = .
                0x008002b6                PROVIDE (__data_end, .)

.bss            0x008002b6      0x280
                0x008002b6                PROVIDE (__bss_start, .)
 *(.bss)
 *(.bss*)
 .bss.xPHandTemperature
                0x008002b6        0x2 main.o
                0x008002b6                xPHandTemperature
 .bss.xColorSensor
                0x008002b8        0x2 main.o
                0x008002b8                xColorSensor
 .bss.nitriteValue
                0x008002ba        0x2 main.o
                0x008002ba                nitriteValue
 .bss.nitrateValue
                0x008002bc        0x2 main.o
                0x008002bc                nitrateValue
 .bss.ammoniaValue
                0x008002be        0x2 main.o
                0x008002be                ammoniaValue
 .bss.tempValue
                0x008002c0        0x2 main.o
                0x008002c0                tempValue
 .bss.phValue   0x008002c2        0x2 main.o
                0x008002c2                phValue
 .bss.Off       0x008002c4        0x6 main.o
                0x008002c4                Off
 .bss.CS        0x008002ca       0x2f main.o
                0x008002ca                CS
 .bss.blueScanned
                0x008002f9        0x1 main.o
                0x008002f9                blueScanned
 .bss.redScanned
                0x008002fa        0x1 main.o
                0x008002fa                redScanned
 .bss.greenScanned
                0x008002fb        0x1 main.o
                0x008002fb                greenScanned
 .bss.c         0x008002fc        0xa main.o
                0x008002fc                c
 .bss.rgb       0x00800306        0x3 main.o
                0x00800306                rgb
 .bss.Nitrate   0x00800309       0x46 main.o
                0x00800309                Nitrate
 .bss.Nitrite   0x0080034f       0x46 main.o
                0x0080034f                Nitrite
 .bss.Ammonia   0x00800395       0x32 main.o
                0x00800395                Ammonia
 .bss.typeToRead
                0x008003c7        0x1 main.o
                0x008003c7                typeToRead
 .bss.ds        0x008003c8        0xe main.o
                0x008003c8                ds
 .bss.ph        0x008003d6       0x1f phSensor.o
                0x008003d6                ph
 .bss._ZZN9MD_TCS2307readFSMEhE7currCol
                0x008003f5        0x1 src/libraries/MD_TCS230/src/MD_TCS230.o
 .bss.Serial    0x008003f6       0x9d C:\Users\theel\Desktop\lil_fish_tanks\LilFishTanks\LilFishTanks\ArduinoCore\Debug\libArduinoCore.a(HardwareSerial0.o)
                0x008003f6                Serial
 .bss.timer0_fract
                0x00800493        0x1 C:\Users\theel\Desktop\lil_fish_tanks\LilFishTanks\LilFishTanks\ArduinoCore\Debug\libArduinoCore.a(wiring.o)
 .bss.timer0_millis
                0x00800494        0x4 C:\Users\theel\Desktop\lil_fish_tanks\LilFishTanks\LilFishTanks\ArduinoCore\Debug\libArduinoCore.a(wiring.o)
                0x00800494                timer0_millis
 .bss.timer0_overflow_count
                0x00800498        0x4 C:\Users\theel\Desktop\lil_fish_tanks\LilFishTanks\LilFishTanks\ArduinoCore\Debug\libArduinoCore.a(wiring.o)
                0x00800498                timer0_overflow_count
 .bss.uxSchedulerSuspended
                0x0080049c        0x1 C:\Users\theel\Desktop\lil_fish_tanks\LilFishTanks\LilFishTanks\ArduinoCore\Debug\libArduinoCore.a(tasks.o)
 .bss.xIdleTaskHandle
                0x0080049d        0x2 C:\Users\theel\Desktop\lil_fish_tanks\LilFishTanks\LilFishTanks\ArduinoCore\Debug\libArduinoCore.a(tasks.o)
 .bss.xNextTaskUnblockTime
                0x0080049f        0x2 C:\Users\theel\Desktop\lil_fish_tanks\LilFishTanks\LilFishTanks\ArduinoCore\Debug\libArduinoCore.a(tasks.o)
 .bss.uxTaskNumber
                0x008004a1        0x1 C:\Users\theel\Desktop\lil_fish_tanks\LilFishTanks\LilFishTanks\ArduinoCore\Debug\libArduinoCore.a(tasks.o)
 .bss.xNumOfOverflows
                0x008004a2        0x1 C:\Users\theel\Desktop\lil_fish_tanks\LilFishTanks\LilFishTanks\ArduinoCore\Debug\libArduinoCore.a(tasks.o)
 .bss.xYieldPending
                0x008004a3        0x1 C:\Users\theel\Desktop\lil_fish_tanks\LilFishTanks\LilFishTanks\ArduinoCore\Debug\libArduinoCore.a(tasks.o)
 .bss.uxPendedTicks
                0x008004a4        0x1 C:\Users\theel\Desktop\lil_fish_tanks\LilFishTanks\LilFishTanks\ArduinoCore\Debug\libArduinoCore.a(tasks.o)
 .bss.xSchedulerRunning
                0x008004a5        0x1 C:\Users\theel\Desktop\lil_fish_tanks\LilFishTanks\LilFishTanks\ArduinoCore\Debug\libArduinoCore.a(tasks.o)
 .bss.uxTopReadyPriority
                0x008004a6        0x1 C:\Users\theel\Desktop\lil_fish_tanks\LilFishTanks\LilFishTanks\ArduinoCore\Debug\libArduinoCore.a(tasks.o)
 .bss.xTickCount
                0x008004a7        0x2 C:\Users\theel\Desktop\lil_fish_tanks\LilFishTanks\LilFishTanks\ArduinoCore\Debug\libArduinoCore.a(tasks.o)
 .bss.uxCurrentNumberOfTasks
                0x008004a9        0x1 C:\Users\theel\Desktop\lil_fish_tanks\LilFishTanks\LilFishTanks\ArduinoCore\Debug\libArduinoCore.a(tasks.o)
 .bss.xSuspendedTaskList
                0x008004aa        0x9 C:\Users\theel\Desktop\lil_fish_tanks\LilFishTanks\LilFishTanks\ArduinoCore\Debug\libArduinoCore.a(tasks.o)
 .bss.uxDeletedTasksWaitingCleanUp
                0x008004b3        0x1 C:\Users\theel\Desktop\lil_fish_tanks\LilFishTanks\LilFishTanks\ArduinoCore\Debug\libArduinoCore.a(tasks.o)
 .bss.xTasksWaitingTermination
                0x008004b4        0x9 C:\Users\theel\Desktop\lil_fish_tanks\LilFishTanks\LilFishTanks\ArduinoCore\Debug\libArduinoCore.a(tasks.o)
 .bss.xPendingReadyList
                0x008004bd        0x9 C:\Users\theel\Desktop\lil_fish_tanks\LilFishTanks\LilFishTanks\ArduinoCore\Debug\libArduinoCore.a(tasks.o)
 .bss.pxOverflowDelayedTaskList
                0x008004c6        0x2 C:\Users\theel\Desktop\lil_fish_tanks\LilFishTanks\LilFishTanks\ArduinoCore\Debug\libArduinoCore.a(tasks.o)
 .bss.pxDelayedTaskList
                0x008004c8        0x2 C:\Users\theel\Desktop\lil_fish_tanks\LilFishTanks\LilFishTanks\ArduinoCore\Debug\libArduinoCore.a(tasks.o)
 .bss.xDelayedTaskList2
                0x008004ca        0x9 C:\Users\theel\Desktop\lil_fish_tanks\LilFishTanks\LilFishTanks\ArduinoCore\Debug\libArduinoCore.a(tasks.o)
 .bss.xDelayedTaskList1
                0x008004d3        0x9 C:\Users\theel\Desktop\lil_fish_tanks\LilFishTanks\LilFishTanks\ArduinoCore\Debug\libArduinoCore.a(tasks.o)
 .bss.pxReadyTasksLists
                0x008004dc       0x24 C:\Users\theel\Desktop\lil_fish_tanks\LilFishTanks\LilFishTanks\ArduinoCore\Debug\libArduinoCore.a(tasks.o)
 .bss.pxCurrentTCB
                0x00800500        0x2 C:\Users\theel\Desktop\lil_fish_tanks\LilFishTanks\LilFishTanks\ArduinoCore\Debug\libArduinoCore.a(tasks.o)
                0x00800500                pxCurrentTCB
 .bss.xLastTime.2412
                0x00800502        0x2 C:\Users\theel\Desktop\lil_fish_tanks\LilFishTanks\LilFishTanks\ArduinoCore\Debug\libArduinoCore.a(timers.o)
 .bss.xTimerTaskHandle
                0x00800504        0x2 C:\Users\theel\Desktop\lil_fish_tanks\LilFishTanks\LilFishTanks\ArduinoCore\Debug\libArduinoCore.a(timers.o)
 .bss.xTimerQueue
                0x00800506        0x2 C:\Users\theel\Desktop\lil_fish_tanks\LilFishTanks\LilFishTanks\ArduinoCore\Debug\libArduinoCore.a(timers.o)
 .bss.pxOverflowTimerList
                0x00800508        0x2 C:\Users\theel\Desktop\lil_fish_tanks\LilFishTanks\LilFishTanks\ArduinoCore\Debug\libArduinoCore.a(timers.o)
 .bss.pxCurrentTimerList
                0x0080050a        0x2 C:\Users\theel\Desktop\lil_fish_tanks\LilFishTanks\LilFishTanks\ArduinoCore\Debug\libArduinoCore.a(timers.o)
 .bss.xActiveTimerList2
                0x0080050c        0x9 C:\Users\theel\Desktop\lil_fish_tanks\LilFishTanks\LilFishTanks\ArduinoCore\Debug\libArduinoCore.a(timers.o)
 .bss.xActiveTimerList1
                0x00800515        0x9 C:\Users\theel\Desktop\lil_fish_tanks\LilFishTanks\LilFishTanks\ArduinoCore\Debug\libArduinoCore.a(timers.o)
 .bss._ZL10gate_index
                0x0080051e        0x2 C:\Users\theel\Desktop\lil_fish_tanks\LilFishTanks\LilFishTanks\ArduinoCore\Debug\libArduinoCore.a(FreqCount.o)
 .bss._ZL11gate_length
                0x00800520        0x2 C:\Users\theel\Desktop\lil_fish_tanks\LilFishTanks\LilFishTanks\ArduinoCore\Debug\libArduinoCore.a(FreqCount.o)
 .bss._ZL11count_ready
                0x00800522        0x1 C:\Users\theel\Desktop\lil_fish_tanks\LilFishTanks\LilFishTanks\ArduinoCore\Debug\libArduinoCore.a(FreqCount.o)
 .bss._ZL12count_output
                0x00800523        0x4 C:\Users\theel\Desktop\lil_fish_tanks\LilFishTanks\LilFishTanks\ArduinoCore\Debug\libArduinoCore.a(FreqCount.o)
 .bss._ZL10count_prev
                0x00800527        0x4 C:\Users\theel\Desktop\lil_fish_tanks\LilFishTanks\LilFishTanks\ArduinoCore\Debug\libArduinoCore.a(FreqCount.o)
 .bss._ZL9count_msw
                0x0080052b        0x2 C:\Users\theel\Desktop\lil_fish_tanks\LilFishTanks\LilFishTanks\ArduinoCore\Debug\libArduinoCore.a(FreqCount.o)
 .bss._ZL11startTCCR2B
                0x0080052d        0x1 C:\Users\theel\Desktop\lil_fish_tanks\LilFishTanks\LilFishTanks\ArduinoCore\Debug\libArduinoCore.a(FreqCount.o)
 .bss._ZL10saveTCCR2B
                0x0080052e        0x1 C:\Users\theel\Desktop\lil_fish_tanks\LilFishTanks\LilFishTanks\ArduinoCore\Debug\libArduinoCore.a(FreqCount.o)
 .bss._ZL10saveTCCR2A
                0x0080052f        0x1 C:\Users\theel\Desktop\lil_fish_tanks\LilFishTanks\LilFishTanks\ArduinoCore\Debug\libArduinoCore.a(FreqCount.o)
 .bss._ZL10saveTCCR1B
                0x00800530        0x1 C:\Users\theel\Desktop\lil_fish_tanks\LilFishTanks\LilFishTanks\ArduinoCore\Debug\libArduinoCore.a(FreqCount.o)
 .bss._ZL10saveTCCR1A
                0x00800531        0x1 C:\Users\theel\Desktop\lil_fish_tanks\LilFishTanks\LilFishTanks\ArduinoCore\Debug\libArduinoCore.a(FreqCount.o)
 *(COMMON)
 COMMON         0x00800532        0x4 c:/program files (x86)/atmel/studio/7.0/toolchain/avr8/avr8-gnu-toolchain/bin/../lib/gcc/avr/5.4.0/../../../../avr/lib/avr5\libc.a(malloc.o)
                0x00800532                __brkval
                0x00800534                __flp
                0x00800536                PROVIDE (__bss_end, .)
                0x00004614                __data_load_start = LOADADDR (.data)
                0x000047ca                __data_load_end = (__data_load_start + SIZEOF (.data))

.noinit         0x00800536        0x0
                [!provide]                PROVIDE (__noinit_start, .)
 *(.noinit*)
                [!provide]                PROVIDE (__noinit_end, .)
                0x00800536                _end = .
                0x00800536                PROVIDE (__heap_start, .)

.eeprom         0x00810000        0x0
 *(.eeprom*)
                0x00810000                __eeprom_end = .

.fuse
 *(.fuse)
 *(.lfuse)
 *(.hfuse)
 *(.efuse)

.lock
 *(.lock*)

.signature
 *(.signature*)

.user_signatures
 *(.user_signatures*)

.stab
 *(.stab)

.stabstr
 *(.stabstr)

.stab.excl
 *(.stab.excl)

.stab.exclstr
 *(.stab.exclstr)

.stab.index
 *(.stab.index)

.stab.indexstr
 *(.stab.indexstr)

.comment        0x00000000       0x30
 *(.comment)
 .comment       0x00000000       0x30 DFRobot_PH.o
                                 0x31 (size before relaxing)
 .comment       0x00000030       0x31 main.o
 .comment       0x00000030       0x31 OneWire.o
 .comment       0x00000030       0x31 phSensor.o
 .comment       0x00000030       0x31 src/libraries/MD_TCS230/src/MD_TCS230.o
 .comment       0x00000030       0x31 C:\Users\theel\Desktop\lil_fish_tanks\LilFishTanks\LilFishTanks\ArduinoCore\Debug\libArduinoCore.a(HardwareSerial.o)
 .comment       0x00000030       0x31 C:\Users\theel\Desktop\lil_fish_tanks\LilFishTanks\LilFishTanks\ArduinoCore\Debug\libArduinoCore.a(HardwareSerial0.o)
 .comment       0x00000030       0x31 C:\Users\theel\Desktop\lil_fish_tanks\LilFishTanks\LilFishTanks\ArduinoCore\Debug\libArduinoCore.a(main.o)
 .comment       0x00000030       0x31 C:\Users\theel\Desktop\lil_fish_tanks\LilFishTanks\LilFishTanks\ArduinoCore\Debug\libArduinoCore.a(Print.o)
 .comment       0x00000030       0x31 C:\Users\theel\Desktop\lil_fish_tanks\LilFishTanks\LilFishTanks\ArduinoCore\Debug\libArduinoCore.a(WInterrupts.o)
 .comment       0x00000030       0x31 C:\Users\theel\Desktop\lil_fish_tanks\LilFishTanks\LilFishTanks\ArduinoCore\Debug\libArduinoCore.a(wiring.o)
 .comment       0x00000030       0x31 C:\Users\theel\Desktop\lil_fish_tanks\LilFishTanks\LilFishTanks\ArduinoCore\Debug\libArduinoCore.a(wiring_analog.o)
 .comment       0x00000030       0x31 C:\Users\theel\Desktop\lil_fish_tanks\LilFishTanks\LilFishTanks\ArduinoCore\Debug\libArduinoCore.a(wiring_digital.o)
 .comment       0x00000030       0x31 C:\Users\theel\Desktop\lil_fish_tanks\LilFishTanks\LilFishTanks\ArduinoCore\Debug\libArduinoCore.a(tasks.o)
 .comment       0x00000030       0x31 C:\Users\theel\Desktop\lil_fish_tanks\LilFishTanks\LilFishTanks\ArduinoCore\Debug\libArduinoCore.a(timers.o)
 .comment       0x00000030       0x31 C:\Users\theel\Desktop\lil_fish_tanks\LilFishTanks\LilFishTanks\ArduinoCore\Debug\libArduinoCore.a(variantHooks.o)
 .comment       0x00000030       0x31 C:\Users\theel\Desktop\lil_fish_tanks\LilFishTanks\LilFishTanks\ArduinoCore\Debug\libArduinoCore.a(FreqCount.o)
 .comment       0x00000030       0x31 C:\Users\theel\Desktop\lil_fish_tanks\LilFishTanks\LilFishTanks\ArduinoCore\Debug\libArduinoCore.a(hooks.o)
 .comment       0x00000030       0x31 C:\Users\theel\Desktop\lil_fish_tanks\LilFishTanks\LilFishTanks\ArduinoCore\Debug\libArduinoCore.a(heap_3.o)
 .comment       0x00000030       0x31 C:\Users\theel\Desktop\lil_fish_tanks\LilFishTanks\LilFishTanks\ArduinoCore\Debug\libArduinoCore.a(list.o)
 .comment       0x00000030       0x31 C:\Users\theel\Desktop\lil_fish_tanks\LilFishTanks\LilFishTanks\ArduinoCore\Debug\libArduinoCore.a(port.o)
 .comment       0x00000030       0x31 C:\Users\theel\Desktop\lil_fish_tanks\LilFishTanks\LilFishTanks\ArduinoCore\Debug\libArduinoCore.a(queue.o)
 .comment       0x00000030       0x31 c:/program files (x86)/atmel/studio/7.0/toolchain/avr8/avr8-gnu-toolchain/bin/../lib/gcc/avr/5.4.0/../../../../avr/lib/avr5\libc.a(malloc.o)

.note.gnu.avr.deviceinfo
                0x00000000       0x40
 .note.gnu.avr.deviceinfo
                0x00000000       0x40 C:/Program Files (x86)/Atmel/Studio/7.0/Packs/atmel/ATmega_DFP/1.2.209/gcc/dev/atmega328p/avr5/crtatmega328p.o

.note.gnu.build-id
 *(.note.gnu.build-id)

.debug
 *(.debug)

.line
 *(.line)

.debug_srcinfo
 *(.debug_srcinfo)

.debug_sfnames
 *(.debug_sfnames)

.debug_aranges  0x00000000      0xa00
 *(.debug_aranges)
 .debug_aranges
                0x00000000       0x70 DFRobot_PH.o
 .debug_aranges
                0x00000070       0xa0 main.o
 .debug_aranges
                0x00000110       0xa0 OneWire.o
 .debug_aranges
                0x000001b0       0x40 phSensor.o
 .debug_aranges
                0x000001f0       0xc0 src/libraries/MD_TCS230/src/MD_TCS230.o
 .debug_aranges
                0x000002b0       0x68 C:\Users\theel\Desktop\lil_fish_tanks\LilFishTanks\LilFishTanks\ArduinoCore\Debug\libArduinoCore.a(HardwareSerial.o)
 .debug_aranges
                0x00000318       0x48 C:\Users\theel\Desktop\lil_fish_tanks\LilFishTanks\LilFishTanks\ArduinoCore\Debug\libArduinoCore.a(HardwareSerial0.o)
 .debug_aranges
                0x00000360       0x30 C:\Users\theel\Desktop\lil_fish_tanks\LilFishTanks\LilFishTanks\ArduinoCore\Debug\libArduinoCore.a(main.o)
 .debug_aranges
                0x00000390      0x100 C:\Users\theel\Desktop\lil_fish_tanks\LilFishTanks\LilFishTanks\ArduinoCore\Debug\libArduinoCore.a(Print.o)
 .debug_aranges
                0x00000490       0x40 C:\Users\theel\Desktop\lil_fish_tanks\LilFishTanks\LilFishTanks\ArduinoCore\Debug\libArduinoCore.a(WInterrupts.o)
 .debug_aranges
                0x000004d0       0x48 C:\Users\theel\Desktop\lil_fish_tanks\LilFishTanks\LilFishTanks\ArduinoCore\Debug\libArduinoCore.a(wiring.o)
 .debug_aranges
                0x00000518       0x30 C:\Users\theel\Desktop\lil_fish_tanks\LilFishTanks\LilFishTanks\ArduinoCore\Debug\libArduinoCore.a(wiring_analog.o)
 .debug_aranges
                0x00000548       0x38 C:\Users\theel\Desktop\lil_fish_tanks\LilFishTanks\LilFishTanks\ArduinoCore\Debug\libArduinoCore.a(wiring_digital.o)
 .debug_aranges
                0x00000580      0x188 C:\Users\theel\Desktop\lil_fish_tanks\LilFishTanks\LilFishTanks\ArduinoCore\Debug\libArduinoCore.a(tasks.o)
 .debug_aranges
                0x00000708       0x90 C:\Users\theel\Desktop\lil_fish_tanks\LilFishTanks\LilFishTanks\ArduinoCore\Debug\libArduinoCore.a(timers.o)
 .debug_aranges
                0x00000798       0x38 C:\Users\theel\Desktop\lil_fish_tanks\LilFishTanks\LilFishTanks\ArduinoCore\Debug\libArduinoCore.a(variantHooks.o)
 .debug_aranges
                0x000007d0       0x40 C:\Users\theel\Desktop\lil_fish_tanks\LilFishTanks\LilFishTanks\ArduinoCore\Debug\libArduinoCore.a(FreqCount.o)
 .debug_aranges
                0x00000810       0x20 C:\Users\theel\Desktop\lil_fish_tanks\LilFishTanks\LilFishTanks\ArduinoCore\Debug\libArduinoCore.a(hooks.o)
 .debug_aranges
                0x00000830       0x28 C:\Users\theel\Desktop\lil_fish_tanks\LilFishTanks\LilFishTanks\ArduinoCore\Debug\libArduinoCore.a(heap_3.o)
 .debug_aranges
                0x00000858       0x40 C:\Users\theel\Desktop\lil_fish_tanks\LilFishTanks\LilFishTanks\ArduinoCore\Debug\libArduinoCore.a(list.o)
 .debug_aranges
                0x00000898       0x48 C:\Users\theel\Desktop\lil_fish_tanks\LilFishTanks\LilFishTanks\ArduinoCore\Debug\libArduinoCore.a(port.o)
 .debug_aranges
                0x000008e0       0xe0 C:\Users\theel\Desktop\lil_fish_tanks\LilFishTanks\LilFishTanks\ArduinoCore\Debug\libArduinoCore.a(queue.o)
 .debug_aranges
                0x000009c0       0x20 C:/Program Files (x86)/Atmel/Studio/7.0/Packs/atmel/ATmega_DFP/1.2.209/gcc/dev/atmega328p/avr5\libatmega328p.a(eerd_byte.o)
 .debug_aranges
                0x000009e0       0x20 C:/Program Files (x86)/Atmel/Studio/7.0/Packs/atmel/ATmega_DFP/1.2.209/gcc/dev/atmega328p/avr5\libatmega328p.a(eewr_byte.o)

.debug_pubnames
 *(.debug_pubnames)

.debug_info     0x00000000    0x1391a
 *(.debug_info .gnu.linkonce.wi.*)
 .debug_info    0x00000000      0x5f4 C:/Program Files (x86)/Atmel/Studio/7.0/Packs/atmel/ATmega_DFP/1.2.209/gcc/dev/atmega328p/avr5/crtatmega328p.o
 .debug_info    0x000005f4     0x158a DFRobot_PH.o
 .debug_info    0x00001b7e     0x25c2 main.o
 .debug_info    0x00004140      0xf20 OneWire.o
 .debug_info    0x00005060      0xb29 phSensor.o
 .debug_info    0x00005b89     0x1018 src/libraries/MD_TCS230/src/MD_TCS230.o
 .debug_info    0x00006ba1     0x1f64 C:\Users\theel\Desktop\lil_fish_tanks\LilFishTanks\LilFishTanks\ArduinoCore\Debug\libArduinoCore.a(HardwareSerial.o)
 .debug_info    0x00008b05     0x1b16 C:\Users\theel\Desktop\lil_fish_tanks\LilFishTanks\LilFishTanks\ArduinoCore\Debug\libArduinoCore.a(HardwareSerial0.o)
 .debug_info    0x0000a61b      0x237 C:\Users\theel\Desktop\lil_fish_tanks\LilFishTanks\LilFishTanks\ArduinoCore\Debug\libArduinoCore.a(main.o)
 .debug_info    0x0000a852     0x28ff C:\Users\theel\Desktop\lil_fish_tanks\LilFishTanks\LilFishTanks\ArduinoCore\Debug\libArduinoCore.a(Print.o)
 .debug_info    0x0000d151      0x21c C:\Users\theel\Desktop\lil_fish_tanks\LilFishTanks\LilFishTanks\ArduinoCore\Debug\libArduinoCore.a(WInterrupts.o)
 .debug_info    0x0000d36d      0x2cb C:\Users\theel\Desktop\lil_fish_tanks\LilFishTanks\LilFishTanks\ArduinoCore\Debug\libArduinoCore.a(wiring.o)
 .debug_info    0x0000d638      0x26d C:\Users\theel\Desktop\lil_fish_tanks\LilFishTanks\LilFishTanks\ArduinoCore\Debug\libArduinoCore.a(wiring_analog.o)
 .debug_info    0x0000d8a5      0x5fe C:\Users\theel\Desktop\lil_fish_tanks\LilFishTanks\LilFishTanks\ArduinoCore\Debug\libArduinoCore.a(wiring_digital.o)
 .debug_info    0x0000dea3     0x2102 C:\Users\theel\Desktop\lil_fish_tanks\LilFishTanks\LilFishTanks\ArduinoCore\Debug\libArduinoCore.a(tasks.o)
 .debug_info    0x0000ffa5     0x1083 C:\Users\theel\Desktop\lil_fish_tanks\LilFishTanks\LilFishTanks\ArduinoCore\Debug\libArduinoCore.a(timers.o)
 .debug_info    0x00011028      0x330 C:\Users\theel\Desktop\lil_fish_tanks\LilFishTanks\LilFishTanks\ArduinoCore\Debug\libArduinoCore.a(variantHooks.o)
 .debug_info    0x00011358      0x4fa C:\Users\theel\Desktop\lil_fish_tanks\LilFishTanks\LilFishTanks\ArduinoCore\Debug\libArduinoCore.a(FreqCount.o)
 .debug_info    0x00011852       0x3e C:\Users\theel\Desktop\lil_fish_tanks\LilFishTanks\LilFishTanks\ArduinoCore\Debug\libArduinoCore.a(hooks.o)
 .debug_info    0x00011890      0x1a7 C:\Users\theel\Desktop\lil_fish_tanks\LilFishTanks\LilFishTanks\ArduinoCore\Debug\libArduinoCore.a(heap_3.o)
 .debug_info    0x00011a37      0x2e0 C:\Users\theel\Desktop\lil_fish_tanks\LilFishTanks\LilFishTanks\ArduinoCore\Debug\libArduinoCore.a(list.o)
 .debug_info    0x00011d17      0x28b C:\Users\theel\Desktop\lil_fish_tanks\LilFishTanks\LilFishTanks\ArduinoCore\Debug\libArduinoCore.a(port.o)
 .debug_info    0x00011fa2     0x1820 C:\Users\theel\Desktop\lil_fish_tanks\LilFishTanks\LilFishTanks\ArduinoCore\Debug\libArduinoCore.a(queue.o)
 .debug_info    0x000137c2       0xac C:/Program Files (x86)/Atmel/Studio/7.0/Packs/atmel/ATmega_DFP/1.2.209/gcc/dev/atmega328p/avr5\libatmega328p.a(eerd_byte.o)
 .debug_info    0x0001386e       0xac C:/Program Files (x86)/Atmel/Studio/7.0/Packs/atmel/ATmega_DFP/1.2.209/gcc/dev/atmega328p/avr5\libatmega328p.a(eewr_byte.o)

.debug_abbrev   0x00000000     0x3d12
 *(.debug_abbrev)
 .debug_abbrev  0x00000000      0x5a2 C:/Program Files (x86)/Atmel/Studio/7.0/Packs/atmel/ATmega_DFP/1.2.209/gcc/dev/atmega328p/avr5/crtatmega328p.o
 .debug_abbrev  0x000005a2      0x3de DFRobot_PH.o
 .debug_abbrev  0x00000980      0x60f main.o
 .debug_abbrev  0x00000f8f      0x34d OneWire.o
 .debug_abbrev  0x000012dc      0x2dd phSensor.o
 .debug_abbrev  0x000015b9      0x39f src/libraries/MD_TCS230/src/MD_TCS230.o
 .debug_abbrev  0x00001958      0x4b7 C:\Users\theel\Desktop\lil_fish_tanks\LilFishTanks\LilFishTanks\ArduinoCore\Debug\libArduinoCore.a(HardwareSerial.o)
 .debug_abbrev  0x00001e0f      0x3ce C:\Users\theel\Desktop\lil_fish_tanks\LilFishTanks\LilFishTanks\ArduinoCore\Debug\libArduinoCore.a(HardwareSerial0.o)
 .debug_abbrev  0x000021dd      0x12d C:\Users\theel\Desktop\lil_fish_tanks\LilFishTanks\LilFishTanks\ArduinoCore\Debug\libArduinoCore.a(main.o)
 .debug_abbrev  0x0000230a      0x47a C:\Users\theel\Desktop\lil_fish_tanks\LilFishTanks\LilFishTanks\ArduinoCore\Debug\libArduinoCore.a(Print.o)
 .debug_abbrev  0x00002784       0xfc C:\Users\theel\Desktop\lil_fish_tanks\LilFishTanks\LilFishTanks\ArduinoCore\Debug\libArduinoCore.a(WInterrupts.o)
 .debug_abbrev  0x00002880      0x146 C:\Users\theel\Desktop\lil_fish_tanks\LilFishTanks\LilFishTanks\ArduinoCore\Debug\libArduinoCore.a(wiring.o)
 .debug_abbrev  0x000029c6      0x16b C:\Users\theel\Desktop\lil_fish_tanks\LilFishTanks\LilFishTanks\ArduinoCore\Debug\libArduinoCore.a(wiring_analog.o)
 .debug_abbrev  0x00002b31      0x15b C:\Users\theel\Desktop\lil_fish_tanks\LilFishTanks\LilFishTanks\ArduinoCore\Debug\libArduinoCore.a(wiring_digital.o)
 .debug_abbrev  0x00002c8c      0x35e C:\Users\theel\Desktop\lil_fish_tanks\LilFishTanks\LilFishTanks\ArduinoCore\Debug\libArduinoCore.a(tasks.o)
 .debug_abbrev  0x00002fea      0x2f8 C:\Users\theel\Desktop\lil_fish_tanks\LilFishTanks\LilFishTanks\ArduinoCore\Debug\libArduinoCore.a(timers.o)
 .debug_abbrev  0x000032e2      0x18d C:\Users\theel\Desktop\lil_fish_tanks\LilFishTanks\LilFishTanks\ArduinoCore\Debug\libArduinoCore.a(variantHooks.o)
 .debug_abbrev  0x0000346f      0x210 C:\Users\theel\Desktop\lil_fish_tanks\LilFishTanks\LilFishTanks\ArduinoCore\Debug\libArduinoCore.a(FreqCount.o)
 .debug_abbrev  0x0000367f       0x2a C:\Users\theel\Desktop\lil_fish_tanks\LilFishTanks\LilFishTanks\ArduinoCore\Debug\libArduinoCore.a(hooks.o)
 .debug_abbrev  0x000036a9      0x115 C:\Users\theel\Desktop\lil_fish_tanks\LilFishTanks\LilFishTanks\ArduinoCore\Debug\libArduinoCore.a(heap_3.o)
 .debug_abbrev  0x000037be       0xff C:\Users\theel\Desktop\lil_fish_tanks\LilFishTanks\LilFishTanks\ArduinoCore\Debug\libArduinoCore.a(list.o)
 .debug_abbrev  0x000038bd      0x158 C:\Users\theel\Desktop\lil_fish_tanks\LilFishTanks\LilFishTanks\ArduinoCore\Debug\libArduinoCore.a(port.o)
 .debug_abbrev  0x00003a15      0x2d5 C:\Users\theel\Desktop\lil_fish_tanks\LilFishTanks\LilFishTanks\ArduinoCore\Debug\libArduinoCore.a(queue.o)
 .debug_abbrev  0x00003cea       0x14 C:/Program Files (x86)/Atmel/Studio/7.0/Packs/atmel/ATmega_DFP/1.2.209/gcc/dev/atmega328p/avr5\libatmega328p.a(eerd_byte.o)
 .debug_abbrev  0x00003cfe       0x14 C:/Program Files (x86)/Atmel/Studio/7.0/Packs/atmel/ATmega_DFP/1.2.209/gcc/dev/atmega328p/avr5\libatmega328p.a(eewr_byte.o)

.debug_line     0x00000000     0x6991
 *(.debug_line .debug_line.* .debug_line_end)
 .debug_line    0x00000000      0x133 C:/Program Files (x86)/Atmel/Studio/7.0/Packs/atmel/ATmega_DFP/1.2.209/gcc/dev/atmega328p/avr5/crtatmega328p.o
 .debug_line    0x00000133      0x6e6 DFRobot_PH.o
 .debug_line    0x00000819      0x9e4 main.o
 .debug_line    0x000011fd      0x6c8 OneWire.o
 .debug_line    0x000018c5      0x1c7 phSensor.o
 .debug_line    0x00001a8c      0x666 src/libraries/MD_TCS230/src/MD_TCS230.o
 .debug_line    0x000020f2      0x4c4 C:\Users\theel\Desktop\lil_fish_tanks\LilFishTanks\LilFishTanks\ArduinoCore\Debug\libArduinoCore.a(HardwareSerial.o)
 .debug_line    0x000025b6      0x28c C:\Users\theel\Desktop\lil_fish_tanks\LilFishTanks\LilFishTanks\ArduinoCore\Debug\libArduinoCore.a(HardwareSerial0.o)
 .debug_line    0x00002842      0x165 C:\Users\theel\Desktop\lil_fish_tanks\LilFishTanks\LilFishTanks\ArduinoCore\Debug\libArduinoCore.a(main.o)
 .debug_line    0x000029a7      0x685 C:\Users\theel\Desktop\lil_fish_tanks\LilFishTanks\LilFishTanks\ArduinoCore\Debug\libArduinoCore.a(Print.o)
 .debug_line    0x0000302c      0x1a0 C:\Users\theel\Desktop\lil_fish_tanks\LilFishTanks\LilFishTanks\ArduinoCore\Debug\libArduinoCore.a(WInterrupts.o)
 .debug_line    0x000031cc      0x299 C:\Users\theel\Desktop\lil_fish_tanks\LilFishTanks\LilFishTanks\ArduinoCore\Debug\libArduinoCore.a(wiring.o)
 .debug_line    0x00003465      0x20f C:\Users\theel\Desktop\lil_fish_tanks\LilFishTanks\LilFishTanks\ArduinoCore\Debug\libArduinoCore.a(wiring_analog.o)
 .debug_line    0x00003674      0x252 C:\Users\theel\Desktop\lil_fish_tanks\LilFishTanks\LilFishTanks\ArduinoCore\Debug\libArduinoCore.a(wiring_digital.o)
 .debug_line    0x000038c6     0x1256 C:\Users\theel\Desktop\lil_fish_tanks\LilFishTanks\LilFishTanks\ArduinoCore\Debug\libArduinoCore.a(tasks.o)
 .debug_line    0x00004b1c      0x538 C:\Users\theel\Desktop\lil_fish_tanks\LilFishTanks\LilFishTanks\ArduinoCore\Debug\libArduinoCore.a(timers.o)
 .debug_line    0x00005054      0x246 C:\Users\theel\Desktop\lil_fish_tanks\LilFishTanks\LilFishTanks\ArduinoCore\Debug\libArduinoCore.a(variantHooks.o)
 .debug_line    0x0000529a      0x361 C:\Users\theel\Desktop\lil_fish_tanks\LilFishTanks\LilFishTanks\ArduinoCore\Debug\libArduinoCore.a(FreqCount.o)
 .debug_line    0x000055fb       0x41 C:\Users\theel\Desktop\lil_fish_tanks\LilFishTanks\LilFishTanks\ArduinoCore\Debug\libArduinoCore.a(hooks.o)
 .debug_line    0x0000563c      0x1a3 C:\Users\theel\Desktop\lil_fish_tanks\LilFishTanks\LilFishTanks\ArduinoCore\Debug\libArduinoCore.a(heap_3.o)
 .debug_line    0x000057df      0x208 C:\Users\theel\Desktop\lil_fish_tanks\LilFishTanks\LilFishTanks\ArduinoCore\Debug\libArduinoCore.a(list.o)
 .debug_line    0x000059e7      0x328 C:\Users\theel\Desktop\lil_fish_tanks\LilFishTanks\LilFishTanks\ArduinoCore\Debug\libArduinoCore.a(port.o)
 .debug_line    0x00005d0f      0xb6a C:\Users\theel\Desktop\lil_fish_tanks\LilFishTanks\LilFishTanks\ArduinoCore\Debug\libArduinoCore.a(queue.o)
 .debug_line    0x00006879       0x7a C:/Program Files (x86)/Atmel/Studio/7.0/Packs/atmel/ATmega_DFP/1.2.209/gcc/dev/atmega328p/avr5\libatmega328p.a(eerd_byte.o)
 .debug_line    0x000068f3       0x9e C:/Program Files (x86)/Atmel/Studio/7.0/Packs/atmel/ATmega_DFP/1.2.209/gcc/dev/atmega328p/avr5\libatmega328p.a(eewr_byte.o)

.debug_frame    0x00000000     0x1ea0
 *(.debug_frame)
 .debug_frame   0x00000000      0x1d8 DFRobot_PH.o
 .debug_frame   0x000001d8      0x1c8 main.o
 .debug_frame   0x000003a0      0x258 OneWire.o
 .debug_frame   0x000005f8       0xb4 phSensor.o
 .debug_frame   0x000006ac      0x28c src/libraries/MD_TCS230/src/MD_TCS230.o
 .debug_frame   0x00000938      0x110 C:\Users\theel\Desktop\lil_fish_tanks\LilFishTanks\LilFishTanks\ArduinoCore\Debug\libArduinoCore.a(HardwareSerial.o)
 .debug_frame   0x00000a48       0xe0 C:\Users\theel\Desktop\lil_fish_tanks\LilFishTanks\LilFishTanks\ArduinoCore\Debug\libArduinoCore.a(HardwareSerial0.o)
 .debug_frame   0x00000b28       0x54 C:\Users\theel\Desktop\lil_fish_tanks\LilFishTanks\LilFishTanks\ArduinoCore\Debug\libArduinoCore.a(main.o)
 .debug_frame   0x00000b7c      0x3ac C:\Users\theel\Desktop\lil_fish_tanks\LilFishTanks\LilFishTanks\ArduinoCore\Debug\libArduinoCore.a(Print.o)
 .debug_frame   0x00000f28       0xf4 C:\Users\theel\Desktop\lil_fish_tanks\LilFishTanks\LilFishTanks\ArduinoCore\Debug\libArduinoCore.a(WInterrupts.o)
 .debug_frame   0x0000101c       0xc4 C:\Users\theel\Desktop\lil_fish_tanks\LilFishTanks\LilFishTanks\ArduinoCore\Debug\libArduinoCore.a(wiring.o)
 .debug_frame   0x000010e0       0x54 C:\Users\theel\Desktop\lil_fish_tanks\LilFishTanks\LilFishTanks\ArduinoCore\Debug\libArduinoCore.a(wiring_analog.o)
 .debug_frame   0x00001134       0x7c C:\Users\theel\Desktop\lil_fish_tanks\LilFishTanks\LilFishTanks\ArduinoCore\Debug\libArduinoCore.a(wiring_digital.o)
 .debug_frame   0x000011b0      0x57c C:\Users\theel\Desktop\lil_fish_tanks\LilFishTanks\LilFishTanks\ArduinoCore\Debug\libArduinoCore.a(tasks.o)
 .debug_frame   0x0000172c      0x198 C:\Users\theel\Desktop\lil_fish_tanks\LilFishTanks\LilFishTanks\ArduinoCore\Debug\libArduinoCore.a(timers.o)
 .debug_frame   0x000018c4       0x54 C:\Users\theel\Desktop\lil_fish_tanks\LilFishTanks\LilFishTanks\ArduinoCore\Debug\libArduinoCore.a(variantHooks.o)
 .debug_frame   0x00001918       0xac C:\Users\theel\Desktop\lil_fish_tanks\LilFishTanks\LilFishTanks\ArduinoCore\Debug\libArduinoCore.a(FreqCount.o)
 .debug_frame   0x000019c4       0x24 C:\Users\theel\Desktop\lil_fish_tanks\LilFishTanks\LilFishTanks\ArduinoCore\Debug\libArduinoCore.a(hooks.o)
 .debug_frame   0x000019e8       0x4c C:\Users\theel\Desktop\lil_fish_tanks\LilFishTanks\LilFishTanks\ArduinoCore\Debug\libArduinoCore.a(heap_3.o)
 .debug_frame   0x00001a34       0x90 C:\Users\theel\Desktop\lil_fish_tanks\LilFishTanks\LilFishTanks\ArduinoCore\Debug\libArduinoCore.a(list.o)
 .debug_frame   0x00001ac4       0x74 C:\Users\theel\Desktop\lil_fish_tanks\LilFishTanks\LilFishTanks\ArduinoCore\Debug\libArduinoCore.a(port.o)
 .debug_frame   0x00001b38      0x368 C:\Users\theel\Desktop\lil_fish_tanks\LilFishTanks\LilFishTanks\ArduinoCore\Debug\libArduinoCore.a(queue.o)

.debug_str      0x00000000     0x4b22
 *(.debug_str)
 .debug_str     0x00000000      0x208 C:/Program Files (x86)/Atmel/Studio/7.0/Packs/atmel/ATmega_DFP/1.2.209/gcc/dev/atmega328p/avr5/crtatmega328p.o
 .debug_str     0x00000208      0x975 DFRobot_PH.o
                                0xa3c (size before relaxing)
 .debug_str     0x00000b7d      0xbb1 main.o
                               0x12c0 (size before relaxing)
 .debug_str     0x0000172e      0x155 OneWire.o
                                0x6c6 (size before relaxing)
 .debug_str     0x00001883       0x71 phSensor.o
                                0x895 (size before relaxing)
 .debug_str     0x000018f4      0x130 src/libraries/MD_TCS230/src/MD_TCS230.o
                                0x78c (size before relaxing)
 .debug_str     0x00001a24     0x1261 C:\Users\theel\Desktop\lil_fish_tanks\LilFishTanks\LilFishTanks\ArduinoCore\Debug\libArduinoCore.a(HardwareSerial.o)
                               0x1612 (size before relaxing)
 .debug_str     0x00002c85       0x86 C:\Users\theel\Desktop\lil_fish_tanks\LilFishTanks\LilFishTanks\ArduinoCore\Debug\libArduinoCore.a(HardwareSerial0.o)
                               0x1405 (size before relaxing)
 .debug_str     0x00002d0b       0x37 C:\Users\theel\Desktop\lil_fish_tanks\LilFishTanks\LilFishTanks\ArduinoCore\Debug\libArduinoCore.a(main.o)
                                0x2b1 (size before relaxing)
 .debug_str     0x00002d42      0x2ae C:\Users\theel\Desktop\lil_fish_tanks\LilFishTanks\LilFishTanks\ArduinoCore\Debug\libArduinoCore.a(Print.o)
                               0x123f (size before relaxing)
 .debug_str     0x00002ff0      0x146 C:\Users\theel\Desktop\lil_fish_tanks\LilFishTanks\LilFishTanks\ArduinoCore\Debug\libArduinoCore.a(WInterrupts.o)
                                0x234 (size before relaxing)
 .debug_str     0x00003136       0x67 C:\Users\theel\Desktop\lil_fish_tanks\LilFishTanks\LilFishTanks\ArduinoCore\Debug\libArduinoCore.a(wiring.o)
                                0x247 (size before relaxing)
 .debug_str     0x0000319d       0x5b C:\Users\theel\Desktop\lil_fish_tanks\LilFishTanks\LilFishTanks\ArduinoCore\Debug\libArduinoCore.a(wiring_analog.o)
                                0x24b (size before relaxing)
 .debug_str     0x000031f8       0x63 C:\Users\theel\Desktop\lil_fish_tanks\LilFishTanks\LilFishTanks\ArduinoCore\Debug\libArduinoCore.a(wiring_digital.o)
                                0x2ac (size before relaxing)
 .debug_str     0x0000325b      0xc5d C:\Users\theel\Desktop\lil_fish_tanks\LilFishTanks\LilFishTanks\ArduinoCore\Debug\libArduinoCore.a(tasks.o)
                                0xed6 (size before relaxing)
 .debug_str     0x00003eb8      0x485 C:\Users\theel\Desktop\lil_fish_tanks\LilFishTanks\LilFishTanks\ArduinoCore\Debug\libArduinoCore.a(timers.o)
                                0x85f (size before relaxing)
 .debug_str     0x0000433d       0x89 C:\Users\theel\Desktop\lil_fish_tanks\LilFishTanks\LilFishTanks\ArduinoCore\Debug\libArduinoCore.a(variantHooks.o)
                                0x38e (size before relaxing)
 .debug_str     0x000043c6      0x1b0 C:\Users\theel\Desktop\lil_fish_tanks\LilFishTanks\LilFishTanks\ArduinoCore\Debug\libArduinoCore.a(FreqCount.o)
                                0x4bb (size before relaxing)
 .debug_str     0x00004576       0x1c C:\Users\theel\Desktop\lil_fish_tanks\LilFishTanks\LilFishTanks\ArduinoCore\Debug\libArduinoCore.a(hooks.o)
                                0x13c (size before relaxing)
 .debug_str     0x00004592       0x3b C:\Users\theel\Desktop\lil_fish_tanks\LilFishTanks\LilFishTanks\ArduinoCore\Debug\libArduinoCore.a(heap_3.o)
                                0x23f (size before relaxing)
 .debug_str     0x000045cd       0x69 C:\Users\theel\Desktop\lil_fish_tanks\LilFishTanks\LilFishTanks\ArduinoCore\Debug\libArduinoCore.a(list.o)
                                0x30a (size before relaxing)
 .debug_str     0x00004636       0x91 C:\Users\theel\Desktop\lil_fish_tanks\LilFishTanks\LilFishTanks\ArduinoCore\Debug\libArduinoCore.a(port.o)
                                0x2f6 (size before relaxing)
 .debug_str     0x000046c7      0x45b C:\Users\theel\Desktop\lil_fish_tanks\LilFishTanks\LilFishTanks\ArduinoCore\Debug\libArduinoCore.a(queue.o)
                                0x9b3 (size before relaxing)

.debug_loc      0x00000000     0xb72d
 *(.debug_loc)
 .debug_loc     0x00000000      0xc3f DFRobot_PH.o
 .debug_loc     0x00000c3f      0x79c main.o
 .debug_loc     0x000013db     0x1112 OneWire.o
 .debug_loc     0x000024ed      0x212 phSensor.o
 .debug_loc     0x000026ff      0xde2 src/libraries/MD_TCS230/src/MD_TCS230.o
 .debug_loc     0x000034e1      0x4dc C:\Users\theel\Desktop\lil_fish_tanks\LilFishTanks\LilFishTanks\ArduinoCore\Debug\libArduinoCore.a(HardwareSerial.o)
 .debug_loc     0x000039bd      0x1b0 C:\Users\theel\Desktop\lil_fish_tanks\LilFishTanks\LilFishTanks\ArduinoCore\Debug\libArduinoCore.a(HardwareSerial0.o)
 .debug_loc     0x00003b6d     0x1c87 C:\Users\theel\Desktop\lil_fish_tanks\LilFishTanks\LilFishTanks\ArduinoCore\Debug\libArduinoCore.a(Print.o)
 .debug_loc     0x000057f4      0x235 C:\Users\theel\Desktop\lil_fish_tanks\LilFishTanks\LilFishTanks\ArduinoCore\Debug\libArduinoCore.a(WInterrupts.o)
 .debug_loc     0x00005a29      0x28d C:\Users\theel\Desktop\lil_fish_tanks\LilFishTanks\LilFishTanks\ArduinoCore\Debug\libArduinoCore.a(wiring.o)
 .debug_loc     0x00005cb6       0xfe C:\Users\theel\Desktop\lil_fish_tanks\LilFishTanks\LilFishTanks\ArduinoCore\Debug\libArduinoCore.a(wiring_analog.o)
 .debug_loc     0x00005db4      0x5fc C:\Users\theel\Desktop\lil_fish_tanks\LilFishTanks\LilFishTanks\ArduinoCore\Debug\libArduinoCore.a(wiring_digital.o)
 .debug_loc     0x000063b0     0x24ae C:\Users\theel\Desktop\lil_fish_tanks\LilFishTanks\LilFishTanks\ArduinoCore\Debug\libArduinoCore.a(tasks.o)
 .debug_loc     0x0000885e      0xadc C:\Users\theel\Desktop\lil_fish_tanks\LilFishTanks\LilFishTanks\ArduinoCore\Debug\libArduinoCore.a(timers.o)
 .debug_loc     0x0000933a       0xb6 C:\Users\theel\Desktop\lil_fish_tanks\LilFishTanks\LilFishTanks\ArduinoCore\Debug\libArduinoCore.a(variantHooks.o)
 .debug_loc     0x000093f0      0x2b5 C:\Users\theel\Desktop\lil_fish_tanks\LilFishTanks\LilFishTanks\ArduinoCore\Debug\libArduinoCore.a(FreqCount.o)
 .debug_loc     0x000096a5      0x112 C:\Users\theel\Desktop\lil_fish_tanks\LilFishTanks\LilFishTanks\ArduinoCore\Debug\libArduinoCore.a(heap_3.o)
 .debug_loc     0x000097b7      0x1d7 C:\Users\theel\Desktop\lil_fish_tanks\LilFishTanks\LilFishTanks\ArduinoCore\Debug\libArduinoCore.a(list.o)
 .debug_loc     0x0000998e      0x288 C:\Users\theel\Desktop\lil_fish_tanks\LilFishTanks\LilFishTanks\ArduinoCore\Debug\libArduinoCore.a(port.o)
 .debug_loc     0x00009c16     0x1b17 C:\Users\theel\Desktop\lil_fish_tanks\LilFishTanks\LilFishTanks\ArduinoCore\Debug\libArduinoCore.a(queue.o)

.debug_macinfo
 *(.debug_macinfo)

.debug_weaknames
 *(.debug_weaknames)

.debug_funcnames
 *(.debug_funcnames)

.debug_typenames
 *(.debug_typenames)

.debug_varnames
 *(.debug_varnames)

.debug_pubtypes
 *(.debug_pubtypes)

.debug_ranges   0x00000000      0x920
 *(.debug_ranges)
 .debug_ranges  0x00000000       0x78 DFRobot_PH.o
 .debug_ranges  0x00000078       0xa8 main.o
 .debug_ranges  0x00000120       0x90 OneWire.o
 .debug_ranges  0x000001b0       0x30 phSensor.o
 .debug_ranges  0x000001e0       0xb0 src/libraries/MD_TCS230/src/MD_TCS230.o
 .debug_ranges  0x00000290       0x58 C:\Users\theel\Desktop\lil_fish_tanks\LilFishTanks\LilFishTanks\ArduinoCore\Debug\libArduinoCore.a(HardwareSerial.o)
 .debug_ranges  0x000002e8       0x38 C:\Users\theel\Desktop\lil_fish_tanks\LilFishTanks\LilFishTanks\ArduinoCore\Debug\libArduinoCore.a(HardwareSerial0.o)
 .debug_ranges  0x00000320       0x20 C:\Users\theel\Desktop\lil_fish_tanks\LilFishTanks\LilFishTanks\ArduinoCore\Debug\libArduinoCore.a(main.o)
 .debug_ranges  0x00000340      0x120 C:\Users\theel\Desktop\lil_fish_tanks\LilFishTanks\LilFishTanks\ArduinoCore\Debug\libArduinoCore.a(Print.o)
 .debug_ranges  0x00000460       0x30 C:\Users\theel\Desktop\lil_fish_tanks\LilFishTanks\LilFishTanks\ArduinoCore\Debug\libArduinoCore.a(WInterrupts.o)
 .debug_ranges  0x00000490       0x38 C:\Users\theel\Desktop\lil_fish_tanks\LilFishTanks\LilFishTanks\ArduinoCore\Debug\libArduinoCore.a(wiring.o)
 .debug_ranges  0x000004c8       0x20 C:\Users\theel\Desktop\lil_fish_tanks\LilFishTanks\LilFishTanks\ArduinoCore\Debug\libArduinoCore.a(wiring_analog.o)
 .debug_ranges  0x000004e8       0x28 C:\Users\theel\Desktop\lil_fish_tanks\LilFishTanks\LilFishTanks\ArduinoCore\Debug\libArduinoCore.a(wiring_digital.o)
 .debug_ranges  0x00000510      0x1d8 C:\Users\theel\Desktop\lil_fish_tanks\LilFishTanks\LilFishTanks\ArduinoCore\Debug\libArduinoCore.a(tasks.o)
 .debug_ranges  0x000006e8       0x80 C:\Users\theel\Desktop\lil_fish_tanks\LilFishTanks\LilFishTanks\ArduinoCore\Debug\libArduinoCore.a(timers.o)
 .debug_ranges  0x00000768       0x28 C:\Users\theel\Desktop\lil_fish_tanks\LilFishTanks\LilFishTanks\ArduinoCore\Debug\libArduinoCore.a(variantHooks.o)
 .debug_ranges  0x00000790       0x30 C:\Users\theel\Desktop\lil_fish_tanks\LilFishTanks\LilFishTanks\ArduinoCore\Debug\libArduinoCore.a(FreqCount.o)