Archive member included to satisfy reference by file (symbol)

c:/program files (x86)/atmel/studio/7.0/toolchain/avr8/avr8-gnu-toolchain/bin/../lib/gcc/avr/5.4.0/../../../../avr/lib/avr5\libm.a(addsf3.o)
                              DFRobot_PH.o (__subsf3)
c:/program files (x86)/atmel/studio/7.0/toolchain/avr8/avr8-gnu-toolchain/bin/../lib/gcc/avr/5.4.0/../../../../avr/lib/avr5\libm.a(addsf3x.o)
                              c:/program files (x86)/atmel/studio/7.0/toolchain/avr8/avr8-gnu-toolchain/bin/../lib/gcc/avr/5.4.0/../../../../avr/lib/avr5\libm.a(addsf3.o) (__addsf3x)
c:/program files (x86)/atmel/studio/7.0/toolchain/avr8/avr8-gnu-toolchain/bin/../lib/gcc/avr/5.4.0/../../../../avr/lib/avr5\libm.a(cmpsf2.o)
                              color_sensor.o (__eqsf2)
c:/program files (x86)/atmel/studio/7.0/toolchain/avr8/avr8-gnu-toolchain/bin/../lib/gcc/avr/5.4.0/../../../../avr/lib/avr5\libm.a(divsf3.o)
                              DFRobot_PH.o (__divsf3)
c:/program files (x86)/atmel/studio/7.0/toolchain/avr8/avr8-gnu-toolchain/bin/../lib/gcc/avr/5.4.0/../../../../avr/lib/avr5\libm.a(divsf3x.o)
                              c:/program files (x86)/atmel/studio/7.0/toolchain/avr8/avr8-gnu-toolchain/bin/../lib/gcc/avr/5.4.0/../../../../avr/lib/avr5\libm.a(divsf3.o) (__divsf3x)
c:/program files (x86)/atmel/studio/7.0/toolchain/avr8/avr8-gnu-toolchain/bin/../lib/gcc/avr/5.4.0/../../../../avr/lib/avr5\libm.a(fixsfsi.o)
                              color_sensor.o (__fixsfsi)
c:/program files (x86)/atmel/studio/7.0/toolchain/avr8/avr8-gnu-toolchain/bin/../lib/gcc/avr/5.4.0/../../../../avr/lib/avr5\libm.a(fixunssfsi.o)
                              c:/program files (x86)/atmel/studio/7.0/toolchain/avr8/avr8-gnu-toolchain/bin/../lib/gcc/avr/5.4.0/../../../../avr/lib/avr5\libm.a(fixsfsi.o) (__fixunssfsi)
c:/program files (x86)/atmel/studio/7.0/toolchain/avr8/avr8-gnu-toolchain/bin/../lib/gcc/avr/5.4.0/../../../../avr/lib/avr5\libm.a(floatsisf.o)
                              tempSensor.o (__floatsisf)
c:/program files (x86)/atmel/studio/7.0/toolchain/avr8/avr8-gnu-toolchain/bin/../lib/gcc/avr/5.4.0/../../../../avr/lib/avr5\libm.a(fp_cmp.o)
                              c:/program files (x86)/atmel/studio/7.0/toolchain/avr8/avr8-gnu-toolchain/bin/../lib/gcc/avr/5.4.0/../../../../avr/lib/avr5\libm.a(cmpsf2.o) (__fp_cmp)
c:/program files (x86)/atmel/studio/7.0/toolchain/avr8/avr8-gnu-toolchain/bin/../lib/gcc/avr/5.4.0/../../../../avr/lib/avr5\libm.a(fp_inf.o)
                              c:/program files (x86)/atmel/studio/7.0/toolchain/avr8/avr8-gnu-toolchain/bin/../lib/gcc/avr/5.4.0/../../../../avr/lib/avr5\libm.a(addsf3x.o) (__fp_inf)
c:/program files (x86)/atmel/studio/7.0/toolchain/avr8/avr8-gnu-toolchain/bin/../lib/gcc/avr/5.4.0/../../../../avr/lib/avr5\libm.a(fp_nan.o)
                              c:/program files (x86)/atmel/studio/7.0/toolchain/avr8/avr8-gnu-toolchain/bin/../lib/gcc/avr/5.4.0/../../../../avr/lib/avr5\libm.a(addsf3x.o) (__fp_nan)
c:/program files (x86)/atmel/studio/7.0/toolchain/avr8/avr8-gnu-toolchain/bin/../lib/gcc/avr/5.4.0/../../../../avr/lib/avr5\libm.a(fp_pscA.o)
                              c:/program files (x86)/atmel/studio/7.0/toolchain/avr8/avr8-gnu-toolchain/bin/../lib/gcc/avr/5.4.0/../../../../avr/lib/avr5\libm.a(addsf3x.o) (__fp_pscA)
c:/program files (x86)/atmel/studio/7.0/toolchain/avr8/avr8-gnu-toolchain/bin/../lib/gcc/avr/5.4.0/../../../../avr/lib/avr5\libm.a(fp_pscB.o)
                              c:/program files (x86)/atmel/studio/7.0/toolchain/avr8/avr8-gnu-toolchain/bin/../lib/gcc/avr/5.4.0/../../../../avr/lib/avr5\libm.a(addsf3x.o) (__fp_pscB)
c:/program files (x86)/atmel/studio/7.0/toolchain/avr8/avr8-gnu-toolchain/bin/../lib/gcc/avr/5.4.0/../../../../avr/lib/avr5\libm.a(fp_round.o)
                              c:/program files (x86)/atmel/studio/7.0/toolchain/avr8/avr8-gnu-toolchain/bin/../lib/gcc/avr/5.4.0/../../../../avr/lib/avr5\libm.a(addsf3.o) (__fp_round)
c:/program files (x86)/atmel/studio/7.0/toolchain/avr8/avr8-gnu-toolchain/bin/../lib/gcc/avr/5.4.0/../../../../avr/lib/avr5\libm.a(fp_split3.o)
                              c:/program files (x86)/atmel/studio/7.0/toolchain/avr8/avr8-gnu-toolchain/bin/../lib/gcc/avr/5.4.0/../../../../avr/lib/avr5\libm.a(addsf3x.o) (__fp_split3)
c:/program files (x86)/atmel/studio/7.0/toolchain/avr8/avr8-gnu-toolchain/bin/../lib/gcc/avr/5.4.0/../../../../avr/lib/avr5\libm.a(fp_zero.o)
                              c:/program files (x86)/atmel/studio/7.0/toolchain/avr8/avr8-gnu-toolchain/bin/../lib/gcc/avr/5.4.0/../../../../avr/lib/avr5\libm.a(addsf3x.o) (__fp_zero)
c:/program files (x86)/atmel/studio/7.0/toolchain/avr8/avr8-gnu-toolchain/bin/../lib/gcc/avr/5.4.0/../../../../avr/lib/avr5\libm.a(gesf2.o)
                              DFRobot_PH.o (__gtsf2)
[...]
Memory Configuration

Name             Origin             Length             Attributes
text             0x00000000         0x00020000         xr
data             0x00800060         0x0000ffa0         rw !x
eeprom           0x00810000         0x00010000         rw !x
fuse             0x00820000         0x00000003         rw !x
lock             0x00830000         0x00000400         rw !x
signature        0x00840000         0x00000400         rw !x
user_signatures  0x00850000         0x00000400         rw !x
*default*        0x00000000         0xffffffff

Linker script and memory map

Address of section .data set to 0x800100
LOAD C:/Program Files (x86)/Atmel/Studio/7.0/Packs/atmel/ATmega_DFP/1.2.209/gcc/dev/atmega328p/avr5/crtatmega328p.o
LOAD color_sensor.o
LOAD tempSensor.o
LOAD DFRobot_PH.o
LOAD main.o
LOAD OneWire.o
LOAD phSensor.o
LOAD src/libraries/FreeRTOS/src/croutine.o
LOAD src/libraries/FreeRTOS/src/event_groups.o
LOAD src/libraries/FreeRTOS/src/heap_3.o
LOAD src/libraries/FreeRTOS/src/list.o
LOAD src/libraries/FreeRTOS/src/port.o
LOAD src/libraries/FreeRTOS/src/queue.o
LOAD src/libraries/FreeRTOS/src/stream_buffer.o
LOAD src/libraries/FreeRTOS/src/tasks.o
LOAD src/libraries/FreeRTOS/src/timers.o
LOAD src/libraries/FreeRTOS/src/variantHooks.o
LOAD src/libraries/MD_TCS230/src/MD_TCS230.o
LOAD src/libraries/SoftwareSerial/src/SoftwareSerial.o
START GROUP
LOAD c:/program files (x86)/atmel/studio/7.0/toolchain/avr8/avr8-gnu-toolchain/bin/../lib/gcc/avr/5.4.0/../../../../avr/lib/avr5\libm.a
LOAD D:\Users\Celine\ONEDRI~1.EDU\DOCUME~1\Schule\UNIVER~1\EECS47~1\Project\LIL_FI~1\LILFIS~1\LILFIS~1\ARDUIN~1\Debug\libArduinoCore.a
END GROUP
LOAD c:/program files (x86)/atmel/studio/7.0/toolchain/avr8/avr8-gnu-toolchain/bin/../lib/gcc/avr/5.4.0/avr5\libgcc.a
LOAD c:/program files (x86)/atmel/studio/7.0/toolchain/avr8/avr8-gnu-toolchain/bin/../lib/gcc/avr/5.4.0/../../../../avr/lib/avr5\libm.a
START GROUP
LOAD c:/program files (x86)/atmel/studio/7.0/toolchain/avr8/avr8-gnu-toolchain/bin/../lib/gcc/avr/5.4.0/avr5\libgcc.a
LOAD c:/program files (x86)/atmel/studio/7.0/toolchain/avr8/avr8-gnu-toolchain/bin/../lib/gcc/avr/5.4.0/../../../../avr/lib/avr5\libm.a
LOAD c:/program files (x86)/atmel/studio/7.0/toolchain/avr8/avr8-gnu-toolchain/bin/../lib/gcc/avr/5.4.0/../../../../avr/lib/avr5\libc.a
LOAD C:/Program Files (x86)/Atmel/Studio/7.0/Packs/atmel/ATmega_DFP/1.2.209/gcc/dev/atmega328p/avr5\libatmega328p.a
END GROUP
                0x00000000                __TEXT_REGION_ORIGIN__ = DEFINED (__TEXT_REGION_ORIGIN__)?__TEXT_REGION_ORIGIN__:0x0
                0x00800060                __DATA_REGION_ORIGIN__ = DEFINED (__DATA_REGION_ORIGIN__)?__DATA_REGION_ORIGIN__:0x800060
                0x00020000                __TEXT_REGION_LENGTH__ = DEFINED (__TEXT_REGION_LENGTH__)?__TEXT_REGION_LENGTH__:0x20000
                0x0000ffa0                __DATA_REGION_LENGTH__ = DEFINED (__DATA_REGION_LENGTH__)?__DATA_REGION_LENGTH__:0xffa0
                0x00010000                __EEPROM_REGION_LENGTH__ = DEFINED (__EEPROM_REGION_LENGTH__)?__EEPROM_REGION_LENGTH__:0x10000
                [0x00000003]                __FUSE_REGION_LENGTH__ = DEFINED (__FUSE_REGION_LENGTH__)?__FUSE_REGION_LENGTH__:0x400
                0x00000400                __LOCK_REGION_LENGTH__ = DEFINED (__LOCK_REGION_LENGTH__)?__LOCK_REGION_LENGTH__:0x400
                0x00000400                __SIGNATURE_REGION_LENGTH__ = DEFINED (__SIGNATURE_REGION_LENGTH__)?__SIGNATURE_REGION_LENGTH__:0x400
                0x00000400                __USER_SIGNATURE_REGION_LENGTH__ = DEFINED (__USER_SIGNATURE_REGION_LENGTH__)?__USER_SIGNATURE_REGION_LENGTH__:0x400

.hash
 *(.hash)

.dynsym
 *(.dynsym)

.dynstr
 *(.dynstr)

.gnu.version
 *(.gnu.version)

.gnu.version_d
 *(.gnu.version_d)

.gnu.version_r
 *(.gnu.version_r)

.rel.init
 *(.rel.init)

.rela.init
 *(.rela.init)

.rel.text
 *(.rel.text)
 *(.rel.text.*)
 *(.rel.gnu.linkonce.t*)

.rela.text
 *(.rela.text)
 *(.rela.text.*)
 *(.rela.gnu.linkonce.t*)

.rel.fini
 *(.rel.fini)

.rela.fini
 *(.rela.fini)

.rel.rodata
 *(.rel.rodata)
 *(.rel.rodata.*)
 *(.rel.gnu.linkonce.r*)

.rela.rodata
 *(.rela.rodata)
 *(.rela.rodata.*)
 *(.rela.gnu.linkonce.r*)

.rel.data
 *(.rel.data)
 *(.rel.data.*)
 *(.rel.gnu.linkonce.d*)

.rela.data
 *(.rela.data)
 *(.rela.data.*)
 *(.rela.gnu.linkonce.d*)

.rel.ctors
 *(.rel.ctors)

.rela.ctors
 *(.rela.ctors)

.rel.dtors
 *(.rel.dtors)

.rela.dtors
 *(.rela.dtors)

.rel.got
 *(.rel.got)

.rela.got
 *(.rela.got)

.rel.bss
 *(.rel.bss)

.rela.bss
 *(.rela.bss)

.rel.plt
 *(.rel.plt)

.rela.plt
 *(.rela.plt)

.text           0x00000000     0x47f8
 *(.vectors)
 .vectors       0x00000000       0x68 C:/Program Files (x86)/Atmel/Studio/7.0/Packs/atmel/ATmega_DFP/1.2.209/gcc/dev/atmega328p/avr5/crtatmega328p.o
                0x00000000                __vector_default
                0x00000000                __vectors
 *(.vectors)
 *(.progmem.gcc*)
 .progmem.gcc_sw_table.prvTimerTask
                0x00000068       0x14 src/libraries/FreeRTOS/src/timers.o
                0x0000007c                . = ALIGN (0x2)
                0x0000007c                __trampolines_start = .
 *(.trampolines)
 .trampolines   0x0000007c        0x0 linker stubs
 *(.trampolines*)
                0x0000007c                __trampolines_end = .
 *libprintf_flt.a:*(.progmem.data)
 *libc.a:*(.progmem.data)
 *(.progmem*)
 .progmem.data._ZZ9SameColorvE3__c
                0x0000007c       0x16 color_sensor.o
 .progmem.data._ZL15dscrc2x16_table
                0x00000092       0x20 OneWire.o
 .progmem.data.digital_pin_to_timer_PGM
                0x000000b2       0x14 D:\Users\Celine\ONEDRI~1.EDU\DOCUME~1\Schule\UNIVER~1\EECS47~1\Project\LIL_FI~1\LILFIS~1\LILFIS~1\ARDUIN~1\Debug\libArduinoCore.a(wiring_digital.o)
                0x000000b2                digital_pin_to_timer_PGM
 .progmem.data.digital_pin_to_bit_mask_PGM
                0x000000c6       0x14 D:\Users\Celine\ONEDRI~1.EDU\DOCUME~1\Schule\UNIVER~1\EECS47~1\Project\LIL_FI~1\LILFIS~1\LILFIS~1\ARDUIN~1\Debug\libArduinoCore.a(wiring_digital.o)
                0x000000c6                digital_pin_to_bit_mask_PGM
 .progmem.data.digital_pin_to_port_PGM
                0x000000da       0x14 D:\Users\Celine\ONEDRI~1.EDU\DOCUME~1\Schule\UNIVER~1\EECS47~1\Project\LIL_FI~1\LILFIS~1\LILFIS~1\ARDUIN~1\Debug\libArduinoCore.a(wiring_digital.o)
                0x000000da                digital_pin_to_port_PGM
 .progmem.data.port_to_input_PGM
                0x000000ee        0xa D:\Users\Celine\ONEDRI~1.EDU\DOCUME~1\Schule\UNIVER~1\EECS47~1\Project\LIL_FI~1\LILFIS~1\LILFIS~1\ARDUIN~1\Debug\libArduinoCore.a(wiring_digital.o)
                0x000000ee                port_to_input_PGM
 .progmem.data.port_to_output_PGM
                0x000000f8        0xa D:\Users\Celine\ONEDRI~1.EDU\DOCUME~1\Schule\UNIVER~1\EECS47~1\Project\LIL_FI~1\LILFIS~1\LILFIS~1\ARDUIN~1\Debug\libArduinoCore.a(wiring_digital.o)
                0x000000f8                port_to_output_PGM
 .progmem.data.port_to_mode_PGM
                0x00000102        0xa D:\Users\Celine\ONEDRI~1.EDU\DOCUME~1\Schule\UNIVER~1\EECS47~1\Project\LIL_FI~1\LILFIS~1\LILFIS~1\ARDUIN~1\Debug\libArduinoCore.a(wiring_digital.o)
                0x00000102                port_to_mode_PGM
                0x0000010c                . = ALIGN (0x2)
 *(.jumptables)
 *(.jumptables*)
 *(.lowtext)
 *(.lowtext*)
                0x0000010c                __ctors_start = .
 *(.ctors)
 .ctors         0x0000010c        0x2 color_sensor.o
 .ctors         0x0000010e        0x2 tempSensor.o
 .ctors         0x00000110        0x2 main.o
 .ctors         0x00000112        0x2 D:\Users\Celine\ONEDRI~1.EDU\DOCUME~1\Schule\UNIVER~1\EECS47~1\Project\LIL_FI~1\LILFIS~1\LILFIS~1\ARDUIN~1\Debug\libArduinoCore.a(HardwareSerial0.o)
                0x00000114                __ctors_end = .
                0x00000114                __dtors_start = .
 *(.dtors)
 .dtors         0x00000114        0x2 color_sensor.o
 .dtors         0x00000116        0x2 main.o
                0x00000118                __dtors_end = .
 SORT(*)(.ctors)
 SORT(*)(.dtors)
 *(.init0)
 .init0         0x00000118        0x0 C:/Program Files (x86)/Atmel/Studio/7.0/Packs/atmel/ATmega_DFP/1.2.209/gcc/dev/atmega328p/avr5/crtatmega328p.o
                0x00000118                __init
 *(.init0)
 *(.init1)
 *(.init1)
 *(.init2)
 .init2         0x00000118        0xc C:/Program Files (x86)/Atmel/Studio/7.0/Packs/atmel/ATmega_DFP/1.2.209/gcc/dev/atmega328p/avr5/crtatmega328p.o
 *(.init2)
 *(.init3)
 *(.init3)
 *(.init4)
 .init4         0x00000124       0x16 c:/program files (x86)/atmel/studio/7.0/toolchain/avr8/avr8-gnu-toolchain/bin/../lib/gcc/avr/5.4.0/avr5\libgcc.a(_copy_data.o)
                0x00000124                __do_copy_data
 .init4         0x0000013a       0x10 c:/program files (x86)/atmel/studio/7.0/toolchain/avr8/avr8-gnu-toolchain/bin/../lib/gcc/avr/5.4.0/avr5\libgcc.a(_clear_bss.o)
                0x0000013a                __do_clear_bss
 *(.init4)
 *(.init5)
 *(.init5)
 *(.init6)
 .init6         0x0000014a       0x16 c:/program files (x86)/atmel/studio/7.0/toolchain/avr8/avr8-gnu-toolchain/bin/../lib/gcc/avr/5.4.0/avr5\libgcc.a(_ctors.o)
                0x0000014a                __do_global_ctors
 *(.init6)
 *(.init7)
 *(.init7)
 *(.init8)
 *(.init8)
 *(.init9)
 .init9         0x00000160        0x8 C:/Program Files (x86)/Atmel/Studio/7.0/Packs/atmel/ATmega_DFP/1.2.209/gcc/dev/atmega328p/avr5/crtatmega328p.o
 *(.init9)
 *(.text)
 .text          0x00000168        0x4 C:/Program Files (x86)/Atmel/Studio/7.0/Packs/atmel/ATmega_DFP/1.2.209/gcc/dev/atmega328p/avr5/crtatmega328p.o
                0x00000168                __vector_22
                0x00000168                __vector_1
                0x00000168                __vector_24
                0x00000168                __vector_12
                0x00000168                __bad_interrupt
                0x00000168                __vector_23
                0x00000168                __vector_25
                0x00000168                __vector_11
                0x00000168                __vector_13
                0x00000168                __vector_17
                0x00000168                __vector_9
                0x00000168                __vector_2
                0x00000168                __vector_21
                0x00000168                __vector_15
                0x00000168                __vector_8
                0x00000168                __vector_14
                0x00000168                __vector_10
                0x00000168                __vector_20
                0x0000016c                . = ALIGN (0x2)
 *(.text.*)
 .text._Z7setupCSv
                0x0000016c      0x3ca color_sensor.o
                0x0000016c                _Z7setupCSv
 .text._Z9SameColorv
                0x00000536      0x12e color_sensor.o
                0x00000536                _Z9SameColorv
 .text._Z9FindMatchv
                0x00000664       0xfc color_sensor.o
                0x00000664                _Z9FindMatchv
 .text._Z9ScanColor8ReadType
                0x00000760       0x82 color_sensor.o
                0x00000760                _Z9ScanColor8ReadType
 .text._Z13findTestStrip8ReadType
                0x000007e2       0x90 color_sensor.o
                0x000007e2                _Z13findTestStrip8ReadType
 .text.startup._GLOBAL__sub_I_Ammonia
                0x00000872        0xe color_sensor.o
 .text.exit._GLOBAL__sub_D_Ammonia
                0x00000880        0x8 color_sensor.o
 .text._Z11measureTempv
                0x00000888      0x11a tempSensor.o
                0x00000888                _Z11measureTempv
 .text.startup._GLOBAL__sub_I_ds
                0x000009a2        0xa tempSensor.o
 .text._Z20TaskPHandTemperaturePv
                0x000009ac       0x8a main.o
                0x000009ac                _Z20TaskPHandTemperaturePv
 .text._ZN5Print5writeEPKc
                0x00000a36       0x2a main.o
                0x00000a36                _ZN5Print5writeEPKc
 .text._Z6setLED8LEDColor
                0x00000a60       0x48 main.o
                0x00000a60                _Z6setLED8LEDColor
 .text._Z15TaskColorSensorPv
                0x00000aa8      0x186 main.o
                0x00000aa8                _Z15TaskColorSensorPv
 .text._Z8setupLEDv
                0x00000c2e       0x34 main.o
                0x00000c2e                _Z8setupLEDv
 .text.setup    0x00000c62       0xc4 main.o
                0x00000c62                setup
 .text.loop     0x00000d26        0x2 main.o
                0x00000d26                loop
 .text.startup._GLOBAL__sub_I_Red
                0x00000d28        0xe main.o
 .text.exit._GLOBAL__sub_D_Red
                0x00000d36        0x8 main.o
 .text._ZN7OneWire5resetEv
                0x00000d3e       0x7e OneWire.o
                0x00000d3e                _ZN7OneWire5resetEv
 .text._ZN7OneWire9write_bitEh
                0x00000dbc       0x66 OneWire.o
                0x00000dbc                _ZN7OneWire9write_bitEh
 .text._ZN7OneWire8read_bitEv
                0x00000e22       0x56 OneWire.o
                0x00000e22                _ZN7OneWire8read_bitEv
 .text._ZN7OneWire5writeEhh
                0x00000e78       0x68 OneWire.o
                0x00000e78                _ZN7OneWire5writeEhh
 .text._ZN7OneWire4readEv
                0x00000ee0       0x38 OneWire.o
                0x00000ee0                _ZN7OneWire4readEv
 .text._ZN7OneWire6selectEPKh
                0x00000f18       0x3e OneWire.o
                0x00000f18                _ZN7OneWire6selectEPKh
 .text._ZN7OneWire12reset_searchEv
                0x00000f56       0x18 OneWire.o
                0x00000f56                _ZN7OneWire12reset_searchEv
 .text._ZN7OneWire5beginEh
                0x00000f6e       0x46 OneWire.o
                0x00000f6e                _ZN7OneWire5beginEh
 .text._ZN7OneWire6searchEPhb
                0x00000fb4      0x10e OneWire.o
                0x00000fb4                _ZN7OneWire6searchEPhb
 .text._ZN7OneWire4crc8EPKhh
                0x000010c2       0x30 OneWire.o
                0x000010c2                _ZN7OneWire4crc8EPKhh
 .text._Z6calcPHv
                0x000010f2       0xae phSensor.o
                0x000010f2                _Z6calcPHv
 .text.hot.pvPortMalloc
                0x000011a0       0x26 src/libraries/FreeRTOS/src/heap_3.o
                0x000011a0                pvPortMalloc
 .text.hot.vPortFree
                0x000011c6       0x22 src/libraries/FreeRTOS/src/heap_3.o
                0x000011c6                vPortFree
 .text.hot.vListInitialise
                0x000011e8       0x1c src/libraries/FreeRTOS/src/list.o
                0x000011e8                vListInitialise
 .text.hot.vListInitialiseItem
                0x00001204        0x8 src/libraries/FreeRTOS/src/list.o
                0x00001204                vListInitialiseItem
 .text.hot.vListInsertEnd
                0x0000120c       0x42 src/libraries/FreeRTOS/src/list.o
                0x0000120c                vListInsertEnd
 .text.hot.vListInsert
                0x0000124e       0x70 src/libraries/FreeRTOS/src/list.o
                0x0000124e                vListInsert
 .text.hot.uxListRemove
                0x000012be       0x48 src/libraries/FreeRTOS/src/list.o
                0x000012be                uxListRemove
 .text.hot.pxPortInitialiseStack
                0x00001306       0xd8 src/libraries/FreeRTOS/src/port.o
                0x00001306                pxPortInitialiseStack
 .text.hot.xPortStartScheduler
                0x000013de       0x70 src/libraries/FreeRTOS/src/port.o
                0x000013de                xPortStartScheduler
 .text.hot.vPortYield
                0x0000144e       0xb2 src/libraries/FreeRTOS/src/port.o
                0x0000144e                vPortYield
 .text.hot.vPortYieldFromTick
                0x00001500       0xba src/libraries/FreeRTOS/src/port.o
                0x00001500                vPortYieldFromTick
 .text.hot.__vector_6
                0x000015ba        0x6 src/libraries/FreeRTOS/src/port.o
                0x000015ba                __vector_6
 .text.hot.prvIsQueueEmpty
                0x000015c0       0x16 src/libraries/FreeRTOS/src/queue.o
 .text.hot.prvCopyDataToQueue
                0x000015d6       0xa6 src/libraries/FreeRTOS/src/queue.o
 .text.hot.prvCopyDataFromQueue
                0x0000167c       0x34 src/libraries/FreeRTOS/src/queue.o
 .text.hot.prvUnlockQueue
                0x000016b0       0x7c src/libraries/FreeRTOS/src/queue.o
 .text.hot.xQueueGenericReset
                0x0000172c       0x7e src/libraries/FreeRTOS/src/queue.o
                0x0000172c                xQueueGenericReset
 .text.hot.xQueueGenericCreate
                0x000017aa       0x50 src/libraries/FreeRTOS/src/queue.o
                0x000017aa                xQueueGenericCreate
 .text.hot.xQueueGenericSend
                0x000017fa      0x12c src/libraries/FreeRTOS/src/queue.o
                0x000017fa                xQueueGenericSend
 .text.hot.xQueueGenericSendFromISR
                0x00001926       0x5e src/libraries/FreeRTOS/src/queue.o
                0x00001926                xQueueGenericSendFromISR
 .text.hot.xQueueReceive
                0x00001984      0x124 src/libraries/FreeRTOS/src/queue.o
                0x00001984                xQueueReceive
 .text.hot.xQueueSemaphoreTake
                0x00001aa8      0x184 src/libraries/FreeRTOS/src/queue.o
                0x00001aa8                xQueueSemaphoreTake
 .text.hot.vQueueWaitForMessageRestricted
                0x00001c2c       0x38 src/libraries/FreeRTOS/src/queue.o
                0x00001c2c                vQueueWaitForMessageRestricted
 .text.prvResetNextTaskUnblockTime
                0x00001c64       0x36 src/libraries/FreeRTOS/src/tasks.o
 .text.hot.prvAddCurrentTaskToDelayedList
                0x00001c9a       0xb8 src/libraries/FreeRTOS/src/tasks.o
 .text.prvIdleTask
                0x00001d52       0x5c src/libraries/FreeRTOS/src/tasks.o
 .text.hot.xTaskCreate
                0x00001dae      0x218 src/libraries/FreeRTOS/src/tasks.o
                0x00001dae                xTaskCreate
 .text.hot.vTaskStartScheduler
                0x00001fc6       0x5c src/libraries/FreeRTOS/src/tasks.o
                0x00001fc6                vTaskStartScheduler
 .text.hot.vTaskSuspendAll
                0x00002022        0xc src/libraries/FreeRTOS/src/tasks.o
                0x00002022                vTaskSuspendAll
 .text.hot.xTaskGetTickCount
                0x0000202e       0x14 src/libraries/FreeRTOS/src/tasks.o
                0x0000202e                xTaskGetTickCount
 .text.hot.xTaskIncrementTick
                0x00002042      0x158 src/libraries/FreeRTOS/src/tasks.o
                0x00002042                xTaskIncrementTick
 .text.hot.xTaskResumeAll
                0x0000219a       0xde src/libraries/FreeRTOS/src/tasks.o
                0x0000219a                xTaskResumeAll
 .text.hot.vTaskDelayUntil
                0x00002278       0x70 src/libraries/FreeRTOS/src/tasks.o
                0x00002278                vTaskDelayUntil
 .text.hot.vTaskDelay
                0x000022e8       0x2a src/libraries/FreeRTOS/src/tasks.o
                0x000022e8                vTaskDelay
 .text.hot.vTaskSwitchContext
                0x00002312       0xbc src/libraries/FreeRTOS/src/tasks.o
                0x00002312                vTaskSwitchContext
 .text.hot.vTaskPlaceOnEventList
                0x000023ce       0x22 src/libraries/FreeRTOS/src/tasks.o
                0x000023ce                vTaskPlaceOnEventList
 .text.hot.vTaskPlaceOnEventListRestricted
                0x000023f0       0x30 src/libraries/FreeRTOS/src/tasks.o
                0x000023f0                vTaskPlaceOnEventListRestricted
 .text.hot.xTaskRemoveFromEventList
                0x00002420       0x80 src/libraries/FreeRTOS/src/tasks.o
                0x00002420                xTaskRemoveFromEventList
 .text.hot.vTaskInternalSetTimeOutState
                0x000024a0       0x16 src/libraries/FreeRTOS/src/tasks.o
                0x000024a0                vTaskInternalSetTimeOutState
 .text.hot.xTaskCheckForTimeOut
                0x000024b6       0x66 src/libraries/FreeRTOS/src/tasks.o
                0x000024b6                xTaskCheckForTimeOut
 .text.hot.vTaskMissedYield
                0x0000251c        0x8 src/libraries/FreeRTOS/src/tasks.o
                0x0000251c                vTaskMissedYield
 .text.hot.xTaskGetSchedulerState
                0x00002524       0x1c src/libraries/FreeRTOS/src/tasks.o
                0x00002524                xTaskGetSchedulerState
 .text.hot.xTaskPriorityInherit
                0x00002540       0xc6 src/libraries/FreeRTOS/src/tasks.o
                0x00002540                xTaskPriorityInherit
 .text.hot.xTaskPriorityDisinherit
                0x00002606       0x74 src/libraries/FreeRTOS/src/tasks.o
                0x00002606                xTaskPriorityDisinherit
 .text.hot.vTaskPriorityDisinheritAfterTimeout
                0x0000267a       0x8e src/libraries/FreeRTOS/src/tasks.o
                0x0000267a                vTaskPriorityDisinheritAfterTimeout
 .text.hot.pvTaskIncrementMutexHeldCount
                0x00002708       0x24 src/libraries/FreeRTOS/src/tasks.o
                0x00002708                pvTaskIncrementMutexHeldCount
 .text.hot.prvCheckForValidListAndQueue
                0x0000272c       0x52 src/libraries/FreeRTOS/src/timers.o
 .text.hot.prvInsertTimerInActiveList
                0x0000277e       0x54 src/libraries/FreeRTOS/src/timers.o
 .text.hot.xTimerCreateTimerTask
                0x000027d2       0x40 src/libraries/FreeRTOS/src/timers.o
                0x000027d2                xTimerCreateTimerTask
 .text.hot.xTimerGenericCommand
                0x00002812       0x7e src/libraries/FreeRTOS/src/timers.o
                0x00002812                xTimerGenericCommand
 .text.hot.prvSwitchTimerLists
                0x00002890       0xa2 src/libraries/FreeRTOS/src/timers.o
 .text.hot.prvTimerTask
                0x00002932      0x206 src/libraries/FreeRTOS/src/timers.o
 .text.initVariant
                0x00002b38        0xa src/libraries/FreeRTOS/src/variantHooks.o
                0x00002b38                initVariant
 .text.vApplicationIdleHook
                0x00002b42       0x12 src/libraries/FreeRTOS/src/variantHooks.o
                0x00002b42                vApplicationIdleHook
 .text.vApplicationMallocFailedHook
                0x00002b54       0x1a src/libraries/FreeRTOS/src/variantHooks.o
                0x00002b54                vApplicationMallocFailedHook
 .text.vApplicationStackOverflowHook
                0x00002b6e       0x1a src/libraries/FreeRTOS/src/variantHooks.o
                0x00002b6e                vApplicationStackOverflowHook
 .text._ZN9MD_TCS23010initialiseEv
                0x00002b88       0x4e src/libraries/MD_TCS230/src/MD_TCS230.o
                0x00002b88                _ZN9MD_TCS23010initialiseEv
 .text._ZN9MD_TCS230C2Ehhh
                0x00002bd6       0x28 src/libraries/MD_TCS230/src/MD_TCS230.o
                0x00002bd6                _ZN9MD_TCS230C1Ehhh
                0x00002bd6                _ZN9MD_TCS230C2Ehhh
 .text._ZN9MD_TCS230D2Ev
                0x00002bfe        0x2 src/libraries/MD_TCS230/src/MD_TCS230.o
                0x00002bfe                _ZN9MD_TCS230D2Ev
                0x00002bfe                _ZN9MD_TCS230D1Ev
 .text._ZN9MD_TCS2309setFilterEh
                0x00002c00       0x4c src/libraries/MD_TCS230/src/MD_TCS230.o
                0x00002c00                _ZN9MD_TCS2309setFilterEh
 .text._ZN9MD_TCS23013setFrequency2Eh
                0x00002c4c       0x4c src/libraries/MD_TCS230/src/MD_TCS230.o
                0x00002c4c                _ZN9MD_TCS23013setFrequency2Eh
 .text._ZN9MD_TCS2309setEnableEb
                0x00002c98       0x22 src/libraries/MD_TCS230/src/MD_TCS230.o
                0x00002c98                _ZN9MD_TCS2309setEnableEb
 .text._ZN9MD_TCS2305beginEv
                0x00002cba       0x56 src/libraries/MD_TCS230/src/MD_TCS230.o
                0x00002cba                _ZN9MD_TCS2305beginEv
 .text._ZN9MD_TCS2306getRGBEP9colorData
                0x00002d10       0x20 src/libraries/MD_TCS230/src/MD_TCS230.o
                0x00002d10                _ZN9MD_TCS2306getRGBEP9colorData
 .text._ZN9MD_TCS23017RGBTransformationEv
                0x00002d30       0xb8 src/libraries/MD_TCS230/src/MD_TCS230.o
                0x00002d30                _ZN9MD_TCS23017RGBTransformationEv
 .text._ZN9MD_TCS2307readFSMEh
                0x00002de8       0xbc src/libraries/MD_TCS230/src/MD_TCS230.o
                0x00002de8                _ZN9MD_TCS2307readFSMEh
 .text._ZN9MD_TCS2304readEv
                0x00002ea4       0x14 src/libraries/MD_TCS230/src/MD_TCS230.o
                0x00002ea4                _ZN9MD_TCS2304readEv
 .text._ZN9MD_TCS2309availableEv
                0x00002eb8       0x1c src/libraries/MD_TCS230/src/MD_TCS230.o
                0x00002eb8                _ZN9MD_TCS2309availableEv
 .text._ZN5Print17availableForWriteEv
                0x00002ed4        0x6 src/libraries/SoftwareSerial/src/SoftwareSerial.o
                0x00002ed4                _ZN5Print17availableForWriteEv
 .text._ZN14SoftwareSerial4readEv
                0x00002eda       0x42 src/libraries/SoftwareSerial/src/SoftwareSerial.o
                0x00002eda                _ZN14SoftwareSerial4readEv
 .text._ZN14SoftwareSerial5writeEh
                0x00002f1c       0xa0 src/libraries/SoftwareSerial/src/SoftwareSerial.o
                0x00002f1c                _ZN14SoftwareSerial5writeEh
 .text._ZN14SoftwareSerial5flushEv
                0x00002fbc        0x2 src/libraries/SoftwareSerial/src/SoftwareSerial.o
                0x00002fbc                _ZN14SoftwareSerial5flushEv
 .text._ZN14SoftwareSerial4peekEv
                0x00002fbe       0x30 src/libraries/SoftwareSerial/src/SoftwareSerial.o
                0x00002fbe                _ZN14SoftwareSerial4peekEv
 .text._ZN14SoftwareSerial9availableEv
                0x00002fee       0x30 src/libraries/SoftwareSerial/src/SoftwareSerial.o
                0x00002fee                _ZN14SoftwareSerial9availableEv
 .text._ZN14SoftwareSerial13stopListeningEv
                0x0000301e       0x2c src/libraries/SoftwareSerial/src/SoftwareSerial.o
                0x0000301e                _ZN14SoftwareSerial13stopListeningEv
 .text._ZN14SoftwareSerial6listenEv
                0x0000304a       0x52 src/libraries/SoftwareSerial/src/SoftwareSerial.o
                0x0000304a                _ZN14SoftwareSerial6listenEv
 .text.__vector_3
                0x0000309c       0xf4 src/libraries/SoftwareSerial/src/SoftwareSerial.o
                0x0000309c                __vector_5
                0x0000309c                __vector_4
                0x0000309c                __vector_3
 .text._ZN14SoftwareSerialD2Ev
                0x00003190        0xe src/libraries/SoftwareSerial/src/SoftwareSerial.o
                0x00003190                _ZN14SoftwareSerialD1Ev
                0x00003190                _ZN14SoftwareSerialD2Ev
 .text._ZN14SoftwareSerial5setTXEh
                0x0000319e       0x52 src/libraries/SoftwareSerial/src/SoftwareSerial.o
                0x0000319e                _ZN14SoftwareSerial5setTXEh
 .text._ZN14SoftwareSerial5setRXEh
                0x000031f0       0x52 src/libraries/SoftwareSerial/src/SoftwareSerial.o
                0x000031f0                _ZN14SoftwareSerial5setRXEh
 .text._ZN14SoftwareSerialC2Ehhb
                0x00003242       0x56 src/libraries/SoftwareSerial/src/SoftwareSerial.o
                0x00003242                _ZN14SoftwareSerialC1Ehhb
                0x00003242                _ZN14SoftwareSerialC2Ehhb
 .text._ZN14SoftwareSerial5beginEl
                0x00003298      0x11c src/libraries/SoftwareSerial/src/SoftwareSerial.o
                0x00003298                _ZN14SoftwareSerial5beginEl
 .text.avr-libc.fplib
                0x000033b4        0xe c:/program files (x86)/atmel/studio/7.0/toolchain/avr8/avr8-gnu-toolchain/bin/../lib/gcc/avr/5.4.0/../../../../avr/lib/avr5\libm.a(addsf3.o)
                0x000033b4                __subsf3
                0x000033b6                __addsf3
 .text.avr-libc.fplib
                0x000033c2       0xcc c:/program files (x86)/atmel/studio/7.0/toolchain/avr8/avr8-gnu-toolchain/bin/../lib/gcc/avr/5.4.0/../../../../avr/lib/avr5\libm.a(addsf3x.o)
                0x000033e4                __addsf3x
 .text.avr-libc.fplib
                0x0000348e        0xa c:/program files (x86)/atmel/studio/7.0/toolchain/avr8/avr8-gnu-toolchain/bin/../lib/gcc/avr/5.4.0/../../../../avr/lib/avr5\libm.a(cmpsf2.o)
                0x0000348e                __nesf2
                0x0000348e                __eqsf2
                0x0000348e                __cmpsf2
                0x0000348e                __ltsf2
                0x0000348e                __lesf2
 .text.avr-libc.fplib
                0x00003498        0x8 c:/program files (x86)/atmel/studio/7.0/toolchain/avr8/avr8-gnu-toolchain/bin/../lib/gcc/avr/5.4.0/../../../../avr/lib/avr5\libm.a(divsf3.o)
                0x00003498                __divsf3
 .text.avr-libc.fplib
                0x000034a0       0xdc c:/program files (x86)/atmel/studio/7.0/toolchain/avr8/avr8-gnu-toolchain/bin/../lib/gcc/avr/5.4.0/../../../../avr/lib/avr5\libm.a(divsf3x.o)
                0x000034c0                __divsf3x
                0x000034c6                __divsf3_pse
 .text.avr-libc.fplib
                0x0000357c        0xe c:/program files (x86)/atmel/studio/7.0/toolchain/avr8/avr8-gnu-toolchain/bin/../lib/gcc/avr/5.4.0/../../../../avr/lib/avr5\libm.a(fixsfsi.o)
                0x0000357c                __fixsfsi
 .text.avr-libc.fplib
                0x0000358a       0x5e c:/program files (x86)/atmel/studio/7.0/toolchain/avr8/avr8-gnu-toolchain/bin/../lib/gcc/avr/5.4.0/../../../../avr/lib/avr5\libm.a(fixunssfsi.o)
                0x0000358a                __fixunssfsi
 .text.avr-libc.fplib
                0x000035e8       0x7a c:/program files (x86)/atmel/studio/7.0/toolchain/avr8/avr8-gnu-toolchain/bin/../lib/gcc/avr/5.4.0/../../../../avr/lib/avr5\libm.a(floatsisf.o)
                0x000035e8                __floatunsisf
                0x000035ec                __floatsisf
 .text.avr-libc.fplib
                0x00003662       0x48 c:/program files (x86)/atmel/studio/7.0/toolchain/avr8/avr8-gnu-toolchain/bin/../lib/gcc/avr/5.4.0/../../../../avr/lib/avr5\libm.a(fp_cmp.o)
                0x00003662                __fp_cmp
 .text.avr-libc.fplib
                0x000036aa        0xc c:/program files (x86)/atmel/studio/7.0/toolchain/avr8/avr8-gnu-toolchain/bin/../lib/gcc/avr/5.4.0/../../../../avr/lib/avr5\libm.a(fp_inf.o)
                0x000036aa                __fp_inf
 .text.avr-libc.fplib
                0x000036b6        0x6 c:/program files (x86)/atmel/studio/7.0/toolchain/avr8/avr8-gnu-toolchain/bin/../lib/gcc/avr/5.4.0/../../../../avr/lib/avr5\libm.a(fp_nan.o)
                0x000036b6                __fp_nan
 .text.avr-libc.fplib
                0x000036bc        0xe c:/program files (x86)/atmel/studio/7.0/toolchain/avr8/avr8-gnu-toolchain/bin/../lib/gcc/avr/5.4.0/../../../../avr/lib/avr5\libm.a(fp_pscA.o)
                0x000036bc                __fp_pscA
 .text.avr-libc.fplib
                0x000036ca        0xe c:/program files (x86)/atmel/studio/7.0/toolchain/avr8/avr8-gnu-toolchain/bin/../lib/gcc/avr/5.4.0/../../../../avr/lib/avr5\libm.a(fp_pscB.o)
                0x000036ca                __fp_pscB
 .text.avr-libc.fplib
                0x000036d8       0x22 c:/program files (x86)/atmel/studio/7.0/toolchain/avr8/avr8-gnu-toolchain/bin/../lib/gcc/avr/5.4.0/../../../../avr/lib/avr5\libm.a(fp_round.o)
                0x000036d8                __fp_round
 .text.avr-libc.fplib
                0x000036fa       0x44 c:/program files (x86)/atmel/studio/7.0/toolchain/avr8/avr8-gnu-toolchain/bin/../lib/gcc/avr/5.4.0/../../../../avr/lib/avr5\libm.a(fp_split3.o)
                0x000036fa                __fp_split3
                0x0000370a                __fp_splitA
 .text.avr-libc.fplib
                0x0000373e        0xe c:/program files (x86)/atmel/studio/7.0/toolchain/avr8/avr8-gnu-toolchain/bin/../lib/gcc/avr/5.4.0/../../../../avr/lib/avr5\libm.a(fp_zero.o)
                0x0000373e                __fp_zero
                0x00003740                __fp_szero
 .text.avr-libc.fplib
                0x0000374c        0x8 c:/program files (x86)/atmel/studio/7.0/toolchain/avr8/avr8-gnu-toolchain/bin/../lib/gcc/avr/5.4.0/../../../../avr/lib/avr5\libm.a(mulsf3.o)
                0x0000374c                __mulsf3
 .text.avr-libc.fplib
                0x00003754       0xd2 c:/program files (x86)/atmel/studio/7.0/toolchain/avr8/avr8-gnu-toolchain/bin/../lib/gcc/avr/5.4.0/../../../../avr/lib/avr5\libm.a(mulsf3x.o)
                0x00003772                __mulsf3x
                0x00003778                __mulsf3_pse
 .text._ZN14HardwareSerial9availableEv
                0x00003826       0x18 D:\Users\Celine\ONEDRI~1.EDU\DOCUME~1\Schule\UNIVER~1\EECS47~1\Project\LIL_FI~1\LILFIS~1\LILFIS~1\ARDUIN~1\Debug\libArduinoCore.a(HardwareSerial.o)
                0x00003826                _ZN14HardwareSerial9availableEv
 .text._ZN14HardwareSerial4peekEv
                0x0000383e       0x1c D:\Users\Celine\ONEDRI~1.EDU\DOCUME~1\Schule\UNIVER~1\EECS47~1\Project\LIL_FI~1\LILFIS~1\LILFIS~1\ARDUIN~1\Debug\libArduinoCore.a(HardwareSerial.o)
                0x0000383e                _ZN14HardwareSerial4peekEv
 .text._ZN14HardwareSerial4readEv
                0x0000385a       0x28 D:\Users\Celine\ONEDRI~1.EDU\DOCUME~1\Schule\UNIVER~1\EECS47~1\Project\LIL_FI~1\LILFIS~1\LILFIS~1\ARDUIN~1\Debug\libArduinoCore.a(HardwareSerial.o)
                0x0000385a                _ZN14HardwareSerial4readEv
 .text._ZN14HardwareSerial17availableForWriteEv
                0x00003882       0x1e D:\Users\Celine\ONEDRI~1.EDU\DOCUME~1\Schule\UNIVER~1\EECS47~1\Project\LIL_FI~1\LILFIS~1\LILFIS~1\ARDUIN~1\Debug\libArduinoCore.a(HardwareSerial.o)
                0x00003882                _ZN14HardwareSerial17availableForWriteEv
 .text._Z14serialEventRunv
                0x000038a0       0x1c D:\Users\Celine\ONEDRI~1.EDU\DOCUME~1\Schule\UNIVER~1\EECS47~1\Project\LIL_FI~1\LILFIS~1\LILFIS~1\ARDUIN~1\Debug\libArduinoCore.a(HardwareSerial.o)
                0x000038a0                _Z14serialEventRunv
 .text._ZN14HardwareSerial17_tx_udr_empty_irqEv
                0x000038bc       0x44 D:\Users\Celine\ONEDRI~1.EDU\DOCUME~1\Schule\UNIVER~1\EECS47~1\Project\LIL_FI~1\LILFIS~1\LILFIS~1\ARDUIN~1\Debug\libArduinoCore.a(HardwareSerial.o)
                0x000038bc                _ZN14HardwareSerial17_tx_udr_empty_irqEv
 .text._ZN14HardwareSerial5writeEh
                0x00003900       0x9a D:\Users\Celine\ONEDRI~1.EDU\DOCUME~1\Schule\UNIVER~1\EECS47~1\Project\LIL_FI~1\LILFIS~1\LILFIS~1\ARDUIN~1\Debug\libArduinoCore.a(HardwareSerial.o)
                0x00003900                _ZN14HardwareSerial5writeEh
 .text._ZN14HardwareSerial5flushEv
                0x0000399a       0x44 D:\Users\Celine\ONEDRI~1.EDU\DOCUME~1\Schule\UNIVER~1\EECS47~1\Project\LIL_FI~1\LILFIS~1\LILFIS~1\ARDUIN~1\Debug\libArduinoCore.a(HardwareSerial.o)
                0x0000399a                _ZN14HardwareSerial5flushEv
 .text._ZN14HardwareSerial5beginEmh
                0x000039de       0xca D:\Users\Celine\ONEDRI~1.EDU\DOCUME~1\Schule\UNIVER~1\EECS47~1\Project\LIL_FI~1\LILFIS~1\LILFIS~1\ARDUIN~1\Debug\libArduinoCore.a(HardwareSerial.o)
                0x000039de                _ZN14HardwareSerial5beginEmh
 .text.__vector_18
                0x00003aa8       0x64 D:\Users\Celine\ONEDRI~1.EDU\DOCUME~1\Schule\UNIVER~1\EECS47~1\Project\LIL_FI~1\LILFIS~1\LILFIS~1\ARDUIN~1\Debug\libArduinoCore.a(HardwareSerial0.o)
                0x00003aa8                __vector_18
 .text.__vector_19
                0x00003b0c       0x4c D:\Users\Celine\ONEDRI~1.EDU\DOCUME~1\Schule\UNIVER~1\EECS47~1\Project\LIL_FI~1\LILFIS~1\LILFIS~1\ARDUIN~1\Debug\libArduinoCore.a(HardwareSerial0.o)
                0x00003b0c                __vector_19
 .text._Z17Serial0_availablev
                0x00003b58       0x14 D:\Users\Celine\ONEDRI~1.EDU\DOCUME~1\Schule\UNIVER~1\EECS47~1\Project\LIL_FI~1\LILFIS~1\LILFIS~1\ARDUIN~1\Debug\libArduinoCore.a(HardwareSerial0.o)
                0x00003b58                _Z17Serial0_availablev
 .text.startup._GLOBAL__sub_I___vector_18
                0x00003b6c       0x5a D:\Users\Celine\ONEDRI~1.EDU\DOCUME~1\Schule\UNIVER~1\EECS47~1\Project\LIL_FI~1\LILFIS~1\LILFIS~1\ARDUIN~1\Debug\libArduinoCore.a(HardwareSerial0.o)
 .text.startup.main
                0x00003bc6       0x1e D:\Users\Celine\ONEDRI~1.EDU\DOCUME~1\Schule\UNIVER~1\EECS47~1\Project\LIL_FI~1\LILFIS~1\LILFIS~1\ARDUIN~1\Debug\libArduinoCore.a(main.o)
                0x00003bc6                main
 .text._ZN5Print5writeEPKhj
                0x00003be4       0x54 D:\Users\Celine\ONEDRI~1.EDU\DOCUME~1\Schule\UNIVER~1\EECS47~1\Project\LIL_FI~1\LILFIS~1\LILFIS~1\ARDUIN~1\Debug\libArduinoCore.a(Print.o)
                0x00003be4                _ZN5Print5writeEPKhj
 .text._ZN5Print5printEPK19__FlashStringHelper
                0x00003c38       0x48 D:\Users\Celine\ONEDRI~1.EDU\DOCUME~1\Schule\UNIVER~1\EECS47~1\Project\LIL_FI~1\LILFIS~1\LILFIS~1\ARDUIN~1\Debug\libArduinoCore.a(Print.o)
                0x00003c38                _ZN5Print5printEPK19__FlashStringHelper
 .text._ZN5Print5printEPKc
                0x00003c80        0x4 D:\Users\Celine\ONEDRI~1.EDU\DOCUME~1\Schule\UNIVER~1\EECS47~1\Project\LIL_FI~1\LILFIS~1\LILFIS~1\ARDUIN~1\Debug\libArduinoCore.a(Print.o)
                0x00003c80                _ZN5Print5printEPKc
 .text._ZN5Print5printEc
                0x00003c84        0xe D:\Users\Celine\ONEDRI~1.EDU\DOCUME~1\Schule\UNIVER~1\EECS47~1\Project\LIL_FI~1\LILFIS~1\LILFIS~1\ARDUIN~1\Debug\libArduinoCore.a(Print.o)
                0x00003c84                _ZN5Print5printEc
 .text._ZN5Print7printlnEv
                0x00003c92        0x8 D:\Users\Celine\ONEDRI~1.EDU\DOCUME~1\Schule\UNIVER~1\EECS47~1\Project\LIL_FI~1\LILFIS~1\LILFIS~1\ARDUIN~1\Debug\libArduinoCore.a(Print.o)
                0x00003c92                _ZN5Print7printlnEv
 .text._ZN5Print7printlnEPKc
                0x00003c9a       0x24 D:\Users\Celine\ONEDRI~1.EDU\DOCUME~1\Schule\UNIVER~1\EECS47~1\Project\LIL_FI~1\LILFIS~1\LILFIS~1\ARDUIN~1\Debug\libArduinoCore.a(Print.o)
                0x00003c9a                _ZN5Print7printlnEPKc
 .text._ZN5Print11printNumberEmh
                0x00003cbe       0x92 D:\Users\Celine\ONEDRI~1.EDU\DOCUME~1\Schule\UNIVER~1\EECS47~1\Project\LIL_FI~1\LILFIS~1\LILFIS~1\ARDUIN~1\Debug\libArduinoCore.a(Print.o)
                0x00003cbe                _ZN5Print11printNumberEmh
 .text._ZN5Print5printEmi
                0x00003d50       0x1a D:\Users\Celine\ONEDRI~1.EDU\DOCUME~1\Schule\UNIVER~1\EECS47~1\Project\LIL_FI~1\LILFIS~1\LILFIS~1\ARDUIN~1\Debug\libArduinoCore.a(Print.o)
                0x00003d50                _ZN5Print5printEmi
 .text._ZN5Print5printEhi
                0x00003d6a        0xe D:\Users\Celine\ONEDRI~1.EDU\DOCUME~1\Schule\UNIVER~1\EECS47~1\Project\LIL_FI~1\LILFIS~1\LILFIS~1\ARDUIN~1\Debug\libArduinoCore.a(Print.o)
                0x00003d6a                _ZN5Print5printEhi
 .text._ZN5Print7printlnEhi
                0x00003d78       0x24 D:\Users\Celine\ONEDRI~1.EDU\DOCUME~1\Schule\UNIVER~1\EECS47~1\Project\LIL_FI~1\LILFIS~1\LILFIS~1\ARDUIN~1\Debug\libArduinoCore.a(Print.o)
                0x00003d78                _ZN5Print7printlnEhi
 .text._ZN5Print5printEli
                0x00003d9c       0x90 D:\Users\Celine\ONEDRI~1.EDU\DOCUME~1\Schule\UNIVER~1\EECS47~1\Project\LIL_FI~1\LILFIS~1\LILFIS~1\ARDUIN~1\Debug\libArduinoCore.a(Print.o)
                0x00003d9c                _ZN5Print5printEli
 .text._ZN5Print5printEii
                0x00003e2c        0xe D:\Users\Celine\ONEDRI~1.EDU\DOCUME~1\Schule\UNIVER~1\EECS47~1\Project\LIL_FI~1\LILFIS~1\LILFIS~1\ARDUIN~1\Debug\libArduinoCore.a(Print.o)
                0x00003e2c                _ZN5Print5printEii
 .text.__vector_16
                0x00003e3a       0x94 D:\Users\Celine\ONEDRI~1.EDU\DOCUME~1\Schule\UNIVER~1\EECS47~1\Project\LIL_FI~1\LILFIS~1\LILFIS~1\ARDUIN~1\Debug\libArduinoCore.a(wiring.o)
                0x00003e3a                __vector_16
 .text.micros   0x00003ece       0x4a D:\Users\Celine\ONEDRI~1.EDU\DOCUME~1\Schule\UNIVER~1\EECS47~1\Project\LIL_FI~1\LILFIS~1\LILFIS~1\ARDUIN~1\Debug\libArduinoCore.a(wiring.o)
                0x00003ece                micros
 .text.delay    0x00003f18       0x78 D:\Users\Celine\ONEDRI~1.EDU\DOCUME~1\Schule\UNIVER~1\EECS47~1\Project\LIL_FI~1\LILFIS~1\LILFIS~1\ARDUIN~1\Debug\libArduinoCore.a(wiring.o)
                0x00003f18                delay
 .text.delayMicroseconds
                0x00003f90       0x16 D:\Users\Celine\ONEDRI~1.EDU\DOCUME~1\Schule\UNIVER~1\EECS47~1\Project\LIL_FI~1\LILFIS~1\LILFIS~1\ARDUIN~1\Debug\libArduinoCore.a(wiring.o)
                0x00003f90                delayMicroseconds
 .text.init     0x00003fa6       0x76 D:\Users\Celine\ONEDRI~1.EDU\DOCUME~1\Schule\UNIVER~1\EECS47~1\Project\LIL_FI~1\LILFIS~1\LILFIS~1\ARDUIN~1\Debug\libArduinoCore.a(wiring.o)
                0x00003fa6                init
 .text.analogRead
                0x0000401c       0x3a D:\Users\Celine\ONEDRI~1.EDU\DOCUME~1\Schule\UNIVER~1\EECS47~1\Project\LIL_FI~1\LILFIS~1\LILFIS~1\ARDUIN~1\Debug\libArduinoCore.a(wiring_analog.o)
                0x0000401c                analogRead
 .text.analogWrite
                0x00004056       0xbe D:\Users\Celine\ONEDRI~1.EDU\DOCUME~1\Schule\UNIVER~1\EECS47~1\Project\LIL_FI~1\LILFIS~1\LILFIS~1\ARDUIN~1\Debug\libArduinoCore.a(wiring_analog.o)
                0x00004056                analogWrite
 .text.turnOffPWM
                0x00004114       0x52 D:\Users\Celine\ONEDRI~1.EDU\DOCUME~1\Schule\UNIVER~1\EECS47~1\Project\LIL_FI~1\LILFIS~1\LILFIS~1\ARDUIN~1\Debug\libArduinoCore.a(wiring_digital.o)
 .text.pinMode  0x00004166       0x78 D:\Users\Celine\ONEDRI~1.EDU\DOCUME~1\Schule\UNIVER~1\EECS47~1\Project\LIL_FI~1\LILFIS~1\LILFIS~1\ARDUIN~1\Debug\libArduinoCore.a(wiring_digital.o)
                0x00004166                pinMode
 .text.digitalWrite
                0x000041de       0x5e D:\Users\Celine\ONEDRI~1.EDU\DOCUME~1\Schule\UNIVER~1\EECS47~1\Project\LIL_FI~1\LILFIS~1\LILFIS~1\ARDUIN~1\Debug\libArduinoCore.a(wiring_digital.o)
                0x000041de                digitalWrite
 .text._ZN14FreqCountClass5beginEj
                0x0000423c       0xf0 D:\Users\Celine\ONEDRI~1.EDU\DOCUME~1\Schule\UNIVER~1\EECS47~1\Project\LIL_FI~1\LILFIS~1\LILFIS~1\ARDUIN~1\Debug\libArduinoCore.a(FreqCount.o)
                0x0000423c                _ZN14FreqCountClass5beginEj
 .text._ZN14FreqCountClass9availableEv
                0x0000432c        0x6 D:\Users\Celine\ONEDRI~1.EDU\DOCUME~1\Schule\UNIVER~1\EECS47~1\Project\LIL_FI~1\LILFIS~1\LILFIS~1\ARDUIN~1\Debug\libArduinoCore.a(FreqCount.o)
                0x0000432c                _ZN14FreqCountClass9availableEv
 .text._ZN14FreqCountClass4readEv
                0x00004332       0x1c D:\Users\Celine\ONEDRI~1.EDU\DOCUME~1\Schule\UNIVER~1\EECS47~1\Project\LIL_FI~1\LILFIS~1\LILFIS~1\ARDUIN~1\Debug\libArduinoCore.a(FreqCount.o)
                0x00004332                _ZN14FreqCountClass4readEv
 .text._ZN14FreqCountClass3endEv
                0x0000434e       0x2e D:\Users\Celine\ONEDRI~1.EDU\DOCUME~1\Schule\UNIVER~1\EECS47~1\Project\LIL_FI~1\LILFIS~1\LILFIS~1\ARDUIN~1\Debug\libArduinoCore.a(FreqCount.o)
                0x0000434e                _ZN14FreqCountClass3endEv
 .text.__vector_7
                0x0000437c       0xec D:\Users\Celine\ONEDRI~1.EDU\DOCUME~1\Schule\UNIVER~1\EECS47~1\Project\LIL_FI~1\LILFIS~1\LILFIS~1\ARDUIN~1\Debug\libArduinoCore.a(FreqCount.o)
                0x0000437c                __vector_7
 .text.__empty  0x00004468        0x2 D:\Users\Celine\ONEDRI~1.EDU\DOCUME~1\Schule\UNIVER~1\EECS47~1\Project\LIL_FI~1\LILFIS~1\LILFIS~1\ARDUIN~1\Debug\libArduinoCore.a(hooks.o)
                0x00004468                yield
 .text.libgcc.div
                0x0000446a       0x28 c:/program files (x86)/atmel/studio/7.0/toolchain/avr8/avr8-gnu-toolchain/bin/../lib/gcc/avr/5.4.0/avr5\libgcc.a(_divmodhi4.o)
                0x0000446a                _div
                0x0000446a                __divmodhi4
 .text.libgcc.div
                0x00004492       0x44 c:/program files (x86)/atmel/studio/7.0/toolchain/avr8/avr8-gnu-toolchain/bin/../lib/gcc/avr/5.4.0/avr5\libgcc.a(_udivmodsi4.o)
                0x00004492                __udivmodsi4
 .text.libgcc.div
                0x000044d6       0x2e c:/program files (x86)/atmel/studio/7.0/toolchain/avr8/avr8-gnu-toolchain/bin/../lib/gcc/avr/5.4.0/avr5\libgcc.a(_divmodsi4.o)
                0x000044d6                __divmodsi4
 .text.libgcc.div
                0x00004504       0x10 c:/program files (x86)/atmel/studio/7.0/toolchain/avr8/avr8-gnu-toolchain/bin/../lib/gcc/avr/5.4.0/avr5\libgcc.a(_negsi2.o)
                0x00004504                __negsi2
 .text.libgcc   0x00004514        0xc c:/program files (x86)/atmel/studio/7.0/toolchain/avr8/avr8-gnu-toolchain/bin/../lib/gcc/avr/5.4.0/avr5\libgcc.a(_tablejump2.o)
                0x00004514                __tablejump2__
 .text.libgcc.mul
                0x00004520       0x16 c:/program files (x86)/atmel/studio/7.0/toolchain/avr8/avr8-gnu-toolchain/bin/../lib/gcc/avr/5.4.0/avr5\libgcc.a(_muluhisi3.o)
                0x00004520                __muluhisi3
 .text.libgcc.div
                0x00004536       0x28 c:/program files (x86)/atmel/studio/7.0/toolchain/avr8/avr8-gnu-toolchain/bin/../lib/gcc/avr/5.4.0/avr5\libgcc.a(_udivmodhi4.o)
                0x00004536                __udivmodhi4
 .text.libgcc.mul
                0x0000455e       0x1e c:/program files (x86)/atmel/studio/7.0/toolchain/avr8/avr8-gnu-toolchain/bin/../lib/gcc/avr/5.4.0/avr5\libgcc.a(_umulhisi3.o)
                0x0000455e                __umulhisi3
 .text.avr-libc
                0x0000457c      0x242 c:/program files (x86)/atmel/studio/7.0/toolchain/avr8/avr8-gnu-toolchain/bin/../lib/gcc/avr/5.4.0/../../../../avr/lib/avr5\libc.a(malloc.o)
                0x0000457c                malloc
                0x000046ac                free
 .text.avr-libc
                0x000047be       0x12 c:/program files (x86)/atmel/studio/7.0/toolchain/avr8/avr8-gnu-toolchain/bin/../lib/gcc/avr/5.4.0/../../../../avr/lib/avr5\libc.a(memcpy.o)
                0x000047be                memcpy
 .text.avr-libc
                0x000047d0        0xe c:/program files (x86)/atmel/studio/7.0/toolchain/avr8/avr8-gnu-toolchain/bin/../lib/gcc/avr/5.4.0/../../../../avr/lib/avr5\libc.a(memset.o)
                0x000047d0                memset
                0x000047de                . = ALIGN (0x2)
 *(.fini9)
 .fini9         0x000047de        0x0 c:/program files (x86)/atmel/studio/7.0/toolchain/avr8/avr8-gnu-toolchain/bin/../lib/gcc/avr/5.4.0/avr5\libgcc.a(_exit.o)
                0x000047de                _exit
                0x000047de                exit
 *(.fini9)
 *(.fini8)
 *(.fini8)
 *(.fini7)
 *(.fini7)
 *(.fini6)
 .fini6         0x000047de       0x16 c:/program files (x86)/atmel/studio/7.0/toolchain/avr8/avr8-gnu-toolchain/bin/../lib/gcc/avr/5.4.0/avr5\libgcc.a(_dtors.o)
                0x000047de                __do_global_dtors
 *(.fini6)
 *(.fini5)
 *(.fini5)
 *(.fini4)
 *(.fini4)
 *(.fini3)
 *(.fini3)
 *(.fini2)
 *(.fini2)
 *(.fini1)
 *(.fini1)
 *(.fini0)
 .fini0         0x000047f4        0x4 c:/program files (x86)/atmel/studio/7.0/toolchain/avr8/avr8-gnu-toolchain/bin/../lib/gcc/avr/5.4.0/avr5\libgcc.a(_exit.o)
 *(.fini0)
                0x000047f8                _etext = .

.data           0x00800100      0x13c load address 0x000047f8
                0x00800100                PROVIDE (__data_start, .)
 *(.data)
 .data          0x00800100        0x6 c:/program files (x86)/atmel/studio/7.0/toolchain/avr8/avr8-gnu-toolchain/bin/../lib/gcc/avr/5.4.0/../../../../avr/lib/avr5\libc.a(malloc.o)
                0x00800100                __malloc_heap_end
                0x00800102                __malloc_heap_start
                0x00800104                __malloc_margin
 *(.data*)
 .data.WhiteTestStrip
                0x00800106        0xa color_sensor.o
                0x00800106                WhiteTestStrip
 .data.EmptyTestBox
                0x00800110        0xa color_sensor.o
                0x00800110                EmptyTestBox
 .data.colorToRead
                0x0080011a        0x1 main.o
                0x0080011a                colorToRead
 .data.tempThreshold
                0x0080011b        0x2 main.o
                0x0080011b                tempThreshold
 .data.White    0x0080011d        0x6 main.o
                0x0080011d                White
 .data.Blue     0x00800123        0x6 main.o
                0x00800123                Blue
 .data.Green    0x00800129        0x6 main.o
                0x00800129                Green
 .data.Red      0x0080012f        0x6 main.o
                0x0080012f                Red
 .data.acidVoltage
                0x00800135        0x4 phSensor.o
                0x00800135                acidVoltage
 .data.neutralVoltage
                0x00800139        0x4 phSensor.o
                0x00800139                neutralVoltage
 .data.analog_reference
                0x0080013d        0x1 D:\Users\Celine\ONEDRI~1.EDU\DOCUME~1\Schule\UNIVER~1\EECS47~1\Project\LIL_FI~1\LILFIS~1\LILFIS~1\ARDUIN~1\Debug\libArduinoCore.a(wiring_analog.o)
                0x0080013d                analog_reference
 *(.gnu.linkonce.d*)
 *(.rodata)
 .rodata        0x0080013e       0x66 color_sensor.o
 *(.rodata*)
 .rodata.str1.1
                0x008001a4       0x12 color_sensor.o
                                 0x14 (size before relaxing)
 .rodata.str1.1
                0x008001b6       0x42 main.o
 .rodata.str1.1
                0x008001f8        0x5 src/libraries/FreeRTOS/src/tasks.o
 .rodata.str1.1
                0x008001fd        0x8 src/libraries/FreeRTOS/src/timers.o
 .rodata._ZZN9MD_TCS2307readFSMEhE3seq
                0x00800205        0x3 src/libraries/MD_TCS230/src/MD_TCS230.o
 .rodata._ZTV14SoftwareSerial
                0x00800208       0x12 src/libraries/SoftwareSerial/src/SoftwareSerial.o
                0x00800208                _ZTV14SoftwareSerial
 .rodata._ZTV14HardwareSerial
                0x0080021a       0x12 D:\Users\Celine\ONEDRI~1.EDU\DOCUME~1\Schule\UNIVER~1\EECS47~1\Project\LIL_FI~1\LILFIS~1\LILFIS~1\ARDUIN~1\Debug\libArduinoCore.a(HardwareSerial.o)
                0x0080021a                _ZTV14HardwareSerial
 .rodata.str1.1
                0x0080022c        0xf D:\Users\Celine\ONEDRI~1.EDU\DOCUME~1\Schule\UNIVER~1\EECS47~1\Project\LIL_FI~1\LILFIS~1\LILFIS~1\ARDUIN~1\Debug\libArduinoCore.a(Print.o)
 *(.gnu.linkonce.r*)
                0x0080023c                . = ALIGN (0x2)
 *fill*         0x0080023b        0x1 
                0x0080023c                _edata = .
                0x0080023c                PROVIDE (__data_end, .)

.bss            0x0080023c      0x2c8
                0x0080023c                PROVIDE (__bss_start, .)
 *(.bss)
 *(.bss*)
 .bss.CS        0x0080023c       0x2f color_sensor.o
                0x0080023c                CS
 .bss.typeToRead
                0x0080026b        0x1 color_sensor.o
                0x0080026b                typeToRead
 .bss.blueScanned
                0x0080026c        0x1 color_sensor.o
                0x0080026c                blueScanned
 .bss.redScanned
                0x0080026d        0x1 color_sensor.o
                0x0080026d                redScanned
 .bss.greenScanned
                0x0080026e        0x1 color_sensor.o
                0x0080026e                greenScanned
 .bss.c         0x0080026f        0xa color_sensor.o
                0x0080026f                c
 .bss.rgb       0x00800279        0x3 color_sensor.o
                0x00800279                rgb
 .bss.Nitrate   0x0080027c       0x46 color_sensor.o
                0x0080027c                Nitrate
 .bss.Nitrite   0x008002c2       0x46 color_sensor.o
                0x008002c2                Nitrite
 .bss.Ammonia   0x00800308       0x32 color_sensor.o
                0x00800308                Ammonia
 .bss.ds        0x0080033a        0xe tempSensor.o
                0x0080033a                ds
 .bss.serial    0x00800348       0x1f main.o
                0x00800348                serial
 .bss.xPHandTemperature
                0x00800367        0x2 main.o
                0x00800367                xPHandTemperature
 .bss.xColorSensor
                0x00800369        0x2 main.o
                0x00800369                xColorSensor
 .bss.xSerialSemaphoreColorSensor
                0x0080036b        0x2 main.o
                0x0080036b                xSerialSemaphoreColorSensor
 .bss.nitriteValue
                0x0080036d        0x2 main.o
                0x0080036d                nitriteValue
 .bss.nitrateValue
                0x0080036f        0x2 main.o
                0x0080036f                nitrateValue
 .bss.ammoniaValue
                0x00800371        0x2 main.o
                0x00800371                ammoniaValue
 .bss.tempValue
                0x00800373        0x2 main.o
                0x00800373                tempValue
 .bss.phValue   0x00800375        0x4 main.o
                0x00800375                phValue
 .bss.Off       0x00800379        0x6 main.o
                0x00800379                Off
 .bss.uxSchedulerSuspended
                0x0080037f        0x1 src/libraries/FreeRTOS/src/tasks.o
 .bss.xIdleTaskHandle
                0x00800380        0x2 src/libraries/FreeRTOS/src/tasks.o
 .bss.xNextTaskUnblockTime
                0x00800382        0x2 src/libraries/FreeRTOS/src/tasks.o
 .bss.uxTaskNumber
                0x00800384        0x1 src/libraries/FreeRTOS/src/tasks.o
 .bss.xNumOfOverflows
                0x00800385        0x1 src/libraries/FreeRTOS/src/tasks.o
 .bss.xYieldPending
                0x00800386        0x1 src/libraries/FreeRTOS/src/tasks.o
 .bss.uxPendedTicks
                0x00800387        0x1 src/libraries/FreeRTOS/src/tasks.o
 .bss.xSchedulerRunning
                0x00800388        0x1 src/libraries/FreeRTOS/src/tasks.o
 .bss.uxTopReadyPriority
                0x00800389        0x1 src/libraries/FreeRTOS/src/tasks.o
 .bss.xTickCount
                0x0080038a        0x2 src/libraries/FreeRTOS/src/tasks.o
 .bss.uxCurrentNumberOfTasks
                0x0080038c        0x1 src/libraries/FreeRTOS/src/tasks.o
 .bss.xSuspendedTaskList
                0x0080038d        0x9 src/libraries/FreeRTOS/src/tasks.o
 .bss.uxDeletedTasksWaitingCleanUp
                0x00800396        0x1 src/libraries/FreeRTOS/src/tasks.o
 .bss.xTasksWaitingTermination
                0x00800397        0x9 src/libraries/FreeRTOS/src/tasks.o
 .bss.xPendingReadyList
                0x008003a0        0x9 src/libraries/FreeRTOS/src/tasks.o
 .bss.pxOverflowDelayedTaskList
                0x008003a9        0x2 src/libraries/FreeRTOS/src/tasks.o
 .bss.pxDelayedTaskList
                0x008003ab        0x2 src/libraries/FreeRTOS/src/tasks.o
 .bss.xDelayedTaskList2
                0x008003ad        0x9 src/libraries/FreeRTOS/src/tasks.o
 .bss.xDelayedTaskList1
                0x008003b6        0x9 src/libraries/FreeRTOS/src/tasks.o
 .bss.pxReadyTasksLists
                0x008003bf       0x24 src/libraries/FreeRTOS/src/tasks.o
 .bss.pxCurrentTCB
                0x008003e3        0x2 src/libraries/FreeRTOS/src/tasks.o
                0x008003e3                pxCurrentTCB
 .bss.xLastTime.2412
                0x008003e5        0x2 src/libraries/FreeRTOS/src/timers.o
 .bss.xTimerTaskHandle
                0x008003e7        0x2 src/libraries/FreeRTOS/src/timers.o
 .bss.xTimerQueue
                0x008003e9        0x2 src/libraries/FreeRTOS/src/timers.o
 .bss.pxOverflowTimerList
                0x008003eb        0x2 src/libraries/FreeRTOS/src/timers.o
 .bss.pxCurrentTimerList
                0x008003ed        0x2 src/libraries/FreeRTOS/src/timers.o
 .bss.xActiveTimerList2
                0x008003ef        0x9 src/libraries/FreeRTOS/src/timers.o
 .bss.xActiveTimerList1
                0x008003f8        0x9 src/libraries/FreeRTOS/src/timers.o
 .bss._ZZN9MD_TCS2307readFSMEhE7currCol
                0x00800401        0x1 src/libraries/MD_TCS230/src/MD_TCS230.o
 .bss._ZN14SoftwareSerial20_receive_buffer_headE
                0x00800402        0x1 src/libraries/SoftwareSerial/src/SoftwareSerial.o
                0x00800402                _ZN14SoftwareSerial20_receive_buffer_headE
 .bss._ZN14SoftwareSerial20_receive_buffer_tailE
                0x00800403        0x1 src/libraries/SoftwareSerial/src/SoftwareSerial.o
                0x00800403                _ZN14SoftwareSerial20_receive_buffer_tailE
 .bss._ZN14SoftwareSerial15_receive_bufferE
                0x00800404       0x40 src/libraries/SoftwareSerial/src/SoftwareSerial.o
                0x00800404                _ZN14SoftwareSerial15_receive_bufferE
 .bss._ZN14SoftwareSerial13active_objectE
                0x00800444        0x2 src/libraries/SoftwareSerial/src/SoftwareSerial.o
                0x00800444                _ZN14SoftwareSerial13active_objectE
 .bss.Serial    0x00800446       0x9d D:\Users\Celine\ONEDRI~1.EDU\DOCUME~1\Schule\UNIVER~1\EECS47~1\Project\LIL_FI~1\LILFIS~1\LILFIS~1\ARDUIN~1\Debug\libArduinoCore.a(HardwareSerial0.o)
                0x00800446                Serial
 .bss.timer0_fract
                0x008004e3        0x1 D:\Users\Celine\ONEDRI~1.EDU\DOCUME~1\Schule\UNIVER~1\EECS47~1\Project\LIL_FI~1\LILFIS~1\LILFIS~1\ARDUIN~1\Debug\libArduinoCore.a(wiring.o)
 .bss.timer0_millis
                0x008004e4        0x4 D:\Users\Celine\ONEDRI~1.EDU\DOCUME~1\Schule\UNIVER~1\EECS47~1\Project\LIL_FI~1\LILFIS~1\LILFIS~1\ARDUIN~1\Debug\libArduinoCore.a(wiring.o)
                0x008004e4                timer0_millis
 .bss.timer0_overflow_count
                0x008004e8        0x4 D:\Users\Celine\ONEDRI~1.EDU\DOCUME~1\Schule\UNIVER~1\EECS47~1\Project\LIL_FI~1\LILFIS~1\LILFIS~1\ARDUIN~1\Debug\libArduinoCore.a(wiring.o)
                0x008004e8                timer0_overflow_count
 .bss._ZL10gate_index
                0x008004ec        0x2 D:\Users\Celine\ONEDRI~1.EDU\DOCUME~1\Schule\UNIVER~1\EECS47~1\Project\LIL_FI~1\LILFIS~1\LILFIS~1\ARDUIN~1\Debug\libArduinoCore.a(FreqCount.o)
 .bss._ZL11gate_length
                0x008004ee        0x2 D:\Users\Celine\ONEDRI~1.EDU\DOCUME~1\Schule\UNIVER~1\EECS47~1\Project\LIL_FI~1\LILFIS~1\LILFIS~1\ARDUIN~1\Debug\libArduinoCore.a(FreqCount.o)
 .bss._ZL11count_ready
                0x008004f0        0x1 D:\Users\Celine\ONEDRI~1.EDU\DOCUME~1\Schule\UNIVER~1\EECS47~1\Project\LIL_FI~1\LILFIS~1\LILFIS~1\ARDUIN~1\Debug\libArduinoCore.a(FreqCount.o)
 .bss._ZL12count_output
                0x008004f1        0x4 D:\Users\Celine\ONEDRI~1.EDU\DOCUME~1\Schule\UNIVER~1\EECS47~1\Project\LIL_FI~1\LILFIS~1\LILFIS~1\ARDUIN~1\Debug\libArduinoCore.a(FreqCount.o)
 .bss._ZL10count_prev
                0x008004f5        0x4 D:\Users\Celine\ONEDRI~1.EDU\DOCUME~1\Schule\UNIVER~1\EECS47~1\Project\LIL_FI~1\LILFIS~1\LILFIS~1\ARDUIN~1\Debug\libArduinoCore.a(FreqCount.o)
 .bss._ZL9count_msw
                0x008004f9        0x2 D:\Users\Celine\ONEDRI~1.EDU\DOCUME~1\Schule\UNIVER~1\EECS47~1\Project\LIL_FI~1\LILFIS~1\LILFIS~1\ARDUIN~1\Debug\libArduinoCore.a(FreqCount.o)
 .bss._ZL11startTCCR2B
                0x008004fb        0x1 D:\Users\Celine\ONEDRI~1.EDU\DOCUME~1\Schule\UNIVER~1\EECS47~1\Project\LIL_FI~1\LILFIS~1\LILFIS~1\ARDUIN~1\Debug\libArduinoCore.a(FreqCount.o)
 .bss._ZL10saveTCCR2B
                0x008004fc        0x1 D:\Users\Celine\ONEDRI~1.EDU\DOCUME~1\Schule\UNIVER~1\EECS47~1\Project\LIL_FI~1\LILFIS~1\LILFIS~1\ARDUIN~1\Debug\libArduinoCore.a(FreqCount.o)
 .bss._ZL10saveTCCR2A
                0x008004fd        0x1 D:\Users\Celine\ONEDRI~1.EDU\DOCUME~1\Schule\UNIVER~1\EECS47~1\Project\LIL_FI~1\LILFIS~1\LILFIS~1\ARDUIN~1\Debug\libArduinoCore.a(FreqCount.o)
 .bss._ZL10saveTCCR1B
                0x008004fe        0x1 D:\Users\Celine\ONEDRI~1.EDU\DOCUME~1\Schule\UNIVER~1\EECS47~1\Project\LIL_FI~1\LILFIS~1\LILFIS~1\ARDUIN~1\Debug\libArduinoCore.a(FreqCount.o)
 .bss._ZL10saveTCCR1A
                0x008004ff        0x1 D:\Users\Celine\ONEDRI~1.EDU\DOCUME~1\Schule\UNIVER~1\EECS47~1\Project\LIL_FI~1\LILFIS~1\LILFIS~1\ARDUIN~1\Debug\libArduinoCore.a(FreqCount.o)
 *(COMMON)
 COMMON         0x00800500        0x4 c:/program files (x86)/atmel/studio/7.0/toolchain/avr8/avr8-gnu-toolchain/bin/../lib/gcc/avr/5.4.0/../../../../avr/lib/avr5\libc.a(malloc.o)
                0x00800500                __brkval
                0x00800502                __flp
                0x00800504                PROVIDE (__bss_end, .)
                0x000047f8                __data_load_start = LOADADDR (.data)
                0x00004934                __data_load_end = (__data_load_start + SIZEOF (.data))

.noinit         0x00800504        0x0
                [!provide]                PROVIDE (__noinit_start, .)
 *(.noinit*)
                [!provide]                PROVIDE (__noinit_end, .)
                0x00800504                _end = .
                0x00800504                PROVIDE (__heap_start, .)

.eeprom         0x00810000        0x0
 *(.eeprom*)
                0x00810000                __eeprom_end = .

.fuse
 *(.fuse)
 *(.lfuse)
 *(.hfuse)
 *(.efuse)

.lock
 *(.lock*)

.signature
 *(.signature*)

.user_signatures
 *(.user_signatures*)

.stab
 *(.stab)

.stabstr
 *(.stabstr)

.stab.excl
 *(.stab.excl)

.stab.exclstr
 *(.stab.exclstr)

.stab.index
 *(.stab.index)

.stab.indexstr
 *(.stab.indexstr)

.comment        0x00000000       0x30
 *(.comment)
 .comment       0x00000000       0x30 color_sensor.o
                                 0x31 (size before relaxing)
 .comment       0x00000030       0x31 tempSensor.o
 .comment       0x00000030       0x31 main.o
 .comment       0x00000030       0x31 OneWire.o
 .comment       0x00000030       0x31 phSensor.o
 .comment       0x00000030       0x31 src/libraries/FreeRTOS/src/heap_3.o
 .comment       0x00000030       0x31 src/libraries/FreeRTOS/src/list.o
 .comment       0x00000030       0x31 src/libraries/FreeRTOS/src/port.o
 .comment       0x00000030       0x31 src/libraries/FreeRTOS/src/queue.o
 .comment       0x00000030       0x31 src/libraries/FreeRTOS/src/tasks.o
 .comment       0x00000030       0x31 src/libraries/FreeRTOS/src/timers.o
 .comment       0x00000030       0x31 src/libraries/FreeRTOS/src/variantHooks.o
 .comment       0x00000030       0x31 src/libraries/MD_TCS230/src/MD_TCS230.o
 .comment       0x00000030       0x31 src/libraries/SoftwareSerial/src/SoftwareSerial.o
 .comment       0x00000030       0x31 D:\Users\Celine\ONEDRI~1.EDU\DOCUME~1\Schule\UNIVER~1\EECS47~1\Project\LIL_FI~1\LILFIS~1\LILFIS~1\ARDUIN~1\Debug\libArduinoCore.a(HardwareSerial.o)
 .comment       0x00000030       0x31 D:\Users\Celine\ONEDRI~1.EDU\DOCUME~1\Schule\UNIVER~1\EECS47~1\Project\LIL_FI~1\LILFIS~1\LILFIS~1\ARDUIN~1\Debug\libArduinoCore.a(HardwareSerial0.o)
 .comment       0x00000030       0x31 D:\Users\Celine\ONEDRI~1.EDU\DOCUME~1\Schule\UNIVER~1\EECS47~1\Project\LIL_FI~1\LILFIS~1\LILFIS~1\ARDUIN~1\Debug\libArduinoCore.a(main.o)
 .comment       0x00000030       0x31 D:\Users\Celine\ONEDRI~1.EDU\DOCUME~1\Schule\UNIVER~1\EECS47~1\Project\LIL_FI~1\LILFIS~1\LILFIS~1\ARDUIN~1\Debug\libArduinoCore.a(Print.o)
 .comment       0x00000030       0x31 D:\Users\Celine\ONEDRI~1.EDU\DOCUME~1\Schule\UNIVER~1\EECS47~1\Project\LIL_FI~1\LILFIS~1\LILFIS~1\ARDUIN~1\Debug\libArduinoCore.a(wiring.o)
 .comment       0x00000030       0x31 D:\Users\Celine\ONEDRI~1.EDU\DOCUME~1\Schule\UNIVER~1\EECS47~1\Project\LIL_FI~1\LILFIS~1\LILFIS~1\ARDUIN~1\Debug\libArduinoCore.a(wiring_analog.o)
 .comment       0x00000030       0x31 D:\Users\Celine\ONEDRI~1.EDU\DOCUME~1\Schule\UNIVER~1\EECS47~1\Project\LIL_FI~1\LILFIS~1\LILFIS~1\ARDUIN~1\Debug\libArduinoCore.a(wiring_digital.o)
 .comment       0x00000030       0x31 D:\Users\Celine\ONEDRI~1.EDU\DOCUME~1\Schule\UNIVER~1\EECS47~1\Project\LIL_FI~1\LILFIS~1\LILFIS~1\ARDUIN~1\Debug\libArduinoCore.a(FreqCount.o)
 .comment       0x00000030       0x31 D:\Users\Celine\ONEDRI~1.EDU\DOCUME~1\Schule\UNIVER~1\EECS47~1\Project\LIL_FI~1\LILFIS~1\LILFIS~1\ARDUIN~1\Debug\libArduinoCore.a(hooks.o)
 .comment       0x00000030       0x31 c:/program files (x86)/atmel/studio/7.0/toolchain/avr8/avr8-gnu-toolchain/bin/../lib/gcc/avr/5.4.0/../../../../avr/lib/avr5\libc.a(malloc.o)

.note.gnu.avr.deviceinfo
                0x00000000       0x40
 .note.gnu.avr.deviceinfo
                0x00000000       0x40 C:/Program Files (x86)/Atmel/Studio/7.0/Packs/atmel/ATmega_DFP/1.2.209/gcc/dev/atmega328p/avr5/crtatmega328p.o

.note.gnu.build-id
 *(.note.gnu.build-id)

.debug
 *(.debug)

.line
 *(.line)

.debug_srcinfo
 *(.debug_srcinfo)

.debug_sfnames
 *(.debug_sfnames)

.debug_aranges  0x00000000      0x9d8
 *(.debug_aranges)
 .debug_aranges
                0x00000000       0x50 color_sensor.o
 .debug_aranges
                0x00000050       0x28 tempSensor.o
 .debug_aranges
                0x00000078       0x68 main.o
 .debug_aranges
                0x000000e0       0xa0 OneWire.o
 .debug_aranges
                0x00000180       0x20 phSensor.o
 .debug_aranges
                0x000001a0       0x28 src/libraries/FreeRTOS/src/heap_3.o
 .debug_aranges
                0x000001c8       0x40 src/libraries/FreeRTOS/src/list.o
 .debug_aranges
                0x00000208       0x48 src/libraries/FreeRTOS/src/port.o
 .debug_aranges
                0x00000250       0xe0 src/libraries/FreeRTOS/src/queue.o
 .debug_aranges
                0x00000330      0x188 src/libraries/FreeRTOS/src/tasks.o
 .debug_aranges
                0x000004b8       0x90 src/libraries/FreeRTOS/src/timers.o
 .debug_aranges
                0x00000548       0x38 src/libraries/FreeRTOS/src/variantHooks.o
 .debug_aranges
                0x00000580       0xc0 src/libraries/MD_TCS230/src/MD_TCS230.o
 .debug_aranges
                0x00000640       0xa8 src/libraries/SoftwareSerial/src/SoftwareSerial.o
 .debug_aranges
                0x000006e8       0x68 D:\Users\Celine\ONEDRI~1.EDU\DOCUME~1\Schule\UNIVER~1\EECS47~1\Project\LIL_FI~1\LILFIS~1\LILFIS~1\ARDUIN~1\Debug\libArduinoCore.a(HardwareSerial.o)
 .debug_aranges
                0x00000750       0x48 D:\Users\Celine\ONEDRI~1.EDU\DOCUME~1\Schule\UNIVER~1\EECS47~1\Project\LIL_FI~1\LILFIS~1\LILFIS~1\ARDUIN~1\Debug\libArduinoCore.a(HardwareSerial0.o)
 .debug_aranges
                0x00000798       0x30 D:\Users\Celine\ONEDRI~1.EDU\DOCUME~1\Schule\UNIVER~1\EECS47~1\Project\LIL_FI~1\LILFIS~1\LILFIS~1\ARDUIN~1\Debug\libArduinoCore.a(main.o)
 .debug_aranges
                0x000007c8      0x100 D:\Users\Celine\ONEDRI~1.EDU\DOCUME~1\Schule\UNIVER~1\EECS47~1\Project\LIL_FI~1\LILFIS~1\LILFIS~1\ARDUIN~1\Debug\libArduinoCore.a(Print.o)
 .debug_aranges
                0x000008c8       0x48 D:\Users\Celine\ONEDRI~1.EDU\DOCUME~1\Schule\UNIVER~1\EECS47~1\Project\LIL_FI~1\LILFIS~1\LILFIS~1\ARDUIN~1\Debug\libArduinoCore.a(wiring.o)
 .debug_aranges
                0x00000910       0x30 D:\Users\Celine\ONEDRI~1.EDU\DOCUME~1\Schule\UNIVER~1\EECS47~1\Project\LIL_FI~1\LILFIS~1\LILFIS~1\ARDUIN~1\Debug\libArduinoCore.a(wiring_analog.o)
 .debug_aranges
                0x00000940       0x38 D:\Users\Celine\ONEDRI~1.EDU\DOCUME~1\Schule\UNIVER~1\EECS47~1\Project\LIL_FI~1\LILFIS~1\LILFIS~1\ARDUIN~1\Debug\libArduinoCore.a(wiring_digital.o)
 .debug_aranges
                0x00000978       0x40 D:\Users\Celine\ONEDRI~1.EDU\DOCUME~1\Schule\UNIVER~1\EECS47~1\Project\LIL_FI~1\LILFIS~1\LILFIS~1\ARDUIN~1\Debug\libArduinoCore.a(FreqCount.o)
 .debug_aranges
                0x000009b8       0x20 D:\Users\Celine\ONEDRI~1.EDU\DOCUME~1\Schule\UNIVER~1\EECS47~1\Project\LIL_FI~1\LILFIS~1\LILFIS~1\ARDUIN~1\Debug\libArduinoCore.a(hooks.o)

.debug_pubnames
 *(.debug_pubnames)

.debug_info     0x00000000    0x13e37
 *(.debug_info .gnu.linkonce.wi.*)
 .debug_info    0x00000000      0x5f4 C:/Program Files (x86)/Atmel/Studio/7.0/Packs/atmel/ATmega_DFP/1.2.209/gcc/dev/atmega328p/avr5/crtatmega328p.o
 .debug_info    0x000005f4      0xd87 color_sensor.o
 .debug_info    0x0000137b      0x7a6 tempSensor.o
 .debug_info    0x00001b21      0xef5 main.o
 .debug_info    0x00002a16      0xf20 OneWire.o
 .debug_info    0x00003936      0x1f2 phSensor.o
 .debug_info    0x00003b28      0x1a7 src/libraries/FreeRTOS/src/heap_3.o
 .debug_info    0x00003ccf      0x2e0 src/libraries/FreeRTOS/src/list.o
 .debug_info    0x00003faf      0x28b src/libraries/FreeRTOS/src/port.o
 .debug_info    0x0000423a     0x1820 src/libraries/FreeRTOS/src/queue.o
 .debug_info    0x00005a5a     0x2102 src/libraries/FreeRTOS/src/tasks.o
 .debug_info    0x00007b5c     0x1083 src/libraries/FreeRTOS/src/timers.o
 .debug_info    0x00008bdf      0x330 src/libraries/FreeRTOS/src/variantHooks.o
 .debug_info    0x00008f0f     0x1018 src/libraries/MD_TCS230/src/MD_TCS230.o
 .debug_info    0x00009f27     0x28f2 src/libraries/SoftwareSerial/src/SoftwareSerial.o
 .debug_info    0x0000c819     0x1f64 D:\Users\Celine\ONEDRI~1.EDU\DOCUME~1\Schule\UNIVER~1\EECS47~1\Project\LIL_FI~1\LILFIS~1\LILFIS~1\ARDUIN~1\Debug\libArduinoCore.a(HardwareSerial.o)
 .debug_info    0x0000e77d     0x1b16 D:\Users\Celine\ONEDRI~1.EDU\DOCUME~1\Schule\UNIVER~1\EECS47~1\Project\LIL_FI~1\LILFIS~1\LILFIS~1\ARDUIN~1\Debug\libArduinoCore.a(HardwareSerial0.o)
 .debug_info    0x00010293      0x237 D:\Users\Celine\ONEDRI~1.EDU\DOCUME~1\Schule\UNIVER~1\EECS47~1\Project\LIL_FI~1\LILFIS~1\LILFIS~1\ARDUIN~1\Debug\libArduinoCore.a(main.o)
 .debug_info    0x000104ca     0x28ff D:\Users\Celine\ONEDRI~1.EDU\DOCUME~1\Schule\UNIVER~1\EECS47~1\Project\LIL_FI~1\LILFIS~1\LILFIS~1\ARDUIN~1\Debug\libArduinoCore.a(Print.o)
 .debug_info    0x00012dc9      0x2cb D:\Users\Celine\ONEDRI~1.EDU\DOCUME~1\Schule\UNIVER~1\EECS47~1\Project\LIL_FI~1\LILFIS~1\LILFIS~1\ARDUIN~1\Debug\libArduinoCore.a(wiring.o)
 .debug_info    0x00013094      0x26d D:\Users\Celine\ONEDRI~1.EDU\DOCUME~1\Schule\UNIVER~1\EECS47~1\Project\LIL_FI~1\LILFIS~1\LILFIS~1\ARDUIN~1\Debug\libArduinoCore.a(wiring_analog.o)
 .debug_info    0x00013301      0x5fe D:\Users\Celine\ONEDRI~1.EDU\DOCUME~1\Schule\UNIVER~1\EECS47~1\Project\LIL_FI~1\LILFIS~1\LILFIS~1\ARDUIN~1\Debug\libArduinoCore.a(wiring_digital.o)
 .debug_info    0x000138ff      0x4fa D:\Users\Celine\ONEDRI~1.EDU\DOCUME~1\Schule\UNIVER~1\EECS47~1\Project\LIL_FI~1\LILFIS~1\LILFIS~1\ARDUIN~1\Debug\libArduinoCore.a(FreqCount.o)
 .debug_info    0x00013df9       0x3e D:\Users\Celine\ONEDRI~1.EDU\DOCUME~1\Schule\UNIVER~1\EECS47~1\Project\LIL_FI~1\LILFIS~1\LILFIS~1\ARDUIN~1\Debug\libArduinoCore.a(hooks.o)

.debug_abbrev   0x00000000     0x3fab
 *(.debug_abbrev)
 .debug_abbrev  0x00000000      0x5a2 C:/Program Files (x86)/Atmel/Studio/7.0/Packs/atmel/ATmega_DFP/1.2.209/gcc/dev/atmega328p/avr5/crtatmega328p.o
 .debug_abbrev  0x000005a2      0x393 color_sensor.o
 .debug_abbrev  0x00000935      0x245 tempSensor.o
 .debug_abbrev  0x00000b7a      0x3bf main.o
 .debug_abbrev  0x00000f39      0x34d OneWire.o
 .debug_abbrev  0x00001286       0xe5 phSensor.o
 .debug_abbrev  0x0000136b      0x115 src/libraries/FreeRTOS/src/heap_3.o
 .debug_abbrev  0x00001480       0xff src/libraries/FreeRTOS/src/list.o
 .debug_abbrev  0x0000157f      0x158 src/libraries/FreeRTOS/src/port.o
 .debug_abbrev  0x000016d7      0x2d5 src/libraries/FreeRTOS/src/queue.o
 .debug_abbrev  0x000019ac      0x35e src/libraries/FreeRTOS/src/tasks.o
 .debug_abbrev  0x00001d0a      0x2f8 src/libraries/FreeRTOS/src/timers.o
 .debug_abbrev  0x00002002      0x18d src/libraries/FreeRTOS/src/variantHooks.o
 .debug_abbrev  0x0000218f      0x39f src/libraries/MD_TCS230/src/MD_TCS230.o
 .debug_abbrev  0x0000252e      0x60b src/libraries/SoftwareSerial/src/SoftwareSerial.o
 .debug_abbrev  0x00002b39      0x4b7 D:\Users\Celine\ONEDRI~1.EDU\DOCUME~1\Schule\UNIVER~1\EECS47~1\Project\LIL_FI~1\LILFIS~1\LILFIS~1\ARDUIN~1\Debug\libArduinoCore.a(HardwareSerial.o)
 .debug_abbrev  0x00002ff0      0x3ce D:\Users\Celine\ONEDRI~1.EDU\DOCUME~1\Schule\UNIVER~1\EECS47~1\Project\LIL_FI~1\LILFIS~1\LILFIS~1\ARDUIN~1\Debug\libArduinoCore.a(HardwareSerial0.o)
 .debug_abbrev  0x000033be      0x12d D:\Users\Celine\ONEDRI~1.EDU\DOCUME~1\Schule\UNIVER~1\EECS47~1\Project\LIL_FI~1\LILFIS~1\LILFIS~1\ARDUIN~1\Debug\libArduinoCore.a(main.o)
 .debug_abbrev  0x000034eb      0x47a D:\Users\Celine\ONEDRI~1.EDU\DOCUME~1\Schule\UNIVER~1\EECS47~1\Project\LIL_FI~1\LILFIS~1\LILFIS~1\ARDUIN~1\Debug\libArduinoCore.a(Print.o)
 .debug_abbrev  0x00003965      0x146 D:\Users\Celine\ONEDRI~1.EDU\DOCUME~1\Schule\UNIVER~1\EECS47~1\Project\LIL_FI~1\LILFIS~1\LILFIS~1\ARDUIN~1\Debug\libArduinoCore.a(wiring.o)
 .debug_abbrev  0x00003aab      0x16b D:\Users\Celine\ONEDRI~1.EDU\DOCUME~1\Schule\UNIVER~1\EECS47~1\Project\LIL_FI~1\LILFIS~1\LILFIS~1\ARDUIN~1\Debug\libArduinoCore.a(wiring_analog.o)
 .debug_abbrev  0x00003c16      0x15b D:\Users\Celine\ONEDRI~1.EDU\DOCUME~1\Schule\UNIVER~1\EECS47~1\Project\LIL_FI~1\LILFIS~1\LILFIS~1\ARDUIN~1\Debug\libArduinoCore.a(wiring_digital.o)
 .debug_abbrev  0x00003d71      0x210 D:\Users\Celine\ONEDRI~1.EDU\DOCUME~1\Schule\UNIVER~1\EECS47~1\Project\LIL_FI~1\LILFIS~1\LILFIS~1\ARDUIN~1\Debug\libArduinoCore.a(FreqCount.o)
 .debug_abbrev  0x00003f81       0x2a D:\Users\Celine\ONEDRI~1.EDU\DOCUME~1\Schule\UNIVER~1\EECS47~1\Project\LIL_FI~1\LILFIS~1\LILFIS~1\ARDUIN~1\Debug\libArduinoCore.a(hooks.o)

.debug_line     0x00000000     0x6a85
 *(.debug_line .debug_line.* .debug_line_end)
 .debug_line    0x00000000      0x133 C:/Program Files (x86)/Atmel/Studio/7.0/Packs/atmel/ATmega_DFP/1.2.209/gcc/dev/atmega328p/avr5/crtatmega328p.o
 .debug_line    0x00000133      0x4fd color_sensor.o
 .debug_line    0x00000630      0x1ee tempSensor.o
 .debug_line    0x0000081e      0x57e main.o
 .debug_line    0x00000d9c      0x6c8 OneWire.o
 .debug_line    0x00001464      0x12f phSensor.o
 .debug_line    0x00001593      0x1b7 src/libraries/FreeRTOS/src/heap_3.o
 .debug_line    0x0000174a      0x21c src/libraries/FreeRTOS/src/list.o
 .debug_line    0x00001966      0x33c src/libraries/FreeRTOS/src/port.o
 .debug_line    0x00001ca2      0xb7e src/libraries/FreeRTOS/src/queue.o
 .debug_line    0x00002820     0x126a src/libraries/FreeRTOS/src/tasks.o
 .debug_line    0x00003a8a      0x54c src/libraries/FreeRTOS/src/timers.o
 .debug_line    0x00003fd6      0x27a src/libraries/FreeRTOS/src/variantHooks.o
 .debug_line    0x00004250      0x666 src/libraries/MD_TCS230/src/MD_TCS230.o
 .debug_line    0x000048b6      0x7f9 src/libraries/SoftwareSerial/src/SoftwareSerial.o
 .debug_line    0x000050af      0x4c4 D:\Users\Celine\ONEDRI~1.EDU\DOCUME~1\Schule\UNIVER~1\EECS47~1\Project\LIL_FI~1\LILFIS~1\LILFIS~1\ARDUIN~1\Debug\libArduinoCore.a(HardwareSerial.o)
 .debug_line    0x00005573      0x28c D:\Users\Celine\ONEDRI~1.EDU\DOCUME~1\Schule\UNIVER~1\EECS47~1\Project\LIL_FI~1\LILFIS~1\LILFIS~1\ARDUIN~1\Debug\libArduinoCore.a(HardwareSerial0.o)
 .debug_line    0x000057ff      0x165 D:\Users\Celine\ONEDRI~1.EDU\DOCUME~1\Schule\UNIVER~1\EECS47~1\Project\LIL_FI~1\LILFIS~1\LILFIS~1\ARDUIN~1\Debug\libArduinoCore.a(main.o)
 .debug_line    0x00005964      0x685 D:\Users\Celine\ONEDRI~1.EDU\DOCUME~1\Schule\UNIVER~1\EECS47~1\Project\LIL_FI~1\LILFIS~1\LILFIS~1\ARDUIN~1\Debug\libArduinoCore.a(Print.o)
 .debug_line    0x00005fe9      0x299 D:\Users\Celine\ONEDRI~1.EDU\DOCUME~1\Schule\UNIVER~1\EECS47~1\Project\LIL_FI~1\LILFIS~1\LILFIS~1\ARDUIN~1\Debug\libArduinoCore.a(wiring.o)
 .debug_line    0x00006282      0x20f D:\Users\Celine\ONEDRI~1.EDU\DOCUME~1\Schule\UNIVER~1\EECS47~1\Project\LIL_FI~1\LILFIS~1\LILFIS~1\ARDUIN~1\Debug\libArduinoCore.a(wiring_analog.o)
 .debug_line    0x00006491      0x252 D:\Users\Celine\ONEDRI~1.EDU\DOCUME~1\Schule\UNIVER~1\EECS47~1\Project\LIL_FI~1\LILFIS~1\LILFIS~1\ARDUIN~1\Debug\libArduinoCore.a(wiring_digital.o)
 .debug_line    0x000066e3      0x361 D:\Users\Celine\ONEDRI~1.EDU\DOCUME~1\Schule\UNIVER~1\EECS47~1\Project\LIL_FI~1\LILFIS~1\LILFIS~1\ARDUIN~1\Debug\libArduinoCore.a(FreqCount.o)
 .debug_line    0x00006a44       0x41 D:\Users\Celine\ONEDRI~1.EDU\DOCUME~1\Schule\UNIVER~1\EECS47~1\Project\LIL_FI~1\LILFIS~1\LILFIS~1\ARDUIN~1\Debug\libArduinoCore.a(hooks.o)

.debug_frame    0x00000000     0x1d84
 *(.debug_frame)
 .debug_frame   0x00000000       0xbc color_sensor.o
 .debug_frame   0x000000bc       0x58 tempSensor.o
 .debug_frame   0x00000114       0xec main.o
 .debug_frame   0x00000200      0x258 OneWire.o
 .debug_frame   0x00000458       0x58 phSensor.o
 .debug_frame   0x000004b0       0x4c src/libraries/FreeRTOS/src/heap_3.o
 .debug_frame   0x000004fc       0x90 src/libraries/FreeRTOS/src/list.o
 .debug_frame   0x0000058c       0x74 src/libraries/FreeRTOS/src/port.o
 .debug_frame   0x00000600      0x368 src/libraries/FreeRTOS/src/queue.o
 .debug_frame   0x00000968      0x57c src/libraries/FreeRTOS/src/tasks.o
 .debug_frame   0x00000ee4      0x198 src/libraries/FreeRTOS/src/timers.o
 .debug_frame   0x0000107c       0x54 src/libraries/FreeRTOS/src/variantHooks.o
 .debug_frame   0x000010d0      0x28c src/libraries/MD_TCS230/src/MD_TCS230.o
 .debug_frame   0x0000135c      0x1d4 src/libraries/SoftwareSerial/src/SoftwareSerial.o
 .debug_frame   0x00001530      0x110 D:\Users\Celine\ONEDRI~1.EDU\DOCUME~1\Schule\UNIVER~1\EECS47~1\Project\LIL_FI~1\LILFIS~1\LILFIS~1\ARDUIN~1\Debug\libArduinoCore.a(HardwareSerial.o)
 .debug_frame   0x00001640       0xe0 D:\Users\Celine\ONEDRI~1.EDU\DOCUME~1\Schule\UNIVER~1\EECS47~1\Project\LIL_FI~1\LILFIS~1\LILFIS~1\ARDUIN~1\Debug\libArduinoCore.a(HardwareSerial0.o)
 .debug_frame   0x00001720       0x54 D:\Users\Celine\ONEDRI~1.EDU\DOCUME~1\Schule\UNIVER~1\EECS47~1\Project\LIL_FI~1\LILFIS~1\LILFIS~1\ARDUIN~1\Debug\libArduinoCore.a(main.o)
 .debug_frame   0x00001774      0x3ac D:\Users\Celine\ONEDRI~1.EDU\DOCUME~1\Schule\UNIVER~1\EECS47~1\Project\LIL_FI~1\LILFIS~1\LILFIS~1\ARDUIN~1\Debug\libArduinoCore.a(Print.o)
 .debug_frame   0x00001b20       0xc4 D:\Users\Celine\ONEDRI~1.EDU\DOCUME~1\Schule\UNIVER~1\EECS47~1\Project\LIL_FI~1\LILFIS~1\LILFIS~1\ARDUIN~1\Debug\libArduinoCore.a(wiring.o)
 .debug_frame   0x00001be4       0x54 D:\Users\Celine\ONEDRI~1.EDU\DOCUME~1\Schule\UNIVER~1\EECS47~1\Project\LIL_FI~1\LILFIS~1\LILFIS~1\ARDUIN~1\Debug\libArduinoCore.a(wiring_analog.o)
 .debug_frame   0x00001c38       0x7c D:\Users\Celine\ONEDRI~1.EDU\DOCUME~1\Schule\UNIVER~1\EECS47~1\Project\LIL_FI~1\LILFIS~1\LILFIS~1\ARDUIN~1\Debug\libArduinoCore.a(wiring_digital.o)
 .debug_frame   0x00001cb4       0xac D:\Users\Celine\ONEDRI~1.EDU\DOCUME~1\Schule\UNIVER~1\EECS47~1\Project\LIL_FI~1\LILFIS~1\LILFIS~1\ARDUIN~1\Debug\libArduinoCore.a(FreqCount.o)
 .debug_frame   0x00001d60       0x24 D:\Users\Celine\ONEDRI~1.EDU\DOCUME~1\Schule\UNIVER~1\EECS47~1\Project\LIL_FI~1\LILFIS~1\LILFIS~1\ARDUIN~1\Debug\libArduinoCore.a(hooks.o)

.debug_str      0x00000000     0x4ad7
 *(.debug_str)
 .debug_str     0x00000000      0x208 C:/Program Files (x86)/Atmel/Studio/7.0/Packs/atmel/ATmega_DFP/1.2.209/gcc/dev/atmega328p/avr5/crtatmega328p.o
 .debug_str     0x00000208      0x864 color_sensor.o
                                0x947 (size before relaxing)
 .debug_str     0x00000a6c      0x2db tempSensor.o
                                0x5f8 (size before relaxing)
 .debug_str     0x00000d47      0x3e9 main.o
                                0x890 (size before relaxing)
 .debug_str     0x00001130      0x155 OneWire.o
                                0x6c6 (size before relaxing)
 .debug_str     0x00001285       0x50 phSensor.o
                                0x2fb (size before relaxing)
 .debug_str     0x000012d5      0x169 src/libraries/FreeRTOS/src/heap_3.o
                                0x295 (size before relaxing)
 .debug_str     0x0000143e      0x142 src/libraries/FreeRTOS/src/list.o
                                0x360 (size before relaxing)
 .debug_str     0x00001580      0x12a src/libraries/FreeRTOS/src/port.o
                                0x34c (size before relaxing)
 .debug_str     0x000016aa      0x628 src/libraries/FreeRTOS/src/queue.o
                                0xa09 (size before relaxing)
 .debug_str     0x00001cd2      0x8f9 src/libraries/FreeRTOS/src/tasks.o
                                0xf2c (size before relaxing)
 .debug_str     0x000025cb      0x414 src/libraries/FreeRTOS/src/timers.o
                                0x8b5 (size before relaxing)
 .debug_str     0x000029df       0x93 src/libraries/FreeRTOS/src/variantHooks.o
                                0x3e4 (size before relaxing)
 .debug_str     0x00002a72      0x12d src/libraries/MD_TCS230/src/MD_TCS230.o
                                0x7d3 (size before relaxing)
 .debug_str     0x00002b9f     0x14d1 src/libraries/SoftwareSerial/src/SoftwareSerial.o
                               0x197e (size before relaxing)
 .debug_str     0x00004070      0x412 D:\Users\Celine\ONEDRI~1.EDU\DOCUME~1\Schule\UNIVER~1\EECS47~1\Project\LIL_FI~1\LILFIS~1\LILFIS~1\ARDUIN~1\Debug\libArduinoCore.a(HardwareSerial.o)
                               0x1659 (size before relaxing)
 .debug_str     0x00004482       0x47 D:\Users\Celine\ONEDRI~1.EDU\DOCUME~1\Schule\UNIVER~1\EECS47~1\Project\LIL_FI~1\LILFIS~1\LILFIS~1\ARDUIN~1\Debug\libArduinoCore.a(HardwareSerial0.o)
                               0x144c (size before relaxing)
 .debug_str     0x000044c9       0x37 D:\Users\Celine\ONEDRI~1.EDU\DOCUME~1\Schule\UNIVER~1\EECS47~1\Project\LIL_FI~1\LILFIS~1\LILFIS~1\ARDUIN~1\Debug\libArduinoCore.a(main.o)
                                0x2f8 (size before relaxing)
 .debug_str     0x00004500      0x300 D:\Users\Celine\ONEDRI~1.EDU\DOCUME~1\Schule\UNIVER~1\EECS47~1\Project\LIL_FI~1\LILFIS~1\LILFIS~1\ARDUIN~1\Debug\libArduinoCore.a(Print.o)
                               0x1286 (size before relaxing)
 .debug_str     0x00004800       0x65 D:\Users\Celine\ONEDRI~1.EDU\DOCUME~1\Schule\UNIVER~1\EECS47~1\Project\LIL_FI~1\LILFIS~1\LILFIS~1\ARDUIN~1\Debug\libArduinoCore.a(wiring.o)
                                0x28e (size before relaxing)
 .debug_str     0x00004865       0x5b D:\Users\Celine\ONEDRI~1.EDU\DOCUME~1\Schule\UNIVER~1\EECS47~1\Project\LIL_FI~1\LILFIS~1\LILFIS~1\ARDUIN~1\Debug\libArduinoCore.a(wiring_analog.o)
                                0x292 (size before relaxing)
 .debug_str     0x000048c0       0x4b D:\Users\Celine\ONEDRI~1.EDU\DOCUME~1\Schule\UNIVER~1\EECS47~1\Project\LIL_FI~1\LILFIS~1\LILFIS~1\ARDUIN~1\Debug\libArduinoCore.a(wiring_digital.o)
                                0x2f3 (size before relaxing)
 .debug_str     0x0000490b      0x1b0 D:\Users\Celine\ONEDRI~1.EDU\DOCUME~1\Schule\UNIVER~1\EECS47~1\Project\LIL_FI~1\LILFIS~1\LILFIS~1\ARDUIN~1\Debug\libArduinoCore.a(FreqCount.o)
                                0x502 (size before relaxing)
 .debug_str     0x00004abb       0x1c D:\Users\Celine\ONEDRI~1.EDU\DOCUME~1\Schule\UNIVER~1\EECS47~1\Project\LIL_FI~1\LILFIS~1\LILFIS~1\ARDUIN~1\Debug\libArduinoCore.a(hooks.o)
                                0x183 (size before relaxing)

.debug_loc      0x00000000     0xb349
 *(.debug_loc)
 .debug_loc     0x00000000      0x35b color_sensor.o
 .debug_loc     0x0000035b      0x14c tempSensor.o
 .debug_loc     0x000004a7      0x200 main.o
 .debug_loc     0x000006a7     0x1112 OneWire.o
 .debug_loc     0x000017b9      0x101 phSensor.o
 .debug_loc     0x000018ba      0x112 src/libraries/FreeRTOS/src/heap_3.o
 .debug_loc     0x000019cc      0x1d7 src/libraries/FreeRTOS/src/list.o
 .debug_loc     0x00001ba3      0x288 src/libraries/FreeRTOS/src/port.o
 .debug_loc     0x00001e2b     0x1b17 src/libraries/FreeRTOS/src/queue.o
 .debug_loc     0x00003942     0x24ae src/libraries/FreeRTOS/src/tasks.o
 .debug_loc     0x00005df0      0xadc src/libraries/FreeRTOS/src/timers.o
 .debug_loc     0x000068cc       0xb6 src/libraries/FreeRTOS/src/variantHooks.o
 .debug_loc     0x00006982      0xde2 src/libraries/MD_TCS230/src/MD_TCS230.o
 .debug_loc     0x00007764      0xc96 src/libraries/SoftwareSerial/src/SoftwareSerial.o
 .debug_loc     0x000083fa      0x4dc D:\Users\Celine\ONEDRI~1.EDU\DOCUME~1\Schule\UNIVER~1\EECS47~1\Project\LIL_FI~1\LILFIS~1\LILFIS~1\ARDUIN~1\Debug\libArduinoCore.a(HardwareSerial.o)
 .debug_loc     0x000088d6      0x1b0 D:\Users\Celine\ONEDRI~1.EDU\DOCUME~1\Schule\UNIVER~1\EECS47~1\Project\LIL_FI~1\LILFIS~1\LILFIS~1\ARDUIN~1\Debug\libArduinoCore.a(HardwareSerial0.o)
 .debug_loc     0x00008a86     0x1c87 D:\Users\Celine\ONEDRI~1.EDU\DOCUME~1\Schule\UNIVER~1\EECS47~1\Project\LIL_FI~1\LILFIS~1\LILFIS~1\ARDUIN~1\Debug\libArduinoCore.a(Print.o)
 .debug_loc     0x0000a70d      0x28d D:\Users\Celine\ONEDRI~1.EDU\DOCUME~1\Schule\UNIVER~1\EECS47~1\Project\LIL_FI~1\LILFIS~1\LILFIS~1\ARDUIN~1\Debug\libArduinoCore.a(wiring.o)
 .debug_loc     0x0000a99a       0xfe D:\Users\Celine\ONEDRI~1.EDU\DOCUME~1\Schule\UNIVER~1\EECS47~1\Project\LIL_FI~1\LILFIS~1\LILFIS~1\ARDUIN~1\Debug\libArduinoCore.a(wiring_analog.o)
 .debug_loc     0x0000aa98      0x5fc D:\Users\Celine\ONEDRI~1.EDU\DOCUME~1\Schule\UNIVER~1\EECS47~1\Project\LIL_FI~1\LILFIS~1\LILFIS~1\ARDUIN~1\Debug\libArduinoCore.a(wiring_digital.o)
 .debug_loc     0x0000b094      0x2b5 D:\Users\Celine\ONEDRI~1.EDU\DOCUME~1\Schule\UNIVER~1\EECS47~1\Project\LIL_FI~1\LILFIS~1\LILFIS~1\ARDUIN~1\Debug\libArduinoCore.a(FreqCount.o)

.debug_macinfo
 *(.debug_macinfo)

.debug_weaknames
 *(.debug_weaknames)

.debug_funcnames
 *(.debug_funcnames)

.debug_typenames
 *(.debug_typenames)

.debug_varnames
 *(.debug_varnames)

.debug_pubtypes
 *(.debug_pubtypes)

.debug_ranges   0x00000000      0x940
 *(.debug_ranges)
 .debug_ranges  0x00000000       0x40 color_sensor.o
 .debug_ranges  0x00000040       0x18 tempSensor.o
 .debug_ranges  0x00000058       0x58 main.o
 .debug_ranges  0x000000b0       0x90 OneWire.o
 .debug_ranges  0x00000140       0x10 phSensor.o
 .debug_ranges  0x00000150       0x18 src/libraries/FreeRTOS/src/heap_3.o
 .debug_ranges  0x00000168       0x30 src/libraries/FreeRTOS/src/list.o
 .debug_ranges  0x00000198       0x38 src/libraries/FreeRTOS/src/port.o
 .debug_ranges  0x000001d0       0xd0 src/libraries/FreeRTOS/src/queue.o
 .debug_ranges  0x000002a0      0x1d8 src/libraries/FreeRTOS/src/tasks.o
 .debug_ranges  0x00000478       0x80 src/libraries/FreeRTOS/src/timers.o
 .debug_ranges  0x000004f8       0x28 src/libraries/FreeRTOS/src/variantHooks.o
 .debug_ranges  0x00000520       0xb0 src/libraries/MD_TCS230/src/MD_TCS230.o
 .debug_ranges  0x000005d0       0xe0 src/libraries/SoftwareSerial/src/SoftwareSerial.o
 .debug_ranges  0x000006b0       0x58 D:\Users\Celine\ONEDRI~1.EDU\DOCUME~1\Schule\UNIVER~1\EECS47~1\Project\LIL_FI~1\LILFIS~1\LILFIS~1\ARDUIN~1\Debug\libArduinoCore.a(HardwareSerial.o)
 .debug_ranges  0x00000708       0x38 D:\Users\Celine\ONEDRI~1.EDU\DOCUME~1\Schule\UNIVER~1\EECS47~1\Project\LIL_FI~1\LILFIS~1\LILFIS~1\ARDUIN~1\Debug\libArduinoCore.a(HardwareSerial0.o)
 .debug_ranges  0x00000740       0x20 D:\Users\Celine\ONEDRI~1.EDU\DOCUME~1\Schule\UNIVER~1\EECS47~1\Project\LIL_FI~1\LILFIS~1\LILFIS~1\ARDUIN~1\Debug\libArduinoCore.a(main.o)
 .debug_ranges  0x00000760      0x120 D:\Users\Celine\ONEDRI~1.EDU\DOCUME~1\Schule\UNIVER~1\EECS47~1\Project\LIL_FI~1\LILFIS~1\LILFIS~1\ARDUIN~1\Debug\libArduinoCore.a(Print.o)
 .debug_ranges  0x00000880       0x38 D:\Users\Celine\ONEDRI~1.EDU\DOCUME~1\Schule\UNIVER~1\EECS47~1\Project\LIL_FI~1\LILFIS~1\LILFIS~1\ARDUIN~1\Debug\libArduinoCore.a(wiring.o)
 .debug_ranges  0x000008b8       0x20 D:\Users\Celine\ONEDRI~1.EDU\DOCUME~1\Schule\UNIVER~1\EECS47~1\Project\LIL_FI~1\LILFIS~1\LILFIS~1\ARDUIN~1\Debug\libArduinoCore.a(wiring_analog.o)
 .debug_ranges  0x000008d8       0x28 D:\Users\Celine\ONEDRI~1.EDU\DOCUME~1\Schule\UNIVER~1\EECS47~1\Project\LIL_FI~1\LILFIS~1\LILFIS~1\ARDUIN~1\Debug\libArduinoCore.a(wiring_digital.o)
 .debug_ranges  0x00000900       0x30 D:\Users\Celine\ONEDRI~1.EDU\DOCUME~1\Schule\UNIVER~1\EECS47~1\Project\LIL_FI~1\LILFIS~1\LILFIS~1\ARDUIN~1\Debug\libArduinoCore.a(FreqCount.o)
 .debug_ranges  0x00000930       0x10 D:\Users\Celine\ONEDRI~1.EDU\DOCUME~1\Schule\UNIVER~1\EECS47~1\Project\LIL_FI~1\LILFIS~1\LILFIS~1\ARDUIN~1\Debug\libArduinoCore.a(hooks.o)

.debug_macro
 *(.debug_macro)
OUTPUT(lil_fish_tanks_arduino.elf elf32-avr)
LOAD linker stubs
