Archive member included to satisfy reference by file (symbol)

c:/program files (x86)/atmel/studio/7.0/toolchain/avr8/avr8-gnu-toolchain/bin/../lib/gcc/avr/5.4.0/../../../../avr/lib/avr5\libm.a(addsf3.o)
                              DFRobot_PH.o (__subsf3)
c:/program files (x86)/atmel/studio/7.0/toolchain/avr8/avr8-gnu-toolchain/bin/../lib/gcc/avr/5.4.0/../../../../avr/lib/avr5\libm.a(addsf3x.o)
                              c:/program files (x86)/atmel/studio/7.0/toolchain/avr8/avr8-gnu-toolchain/bin/../lib/gcc/avr/5.4.0/../../../../avr/lib/avr5\libm.a(addsf3.o) (__addsf3x)
c:/program files (x86)/atmel/studio/7.0/toolchain/avr8/avr8-gnu-toolchain/bin/../lib/gcc/avr/5.4.0/../../../../avr/lib/avr5\libm.a(cmpsf2.o)
                              main.o (__eqsf2)
c:/program files (x86)/atmel/studio/7.0/toolchain/avr8/avr8-gnu-toolchain/bin/../lib/gcc/avr/5.4.0/../../../../avr/lib/avr5\libm.a(divsf3.o)
                              DFRobot_PH.o (__divsf3)
c:/program files (x86)/atmel/studio/7.0/toolchain/avr8/avr8-gnu-toolchain/bin/../lib/gcc/avr/5.4.0/../../../../avr/lib/avr5\libm.a(divsf3x.o)
                              c:/program files (x86)/atmel/studio/7.0/toolchain/avr8/avr8-gnu-toolchain/bin/../lib/gcc/avr/5.4.0/../../../../avr/lib/avr5\libm.a(divsf3.o) (__divsf3x)
c:/program files (x86)/atmel/studio/7.0/toolchain/avr8/avr8-gnu-toolchain/bin/../lib/gcc/avr/5.4.0/../../../../avr/lib/avr5\libm.a(fixsfsi.o)
                              main.o (__fixsfsi)
c:/program files (x86)/atmel/studio/7.0/toolchain/avr8/avr8-gnu-toolchain/bin/../lib/gcc/avr/5.4.0/../../../../avr/lib/avr5\libm.a(fixunssfsi.o)
                              c:/program files (x86)/atmel/studio/7.0/toolchain/avr8/avr8-gnu-toolchain/bin/../lib/gcc/avr/5.4.0/../../../../avr/lib/avr5\libm.a(fixsfsi.o) (__fixunssfsi)
c:/program files (x86)/atmel/studio/7.0/toolchain/avr8/avr8-gnu-toolchain/bin/../lib/gcc/avr/5.4.0/../../../../avr/lib/avr5\libm.a(floatsisf.o)
                              main.o (__floatsisf)
c:/program files (x86)/atmel/studio/7.0/toolchain/avr8/avr8-gnu-toolchain/bin/../lib/gcc/avr/5.4.0/../../../../avr/lib/avr5\libm.a(fp_cmp.o)
                              c:/program files (x86)/atmel/studio/7.0/toolchain/avr8/avr8-gnu-toolchain/bin/../lib/gcc/avr/5.4.0/../../../../avr/lib/avr5\libm.a(cmpsf2.o) (__fp_cmp)
c:/program files (x86)/atmel/studio/7.0/toolchain/avr8/avr8-gnu-toolchain/bin/../lib/gcc/avr/5.4.0/../../../../avr/lib/avr5\libm.a(fp_inf.o)
                              c:/program files (x86)/atmel/studio/7.0/toolchain/avr8/avr8-gnu-toolchain/bin/../lib/gcc/avr/5.4.0/../../../../avr/lib/avr5\libm.a(addsf3x.o) (__fp_inf)
c:/program files (x86)/atmel/studio/7.0/toolchain/avr8/avr8-gnu-toolchain/bin/../lib/gcc/avr/5.4.0/../../../../avr/lib/avr5\libm.a(fp_nan.o)
                              c:/program files (x86)/atmel/studio/7.0/toolchain/avr8/avr8-gnu-toolchain/bin/../lib/gcc/avr/5.4.0/../../../../avr/lib/avr5\libm.a(addsf3x.o) (__fp_nan)
c:/program files (x86)/atmel/studio/7.0/toolchain/avr8/avr8-gnu-toolchain/bin/../lib/gcc/avr/5.4.0/../../../../avr/lib/avr5\libm.a(fp_pscA.o)
                              c:/program files (x86)/atmel/studio/7.0/toolchain/avr8/avr8-gnu-toolchain/bin/../lib/gcc/avr/5.4.0/../../../../avr/lib/avr5\libm.a(addsf3x.o) (__fp_pscA)
c:/program files (x86)/atmel/studio/7.0/toolchain/avr8/avr8-gnu-toolchain/bin/../lib/gcc/avr/5.4.0/../../../../avr/lib/avr5\libm.a(fp_pscB.o)
                              c:/program files (x86)/atmel/studio/7.0/toolchain/avr8/avr8-gnu-toolchain/bin/../lib/gcc/avr/5.4.0/../../../../avr/lib/avr5\libm.a(addsf3x.o) (__fp_pscB)
c:/program files (x86)/atmel/studio/7.0/toolchain/avr8/avr8-gnu-toolchain/bin/../lib/gcc/avr/5.4.0/../../../../avr/lib/avr5\libm.a(fp_round.o)
                              c:/program files (x86)/atmel/studio/7.0/toolchain/avr8/avr8-gnu-toolchain/bin/../lib/gcc/avr/5.4.0/../../../../avr/lib/avr5\libm.a(addsf3.o) (__fp_round)
c:/program files (x86)/atmel/studio/7.0/toolchain/avr8/avr8-gnu-toolchain/bin/../lib/gcc/avr/5.4.0/../../../../avr/lib/avr5\libm.a(fp_split3.o)
                              c:/program files (x86)/atmel/studio/7.0/toolchain/avr8/avr8-gnu-toolchain/bin/../lib/gcc/avr/5.4.0/../../../../avr/lib/avr5\libm.a(addsf3x.o) (__fp_split3)
c:/program files (x86)/atmel/studio/7.0/toolchain/avr8/avr8-gnu-toolchain/bin/../lib/gcc/avr/5.4.0/../../../../avr/lib/avr5\libm.a(fp_zero.o)
                              c:/program files (x86)/atmel/studio/7.0/toolchain/avr8/avr8-gnu-toolchain/bin/../lib/gcc/avr/5.4.0/../../../../avr/lib/avr5\libm.a(addsf3x.o) (__fp_zero)
c:/program files (x86)/atmel/studio/7.0/toolchain/avr8/avr8-gnu-toolchain/bin/../lib/gcc/avr/5.4.0/../../../../avr/lib/avr5\libm.a(gesf2.o)
                              DFRobot_PH.o (__gtsf2)
c:/program files (x86)/atmel/studio/7.0/toolchain/avr8/avr8-gnu-toolchain/bin/../lib/gcc/avr/5.4.0/../../../../avr/lib/avr5\libm.a(mulsf3.o)
[...]
Memory Configuration

Name             Origin             Length             Attributes
text             0x00000000         0x00020000         xr
data             0x00800060         0x0000ffa0         rw !x
eeprom           0x00810000         0x00010000         rw !x
fuse             0x00820000         0x00000003         rw !x
lock             0x00830000         0x00000400         rw !x
signature        0x00840000         0x00000400         rw !x
user_signatures  0x00850000         0x00000400         rw !x
*default*        0x00000000         0xffffffff

Linker script and memory map

Address of section .data set to 0x800100
LOAD C:/Program Files (x86)/Atmel/Studio/7.0/Packs/atmel/ATmega_DFP/1.2.209/gcc/dev/atmega328p/avr5/crtatmega328p.o
LOAD DFRobot_PH.o
LOAD main.o
LOAD OneWire.o
LOAD phSensor.o
LOAD src/libraries/FreeRTOS/src/croutine.o
LOAD src/libraries/FreeRTOS/src/event_groups.o
LOAD src/libraries/FreeRTOS/src/heap_3.o
LOAD src/libraries/FreeRTOS/src/list.o
LOAD src/libraries/FreeRTOS/src/port.o
LOAD src/libraries/FreeRTOS/src/queue.o
LOAD src/libraries/FreeRTOS/src/stream_buffer.o
LOAD src/libraries/FreeRTOS/src/tasks.o
LOAD src/libraries/FreeRTOS/src/timers.o
LOAD src/libraries/FreeRTOS/src/variantHooks.o
LOAD src/libraries/MD_TCS230/src/MD_TCS230.o
LOAD src/libraries/SoftwareSerial/src/SoftwareSerial.o
START GROUP
LOAD c:/program files (x86)/atmel/studio/7.0/toolchain/avr8/avr8-gnu-toolchain/bin/../lib/gcc/avr/5.4.0/../../../../avr/lib/avr5\libm.a
LOAD C:\Users\David Waier\Desktop\lil_fish_tanks\LilFishTanks\LilFishTanks\ArduinoCore\Debug\libArduinoCore.a
END GROUP
LOAD c:/program files (x86)/atmel/studio/7.0/toolchain/avr8/avr8-gnu-toolchain/bin/../lib/gcc/avr/5.4.0/avr5\libgcc.a
LOAD c:/program files (x86)/atmel/studio/7.0/toolchain/avr8/avr8-gnu-toolchain/bin/../lib/gcc/avr/5.4.0/../../../../avr/lib/avr5\libm.a
START GROUP
LOAD c:/program files (x86)/atmel/studio/7.0/toolchain/avr8/avr8-gnu-toolchain/bin/../lib/gcc/avr/5.4.0/avr5\libgcc.a
LOAD c:/program files (x86)/atmel/studio/7.0/toolchain/avr8/avr8-gnu-toolchain/bin/../lib/gcc/avr/5.4.0/../../../../avr/lib/avr5\libm.a
LOAD c:/program files (x86)/atmel/studio/7.0/toolchain/avr8/avr8-gnu-toolchain/bin/../lib/gcc/avr/5.4.0/../../../../avr/lib/avr5\libc.a
LOAD C:/Program Files (x86)/Atmel/Studio/7.0/Packs/atmel/ATmega_DFP/1.2.209/gcc/dev/atmega328p/avr5\libatmega328p.a
END GROUP
                0x00000000                __TEXT_REGION_ORIGIN__ = DEFINED (__TEXT_REGION_ORIGIN__)?__TEXT_REGION_ORIGIN__:0x0
                0x00800060                __DATA_REGION_ORIGIN__ = DEFINED (__DATA_REGION_ORIGIN__)?__DATA_REGION_ORIGIN__:0x800060
                0x00020000                __TEXT_REGION_LENGTH__ = DEFINED (__TEXT_REGION_LENGTH__)?__TEXT_REGION_LENGTH__:0x20000
                0x0000ffa0                __DATA_REGION_LENGTH__ = DEFINED (__DATA_REGION_LENGTH__)?__DATA_REGION_LENGTH__:0xffa0
                0x00010000                __EEPROM_REGION_LENGTH__ = DEFINED (__EEPROM_REGION_LENGTH__)?__EEPROM_REGION_LENGTH__:0x10000
                [0x00000003]                __FUSE_REGION_LENGTH__ = DEFINED (__FUSE_REGION_LENGTH__)?__FUSE_REGION_LENGTH__:0x400
                0x00000400                __LOCK_REGION_LENGTH__ = DEFINED (__LOCK_REGION_LENGTH__)?__LOCK_REGION_LENGTH__:0x400
                0x00000400                __SIGNATURE_REGION_LENGTH__ = DEFINED (__SIGNATURE_REGION_LENGTH__)?__SIGNATURE_REGION_LENGTH__:0x400
                0x00000400                __USER_SIGNATURE_REGION_LENGTH__ = DEFINED (__USER_SIGNATURE_REGION_LENGTH__)?__USER_SIGNATURE_REGION_LENGTH__:0x400

.hash
 *(.hash)

.dynsym
 *(.dynsym)

.dynstr
 *(.dynstr)

.gnu.version
 *(.gnu.version)

.gnu.version_d
 *(.gnu.version_d)

.gnu.version_r
 *(.gnu.version_r)

.rel.init
 *(.rel.init)

.rela.init
 *(.rela.init)

.rel.text
 *(.rel.text)
 *(.rel.text.*)
 *(.rel.gnu.linkonce.t*)

.rela.text
 *(.rela.text)
 *(.rela.text.*)
 *(.rela.gnu.linkonce.t*)

.rel.fini
 *(.rel.fini)

.rela.fini
 *(.rela.fini)

.rel.rodata
 *(.rel.rodata)
 *(.rel.rodata.*)
 *(.rel.gnu.linkonce.r*)

.rela.rodata
 *(.rela.rodata)
 *(.rela.rodata.*)
 *(.rela.gnu.linkonce.r*)

.rel.data
 *(.rel.data)
 *(.rel.data.*)
 *(.rel.gnu.linkonce.d*)

.rela.data
 *(.rela.data)
 *(.rela.data.*)
 *(.rela.gnu.linkonce.d*)

.rel.ctors
 *(.rel.ctors)

.rela.ctors
 *(.rela.ctors)

.rel.dtors
 *(.rel.dtors)

.rela.dtors
 *(.rela.dtors)

.rel.got
 *(.rel.got)

.rela.got
 *(.rela.got)

.rel.bss
 *(.rel.bss)

.rela.bss
 *(.rela.bss)

.rel.plt
 *(.rel.plt)

.rela.plt
 *(.rela.plt)

.text           0x00000000     0x4aaa
 *(.vectors)
 .vectors       0x00000000       0x68 C:/Program Files (x86)/Atmel/Studio/7.0/Packs/atmel/ATmega_DFP/1.2.209/gcc/dev/atmega328p/avr5/crtatmega328p.o
                0x00000000                __vector_default
                0x00000000                __vectors
 *(.vectors)
 *(.progmem.gcc*)
 .progmem.gcc_sw_table.prvTimerTask
                0x00000068       0x14 src/libraries/FreeRTOS/src/timers.o
                0x0000007c                . = ALIGN (0x2)
                0x0000007c                __trampolines_start = .
 *(.trampolines)
 .trampolines   0x0000007c        0x0 linker stubs
 *(.trampolines*)
                0x0000007c                __trampolines_end = .
 *libprintf_flt.a:*(.progmem.data)
 *libc.a:*(.progmem.data)
 *(.progmem*)
 .progmem.data._ZZ9SameColorvE3__c
                0x0000007c       0x16 main.o
 .progmem.data._ZL15dscrc2x16_table
                0x00000092       0x20 OneWire.o
 .progmem.data.digital_pin_to_timer_PGM
                0x000000b2       0x14 C:\Users\David Waier\Desktop\lil_fish_tanks\LilFishTanks\LilFishTanks\ArduinoCore\Debug\libArduinoCore.a(wiring_digital.o)
                0x000000b2                digital_pin_to_timer_PGM
 .progmem.data.digital_pin_to_bit_mask_PGM
                0x000000c6       0x14 C:\Users\David Waier\Desktop\lil_fish_tanks\LilFishTanks\LilFishTanks\ArduinoCore\Debug\libArduinoCore.a(wiring_digital.o)
                0x000000c6                digital_pin_to_bit_mask_PGM
 .progmem.data.digital_pin_to_port_PGM
                0x000000da       0x14 C:\Users\David Waier\Desktop\lil_fish_tanks\LilFishTanks\LilFishTanks\ArduinoCore\Debug\libArduinoCore.a(wiring_digital.o)
                0x000000da                digital_pin_to_port_PGM
 .progmem.data.port_to_input_PGM
                0x000000ee        0xa C:\Users\David Waier\Desktop\lil_fish_tanks\LilFishTanks\LilFishTanks\ArduinoCore\Debug\libArduinoCore.a(wiring_digital.o)
                0x000000ee                port_to_input_PGM
 .progmem.data.port_to_output_PGM
                0x000000f8        0xa C:\Users\David Waier\Desktop\lil_fish_tanks\LilFishTanks\LilFishTanks\ArduinoCore\Debug\libArduinoCore.a(wiring_digital.o)
                0x000000f8                port_to_output_PGM
 .progmem.data.port_to_mode_PGM
                0x00000102        0xa C:\Users\David Waier\Desktop\lil_fish_tanks\LilFishTanks\LilFishTanks\ArduinoCore\Debug\libArduinoCore.a(wiring_digital.o)
                0x00000102                port_to_mode_PGM
                0x0000010c                . = ALIGN (0x2)
 *(.jumptables)
 *(.jumptables*)
 *(.lowtext)
 *(.lowtext*)
                0x0000010c                __ctors_start = .
 *(.ctors)
 .ctors         0x0000010c        0x2 main.o
 .ctors         0x0000010e        0x2 C:\Users\David Waier\Desktop\lil_fish_tanks\LilFishTanks\LilFishTanks\ArduinoCore\Debug\libArduinoCore.a(HardwareSerial0.o)
                0x00000110                __ctors_end = .
                0x00000110                __dtors_start = .
 *(.dtors)
 .dtors         0x00000110        0x2 main.o
                0x00000112                __dtors_end = .
 SORT(*)(.ctors)
 SORT(*)(.dtors)
 *(.init0)
 .init0         0x00000112        0x0 C:/Program Files (x86)/Atmel/Studio/7.0/Packs/atmel/ATmega_DFP/1.2.209/gcc/dev/atmega328p/avr5/crtatmega328p.o
                0x00000112                __init
 *(.init0)
 *(.init1)
 *(.init1)
 *(.init2)
 .init2         0x00000112        0xc C:/Program Files (x86)/Atmel/Studio/7.0/Packs/atmel/ATmega_DFP/1.2.209/gcc/dev/atmega328p/avr5/crtatmega328p.o
 *(.init2)
 *(.init3)
 *(.init3)
 *(.init4)
 .init4         0x0000011e       0x16 c:/program files (x86)/atmel/studio/7.0/toolchain/avr8/avr8-gnu-toolchain/bin/../lib/gcc/avr/5.4.0/avr5\libgcc.a(_copy_data.o)
                0x0000011e                __do_copy_data
 .init4         0x00000134       0x10 c:/program files (x86)/atmel/studio/7.0/toolchain/avr8/avr8-gnu-toolchain/bin/../lib/gcc/avr/5.4.0/avr5\libgcc.a(_clear_bss.o)
                0x00000134                __do_clear_bss
 *(.init4)
 *(.init5)
 *(.init5)
 *(.init6)
 .init6         0x00000144       0x16 c:/program files (x86)/atmel/studio/7.0/toolchain/avr8/avr8-gnu-toolchain/bin/../lib/gcc/avr/5.4.0/avr5\libgcc.a(_ctors.o)
                0x00000144                __do_global_ctors
 *(.init6)
 *(.init7)
 *(.init7)
 *(.init8)
 *(.init8)
 *(.init9)
 .init9         0x0000015a        0x8 C:/Program Files (x86)/Atmel/Studio/7.0/Packs/atmel/ATmega_DFP/1.2.209/gcc/dev/atmega328p/avr5/crtatmega328p.o
 *(.init9)
 *(.text)
 .text          0x00000162        0x4 C:/Program Files (x86)/Atmel/Studio/7.0/Packs/atmel/ATmega_DFP/1.2.209/gcc/dev/atmega328p/avr5/crtatmega328p.o
                0x00000162                __vector_22
                0x00000162                __vector_24
                0x00000162                __vector_12
                0x00000162                __bad_interrupt
                0x00000162                __vector_23
                0x00000162                __vector_25
                0x00000162                __vector_11
                0x00000162                __vector_13
                0x00000162                __vector_17
                0x00000162                __vector_9
                0x00000162                __vector_21
                0x00000162                __vector_15
                0x00000162                __vector_8
                0x00000162                __vector_14
                0x00000162                __vector_10
                0x00000162                __vector_20
                0x00000166                . = ALIGN (0x2)
 *(.text.*)
 .text._ZN5Print5writeEPKc
                0x00000166       0x2a main.o
                0x00000166                _ZN5Print5writeEPKc
 .text._Z11measureTempv
                0x00000190      0x106 main.o
                0x00000190                _Z11measureTempv
 .text._Z9addColorsv
                0x00000296      0x29c main.o
                0x00000296                _Z9addColorsv
 .text._Z9SameColorv
                0x00000532      0x12e main.o
                0x00000532                _Z9SameColorv
 .text._Z9FindMatchv
                0x00000660      0x108 main.o
                0x00000660                _Z9FindMatchv
 .text._Z9ScanColorv
                0x00000768       0x76 main.o
                0x00000768                _Z9ScanColorv
 .text._Z13findTestStripv
                0x000007de       0xde main.o
                0x000007de                _Z13findTestStripv
 .text._Z6setLED8LEDColor
                0x000008bc       0x48 main.o
                0x000008bc                _Z6setLED8LEDColor
 .text._Z15TaskColorSensorPv
                0x00000904      0x142 main.o
                0x00000904                _Z15TaskColorSensorPv
 .text._Z20TaskPHandTemperaturePv
                0x00000a46       0xe8 main.o
                0x00000a46                _Z20TaskPHandTemperaturePv
 .text._Z8setupLEDv
                0x00000b2e       0x34 main.o
                0x00000b2e                _Z8setupLEDv
 .text.setup    0x00000b62      0x10e main.o
                0x00000b62                setup
 .text.loop     0x00000c70        0x2 main.o
                0x00000c70                loop
 .text.startup._GLOBAL__sub_I_ds
                0x00000c72       0x26 main.o
 .text.exit._GLOBAL__sub_D_ds
                0x00000c98       0x10 main.o
 .text._Z8fromWifiv
                0x00000ca8      0x16e main.o
                0x00000ca8                _Z8fromWifiv
 .text._ZN7OneWire5resetEv
                0x00000e16       0x7e OneWire.o
                0x00000e16                _ZN7OneWire5resetEv
 .text._ZN7OneWire9write_bitEh
                0x00000e94       0x66 OneWire.o
                0x00000e94                _ZN7OneWire9write_bitEh
 .text._ZN7OneWire8read_bitEv
                0x00000efa       0x56 OneWire.o
                0x00000efa                _ZN7OneWire8read_bitEv
 .text._ZN7OneWire5writeEhh
                0x00000f50       0x68 OneWire.o
                0x00000f50                _ZN7OneWire5writeEhh
 .text._ZN7OneWire4readEv
                0x00000fb8       0x38 OneWire.o
                0x00000fb8                _ZN7OneWire4readEv
 .text._ZN7OneWire6selectEPKh
                0x00000ff0       0x3e OneWire.o
                0x00000ff0                _ZN7OneWire6selectEPKh
 .text._ZN7OneWire12reset_searchEv
                0x0000102e       0x18 OneWire.o
                0x0000102e                _ZN7OneWire12reset_searchEv
 .text._ZN7OneWire5beginEh
                0x00001046       0x46 OneWire.o
                0x00001046                _ZN7OneWire5beginEh
 .text._ZN7OneWire6searchEPhb
                0x0000108c      0x10e OneWire.o
                0x0000108c                _ZN7OneWire6searchEPhb
 .text._ZN7OneWire4crc8EPKhh
                0x0000119a       0x30 OneWire.o
                0x0000119a                _ZN7OneWire4crc8EPKhh
 .text._Z6calcPHv
                0x000011ca       0xae phSensor.o
                0x000011ca                _Z6calcPHv
 .text.hot.pvPortMalloc
                0x00001278       0x26 src/libraries/FreeRTOS/src/heap_3.o
                0x00001278                pvPortMalloc
 .text.hot.vPortFree
                0x0000129e       0x22 src/libraries/FreeRTOS/src/heap_3.o
                0x0000129e                vPortFree
 .text.hot.vListInitialise
                0x000012c0       0x1c src/libraries/FreeRTOS/src/list.o
                0x000012c0                vListInitialise
 .text.hot.vListInitialiseItem
                0x000012dc        0x8 src/libraries/FreeRTOS/src/list.o
                0x000012dc                vListInitialiseItem
 .text.hot.vListInsertEnd
                0x000012e4       0x42 src/libraries/FreeRTOS/src/list.o
                0x000012e4                vListInsertEnd
 .text.hot.vListInsert
                0x00001326       0x70 src/libraries/FreeRTOS/src/list.o
                0x00001326                vListInsert
 .text.hot.uxListRemove
                0x00001396       0x48 src/libraries/FreeRTOS/src/list.o
                0x00001396                uxListRemove
 .text.hot.pxPortInitialiseStack
                0x000013de       0xd8 src/libraries/FreeRTOS/src/port.o
                0x000013de                pxPortInitialiseStack
 .text.hot.xPortStartScheduler
                0x000014b6       0x70 src/libraries/FreeRTOS/src/port.o
                0x000014b6                xPortStartScheduler
 .text.hot.vPortYield
                0x00001526       0xb2 src/libraries/FreeRTOS/src/port.o
                0x00001526                vPortYield
 .text.hot.vPortYieldFromTick
                0x000015d8       0xba src/libraries/FreeRTOS/src/port.o
                0x000015d8                vPortYieldFromTick
 .text.hot.__vector_6
                0x00001692        0x6 src/libraries/FreeRTOS/src/port.o
                0x00001692                __vector_6
 .text.hot.prvIsQueueEmpty
                0x00001698       0x16 src/libraries/FreeRTOS/src/queue.o
 .text.hot.prvCopyDataToQueue
                0x000016ae       0xa6 src/libraries/FreeRTOS/src/queue.o
 .text.hot.prvCopyDataFromQueue
                0x00001754       0x34 src/libraries/FreeRTOS/src/queue.o
 .text.hot.prvUnlockQueue
                0x00001788       0x7c src/libraries/FreeRTOS/src/queue.o
 .text.hot.xQueueGenericReset
                0x00001804       0x7e src/libraries/FreeRTOS/src/queue.o
                0x00001804                xQueueGenericReset
 .text.hot.xQueueGenericCreate
                0x00001882       0x50 src/libraries/FreeRTOS/src/queue.o
                0x00001882                xQueueGenericCreate
 .text.hot.xQueueGenericSend
                0x000018d2      0x12c src/libraries/FreeRTOS/src/queue.o
                0x000018d2                xQueueGenericSend
 .text.hot.xQueueGenericSendFromISR
                0x000019fe       0x5e src/libraries/FreeRTOS/src/queue.o
                0x000019fe                xQueueGenericSendFromISR
 .text.hot.xQueueGiveFromISR
                0x00001a5c       0x46 src/libraries/FreeRTOS/src/queue.o
                0x00001a5c                xQueueGiveFromISR
 .text.hot.xQueueReceive
                0x00001aa2      0x124 src/libraries/FreeRTOS/src/queue.o
                0x00001aa2                xQueueReceive
 .text.hot.xQueueSemaphoreTake
                0x00001bc6      0x184 src/libraries/FreeRTOS/src/queue.o
                0x00001bc6                xQueueSemaphoreTake
 .text.hot.vQueueWaitForMessageRestricted
                0x00001d4a       0x38 src/libraries/FreeRTOS/src/queue.o
                0x00001d4a                vQueueWaitForMessageRestricted
 .text.prvResetNextTaskUnblockTime
                0x00001d82       0x36 src/libraries/FreeRTOS/src/tasks.o
 .text.hot.prvAddCurrentTaskToDelayedList
                0x00001db8       0xb8 src/libraries/FreeRTOS/src/tasks.o
 .text.prvIdleTask
                0x00001e70       0x5c src/libraries/FreeRTOS/src/tasks.o
 .text.hot.xTaskCreate
                0x00001ecc      0x218 src/libraries/FreeRTOS/src/tasks.o
                0x00001ecc                xTaskCreate
 .text.hot.vTaskResume
                0x000020e4       0x92 src/libraries/FreeRTOS/src/tasks.o
                0x000020e4                vTaskResume
 .text.hot.vTaskStartScheduler
                0x00002176       0x5c src/libraries/FreeRTOS/src/tasks.o
                0x00002176                vTaskStartScheduler
 .text.hot.vTaskSuspendAll
                0x000021d2        0xc src/libraries/FreeRTOS/src/tasks.o
                0x000021d2                vTaskSuspendAll
 .text.hot.xTaskGetTickCount
                0x000021de       0x14 src/libraries/FreeRTOS/src/tasks.o
                0x000021de                xTaskGetTickCount
 .text.hot.xTaskIncrementTick
                0x000021f2      0x158 src/libraries/FreeRTOS/src/tasks.o
                0x000021f2                xTaskIncrementTick
 .text.hot.xTaskResumeAll
                0x0000234a       0xde src/libraries/FreeRTOS/src/tasks.o
                0x0000234a                xTaskResumeAll
 .text.hot.vTaskDelayUntil
                0x00002428       0x70 src/libraries/FreeRTOS/src/tasks.o
                0x00002428                vTaskDelayUntil
 .text.hot.vTaskDelay
                0x00002498       0x2a src/libraries/FreeRTOS/src/tasks.o
                0x00002498                vTaskDelay
 .text.hot.vTaskSwitchContext
                0x000024c2       0xbc src/libraries/FreeRTOS/src/tasks.o
                0x000024c2                vTaskSwitchContext
 .text.hot.vTaskPlaceOnEventList
                0x0000257e       0x22 src/libraries/FreeRTOS/src/tasks.o
                0x0000257e                vTaskPlaceOnEventList
 .text.hot.vTaskPlaceOnEventListRestricted
                0x000025a0       0x30 src/libraries/FreeRTOS/src/tasks.o
                0x000025a0                vTaskPlaceOnEventListRestricted
 .text.hot.xTaskRemoveFromEventList
                0x000025d0       0x80 src/libraries/FreeRTOS/src/tasks.o
                0x000025d0                xTaskRemoveFromEventList
 .text.hot.vTaskInternalSetTimeOutState
                0x00002650       0x16 src/libraries/FreeRTOS/src/tasks.o
                0x00002650                vTaskInternalSetTimeOutState
 .text.hot.xTaskCheckForTimeOut
                0x00002666       0x66 src/libraries/FreeRTOS/src/tasks.o
                0x00002666                xTaskCheckForTimeOut
 .text.hot.vTaskMissedYield
                0x000026cc        0x8 src/libraries/FreeRTOS/src/tasks.o
                0x000026cc                vTaskMissedYield
 .text.hot.xTaskGetSchedulerState
                0x000026d4       0x1c src/libraries/FreeRTOS/src/tasks.o
                0x000026d4                xTaskGetSchedulerState
 .text.hot.xTaskPriorityInherit
                0x000026f0       0xc6 src/libraries/FreeRTOS/src/tasks.o
                0x000026f0                xTaskPriorityInherit
 .text.hot.xTaskPriorityDisinherit
                0x000027b6       0x74 src/libraries/FreeRTOS/src/tasks.o
                0x000027b6                xTaskPriorityDisinherit
 .text.hot.vTaskPriorityDisinheritAfterTimeout
                0x0000282a       0x8e src/libraries/FreeRTOS/src/tasks.o
                0x0000282a                vTaskPriorityDisinheritAfterTimeout
 .text.hot.pvTaskIncrementMutexHeldCount
                0x000028b8       0x24 src/libraries/FreeRTOS/src/tasks.o
                0x000028b8                pvTaskIncrementMutexHeldCount
 .text.hot.prvCheckForValidListAndQueue
                0x000028dc       0x52 src/libraries/FreeRTOS/src/timers.o
 .text.hot.prvInsertTimerInActiveList
                0x0000292e       0x54 src/libraries/FreeRTOS/src/timers.o
 .text.hot.xTimerCreateTimerTask
                0x00002982       0x40 src/libraries/FreeRTOS/src/timers.o
                0x00002982                xTimerCreateTimerTask
 .text.hot.xTimerGenericCommand
                0x000029c2       0x7e src/libraries/FreeRTOS/src/timers.o
                0x000029c2                xTimerGenericCommand
 .text.hot.prvSwitchTimerLists
                0x00002a40       0xa2 src/libraries/FreeRTOS/src/timers.o
 .text.hot.prvTimerTask
                0x00002ae2      0x206 src/libraries/FreeRTOS/src/timers.o
 .text.initVariant
                0x00002ce8        0xa src/libraries/FreeRTOS/src/variantHooks.o
                0x00002ce8                initVariant
 .text.vApplicationIdleHook
                0x00002cf2       0x12 src/libraries/FreeRTOS/src/variantHooks.o
                0x00002cf2                vApplicationIdleHook
 .text.vApplicationMallocFailedHook
                0x00002d04       0x1a src/libraries/FreeRTOS/src/variantHooks.o
                0x00002d04                vApplicationMallocFailedHook
 .text.vApplicationStackOverflowHook
                0x00002d1e       0x1a src/libraries/FreeRTOS/src/variantHooks.o
                0x00002d1e                vApplicationStackOverflowHook
 .text._ZN9MD_TCS23010initialiseEv
                0x00002d38       0x4e src/libraries/MD_TCS230/src/MD_TCS230.o
                0x00002d38                _ZN9MD_TCS23010initialiseEv
 .text._ZN9MD_TCS230C2Ehhh
                0x00002d86       0x28 src/libraries/MD_TCS230/src/MD_TCS230.o
                0x00002d86                _ZN9MD_TCS230C1Ehhh
                0x00002d86                _ZN9MD_TCS230C2Ehhh
 .text._ZN9MD_TCS230D2Ev
                0x00002dae        0x2 src/libraries/MD_TCS230/src/MD_TCS230.o
                0x00002dae                _ZN9MD_TCS230D2Ev
                0x00002dae                _ZN9MD_TCS230D1Ev
 .text._ZN9MD_TCS2309setFilterEh
                0x00002db0       0x4c src/libraries/MD_TCS230/src/MD_TCS230.o
                0x00002db0                _ZN9MD_TCS2309setFilterEh
 .text._ZN9MD_TCS23013setFrequency2Eh
                0x00002dfc       0x4c src/libraries/MD_TCS230/src/MD_TCS230.o
                0x00002dfc                _ZN9MD_TCS23013setFrequency2Eh
 .text._ZN9MD_TCS2309setEnableEb
                0x00002e48       0x22 src/libraries/MD_TCS230/src/MD_TCS230.o
                0x00002e48                _ZN9MD_TCS2309setEnableEb
 .text._ZN9MD_TCS2305beginEv
                0x00002e6a       0x56 src/libraries/MD_TCS230/src/MD_TCS230.o
                0x00002e6a                _ZN9MD_TCS2305beginEv
 .text._ZN9MD_TCS2306getRGBEP9colorData
                0x00002ec0       0x20 src/libraries/MD_TCS230/src/MD_TCS230.o
                0x00002ec0                _ZN9MD_TCS2306getRGBEP9colorData
 .text._ZN9MD_TCS23017RGBTransformationEv
                0x00002ee0       0xb8 src/libraries/MD_TCS230/src/MD_TCS230.o
                0x00002ee0                _ZN9MD_TCS23017RGBTransformationEv
 .text._ZN9MD_TCS2307readFSMEh
                0x00002f98       0xbc src/libraries/MD_TCS230/src/MD_TCS230.o
                0x00002f98                _ZN9MD_TCS2307readFSMEh
 .text._ZN9MD_TCS2304readEv
                0x00003054       0x14 src/libraries/MD_TCS230/src/MD_TCS230.o
                0x00003054                _ZN9MD_TCS2304readEv
 .text._ZN9MD_TCS2309availableEv
                0x00003068       0x1c src/libraries/MD_TCS230/src/MD_TCS230.o
                0x00003068                _ZN9MD_TCS2309availableEv
 .text._ZN5Print17availableForWriteEv
                0x00003084        0x6 src/libraries/SoftwareSerial/src/SoftwareSerial.o
                0x00003084                _ZN5Print17availableForWriteEv
 .text._ZN14SoftwareSerial4readEv
                0x0000308a       0x42 src/libraries/SoftwareSerial/src/SoftwareSerial.o
                0x0000308a                _ZN14SoftwareSerial4readEv
 .text._ZN14SoftwareSerial5writeEh
                0x000030cc       0xa0 src/libraries/SoftwareSerial/src/SoftwareSerial.o
                0x000030cc                _ZN14SoftwareSerial5writeEh
 .text._ZN14SoftwareSerial5flushEv
                0x0000316c        0x2 src/libraries/SoftwareSerial/src/SoftwareSerial.o
                0x0000316c                _ZN14SoftwareSerial5flushEv
 .text._ZN14SoftwareSerial4peekEv
                0x0000316e       0x30 src/libraries/SoftwareSerial/src/SoftwareSerial.o
                0x0000316e                _ZN14SoftwareSerial4peekEv
 .text._ZN14SoftwareSerial9availableEv
                0x0000319e       0x30 src/libraries/SoftwareSerial/src/SoftwareSerial.o
                0x0000319e                _ZN14SoftwareSerial9availableEv
 .text._ZN14SoftwareSerial13stopListeningEv
                0x000031ce       0x2c src/libraries/SoftwareSerial/src/SoftwareSerial.o
                0x000031ce                _ZN14SoftwareSerial13stopListeningEv
 .text._ZN14SoftwareSerial6listenEv
                0x000031fa       0x52 src/libraries/SoftwareSerial/src/SoftwareSerial.o
                0x000031fa                _ZN14SoftwareSerial6listenEv
 .text.__vector_3
                0x0000324c       0xf4 src/libraries/SoftwareSerial/src/SoftwareSerial.o
                0x0000324c                __vector_5
                0x0000324c                __vector_4
                0x0000324c                __vector_3
 .text._ZN14SoftwareSerialD2Ev
                0x00003340        0xe src/libraries/SoftwareSerial/src/SoftwareSerial.o
                0x00003340                _ZN14SoftwareSerialD1Ev
                0x00003340                _ZN14SoftwareSerialD2Ev
 .text._ZN14SoftwareSerial5setTXEh
                0x0000334e       0x52 src/libraries/SoftwareSerial/src/SoftwareSerial.o
                0x0000334e                _ZN14SoftwareSerial5setTXEh
 .text._ZN14SoftwareSerial5setRXEh
                0x000033a0       0x52 src/libraries/SoftwareSerial/src/SoftwareSerial.o
                0x000033a0                _ZN14SoftwareSerial5setRXEh
 .text._ZN14SoftwareSerialC2Ehhb
                0x000033f2       0x56 src/libraries/SoftwareSerial/src/SoftwareSerial.o
                0x000033f2                _ZN14SoftwareSerialC1Ehhb
                0x000033f2                _ZN14SoftwareSerialC2Ehhb
 .text._ZN14SoftwareSerial5beginEl
                0x00003448      0x11c src/libraries/SoftwareSerial/src/SoftwareSerial.o
                0x00003448                _ZN14SoftwareSerial5beginEl
 .text.avr-libc.fplib
                0x00003564        0xe c:/program files (x86)/atmel/studio/7.0/toolchain/avr8/avr8-gnu-toolchain/bin/../lib/gcc/avr/5.4.0/../../../../avr/lib/avr5\libm.a(addsf3.o)
                0x00003564                __subsf3
                0x00003566                __addsf3
 .text.avr-libc.fplib
                0x00003572       0xcc c:/program files (x86)/atmel/studio/7.0/toolchain/avr8/avr8-gnu-toolchain/bin/../lib/gcc/avr/5.4.0/../../../../avr/lib/avr5\libm.a(addsf3x.o)
                0x00003594                __addsf3x
 .text.avr-libc.fplib
                0x0000363e        0xa c:/program files (x86)/atmel/studio/7.0/toolchain/avr8/avr8-gnu-toolchain/bin/../lib/gcc/avr/5.4.0/../../../../avr/lib/avr5\libm.a(cmpsf2.o)
                0x0000363e                __nesf2
                0x0000363e                __eqsf2
                0x0000363e                __cmpsf2
                0x0000363e                __ltsf2
                0x0000363e                __lesf2
 .text.avr-libc.fplib
                0x00003648        0x8 c:/program files (x86)/atmel/studio/7.0/toolchain/avr8/avr8-gnu-toolchain/bin/../lib/gcc/avr/5.4.0/../../../../avr/lib/avr5\libm.a(divsf3.o)
                0x00003648                __divsf3
 .text.avr-libc.fplib
                0x00003650       0xdc c:/program files (x86)/atmel/studio/7.0/toolchain/avr8/avr8-gnu-toolchain/bin/../lib/gcc/avr/5.4.0/../../../../avr/lib/avr5\libm.a(divsf3x.o)
                0x00003670                __divsf3x
                0x00003676                __divsf3_pse
 .text.avr-libc.fplib
                0x0000372c        0xe c:/program files (x86)/atmel/studio/7.0/toolchain/avr8/avr8-gnu-toolchain/bin/../lib/gcc/avr/5.4.0/../../../../avr/lib/avr5\libm.a(fixsfsi.o)
                0x0000372c                __fixsfsi
 .text.avr-libc.fplib
                0x0000373a       0x5e c:/program files (x86)/atmel/studio/7.0/toolchain/avr8/avr8-gnu-toolchain/bin/../lib/gcc/avr/5.4.0/../../../../avr/lib/avr5\libm.a(fixunssfsi.o)
                0x0000373a                __fixunssfsi
 .text.avr-libc.fplib
                0x00003798       0x7a c:/program files (x86)/atmel/studio/7.0/toolchain/avr8/avr8-gnu-toolchain/bin/../lib/gcc/avr/5.4.0/../../../../avr/lib/avr5\libm.a(floatsisf.o)
                0x00003798                __floatunsisf
                0x0000379c                __floatsisf
 .text.avr-libc.fplib
                0x00003812       0x48 c:/program files (x86)/atmel/studio/7.0/toolchain/avr8/avr8-gnu-toolchain/bin/../lib/gcc/avr/5.4.0/../../../../avr/lib/avr5\libm.a(fp_cmp.o)
                0x00003812                __fp_cmp
 .text.avr-libc.fplib
                0x0000385a        0xc c:/program files (x86)/atmel/studio/7.0/toolchain/avr8/avr8-gnu-toolchain/bin/../lib/gcc/avr/5.4.0/../../../../avr/lib/avr5\libm.a(fp_inf.o)
                0x0000385a                __fp_inf
 .text.avr-libc.fplib
                0x00003866        0x6 c:/program files (x86)/atmel/studio/7.0/toolchain/avr8/avr8-gnu-toolchain/bin/../lib/gcc/avr/5.4.0/../../../../avr/lib/avr5\libm.a(fp_nan.o)
                0x00003866                __fp_nan
 .text.avr-libc.fplib
                0x0000386c        0xe c:/program files (x86)/atmel/studio/7.0/toolchain/avr8/avr8-gnu-toolchain/bin/../lib/gcc/avr/5.4.0/../../../../avr/lib/avr5\libm.a(fp_pscA.o)
                0x0000386c                __fp_pscA
 .text.avr-libc.fplib
                0x0000387a        0xe c:/program files (x86)/atmel/studio/7.0/toolchain/avr8/avr8-gnu-toolchain/bin/../lib/gcc/avr/5.4.0/../../../../avr/lib/avr5\libm.a(fp_pscB.o)
                0x0000387a                __fp_pscB
 .text.avr-libc.fplib
                0x00003888       0x22 c:/program files (x86)/atmel/studio/7.0/toolchain/avr8/avr8-gnu-toolchain/bin/../lib/gcc/avr/5.4.0/../../../../avr/lib/avr5\libm.a(fp_round.o)
                0x00003888                __fp_round
 .text.avr-libc.fplib
                0x000038aa       0x44 c:/program files (x86)/atmel/studio/7.0/toolchain/avr8/avr8-gnu-toolchain/bin/../lib/gcc/avr/5.4.0/../../../../avr/lib/avr5\libm.a(fp_split3.o)
                0x000038aa                __fp_split3
                0x000038ba                __fp_splitA
 .text.avr-libc.fplib
                0x000038ee        0xe c:/program files (x86)/atmel/studio/7.0/toolchain/avr8/avr8-gnu-toolchain/bin/../lib/gcc/avr/5.4.0/../../../../avr/lib/avr5\libm.a(fp_zero.o)
                0x000038ee                __fp_zero
                0x000038f0                __fp_szero
 .text.avr-libc.fplib
                0x000038fc        0x8 c:/program files (x86)/atmel/studio/7.0/toolchain/avr8/avr8-gnu-toolchain/bin/../lib/gcc/avr/5.4.0/../../../../avr/lib/avr5\libm.a(mulsf3.o)
                0x000038fc                __mulsf3
 .text.avr-libc.fplib
                0x00003904       0xd2 c:/program files (x86)/atmel/studio/7.0/toolchain/avr8/avr8-gnu-toolchain/bin/../lib/gcc/avr/5.4.0/../../../../avr/lib/avr5\libm.a(mulsf3x.o)
                0x00003922                __mulsf3x
                0x00003928                __mulsf3_pse
 .text._ZN14HardwareSerial9availableEv
                0x000039d6       0x18 C:\Users\David Waier\Desktop\lil_fish_tanks\LilFishTanks\LilFishTanks\ArduinoCore\Debug\libArduinoCore.a(HardwareSerial.o)
                0x000039d6                _ZN14HardwareSerial9availableEv
 .text._ZN14HardwareSerial4peekEv
                0x000039ee       0x1c C:\Users\David Waier\Desktop\lil_fish_tanks\LilFishTanks\LilFishTanks\ArduinoCore\Debug\libArduinoCore.a(HardwareSerial.o)
                0x000039ee                _ZN14HardwareSerial4peekEv
 .text._ZN14HardwareSerial4readEv
                0x00003a0a       0x28 C:\Users\David Waier\Desktop\lil_fish_tanks\LilFishTanks\LilFishTanks\ArduinoCore\Debug\libArduinoCore.a(HardwareSerial.o)
                0x00003a0a                _ZN14HardwareSerial4readEv
 .text._ZN14HardwareSerial17availableForWriteEv
                0x00003a32       0x1e C:\Users\David Waier\Desktop\lil_fish_tanks\LilFishTanks\LilFishTanks\ArduinoCore\Debug\libArduinoCore.a(HardwareSerial.o)
                0x00003a32                _ZN14HardwareSerial17availableForWriteEv
 .text._Z14serialEventRunv
                0x00003a50       0x1c C:\Users\David Waier\Desktop\lil_fish_tanks\LilFishTanks\LilFishTanks\ArduinoCore\Debug\libArduinoCore.a(HardwareSerial.o)
                0x00003a50                _Z14serialEventRunv
 .text._ZN14HardwareSerial17_tx_udr_empty_irqEv
                0x00003a6c       0x44 C:\Users\David Waier\Desktop\lil_fish_tanks\LilFishTanks\LilFishTanks\ArduinoCore\Debug\libArduinoCore.a(HardwareSerial.o)
                0x00003a6c                _ZN14HardwareSerial17_tx_udr_empty_irqEv
 .text._ZN14HardwareSerial5writeEh
                0x00003ab0       0x9a C:\Users\David Waier\Desktop\lil_fish_tanks\LilFishTanks\LilFishTanks\ArduinoCore\Debug\libArduinoCore.a(HardwareSerial.o)
                0x00003ab0                _ZN14HardwareSerial5writeEh
 .text._ZN14HardwareSerial5flushEv
                0x00003b4a       0x44 C:\Users\David Waier\Desktop\lil_fish_tanks\LilFishTanks\LilFishTanks\ArduinoCore\Debug\libArduinoCore.a(HardwareSerial.o)
                0x00003b4a                _ZN14HardwareSerial5flushEv
 .text._ZN14HardwareSerial5beginEmh
                0x00003b8e       0xca C:\Users\David Waier\Desktop\lil_fish_tanks\LilFishTanks\LilFishTanks\ArduinoCore\Debug\libArduinoCore.a(HardwareSerial.o)
                0x00003b8e                _ZN14HardwareSerial5beginEmh
 .text.__vector_18
                0x00003c58       0x64 C:\Users\David Waier\Desktop\lil_fish_tanks\LilFishTanks\LilFishTanks\ArduinoCore\Debug\libArduinoCore.a(HardwareSerial0.o)
                0x00003c58                __vector_18
 .text.__vector_19
                0x00003cbc       0x4c C:\Users\David Waier\Desktop\lil_fish_tanks\LilFishTanks\LilFishTanks\ArduinoCore\Debug\libArduinoCore.a(HardwareSerial0.o)
                0x00003cbc                __vector_19
 .text._Z17Serial0_availablev
                0x00003d08       0x14 C:\Users\David Waier\Desktop\lil_fish_tanks\LilFishTanks\LilFishTanks\ArduinoCore\Debug\libArduinoCore.a(HardwareSerial0.o)
                0x00003d08                _Z17Serial0_availablev
 .text.startup._GLOBAL__sub_I___vector_18
                0x00003d1c       0x5a C:\Users\David Waier\Desktop\lil_fish_tanks\LilFishTanks\LilFishTanks\ArduinoCore\Debug\libArduinoCore.a(HardwareSerial0.o)
 .text.startup.main
                0x00003d76       0x1e C:\Users\David Waier\Desktop\lil_fish_tanks\LilFishTanks\LilFishTanks\ArduinoCore\Debug\libArduinoCore.a(main.o)
                0x00003d76                main
 .text._ZN5Print5writeEPKhj
                0x00003d94       0x54 C:\Users\David Waier\Desktop\lil_fish_tanks\LilFishTanks\LilFishTanks\ArduinoCore\Debug\libArduinoCore.a(Print.o)
                0x00003d94                _ZN5Print5writeEPKhj
 .text._ZN5Print5printEPK19__FlashStringHelper
                0x00003de8       0x48 C:\Users\David Waier\Desktop\lil_fish_tanks\LilFishTanks\LilFishTanks\ArduinoCore\Debug\libArduinoCore.a(Print.o)
                0x00003de8                _ZN5Print5printEPK19__FlashStringHelper
 .text._ZN5Print5printEPKc
                0x00003e30        0x4 C:\Users\David Waier\Desktop\lil_fish_tanks\LilFishTanks\LilFishTanks\ArduinoCore\Debug\libArduinoCore.a(Print.o)
                0x00003e30                _ZN5Print5printEPKc
 .text._ZN5Print5printEc
                0x00003e34        0xe C:\Users\David Waier\Desktop\lil_fish_tanks\LilFishTanks\LilFishTanks\ArduinoCore\Debug\libArduinoCore.a(Print.o)
                0x00003e34                _ZN5Print5printEc
 .text._ZN5Print7printlnEv
                0x00003e42        0x8 C:\Users\David Waier\Desktop\lil_fish_tanks\LilFishTanks\LilFishTanks\ArduinoCore\Debug\libArduinoCore.a(Print.o)
                0x00003e42                _ZN5Print7printlnEv
 .text._ZN5Print7printlnEPKc
                0x00003e4a       0x24 C:\Users\David Waier\Desktop\lil_fish_tanks\LilFishTanks\LilFishTanks\ArduinoCore\Debug\libArduinoCore.a(Print.o)
                0x00003e4a                _ZN5Print7printlnEPKc
 .text._ZN5Print11printNumberEmh
                0x00003e6e       0x92 C:\Users\David Waier\Desktop\lil_fish_tanks\LilFishTanks\LilFishTanks\ArduinoCore\Debug\libArduinoCore.a(Print.o)
                0x00003e6e                _ZN5Print11printNumberEmh
 .text._ZN5Print5printEmi
                0x00003f00       0x1a C:\Users\David Waier\Desktop\lil_fish_tanks\LilFishTanks\LilFishTanks\ArduinoCore\Debug\libArduinoCore.a(Print.o)
                0x00003f00                _ZN5Print5printEmi
 .text._ZN5Print5printEhi
                0x00003f1a        0xe C:\Users\David Waier\Desktop\lil_fish_tanks\LilFishTanks\LilFishTanks\ArduinoCore\Debug\libArduinoCore.a(Print.o)
                0x00003f1a                _ZN5Print5printEhi
 .text._ZN5Print7printlnEhi
                0x00003f28       0x24 C:\Users\David Waier\Desktop\lil_fish_tanks\LilFishTanks\LilFishTanks\ArduinoCore\Debug\libArduinoCore.a(Print.o)
                0x00003f28                _ZN5Print7printlnEhi
 .text._ZN5Print5printEli
                0x00003f4c       0x90 C:\Users\David Waier\Desktop\lil_fish_tanks\LilFishTanks\LilFishTanks\ArduinoCore\Debug\libArduinoCore.a(Print.o)
                0x00003f4c                _ZN5Print5printEli
 .text._ZN5Print5printEii
                0x00003fdc        0xe C:\Users\David Waier\Desktop\lil_fish_tanks\LilFishTanks\LilFishTanks\ArduinoCore\Debug\libArduinoCore.a(Print.o)
                0x00003fdc                _ZN5Print5printEii
 .text._ZN5Print7printlnEii
                0x00003fea       0x24 C:\Users\David Waier\Desktop\lil_fish_tanks\LilFishTanks\LilFishTanks\ArduinoCore\Debug\libArduinoCore.a(Print.o)
                0x00003fea                _ZN5Print7printlnEii
 .text.nothing  0x0000400e        0x2 C:\Users\David Waier\Desktop\lil_fish_tanks\LilFishTanks\LilFishTanks\ArduinoCore\Debug\libArduinoCore.a(WInterrupts.o)
 .text.attachInterrupt
                0x00004010       0x40 C:\Users\David Waier\Desktop\lil_fish_tanks\LilFishTanks\LilFishTanks\ArduinoCore\Debug\libArduinoCore.a(WInterrupts.o)
                0x00004010                attachInterrupt
 .text.__vector_1
                0x00004050       0x4e C:\Users\David Waier\Desktop\lil_fish_tanks\LilFishTanks\LilFishTanks\ArduinoCore\Debug\libArduinoCore.a(WInterrupts.o)
                0x00004050                __vector_1
 .text.__vector_2
                0x0000409e       0x4e C:\Users\David Waier\Desktop\lil_fish_tanks\LilFishTanks\LilFishTanks\ArduinoCore\Debug\libArduinoCore.a(WInterrupts.o)
                0x0000409e                __vector_2
 .text.__vector_16
                0x000040ec       0x94 C:\Users\David Waier\Desktop\lil_fish_tanks\LilFishTanks\LilFishTanks\ArduinoCore\Debug\libArduinoCore.a(wiring.o)
                0x000040ec                __vector_16
 .text.micros   0x00004180       0x4a C:\Users\David Waier\Desktop\lil_fish_tanks\LilFishTanks\LilFishTanks\ArduinoCore\Debug\libArduinoCore.a(wiring.o)
                0x00004180                micros
 .text.delay    0x000041ca       0x78 C:\Users\David Waier\Desktop\lil_fish_tanks\LilFishTanks\LilFishTanks\ArduinoCore\Debug\libArduinoCore.a(wiring.o)
                0x000041ca                delay
 .text.delayMicroseconds
                0x00004242       0x16 C:\Users\David Waier\Desktop\lil_fish_tanks\LilFishTanks\LilFishTanks\ArduinoCore\Debug\libArduinoCore.a(wiring.o)
                0x00004242                delayMicroseconds
 .text.init     0x00004258       0x76 C:\Users\David Waier\Desktop\lil_fish_tanks\LilFishTanks\LilFishTanks\ArduinoCore\Debug\libArduinoCore.a(wiring.o)
                0x00004258                init
 .text.analogRead
                0x000042ce       0x3a C:\Users\David Waier\Desktop\lil_fish_tanks\LilFishTanks\LilFishTanks\ArduinoCore\Debug\libArduinoCore.a(wiring_analog.o)
                0x000042ce                analogRead
 .text.analogWrite
                0x00004308       0xbe C:\Users\David Waier\Desktop\lil_fish_tanks\LilFishTanks\LilFishTanks\ArduinoCore\Debug\libArduinoCore.a(wiring_analog.o)
                0x00004308                analogWrite
 .text.turnOffPWM
                0x000043c6       0x52 C:\Users\David Waier\Desktop\lil_fish_tanks\LilFishTanks\LilFishTanks\ArduinoCore\Debug\libArduinoCore.a(wiring_digital.o)
 .text.pinMode  0x00004418       0x78 C:\Users\David Waier\Desktop\lil_fish_tanks\LilFishTanks\LilFishTanks\ArduinoCore\Debug\libArduinoCore.a(wiring_digital.o)
                0x00004418                pinMode
 .text.digitalWrite
                0x00004490       0x5e C:\Users\David Waier\Desktop\lil_fish_tanks\LilFishTanks\LilFishTanks\ArduinoCore\Debug\libArduinoCore.a(wiring_digital.o)
                0x00004490                digitalWrite
 .text._ZN14FreqCountClass5beginEj
                0x000044ee       0xf0 C:\Users\David Waier\Desktop\lil_fish_tanks\LilFishTanks\LilFishTanks\ArduinoCore\Debug\libArduinoCore.a(FreqCount.o)
                0x000044ee                _ZN14FreqCountClass5beginEj
 .text._ZN14FreqCountClass9availableEv
                0x000045de        0x6 C:\Users\David Waier\Desktop\lil_fish_tanks\LilFishTanks\LilFishTanks\ArduinoCore\Debug\libArduinoCore.a(FreqCount.o)
                0x000045de                _ZN14FreqCountClass9availableEv
 .text._ZN14FreqCountClass4readEv
                0x000045e4       0x1c C:\Users\David Waier\Desktop\lil_fish_tanks\LilFishTanks\LilFishTanks\ArduinoCore\Debug\libArduinoCore.a(FreqCount.o)
                0x000045e4                _ZN14FreqCountClass4readEv
 .text._ZN14FreqCountClass3endEv
                0x00004600       0x2e C:\Users\David Waier\Desktop\lil_fish_tanks\LilFishTanks\LilFishTanks\ArduinoCore\Debug\libArduinoCore.a(FreqCount.o)
                0x00004600                _ZN14FreqCountClass3endEv
 .text.__vector_7
                0x0000462e       0xec C:\Users\David Waier\Desktop\lil_fish_tanks\LilFishTanks\LilFishTanks\ArduinoCore\Debug\libArduinoCore.a(FreqCount.o)
                0x0000462e                __vector_7
 .text.__empty  0x0000471a        0x2 C:\Users\David Waier\Desktop\lil_fish_tanks\LilFishTanks\LilFishTanks\ArduinoCore\Debug\libArduinoCore.a(hooks.o)
                0x0000471a                yield
 .text.libgcc.div
                0x0000471c       0x28 c:/program files (x86)/atmel/studio/7.0/toolchain/avr8/avr8-gnu-toolchain/bin/../lib/gcc/avr/5.4.0/avr5\libgcc.a(_divmodhi4.o)
                0x0000471c                _div
                0x0000471c                __divmodhi4
 .text.libgcc.div
                0x00004744       0x44 c:/program files (x86)/atmel/studio/7.0/toolchain/avr8/avr8-gnu-toolchain/bin/../lib/gcc/avr/5.4.0/avr5\libgcc.a(_udivmodsi4.o)
                0x00004744                __udivmodsi4
 .text.libgcc.div
                0x00004788       0x2e c:/program files (x86)/atmel/studio/7.0/toolchain/avr8/avr8-gnu-toolchain/bin/../lib/gcc/avr/5.4.0/avr5\libgcc.a(_divmodsi4.o)
                0x00004788                __divmodsi4
 .text.libgcc.div
                0x000047b6       0x10 c:/program files (x86)/atmel/studio/7.0/toolchain/avr8/avr8-gnu-toolchain/bin/../lib/gcc/avr/5.4.0/avr5\libgcc.a(_negsi2.o)
                0x000047b6                __negsi2
 .text.libgcc   0x000047c6        0xc c:/program files (x86)/atmel/studio/7.0/toolchain/avr8/avr8-gnu-toolchain/bin/../lib/gcc/avr/5.4.0/avr5\libgcc.a(_tablejump2.o)
                0x000047c6                __tablejump2__
 .text.libgcc.mul
                0x000047d2       0x16 c:/program files (x86)/atmel/studio/7.0/toolchain/avr8/avr8-gnu-toolchain/bin/../lib/gcc/avr/5.4.0/avr5\libgcc.a(_muluhisi3.o)
                0x000047d2                __muluhisi3
 .text.libgcc.div
                0x000047e8       0x28 c:/program files (x86)/atmel/studio/7.0/toolchain/avr8/avr8-gnu-toolchain/bin/../lib/gcc/avr/5.4.0/avr5\libgcc.a(_udivmodhi4.o)
                0x000047e8                __udivmodhi4
 .text.libgcc.mul
                0x00004810       0x1e c:/program files (x86)/atmel/studio/7.0/toolchain/avr8/avr8-gnu-toolchain/bin/../lib/gcc/avr/5.4.0/avr5\libgcc.a(_umulhisi3.o)
                0x00004810                __umulhisi3
 .text.avr-libc
                0x0000482e      0x242 c:/program files (x86)/atmel/studio/7.0/toolchain/avr8/avr8-gnu-toolchain/bin/../lib/gcc/avr/5.4.0/../../../../avr/lib/avr5\libc.a(malloc.o)
                0x0000482e                malloc
                0x0000495e                free
 .text.avr-libc
                0x00004a70       0x12 c:/program files (x86)/atmel/studio/7.0/toolchain/avr8/avr8-gnu-toolchain/bin/../lib/gcc/avr/5.4.0/../../../../avr/lib/avr5\libc.a(memcpy.o)
                0x00004a70                memcpy
 .text.avr-libc
                0x00004a82        0xe c:/program files (x86)/atmel/studio/7.0/toolchain/avr8/avr8-gnu-toolchain/bin/../lib/gcc/avr/5.4.0/../../../../avr/lib/avr5\libc.a(memset.o)
                0x00004a82                memset
                0x00004a90                . = ALIGN (0x2)
 *(.fini9)
 .fini9         0x00004a90        0x0 c:/program files (x86)/atmel/studio/7.0/toolchain/avr8/avr8-gnu-toolchain/bin/../lib/gcc/avr/5.4.0/avr5\libgcc.a(_exit.o)
                0x00004a90                _exit
                0x00004a90                exit
 *(.fini9)
 *(.fini8)
 *(.fini8)
 *(.fini7)
 *(.fini7)
 *(.fini6)
 .fini6         0x00004a90       0x16 c:/program files (x86)/atmel/studio/7.0/toolchain/avr8/avr8-gnu-toolchain/bin/../lib/gcc/avr/5.4.0/avr5\libgcc.a(_dtors.o)
                0x00004a90                __do_global_dtors
 *(.fini6)
 *(.fini5)
 *(.fini5)
 *(.fini4)
 *(.fini4)
 *(.fini3)
 *(.fini3)
 *(.fini2)
 *(.fini2)
 *(.fini1)
 *(.fini1)
 *(.fini0)
 .fini0         0x00004aa6        0x4 c:/program files (x86)/atmel/studio/7.0/toolchain/avr8/avr8-gnu-toolchain/bin/../lib/gcc/avr/5.4.0/avr5\libgcc.a(_exit.o)
 *(.fini0)
                0x00004aaa                _etext = .

.data           0x00800100      0x126 load address 0x00004aaa
                0x00800100                PROVIDE (__data_start, .)
 *(.data)
 .data          0x00800100        0x6 c:/program files (x86)/atmel/studio/7.0/toolchain/avr8/avr8-gnu-toolchain/bin/../lib/gcc/avr/5.4.0/../../../../avr/lib/avr5\libc.a(malloc.o)
                0x00800100                __malloc_heap_end
                0x00800102                __malloc_heap_start
                0x00800104                __malloc_margin
 *(.data*)
 .data.colorToRead
                0x00800106        0x1 main.o
                0x00800106                colorToRead
 .data.White    0x00800107        0x6 main.o
                0x00800107                White
 .data.Blue     0x0080010d        0x6 main.o
                0x0080010d                Blue
 .data.Green    0x00800113        0x6 main.o
                0x00800113                Green
 .data.Red      0x00800119        0x6 main.o
                0x00800119                Red
 .data.WhiteTestStrip
                0x0080011f        0xa main.o
                0x0080011f                WhiteTestStrip
 .data.EmptyTestBox
                0x00800129        0xa main.o
                0x00800129                EmptyTestBox
 .data.acidVoltage
                0x00800133        0x4 phSensor.o
                0x00800133                acidVoltage
 .data.neutralVoltage
                0x00800137        0x4 phSensor.o
                0x00800137                neutralVoltage
 .data.intFunc  0x0080013b        0x4 C:\Users\David Waier\Desktop\lil_fish_tanks\LilFishTanks\LilFishTanks\ArduinoCore\Debug\libArduinoCore.a(WInterrupts.o)
 .data.analog_reference
                0x0080013f        0x1 C:\Users\David Waier\Desktop\lil_fish_tanks\LilFishTanks\LilFishTanks\ArduinoCore\Debug\libArduinoCore.a(wiring_analog.o)
                0x0080013f                analog_reference
 *(.gnu.linkonce.d*)
 *(.rodata)
 *(.rodata*)
 .rodata.str1.1
                0x00800140       0xa3 main.o
                                 0xa7 (size before relaxing)
 .rodata.str1.1
                0x008001e3        0x5 src/libraries/FreeRTOS/src/tasks.o
 .rodata.str1.1
                0x008001e8        0x8 src/libraries/FreeRTOS/src/timers.o
 .rodata._ZZN9MD_TCS2307readFSMEhE3seq
                0x008001f0        0x3 src/libraries/MD_TCS230/src/MD_TCS230.o
 .rodata._ZTV14SoftwareSerial
                0x008001f3       0x12 src/libraries/SoftwareSerial/src/SoftwareSerial.o
                0x008001f3                _ZTV14SoftwareSerial
 .rodata._ZTV14HardwareSerial
                0x00800205       0x12 C:\Users\David Waier\Desktop\lil_fish_tanks\LilFishTanks\LilFishTanks\ArduinoCore\Debug\libArduinoCore.a(HardwareSerial.o)
                0x00800205                _ZTV14HardwareSerial
 .rodata.str1.1
                0x00800217        0xf C:\Users\David Waier\Desktop\lil_fish_tanks\LilFishTanks\LilFishTanks\ArduinoCore\Debug\libArduinoCore.a(Print.o)
 *(.gnu.linkonce.r*)
                0x00800226                . = ALIGN (0x2)
                0x00800226                _edata = .
                0x00800226                PROVIDE (__data_end, .)

.bss            0x00800226      0x2cb
                0x00800226                PROVIDE (__bss_start, .)
 *(.bss)
 *(.bss*)
 .bss.serial    0x00800226       0x1f main.o
                0x00800226                serial
 .bss.xPHandTemperature
                0x00800245        0x2 main.o
                0x00800245                xPHandTemperature
 .bss.xColorSensor
                0x00800247        0x2 main.o
                0x00800247                xColorSensor
 .bss.xSerialSemaphoreColorSensor
                0x00800249        0x2 main.o
                0x00800249                xSerialSemaphoreColorSensor
 .bss.count     0x0080024b        0x2 main.o
                0x0080024b                count
 .bss.alreadyStarted
                0x0080024d        0x1 main.o
                0x0080024d                alreadyStarted
 .bss.nitriteValue
                0x0080024e        0x2 main.o
                0x0080024e                nitriteValue
 .bss.nitrateValue
                0x00800250        0x2 main.o
                0x00800250                nitrateValue
 .bss.ammoniaValue
                0x00800252        0x2 main.o
                0x00800252                ammoniaValue
 .bss.tempValue
                0x00800254        0x2 main.o
                0x00800254                tempValue
 .bss.phValue   0x00800256        0x4 main.o
                0x00800256                phValue
 .bss.Off       0x0080025a        0x6 main.o
                0x0080025a                Off
 .bss.CS        0x00800260       0x2f main.o
                0x00800260                CS
 .bss.blueScanned
                0x0080028f        0x1 main.o
                0x0080028f                blueScanned
 .bss.redScanned
                0x00800290        0x1 main.o
                0x00800290                redScanned
 .bss.greenScanned
                0x00800291        0x1 main.o
                0x00800291                greenScanned
 .bss.c         0x00800292        0xa main.o
                0x00800292                c
 .bss.rgb       0x0080029c        0x3 main.o
                0x0080029c                rgb
 .bss.Nitrate   0x0080029f       0x46 main.o
                0x0080029f                Nitrate
 .bss.Nitrite   0x008002e5       0x46 main.o
                0x008002e5                Nitrite
 .bss.Ammonia   0x0080032b       0x32 main.o
                0x0080032b                Ammonia
 .bss.typeToRead
                0x0080035d        0x1 main.o
                0x0080035d                typeToRead
 .bss.ds        0x0080035e        0xe main.o
                0x0080035e                ds
 .bss.uxSchedulerSuspended
                0x0080036c        0x1 src/libraries/FreeRTOS/src/tasks.o
 .bss.xIdleTaskHandle
                0x0080036d        0x2 src/libraries/FreeRTOS/src/tasks.o
 .bss.xNextTaskUnblockTime
                0x0080036f        0x2 src/libraries/FreeRTOS/src/tasks.o
 .bss.uxTaskNumber
                0x00800371        0x1 src/libraries/FreeRTOS/src/tasks.o
 .bss.xNumOfOverflows
                0x00800372        0x1 src/libraries/FreeRTOS/src/tasks.o
 .bss.xYieldPending
                0x00800373        0x1 src/libraries/FreeRTOS/src/tasks.o
 .bss.uxPendedTicks
                0x00800374        0x1 src/libraries/FreeRTOS/src/tasks.o
 .bss.xSchedulerRunning
                0x00800375        0x1 src/libraries/FreeRTOS/src/tasks.o
 .bss.uxTopReadyPriority
                0x00800376        0x1 src/libraries/FreeRTOS/src/tasks.o
 .bss.xTickCount
                0x00800377        0x2 src/libraries/FreeRTOS/src/tasks.o
 .bss.uxCurrentNumberOfTasks
                0x00800379        0x1 src/libraries/FreeRTOS/src/tasks.o
 .bss.xSuspendedTaskList
                0x0080037a        0x9 src/libraries/FreeRTOS/src/tasks.o
 .bss.uxDeletedTasksWaitingCleanUp
                0x00800383        0x1 src/libraries/FreeRTOS/src/tasks.o
 .bss.xTasksWaitingTermination
                0x00800384        0x9 src/libraries/FreeRTOS/src/tasks.o
 .bss.xPendingReadyList
                0x0080038d        0x9 src/libraries/FreeRTOS/src/tasks.o
 .bss.pxOverflowDelayedTaskList
                0x00800396        0x2 src/libraries/FreeRTOS/src/tasks.o
 .bss.pxDelayedTaskList
                0x00800398        0x2 src/libraries/FreeRTOS/src/tasks.o
 .bss.xDelayedTaskList2
                0x0080039a        0x9 src/libraries/FreeRTOS/src/tasks.o
 .bss.xDelayedTaskList1
                0x008003a3        0x9 src/libraries/FreeRTOS/src/tasks.o
 .bss.pxReadyTasksLists
                0x008003ac       0x24 src/libraries/FreeRTOS/src/tasks.o
 .bss.pxCurrentTCB
                0x008003d0        0x2 src/libraries/FreeRTOS/src/tasks.o
                0x008003d0                pxCurrentTCB
 .bss.xLastTime.2412
                0x008003d2        0x2 src/libraries/FreeRTOS/src/timers.o
 .bss.xTimerTaskHandle
                0x008003d4        0x2 src/libraries/FreeRTOS/src/timers.o
 .bss.xTimerQueue
                0x008003d6        0x2 src/libraries/FreeRTOS/src/timers.o
 .bss.pxOverflowTimerList
                0x008003d8        0x2 src/libraries/FreeRTOS/src/timers.o
 .bss.pxCurrentTimerList
                0x008003da        0x2 src/libraries/FreeRTOS/src/timers.o
 .bss.xActiveTimerList2
                0x008003dc        0x9 src/libraries/FreeRTOS/src/timers.o
 .bss.xActiveTimerList1
                0x008003e5        0x9 src/libraries/FreeRTOS/src/timers.o
 .bss._ZZN9MD_TCS2307readFSMEhE7currCol
                0x008003ee        0x1 src/libraries/MD_TCS230/src/MD_TCS230.o
 .bss._ZN14SoftwareSerial20_receive_buffer_headE
                0x008003ef        0x1 src/libraries/SoftwareSerial/src/SoftwareSerial.o
                0x008003ef                _ZN14SoftwareSerial20_receive_buffer_headE
 .bss._ZN14SoftwareSerial20_receive_buffer_tailE
                0x008003f0        0x1 src/libraries/SoftwareSerial/src/SoftwareSerial.o
                0x008003f0                _ZN14SoftwareSerial20_receive_buffer_tailE
 .bss._ZN14SoftwareSerial15_receive_bufferE
                0x008003f1       0x40 src/libraries/SoftwareSerial/src/SoftwareSerial.o
                0x008003f1                _ZN14SoftwareSerial15_receive_bufferE
 .bss._ZN14SoftwareSerial13active_objectE
                0x00800431        0x2 src/libraries/SoftwareSerial/src/SoftwareSerial.o
                0x00800431                _ZN14SoftwareSerial13active_objectE
 .bss.Serial    0x00800433       0x9d C:\Users\David Waier\Desktop\lil_fish_tanks\LilFishTanks\LilFishTanks\ArduinoCore\Debug\libArduinoCore.a(HardwareSerial0.o)
                0x00800433                Serial
 .bss.timer0_fract
                0x008004d0        0x1 C:\Users\David Waier\Desktop\lil_fish_tanks\LilFishTanks\LilFishTanks\ArduinoCore\Debug\libArduinoCore.a(wiring.o)
 .bss.timer0_millis
                0x008004d1        0x4 C:\Users\David Waier\Desktop\lil_fish_tanks\LilFishTanks\LilFishTanks\ArduinoCore\Debug\libArduinoCore.a(wiring.o)
                0x008004d1                timer0_millis
 .bss.timer0_overflow_count
                0x008004d5        0x4 C:\Users\David Waier\Desktop\lil_fish_tanks\LilFishTanks\LilFishTanks\ArduinoCore\Debug\libArduinoCore.a(wiring.o)
                0x008004d5                timer0_overflow_count
 .bss._ZL10gate_index
                0x008004d9        0x2 C:\Users\David Waier\Desktop\lil_fish_tanks\LilFishTanks\LilFishTanks\ArduinoCore\Debug\libArduinoCore.a(FreqCount.o)
 .bss._ZL11gate_length
                0x008004db        0x2 C:\Users\David Waier\Desktop\lil_fish_tanks\LilFishTanks\LilFishTanks\ArduinoCore\Debug\libArduinoCore.a(FreqCount.o)
 .bss._ZL11count_ready
                0x008004dd        0x1 C:\Users\David Waier\Desktop\lil_fish_tanks\LilFishTanks\LilFishTanks\ArduinoCore\Debug\libArduinoCore.a(FreqCount.o)
 .bss._ZL12count_output
                0x008004de        0x4 C:\Users\David Waier\Desktop\lil_fish_tanks\LilFishTanks\LilFishTanks\ArduinoCore\Debug\libArduinoCore.a(FreqCount.o)
 .bss._ZL10count_prev
                0x008004e2        0x4 C:\Users\David Waier\Desktop\lil_fish_tanks\LilFishTanks\LilFishTanks\ArduinoCore\Debug\libArduinoCore.a(FreqCount.o)
 .bss._ZL9count_msw
                0x008004e6        0x2 C:\Users\David Waier\Desktop\lil_fish_tanks\LilFishTanks\LilFishTanks\ArduinoCore\Debug\libArduinoCore.a(FreqCount.o)
 .bss._ZL11startTCCR2B
                0x008004e8        0x1 C:\Users\David Waier\Desktop\lil_fish_tanks\LilFishTanks\LilFishTanks\ArduinoCore\Debug\libArduinoCore.a(FreqCount.o)
 .bss._ZL10saveTCCR2B
                0x008004e9        0x1 C:\Users\David Waier\Desktop\lil_fish_tanks\LilFishTanks\LilFishTanks\ArduinoCore\Debug\libArduinoCore.a(FreqCount.o)
 .bss._ZL10saveTCCR2A
                0x008004ea        0x1 C:\Users\David Waier\Desktop\lil_fish_tanks\LilFishTanks\LilFishTanks\ArduinoCore\Debug\libArduinoCore.a(FreqCount.o)
 .bss._ZL10saveTCCR1B
                0x008004eb        0x1 C:\Users\David Waier\Desktop\lil_fish_tanks\LilFishTanks\LilFishTanks\ArduinoCore\Debug\libArduinoCore.a(FreqCount.o)
 .bss._ZL10saveTCCR1A
                0x008004ec        0x1 C:\Users\David Waier\Desktop\lil_fish_tanks\LilFishTanks\LilFishTanks\ArduinoCore\Debug\libArduinoCore.a(FreqCount.o)
 *(COMMON)
 COMMON         0x008004ed        0x4 c:/program files (x86)/atmel/studio/7.0/toolchain/avr8/avr8-gnu-toolchain/bin/../lib/gcc/avr/5.4.0/../../../../avr/lib/avr5\libc.a(malloc.o)
                0x008004ed                __brkval
                0x008004ef                __flp
                0x008004f1                PROVIDE (__bss_end, .)
                0x00004aaa                __data_load_start = LOADADDR (.data)
                0x00004bd0                __data_load_end = (__data_load_start + SIZEOF (.data))

.noinit         0x008004f1        0x0
                [!provide]                PROVIDE (__noinit_start, .)
 *(.noinit*)
                [!provide]                PROVIDE (__noinit_end, .)
                0x008004f1                _end = .
                0x008004f1                PROVIDE (__heap_start, .)

.eeprom         0x00810000        0x0
 *(.eeprom*)
                0x00810000                __eeprom_end = .

.fuse
 *(.fuse)
 *(.lfuse)
 *(.hfuse)
 *(.efuse)

.lock
 *(.lock*)

.signature
 *(.signature*)

.user_signatures
 *(.user_signatures*)

.stab
 *(.stab)

.stabstr
 *(.stabstr)

.stab.excl
 *(.stab.excl)

.stab.exclstr
 *(.stab.exclstr)

.stab.index
 *(.stab.index)

.stab.indexstr
 *(.stab.indexstr)

.comment        0x00000000       0x30
 *(.comment)
 .comment       0x00000000       0x30 main.o
                                 0x31 (size before relaxing)
 .comment       0x00000030       0x31 OneWire.o
 .comment       0x00000030       0x31 phSensor.o
 .comment       0x00000030       0x31 src/libraries/FreeRTOS/src/heap_3.o
 .comment       0x00000030       0x31 src/libraries/FreeRTOS/src/list.o
 .comment       0x00000030       0x31 src/libraries/FreeRTOS/src/port.o
 .comment       0x00000030       0x31 src/libraries/FreeRTOS/src/queue.o
 .comment       0x00000030       0x31 src/libraries/FreeRTOS/src/tasks.o
 .comment       0x00000030       0x31 src/libraries/FreeRTOS/src/timers.o
 .comment       0x00000030       0x31 src/libraries/FreeRTOS/src/variantHooks.o
 .comment       0x00000030       0x31 src/libraries/MD_TCS230/src/MD_TCS230.o
 .comment       0x00000030       0x31 src/libraries/SoftwareSerial/src/SoftwareSerial.o
 .comment       0x00000030       0x31 C:\Users\David Waier\Desktop\lil_fish_tanks\LilFishTanks\LilFishTanks\ArduinoCore\Debug\libArduinoCore.a(HardwareSerial.o)
 .comment       0x00000030       0x31 C:\Users\David Waier\Desktop\lil_fish_tanks\LilFishTanks\LilFishTanks\ArduinoCore\Debug\libArduinoCore.a(HardwareSerial0.o)
 .comment       0x00000030       0x31 C:\Users\David Waier\Desktop\lil_fish_tanks\LilFishTanks\LilFishTanks\ArduinoCore\Debug\libArduinoCore.a(main.o)
 .comment       0x00000030       0x31 C:\Users\David Waier\Desktop\lil_fish_tanks\LilFishTanks\LilFishTanks\ArduinoCore\Debug\libArduinoCore.a(Print.o)
 .comment       0x00000030       0x31 C:\Users\David Waier\Desktop\lil_fish_tanks\LilFishTanks\LilFishTanks\ArduinoCore\Debug\libArduinoCore.a(WInterrupts.o)
 .comment       0x00000030       0x31 C:\Users\David Waier\Desktop\lil_fish_tanks\LilFishTanks\LilFishTanks\ArduinoCore\Debug\libArduinoCore.a(wiring.o)
 .comment       0x00000030       0x31 C:\Users\David Waier\Desktop\lil_fish_tanks\LilFishTanks\LilFishTanks\ArduinoCore\Debug\libArduinoCore.a(wiring_analog.o)
 .comment       0x00000030       0x31 C:\Users\David Waier\Desktop\lil_fish_tanks\LilFishTanks\LilFishTanks\ArduinoCore\Debug\libArduinoCore.a(wiring_digital.o)
 .comment       0x00000030       0x31 C:\Users\David Waier\Desktop\lil_fish_tanks\LilFishTanks\LilFishTanks\ArduinoCore\Debug\libArduinoCore.a(FreqCount.o)
 .comment       0x00000030       0x31 C:\Users\David Waier\Desktop\lil_fish_tanks\LilFishTanks\LilFishTanks\ArduinoCore\Debug\libArduinoCore.a(hooks.o)
 .comment       0x00000030       0x31 c:/program files (x86)/atmel/studio/7.0/toolchain/avr8/avr8-gnu-toolchain/bin/../lib/gcc/avr/5.4.0/../../../../avr/lib/avr5\libc.a(malloc.o)

.note.gnu.avr.deviceinfo
                0x00000000       0x40
 .note.gnu.avr.deviceinfo
                0x00000000       0x40 C:/Program Files (x86)/Atmel/Studio/7.0/Packs/atmel/ATmega_DFP/1.2.209/gcc/dev/atmega328p/avr5/crtatmega328p.o

.note.gnu.build-id
 *(.note.gnu.build-id)

.debug
 *(.debug)

.line
 *(.line)

.debug_srcinfo
 *(.debug_srcinfo)

.debug_sfnames
 *(.debug_sfnames)

.debug_aranges  0x00000000      0x9c0
 *(.debug_aranges)
 .debug_aranges
                0x00000000       0x98 main.o
 .debug_aranges
                0x00000098       0x90 OneWire.o
 .debug_aranges
                0x00000128       0x20 phSensor.o
 .debug_aranges
                0x00000148       0x28 src/libraries/FreeRTOS/src/heap_3.o
 .debug_aranges
                0x00000170       0x40 src/libraries/FreeRTOS/src/list.o
 .debug_aranges
                0x000001b0       0x48 src/libraries/FreeRTOS/src/port.o
 .debug_aranges
                0x000001f8       0xe0 src/libraries/FreeRTOS/src/queue.o
 .debug_aranges
                0x000002d8      0x188 src/libraries/FreeRTOS/src/tasks.o
 .debug_aranges
                0x00000460       0x90 src/libraries/FreeRTOS/src/timers.o
 .debug_aranges
                0x000004f0       0x38 src/libraries/FreeRTOS/src/variantHooks.o
 .debug_aranges
                0x00000528       0xc0 src/libraries/MD_TCS230/src/MD_TCS230.o
 .debug_aranges
                0x000005e8       0xa8 src/libraries/SoftwareSerial/src/SoftwareSerial.o
 .debug_aranges
                0x00000690       0x68 C:\Users\David Waier\Desktop\lil_fish_tanks\LilFishTanks\LilFishTanks\ArduinoCore\Debug\libArduinoCore.a(HardwareSerial.o)
 .debug_aranges
                0x000006f8       0x48 C:\Users\David Waier\Desktop\lil_fish_tanks\LilFishTanks\LilFishTanks\ArduinoCore\Debug\libArduinoCore.a(HardwareSerial0.o)
 .debug_aranges
                0x00000740       0x30 C:\Users\David Waier\Desktop\lil_fish_tanks\LilFishTanks\LilFishTanks\ArduinoCore\Debug\libArduinoCore.a(main.o)
 .debug_aranges
                0x00000770      0x100 C:\Users\David Waier\Desktop\lil_fish_tanks\LilFishTanks\LilFishTanks\ArduinoCore\Debug\libArduinoCore.a(Print.o)
 .debug_aranges
                0x00000870       0x40 C:\Users\David Waier\Desktop\lil_fish_tanks\LilFishTanks\LilFishTanks\ArduinoCore\Debug\libArduinoCore.a(WInterrupts.o)
 .debug_aranges
                0x000008b0       0x48 C:\Users\David Waier\Desktop\lil_fish_tanks\LilFishTanks\LilFishTanks\ArduinoCore\Debug\libArduinoCore.a(wiring.o)
 .debug_aranges
                0x000008f8       0x30 C:\Users\David Waier\Desktop\lil_fish_tanks\LilFishTanks\LilFishTanks\ArduinoCore\Debug\libArduinoCore.a(wiring_analog.o)
 .debug_aranges
                0x00000928       0x38 C:\Users\David Waier\Desktop\lil_fish_tanks\LilFishTanks\LilFishTanks\ArduinoCore\Debug\libArduinoCore.a(wiring_digital.o)
 .debug_aranges
                0x00000960       0x40 C:\Users\David Waier\Desktop\lil_fish_tanks\LilFishTanks\LilFishTanks\ArduinoCore\Debug\libArduinoCore.a(FreqCount.o)
 .debug_aranges
                0x000009a0       0x20 C:\Users\David Waier\Desktop\lil_fish_tanks\LilFishTanks\LilFishTanks\ArduinoCore\Debug\libArduinoCore.a(hooks.o)

.debug_pubnames
 *(.debug_pubnames)

.debug_info     0x00000000    0x13afe
 *(.debug_info .gnu.linkonce.wi.*)
 .debug_info    0x00000000      0x5f4 C:/Program Files (x86)/Atmel/Studio/7.0/Packs/atmel/ATmega_DFP/1.2.209/gcc/dev/atmega328p/avr5/crtatmega328p.o
 .debug_info    0x000005f4     0x202b main.o
 .debug_info    0x0000261f      0xdc2 OneWire.o
 .debug_info    0x000033e1      0x1f2 phSensor.o
 .debug_info    0x000035d3      0x1a7 src/libraries/FreeRTOS/src/heap_3.o
 .debug_info    0x0000377a      0x2e0 src/libraries/FreeRTOS/src/list.o
 .debug_info    0x00003a5a      0x28b src/libraries/FreeRTOS/src/port.o
 .debug_info    0x00003ce5     0x1820 src/libraries/FreeRTOS/src/queue.o
 .debug_info    0x00005505     0x2102 src/libraries/FreeRTOS/src/tasks.o
 .debug_info    0x00007607     0x1083 src/libraries/FreeRTOS/src/timers.o
 .debug_info    0x0000868a      0x330 src/libraries/FreeRTOS/src/variantHooks.o
 .debug_info    0x000089ba     0x1018 src/libraries/MD_TCS230/src/MD_TCS230.o
 .debug_info    0x000099d2     0x28f2 src/libraries/SoftwareSerial/src/SoftwareSerial.o
 .debug_info    0x0000c2c4     0x1f64 C:\Users\David Waier\Desktop\lil_fish_tanks\LilFishTanks\LilFishTanks\ArduinoCore\Debug\libArduinoCore.a(HardwareSerial.o)
 .debug_info    0x0000e228     0x1b16 C:\Users\David Waier\Desktop\lil_fish_tanks\LilFishTanks\LilFishTanks\ArduinoCore\Debug\libArduinoCore.a(HardwareSerial0.o)
 .debug_info    0x0000fd3e      0x237 C:\Users\David Waier\Desktop\lil_fish_tanks\LilFishTanks\LilFishTanks\ArduinoCore\Debug\libArduinoCore.a(main.o)
 .debug_info    0x0000ff75     0x28ff C:\Users\David Waier\Desktop\lil_fish_tanks\LilFishTanks\LilFishTanks\ArduinoCore\Debug\libArduinoCore.a(Print.o)
 .debug_info    0x00012874      0x21c C:\Users\David Waier\Desktop\lil_fish_tanks\LilFishTanks\LilFishTanks\ArduinoCore\Debug\libArduinoCore.a(WInterrupts.o)
 .debug_info    0x00012a90      0x2cb C:\Users\David Waier\Desktop\lil_fish_tanks\LilFishTanks\LilFishTanks\ArduinoCore\Debug\libArduinoCore.a(wiring.o)
 .debug_info    0x00012d5b      0x26d C:\Users\David Waier\Desktop\lil_fish_tanks\LilFishTanks\LilFishTanks\ArduinoCore\Debug\libArduinoCore.a(wiring_analog.o)
 .debug_info    0x00012fc8      0x5fe C:\Users\David Waier\Desktop\lil_fish_tanks\LilFishTanks\LilFishTanks\ArduinoCore\Debug\libArduinoCore.a(wiring_digital.o)
 .debug_info    0x000135c6      0x4fa C:\Users\David Waier\Desktop\lil_fish_tanks\LilFishTanks\LilFishTanks\ArduinoCore\Debug\libArduinoCore.a(FreqCount.o)
 .debug_info    0x00013ac0       0x3e C:\Users\David Waier\Desktop\lil_fish_tanks\LilFishTanks\LilFishTanks\ArduinoCore\Debug\libArduinoCore.a(hooks.o)

.debug_abbrev   0x00000000     0x3c68
 *(.debug_abbrev)
 .debug_abbrev  0x00000000      0x5a2 C:/Program Files (x86)/Atmel/Studio/7.0/Packs/atmel/ATmega_DFP/1.2.209/gcc/dev/atmega328p/avr5/crtatmega328p.o
 .debug_abbrev  0x000005a2      0x58e main.o
 .debug_abbrev  0x00000b30      0x317 OneWire.o
 .debug_abbrev  0x00000e47       0xe5 phSensor.o
 .debug_abbrev  0x00000f2c      0x115 src/libraries/FreeRTOS/src/heap_3.o
 .debug_abbrev  0x00001041       0xff src/libraries/FreeRTOS/src/list.o
 .debug_abbrev  0x00001140      0x158 src/libraries/FreeRTOS/src/port.o
 .debug_abbrev  0x00001298      0x2d5 src/libraries/FreeRTOS/src/queue.o
 .debug_abbrev  0x0000156d      0x35e src/libraries/FreeRTOS/src/tasks.o
 .debug_abbrev  0x000018cb      0x2f8 src/libraries/FreeRTOS/src/timers.o
 .debug_abbrev  0x00001bc3      0x18d src/libraries/FreeRTOS/src/variantHooks.o
 .debug_abbrev  0x00001d50      0x39f src/libraries/MD_TCS230/src/MD_TCS230.o
 .debug_abbrev  0x000020ef      0x60b src/libraries/SoftwareSerial/src/SoftwareSerial.o
 .debug_abbrev  0x000026fa      0x4b7 C:\Users\David Waier\Desktop\lil_fish_tanks\LilFishTanks\LilFishTanks\ArduinoCore\Debug\libArduinoCore.a(HardwareSerial.o)
 .debug_abbrev  0x00002bb1      0x3ce C:\Users\David Waier\Desktop\lil_fish_tanks\LilFishTanks\LilFishTanks\ArduinoCore\Debug\libArduinoCore.a(HardwareSerial0.o)
 .debug_abbrev  0x00002f7f      0x12d C:\Users\David Waier\Desktop\lil_fish_tanks\LilFishTanks\LilFishTanks\ArduinoCore\Debug\libArduinoCore.a(main.o)
 .debug_abbrev  0x000030ac      0x47a C:\Users\David Waier\Desktop\lil_fish_tanks\LilFishTanks\LilFishTanks\ArduinoCore\Debug\libArduinoCore.a(Print.o)
 .debug_abbrev  0x00003526       0xfc C:\Users\David Waier\Desktop\lil_fish_tanks\LilFishTanks\LilFishTanks\ArduinoCore\Debug\libArduinoCore.a(WInterrupts.o)
 .debug_abbrev  0x00003622      0x146 C:\Users\David Waier\Desktop\lil_fish_tanks\LilFishTanks\LilFishTanks\ArduinoCore\Debug\libArduinoCore.a(wiring.o)
 .debug_abbrev  0x00003768      0x16b C:\Users\David Waier\Desktop\lil_fish_tanks\LilFishTanks\LilFishTanks\ArduinoCore\Debug\libArduinoCore.a(wiring_analog.o)
 .debug_abbrev  0x000038d3      0x15b C:\Users\David Waier\Desktop\lil_fish_tanks\LilFishTanks\LilFishTanks\ArduinoCore\Debug\libArduinoCore.a(wiring_digital.o)
 .debug_abbrev  0x00003a2e      0x210 C:\Users\David Waier\Desktop\lil_fish_tanks\LilFishTanks\LilFishTanks\ArduinoCore\Debug\libArduinoCore.a(FreqCount.o)
 .debug_abbrev  0x00003c3e       0x2a C:\Users\David Waier\Desktop\lil_fish_tanks\LilFishTanks\LilFishTanks\ArduinoCore\Debug\libArduinoCore.a(hooks.o)

.debug_line     0x00000000     0x6839
 *(.debug_line .debug_line.* .debug_line_end)
 .debug_line    0x00000000      0x133 C:/Program Files (x86)/Atmel/Studio/7.0/Packs/atmel/ATmega_DFP/1.2.209/gcc/dev/atmega328p/avr5/crtatmega328p.o
 .debug_line    0x00000133      0x95f main.o
 .debug_line    0x00000a92      0x5e4 OneWire.o
 .debug_line    0x00001076      0x131 phSensor.o
 .debug_line    0x000011a7      0x1b7 src/libraries/FreeRTOS/src/heap_3.o
 .debug_line    0x0000135e      0x21c src/libraries/FreeRTOS/src/list.o
 .debug_line    0x0000157a      0x33c src/libraries/FreeRTOS/src/port.o
 .debug_line    0x000018b6      0xb7e src/libraries/FreeRTOS/src/queue.o
 .debug_line    0x00002434     0x126a src/libraries/FreeRTOS/src/tasks.o
 .debug_line    0x0000369e      0x54c src/libraries/FreeRTOS/src/timers.o
 .debug_line    0x00003bea      0x27a src/libraries/FreeRTOS/src/variantHooks.o
 .debug_line    0x00003e64      0x666 src/libraries/MD_TCS230/src/MD_TCS230.o
 .debug_line    0x000044ca      0x7f9 src/libraries/SoftwareSerial/src/SoftwareSerial.o
 .debug_line    0x00004cc3      0x4c4 C:\Users\David Waier\Desktop\lil_fish_tanks\LilFishTanks\LilFishTanks\ArduinoCore\Debug\libArduinoCore.a(HardwareSerial.o)
 .debug_line    0x00005187      0x28c C:\Users\David Waier\Desktop\lil_fish_tanks\LilFishTanks\LilFishTanks\ArduinoCore\Debug\libArduinoCore.a(HardwareSerial0.o)
 .debug_line    0x00005413      0x165 C:\Users\David Waier\Desktop\lil_fish_tanks\LilFishTanks\LilFishTanks\ArduinoCore\Debug\libArduinoCore.a(main.o)
 .debug_line    0x00005578      0x685 C:\Users\David Waier\Desktop\lil_fish_tanks\LilFishTanks\LilFishTanks\ArduinoCore\Debug\libArduinoCore.a(Print.o)
 .debug_line    0x00005bfd      0x1a0 C:\Users\David Waier\Desktop\lil_fish_tanks\LilFishTanks\LilFishTanks\ArduinoCore\Debug\libArduinoCore.a(WInterrupts.o)
 .debug_line    0x00005d9d      0x299 C:\Users\David Waier\Desktop\lil_fish_tanks\LilFishTanks\LilFishTanks\ArduinoCore\Debug\libArduinoCore.a(wiring.o)
 .debug_line    0x00006036      0x20f C:\Users\David Waier\Desktop\lil_fish_tanks\LilFishTanks\LilFishTanks\ArduinoCore\Debug\libArduinoCore.a(wiring_analog.o)
 .debug_line    0x00006245      0x252 C:\Users\David Waier\Desktop\lil_fish_tanks\LilFishTanks\LilFishTanks\ArduinoCore\Debug\libArduinoCore.a(wiring_digital.o)
 .debug_line    0x00006497      0x361 C:\Users\David Waier\Desktop\lil_fish_tanks\LilFishTanks\LilFishTanks\ArduinoCore\Debug\libArduinoCore.a(FreqCount.o)
 .debug_line    0x000067f8       0x41 C:\Users\David Waier\Desktop\lil_fish_tanks\LilFishTanks\LilFishTanks\ArduinoCore\Debug\libArduinoCore.a(hooks.o)

.debug_frame    0x00000000     0x1dec
 *(.debug_frame)
 .debug_frame   0x00000000      0x1a0 main.o
 .debug_frame   0x000001a0      0x22c OneWire.o
 .debug_frame   0x000003cc       0x58 phSensor.o
 .debug_frame   0x00000424       0x4c src/libraries/FreeRTOS/src/heap_3.o
 .debug_frame   0x00000470       0x90 src/libraries/FreeRTOS/src/list.o
 .debug_frame   0x00000500       0x74 src/libraries/FreeRTOS/src/port.o
 .debug_frame   0x00000574      0x368 src/libraries/FreeRTOS/src/queue.o
 .debug_frame   0x000008dc      0x57c src/libraries/FreeRTOS/src/tasks.o
 .debug_frame   0x00000e58      0x198 src/libraries/FreeRTOS/src/timers.o
 .debug_frame   0x00000ff0       0x54 src/libraries/FreeRTOS/src/variantHooks.o
 .debug_frame   0x00001044      0x28c src/libraries/MD_TCS230/src/MD_TCS230.o
 .debug_frame   0x000012d0      0x1d4 src/libraries/SoftwareSerial/src/SoftwareSerial.o
 .debug_frame   0x000014a4      0x110 C:\Users\David Waier\Desktop\lil_fish_tanks\LilFishTanks\LilFishTanks\ArduinoCore\Debug\libArduinoCore.a(HardwareSerial.o)
 .debug_frame   0x000015b4       0xe0 C:\Users\David Waier\Desktop\lil_fish_tanks\LilFishTanks\LilFishTanks\ArduinoCore\Debug\libArduinoCore.a(HardwareSerial0.o)
 .debug_frame   0x00001694       0x54 C:\Users\David Waier\Desktop\lil_fish_tanks\LilFishTanks\LilFishTanks\ArduinoCore\Debug\libArduinoCore.a(main.o)
 .debug_frame   0x000016e8      0x3ac C:\Users\David Waier\Desktop\lil_fish_tanks\LilFishTanks\LilFishTanks\ArduinoCore\Debug\libArduinoCore.a(Print.o)
 .debug_frame   0x00001a94       0xf4 C:\Users\David Waier\Desktop\lil_fish_tanks\LilFishTanks\LilFishTanks\ArduinoCore\Debug\libArduinoCore.a(WInterrupts.o)
 .debug_frame   0x00001b88       0xc4 C:\Users\David Waier\Desktop\lil_fish_tanks\LilFishTanks\LilFishTanks\ArduinoCore\Debug\libArduinoCore.a(wiring.o)
 .debug_frame   0x00001c4c       0x54 C:\Users\David Waier\Desktop\lil_fish_tanks\LilFishTanks\LilFishTanks\ArduinoCore\Debug\libArduinoCore.a(wiring_analog.o)
 .debug_frame   0x00001ca0       0x7c C:\Users\David Waier\Desktop\lil_fish_tanks\LilFishTanks\LilFishTanks\ArduinoCore\Debug\libArduinoCore.a(wiring_digital.o)
 .debug_frame   0x00001d1c       0xac C:\Users\David Waier\Desktop\lil_fish_tanks\LilFishTanks\LilFishTanks\ArduinoCore\Debug\libArduinoCore.a(FreqCount.o)
 .debug_frame   0x00001dc8       0x24 C:\Users\David Waier\Desktop\lil_fish_tanks\LilFishTanks\LilFishTanks\ArduinoCore\Debug\libArduinoCore.a(hooks.o)

.debug_str      0x00000000     0x4a42
 *(.debug_str)
 .debug_str     0x00000000      0x208 C:/Program Files (x86)/Atmel/Studio/7.0/Packs/atmel/ATmega_DFP/1.2.209/gcc/dev/atmega328p/avr5/crtatmega328p.o
 .debug_str     0x00000208      0xeb7 main.o
                                0xfd5 (size before relaxing)
 .debug_str     0x000010bf      0x11b OneWire.o
                                0x64b (size before relaxing)
 .debug_str     0x000011da       0x50 phSensor.o
                                0x2ba (size before relaxing)
 .debug_str     0x0000122a      0x169 src/libraries/FreeRTOS/src/heap_3.o
                                0x254 (size before relaxing)
 .debug_str     0x00001393      0x142 src/libraries/FreeRTOS/src/list.o
                                0x31f (size before relaxing)
 .debug_str     0x000014d5      0x12a src/libraries/FreeRTOS/src/port.o
                                0x30b (size before relaxing)
 .debug_str     0x000015ff      0x628 src/libraries/FreeRTOS/src/queue.o
                                0x9c8 (size before relaxing)
 .debug_str     0x00001c27      0x8ed src/libraries/FreeRTOS/src/tasks.o
                                0xeeb (size before relaxing)
 .debug_str     0x00002514      0x414 src/libraries/FreeRTOS/src/timers.o
                                0x874 (size before relaxing)
 .debug_str     0x00002928       0x99 src/libraries/FreeRTOS/src/variantHooks.o
                                0x3a3 (size before relaxing)
 .debug_str     0x000029c1      0x12d src/libraries/MD_TCS230/src/MD_TCS230.o
                                0x792 (size before relaxing)
 .debug_str     0x00002aee     0x14d1 src/libraries/SoftwareSerial/src/SoftwareSerial.o
                               0x193d (size before relaxing)
 .debug_str     0x00003fbf      0x3d1 C:\Users\David Waier\Desktop\lil_fish_tanks\LilFishTanks\LilFishTanks\ArduinoCore\Debug\libArduinoCore.a(HardwareSerial.o)
                               0x1618 (size before relaxing)
 .debug_str     0x00004390       0x47 C:\Users\David Waier\Desktop\lil_fish_tanks\LilFishTanks\LilFishTanks\ArduinoCore\Debug\libArduinoCore.a(HardwareSerial0.o)
                               0x140b (size before relaxing)
 .debug_str     0x000043d7       0x37 C:\Users\David Waier\Desktop\lil_fish_tanks\LilFishTanks\LilFishTanks\ArduinoCore\Debug\libArduinoCore.a(main.o)
                                0x2b7 (size before relaxing)
 .debug_str     0x0000440e      0x2eb C:\Users\David Waier\Desktop\lil_fish_tanks\LilFishTanks\LilFishTanks\ArduinoCore\Debug\libArduinoCore.a(Print.o)
                               0x1245 (size before relaxing)
 .debug_str     0x000046f9       0x78 C:\Users\David Waier\Desktop\lil_fish_tanks\LilFishTanks\LilFishTanks\ArduinoCore\Debug\libArduinoCore.a(WInterrupts.o)
                                0x23a (size before relaxing)
 .debug_str     0x00004771       0x5f C:\Users\David Waier\Desktop\lil_fish_tanks\LilFishTanks\LilFishTanks\ArduinoCore\Debug\libArduinoCore.a(wiring.o)
                                0x24d (size before relaxing)
 .debug_str     0x000047d0       0x5b C:\Users\David Waier\Desktop\lil_fish_tanks\LilFishTanks\LilFishTanks\ArduinoCore\Debug\libArduinoCore.a(wiring_analog.o)
                                0x251 (size before relaxing)
 .debug_str     0x0000482b       0x4b C:\Users\David Waier\Desktop\lil_fish_tanks\LilFishTanks\LilFishTanks\ArduinoCore\Debug\libArduinoCore.a(wiring_digital.o)
                                0x2b2 (size before relaxing)
 .debug_str     0x00004876      0x1b0 C:\Users\David Waier\Desktop\lil_fish_tanks\LilFishTanks\LilFishTanks\ArduinoCore\Debug\libArduinoCore.a(FreqCount.o)
                                0x4c1 (size before relaxing)
 .debug_str     0x00004a26       0x1c C:\Users\David Waier\Desktop\lil_fish_tanks\LilFishTanks\LilFishTanks\ArduinoCore\Debug\libArduinoCore.a(hooks.o)
                                0x142 (size before relaxing)

.debug_loc      0x00000000     0xb3df
 *(.debug_loc)
 .debug_loc     0x00000000      0x6e6 main.o
 .debug_loc     0x000006e6      0xf34 OneWire.o
 .debug_loc     0x0000161a      0x101 phSensor.o
 .debug_loc     0x0000171b      0x112 src/libraries/FreeRTOS/src/heap_3.o
 .debug_loc     0x0000182d      0x1d7 src/libraries/FreeRTOS/src/list.o
 .debug_loc     0x00001a04      0x288 src/libraries/FreeRTOS/src/port.o
 .debug_loc     0x00001c8c     0x1b17 src/libraries/FreeRTOS/src/queue.o
 .debug_loc     0x000037a3     0x24ae src/libraries/FreeRTOS/src/tasks.o
 .debug_loc     0x00005c51      0xadc src/libraries/FreeRTOS/src/timers.o
 .debug_loc     0x0000672d       0xb6 src/libraries/FreeRTOS/src/variantHooks.o
 .debug_loc     0x000067e3      0xde2 src/libraries/MD_TCS230/src/MD_TCS230.o
 .debug_loc     0x000075c5      0xc96 src/libraries/SoftwareSerial/src/SoftwareSerial.o
 .debug_loc     0x0000825b      0x4dc C:\Users\David Waier\Desktop\lil_fish_tanks\LilFishTanks\LilFishTanks\ArduinoCore\Debug\libArduinoCore.a(HardwareSerial.o)
 .debug_loc     0x00008737      0x1b0 C:\Users\David Waier\Desktop\lil_fish_tanks\LilFishTanks\LilFishTanks\ArduinoCore\Debug\libArduinoCore.a(HardwareSerial0.o)
 .debug_loc     0x000088e7     0x1c87 C:\Users\David Waier\Desktop\lil_fish_tanks\LilFishTanks\LilFishTanks\ArduinoCore\Debug\libArduinoCore.a(Print.o)
 .debug_loc     0x0000a56e      0x235 C:\Users\David Waier\Desktop\lil_fish_tanks\LilFishTanks\LilFishTanks\ArduinoCore\Debug\libArduinoCore.a(WInterrupts.o)
 .debug_loc     0x0000a7a3      0x28d C:\Users\David Waier\Desktop\lil_fish_tanks\LilFishTanks\LilFishTanks\ArduinoCore\Debug\libArduinoCore.a(wiring.o)
 .debug_loc     0x0000aa30       0xfe C:\Users\David Waier\Desktop\lil_fish_tanks\LilFishTanks\LilFishTanks\ArduinoCore\Debug\libArduinoCore.a(wiring_analog.o)
 .debug_loc     0x0000ab2e      0x5fc C:\Users\David Waier\Desktop\lil_fish_tanks\LilFishTanks\LilFishTanks\ArduinoCore\Debug\libArduinoCore.a(wiring_digital.o)
 .debug_loc     0x0000b12a      0x2b5 C:\Users\David Waier\Desktop\lil_fish_tanks\LilFishTanks\LilFishTanks\ArduinoCore\Debug\libArduinoCore.a(FreqCount.o)

.debug_macinfo
 *(.debug_macinfo)

.debug_weaknames
 *(.debug_weaknames)

.debug_funcnames
 *(.debug_funcnames)

.debug_typenames
 *(.debug_typenames)

.debug_varnames
 *(.debug_varnames)

.debug_pubtypes
 *(.debug_pubtypes)

.debug_ranges   0x00000000      0x938
 *(.debug_ranges)
 .debug_ranges  0x00000000       0x88 main.o
 .debug_ranges  0x00000088       0x80 OneWire.o
 .debug_ranges  0x00000108       0x10 phSensor.o
 .debug_ranges  0x00000118       0x18 src/libraries/FreeRTOS/src/heap_3.o
 .debug_ranges  0x00000130       0x30 src/libraries/FreeRTOS/src/list.o
 .debug_ranges  0x00000160       0x38 src/libraries/FreeRTOS/src/port.o
 .debug_ranges  0x00000198       0xd0 src/libraries/FreeRTOS/src/queue.o
 .debug_ranges  0x00000268      0x1d8 src/libraries/FreeRTOS/src/tasks.o
 .debug_ranges  0x00000440       0x80 src/libraries/FreeRTOS/src/timers.o
 .debug_ranges  0x000004c0       0x28 src/libraries/FreeRTOS/src/variantHooks.o
 .debug_ranges  0x000004e8       0xb0 src/libraries/MD_TCS230/src/MD_TCS230.o
 .debug_ranges  0x00000598       0xe0 src/libraries/SoftwareSerial/src/SoftwareSerial.o
 .debug_ranges  0x00000678       0x58 C:\Users\David Waier\Desktop\lil_fish_tanks\LilFishTanks\LilFishTanks\ArduinoCore\Debug\libArduinoCore.a(HardwareSerial.o)
 .debug_ranges  0x000006d0       0x38 C:\Users\David Waier\Desktop\lil_fish_tanks\LilFishTanks\LilFishTanks\ArduinoCore\Debug\libArduinoCore.a(HardwareSerial0.o)
 .debug_ranges  0x00000708       0x20 C:\Users\David Waier\Desktop\lil_fish_tanks\LilFishTanks\LilFishTanks\ArduinoCore\Debug\libArduinoCore.a(main.o)
 .debug_ranges  0x00000728      0x120 C:\Users\David Waier\Desktop\lil_fish_tanks\LilFishTanks\LilFishTanks\ArduinoCore\Debug\libArduinoCore.a(Print.o)
 .debug_ranges  0x00000848       0x30 C:\Users\David Waier\Desktop\lil_fish_tanks\LilFishTanks\LilFishTanks\ArduinoCore\Debug\libArduinoCore.a(WInterrupts.o)
 .debug_ranges  0x00000878       0x38 C:\Users\David Waier\Desktop\lil_fish_tanks\LilFishTanks\LilFishTanks\ArduinoCore\Debug\libArduinoCore.a(wiring.o)
 .debug_ranges  0x000008b0       0x20 C:\Users\David Waier\Desktop\lil_fish_tanks\LilFishTanks\LilFishTanks\ArduinoCore\Debug\libArduinoCore.a(wiring_analog.o)
 .debug_ranges  0x000008d0       0x28 C:\Users\David Waier\Desktop\lil_fish_tanks\LilFishTanks\LilFishTanks\ArduinoCore\Debug\libArduinoCore.a(wiring_digital.o)
 .debug_ranges  0x000008f8       0x30 C:\Users\David Waier\Desktop\lil_fish_tanks\LilFishTanks\LilFishTanks\ArduinoCore\Debug\libArduinoCore.a(FreqCount.o)
 .debug_ranges  0x00000928       0x10 C:\Users\David Waier\Desktop\lil_fish_tanks\LilFishTanks\LilFishTanks\ArduinoCore\Debug\libArduinoCore.a(hooks.o)

.debug_macro
 *(.debug_macro)
OUTPUT(lil_fish_tanks_arduino.elf elf32-avr)
LOAD linker stubs
